$ remix vite:build && wrangler pages functions build --outdir build/worker
vite v5.4.19 building for production...
transforming...
app/components/button/follow-button.tsx (1:0): Error when using sourcemap for reporting an error: Can't resolve original location of error.
app/routes/($lang)._main.posts.$post._index/components/delete-sticker-confirm-dialog.tsx (1:0): Error when using sourcemap for reporting an error: Can't resolve original location of error.
app/routes/($lang)._main.posts.$post._index/components/delete-work-confirm-dialog.tsx (1:0): Error when using sourcemap for reporting an error: Can't resolve original location of error.
✓ 4844 modules transformed.
Generated an empty chunk: "route".
Generated an empty chunk: "route".
Generated an empty chunk: "route".
Generated an empty chunk: "route".
Generated an empty chunk: "route".
Generated an empty chunk: "route".
Generated an empty chunk: "route".
Generated an empty chunk: "route".
Generated an empty chunk: "route".
Generated an empty chunk: "route".
Generated an empty chunk: "route".
Generated an empty chunk: "route".
Generated an empty chunk: "route".
Generated an empty chunk: "route".
Generated an empty chunk: "route".
Generated an empty chunk: "route".
Generated an empty chunk: "route".
Generated an empty chunk: "route".
Generated an empty chunk: "route".
rendering chunks...
[plugin:vite:reporter] [plugin vite:reporter] 
(!) /Users/nakatsuka-k/Documents/GitHub/aipictors-all/aipictors/app/components/ui/resizable.tsx is dynamically imported by /Users/nakatsuka-k/Documents/GitHub/aipictors-all/aipictors/app/components/resizable-panel-with-memory.tsx but also statically imported by /Users/nakatsuka-k/Documents/GitHub/aipictors-all/aipictors/app/routes/($lang).generation._index/components/generation-view/generation-main-view.tsx, /Users/nakatsuka-k/Documents/GitHub/aipictors-all/aipictors/app/routes/($lang).generation._index/components/generation-view/generation-view.tsx, /Users/nakatsuka-k/Documents/GitHub/aipictors-all/aipictors/app/routes/($lang).generation.demonstration/components/generation-view/generation-demo-view.tsx, dynamic import will not move module into another chunk.

computing gzip size...
[vite-plugin-static-copy] Copied 6 items.
build/client/assets/m-plus-rounded-1c-53-300-normal.woff2                 4.13 kB
build/client/assets/m-plus-2-54-wght-normal.woff2                         4.16 kB
build/client/assets/m-plus-rounded-1c-53-400-normal.woff2                 4.22 kB
build/client/assets/m-plus-rounded-1c-53-500-normal.woff2                 4.24 kB
build/client/assets/m-plus-rounded-1c-hebrew-100-normal.woff2             4.33 kB
build/client/assets/noto-sans-jp-latin-ext-100-normal.woff2               4.39 kB
build/client/assets/m-plus-rounded-1c-53-800-normal.woff2                 4.42 kB
build/client/assets/m-plus-rounded-1c-53-700-normal.woff2                 4.43 kB
build/client/assets/noto-sans-jp-latin-ext-200-normal.woff2               4.43 kB
build/client/assets/noto-sans-jp-latin-ext-300-normal.woff2               4.45 kB
build/client/assets/noto-sans-jp-latin-ext-400-normal.woff2               4.46 kB
build/client/assets/m-plus-rounded-1c-53-900-normal.woff2                 4.47 kB
build/client/assets/noto-sans-jp-latin-ext-700-normal.woff2               4.48 kB
build/client/assets/noto-sans-jp-latin-ext-900-normal.woff2               4.49 kB
build/client/assets/noto-sans-jp-latin-ext-600-normal.woff2               4.50 kB
build/client/assets/noto-sans-jp-vietnamese-100-normal.woff2              4.51 kB
build/client/assets/noto-sans-jp-latin-ext-500-normal.woff2               4.56 kB
build/client/assets/noto-sans-jp-latin-ext-800-normal.woff2               4.60 kB
build/client/assets/noto-sans-jp-vietnamese-900-normal.woff2              4.62 kB
build/client/assets/noto-sans-jp-vietnamese-400-normal.woff2              4.69 kB
build/client/assets/noto-sans-jp-vietnamese-200-normal.woff2              4.73 kB
build/client/assets/noto-sans-jp-vietnamese-300-normal.woff2              4.73 kB
build/client/assets/m-plus-rounded-1c-hebrew-900-normal.woff2             4.75 kB
build/client/assets/noto-sans-jp-vietnamese-700-normal.woff2              4.78 kB
build/client/assets/noto-sans-jp-vietnamese-600-normal.woff2              4.79 kB
build/client/assets/m-plus-rounded-1c-53-100-normal.woff                  4.80 kB
build/client/assets/noto-sans-jp-vietnamese-800-normal.woff2              4.81 kB
build/client/assets/noto-sans-jp-vietnamese-500-normal.woff2              4.83 kB
build/client/assets/m-plus-rounded-1c-hebrew-300-normal.woff2             4.87 kB
build/client/assets/yomogi-vietnamese-400-normal.woff2                    4.90 kB
build/client/assets/m-plus-rounded-1c-53-300-normal.woff                  4.93 kB
build/client/assets/m-plus-rounded-1c-hebrew-500-normal.woff2             4.94 kB
build/client/assets/m-plus-rounded-1c-hebrew-400-normal.woff2             4.95 kB
build/client/assets/m-plus-rounded-1c-hebrew-800-normal.woff2             4.98 kB
build/client/assets/m-plus-rounded-1c-hebrew-700-normal.woff2             5.02 kB
build/client/assets/m-plus-rounded-1c-53-400-normal.woff                  5.08 kB
build/client/assets/m-plus-rounded-1c-53-500-normal.woff                  5.08 kB
build/client/assets/noto-sans-jp-cyrillic-100-normal.woff2                5.18 kB
build/client/assets/m-plus-rounded-1c-53-700-normal.woff                  5.27 kB
build/client/assets/m-plus-rounded-1c-53-800-normal.woff                  5.28 kB
build/client/assets/noto-sans-jp-cyrillic-300-normal.woff2                5.29 kB
build/client/assets/noto-sans-jp-cyrillic-400-normal.woff2                5.30 kB
build/client/assets/noto-sans-jp-cyrillic-500-normal.woff2                5.32 kB
build/client/assets/noto-sans-jp-cyrillic-200-normal.woff2                5.34 kB
build/client/assets/noto-sans-jp-cyrillic-600-normal.woff2                5.34 kB
build/client/assets/noto-sans-jp-cyrillic-700-normal.woff2                5.35 kB
build/client/assets/m-plus-rounded-1c-53-900-normal.woff                  5.36 kB
build/client/assets/noto-sans-jp-cyrillic-900-normal.woff2                5.36 kB
build/client/assets/m-plus-rounded-1c-vietnamese-100-normal.woff2         5.37 kB
build/client/assets/noto-sans-jp-cyrillic-800-normal.woff2                5.37 kB
build/client/assets/m-plus-rounded-1c-hebrew-100-normal.woff              5.53 kB
build/client/assets/noto-serif-jp-latin-ext-200-normal.woff2              5.59 kB
build/client/assets/noto-serif-jp-latin-ext-300-normal.woff2              5.73 kB
build/client/assets/m-plus-rounded-1c-57-100-normal.woff2                 5.74 kB
build/client/assets/noto-serif-jp-latin-ext-400-normal.woff2              5.74 kB
build/client/assets/noto-serif-jp-vietnamese-200-normal.woff2             5.75 kB
build/client/assets/noto-serif-jp-latin-ext-900-normal.woff2              5.77 kB
build/client/assets/noto-serif-jp-latin-ext-600-normal.woff2              5.78 kB
build/client/assets/noto-serif-jp-latin-ext-700-normal.woff2              5.78 kB
build/client/assets/noto-serif-jp-latin-ext-500-normal.woff2              5.79 kB
build/client/assets/noto-serif-jp-vietnamese-500-normal.woff2             5.82 kB
build/client/assets/noto-serif-jp-latin-ext-800-normal.woff2              5.83 kB
build/client/assets/m-plus-rounded-1c-50-100-normal.woff2                 5.86 kB
build/client/assets/noto-serif-jp-vietnamese-900-normal.woff2             5.88 kB
build/client/assets/noto-sans-jp-latin-ext-100-normal.woff                5.90 kB
build/client/assets/noto-serif-jp-vietnamese-600-normal.woff2             5.91 kB
build/client/assets/noto-sans-jp-latin-ext-200-normal.woff                5.93 kB
build/client/assets/m-plus-rounded-1c-hebrew-900-normal.woff              5.97 kB
build/client/assets/noto-serif-jp-vietnamese-700-normal.woff2             5.97 kB
build/client/assets/noto-sans-jp-latin-ext-400-normal.woff                5.98 kB
build/client/assets/noto-serif-jp-vietnamese-400-normal.woff2             5.98 kB
build/client/assets/noto-sans-jp-latin-ext-500-normal.woff                5.99 kB
build/client/assets/m-plus-rounded-1c-vietnamese-300-normal.woff2         5.99 kB
build/client/assets/m-plus-rounded-1c-57-900-normal.woff2                 5.99 kB
build/client/assets/noto-serif-jp-vietnamese-800-normal.woff2             6.00 kB
build/client/assets/noto-sans-jp-latin-ext-300-normal.woff                6.00 kB
build/client/assets/noto-sans-jp-latin-ext-600-normal.woff                6.02 kB
build/client/assets/noto-serif-jp-vietnamese-300-normal.woff2             6.02 kB
build/client/assets/m-plus-rounded-1c-57-500-normal.woff2                 6.03 kB
build/client/assets/noto-sans-jp-latin-ext-900-normal.woff                6.04 kB
build/client/assets/m-plus-rounded-1c-57-300-normal.woff2                 6.04 kB
build/client/assets/noto-sans-jp-latin-ext-700-normal.woff                6.05 kB
build/client/assets/noto-sans-jp-latin-ext-800-normal.woff                6.06 kB
build/client/assets/m-plus-rounded-1c-hebrew-400-normal.woff              6.11 kB
build/client/assets/m-plus-rounded-1c-57-700-normal.woff2                 6.12 kB
build/client/assets/m-plus-rounded-1c-hebrew-300-normal.woff              6.16 kB
build/client/assets/m-plus-rounded-1c-57-400-normal.woff2                 6.17 kB
build/client/assets/m-plus-rounded-1c-57-800-normal.woff2                 6.17 kB
build/client/assets/yomogi-vietnamese-400-normal.woff                     6.18 kB
build/client/assets/m-plus-rounded-1c-hebrew-500-normal.woff              6.22 kB
build/client/assets/m-plus-rounded-1c-hebrew-700-normal.woff              6.24 kB
build/client/assets/m-plus-rounded-1c-hebrew-800-normal.woff              6.25 kB
build/client/assets/m-plus-rounded-1c-vietnamese-400-normal.woff2         6.27 kB
build/client/assets/m-plus-rounded-1c-vietnamese-500-normal.woff2         6.28 kB
build/client/assets/noto-sans-jp-vietnamese-100-normal.woff               6.30 kB
build/client/assets/m-plus-rounded-1c-vietnamese-900-normal.woff2         6.33 kB
build/client/assets/m-plus-rounded-1c-cyrillic-100-normal.woff2           6.36 kB
build/client/assets/m-plus-rounded-1c-vietnamese-700-normal.woff2         6.39 kB
build/client/assets/noto-sans-jp-57-100-normal.woff2                      6.40 kB
build/client/assets/noto-sans-jp-vietnamese-400-normal.woff               6.47 kB
build/client/assets/noto-sans-jp-57-300-normal.woff2                      6.48 kB
build/client/assets/noto-sans-jp-vietnamese-200-normal.woff               6.49 kB
build/client/assets/noto-sans-jp-vietnamese-300-normal.woff               6.50 kB
build/client/assets/noto-sans-jp-57-400-normal.woff2                      6.50 kB
build/client/assets/noto-sans-jp-cyrillic-100-normal.woff                 6.52 kB
build/client/assets/noto-sans-jp-vietnamese-500-normal.woff               6.52 kB
build/client/assets/noto-sans-jp-57-900-normal.woff2                      6.53 kB
build/client/assets/m-plus-rounded-1c-20-100-normal.woff2                 6.53 kB
build/client/assets/m-plus-rounded-1c-vietnamese-800-normal.woff2         6.54 kB
build/client/assets/noto-sans-jp-57-500-normal.woff2                      6.54 kB
build/client/assets/noto-sans-jp-vietnamese-600-normal.woff               6.55 kB
build/client/assets/noto-sans-jp-57-200-normal.woff2                      6.56 kB
build/client/assets/noto-sans-jp-57-700-normal.woff2                      6.56 kB
build/client/assets/noto-sans-jp-117-100-normal.woff2                     6.57 kB
build/client/assets/noto-sans-jp-57-800-normal.woff2                      6.57 kB
build/client/assets/m-plus-rounded-1c-greek-ext-100-normal.woff2          6.58 kB
build/client/assets/noto-sans-jp-vietnamese-900-normal.woff               6.58 kB
build/client/assets/noto-sans-jp-vietnamese-700-normal.woff               6.58 kB
build/client/assets/noto-sans-jp-57-600-normal.woff2                      6.58 kB
build/client/assets/noto-sans-jp-vietnamese-800-normal.woff               6.63 kB
build/client/assets/noto-sans-jp-cyrillic-200-normal.woff                 6.64 kB
build/client/assets/noto-sans-jp-117-200-normal.woff2                     6.68 kB
build/client/assets/noto-sans-jp-cyrillic-500-normal.woff                 6.68 kB
build/client/assets/noto-sans-jp-cyrillic-900-normal.woff                 6.68 kB
build/client/assets/noto-sans-jp-cyrillic-400-normal.woff                 6.68 kB
build/client/assets/noto-sans-jp-cyrillic-600-normal.woff                 6.69 kB
build/client/assets/noto-sans-jp-cyrillic-800-normal.woff                 6.70 kB
build/client/assets/m-plus-rounded-1c-cyrillic-900-normal.woff2           6.70 kB
build/client/assets/noto-sans-jp-cyrillic-700-normal.woff                 6.70 kB
build/client/assets/noto-sans-jp-117-300-normal.woff2                     6.71 kB
build/client/assets/noto-sans-jp-cyrillic-300-normal.woff                 6.72 kB
build/client/assets/noto-sans-jp-117-400-normal.woff2                     6.75 kB
build/client/assets/m-plus-rounded-1c-50-300-normal.woff2                 6.78 kB
build/client/assets/noto-sans-jp-117-500-normal.woff2                     6.78 kB
build/client/assets/noto-sans-jp-117-600-normal.woff2                     6.78 kB
build/client/assets/noto-sans-jp-117-700-normal.woff2                     6.80 kB
build/client/assets/noto-sans-jp-117-900-normal.woff2                     6.91 kB
build/client/assets/m-plus-rounded-1c-13-100-normal.woff2                 6.92 kB
build/client/assets/noto-sans-jp-117-800-normal.woff2                     6.94 kB
build/client/assets/m-plus-rounded-1c-cyrillic-300-normal.woff2           6.95 kB
build/client/assets/noto-serif-jp-latin-ext-200-normal.woff               6.97 kB
build/client/assets/noto-serif-jp-latin-ext-400-normal.woff               7.02 kB
build/client/assets/m-plus-rounded-1c-50-400-normal.woff2                 7.04 kB
build/client/assets/noto-serif-jp-latin-ext-300-normal.woff               7.04 kB
build/client/assets/m-plus-rounded-1c-cyrillic-800-normal.woff2           7.06 kB
build/client/assets/noto-serif-jp-latin-ext-600-normal.woff               7.08 kB
build/client/assets/m-plus-rounded-1c-greek-100-normal.woff2              7.09 kB
build/client/assets/noto-serif-jp-latin-ext-500-normal.woff               7.10 kB
build/client/assets/m-plus-rounded-1c-cyrillic-700-normal.woff2           7.11 kB
build/client/assets/m-plus-rounded-1c-50-100-normal.woff                  7.11 kB
build/client/assets/m-plus-rounded-1c-cyrillic-400-normal.woff2           7.12 kB
build/client/assets/m-plus-rounded-1c-117-100-normal.woff2                7.12 kB
build/client/assets/m-plus-rounded-1c-50-500-normal.woff2                 7.12 kB
build/client/assets/m-plus-rounded-1c-50-900-normal.woff2                 7.12 kB
build/client/assets/noto-serif-jp-latin-ext-900-normal.woff               7.12 kB
build/client/assets/noto-serif-jp-latin-ext-800-normal.woff               7.13 kB
build/client/assets/noto-serif-jp-latin-ext-700-normal.woff               7.14 kB
build/client/assets/m-plus-rounded-1c-cyrillic-500-normal.woff2           7.21 kB
build/client/assets/m-plus-rounded-1c-vietnamese-100-normal.woff          7.27 kB
build/client/assets/m-plus-rounded-1c-50-800-normal.woff2                 7.32 kB
build/client/assets/m-plus-rounded-1c-50-700-normal.woff2                 7.34 kB
build/client/assets/noto-serif-jp-57-200-normal.woff2                     7.37 kB
build/client/assets/noto-serif-jp-vietnamese-200-normal.woff              7.37 kB
build/client/assets/m-plus-rounded-1c-5-100-normal.woff2                  7.38 kB
build/client/assets/noto-serif-jp-57-300-normal.woff2                     7.40 kB
build/client/assets/noto-serif-jp-57-500-normal.woff2                     7.40 kB
build/client/assets/noto-serif-jp-57-600-normal.woff2                     7.41 kB
build/client/assets/noto-serif-jp-57-700-normal.woff2                     7.42 kB
build/client/assets/noto-serif-jp-57-900-normal.woff2                     7.42 kB
build/client/assets/noto-serif-jp-57-400-normal.woff2                     7.43 kB
build/client/assets/noto-serif-jp-vietnamese-900-normal.woff              7.44 kB
build/client/assets/noto-serif-jp-57-800-normal.woff2                     7.44 kB
build/client/assets/noto-serif-jp-vietnamese-400-normal.woff              7.46 kB
build/client/assets/noto-serif-jp-vietnamese-500-normal.woff              7.48 kB
build/client/assets/noto-serif-jp-vietnamese-300-normal.woff              7.50 kB
build/client/assets/noto-serif-jp-vietnamese-600-normal.woff              7.52 kB
build/client/assets/noto-serif-jp-vietnamese-700-normal.woff              7.58 kB
build/client/assets/noto-serif-jp-vietnamese-800-normal.woff              7.59 kB
build/client/assets/m-plus-rounded-1c-greek-900-normal.woff2              7.68 kB
build/client/assets/m-plus-rounded-1c-greek-ext-300-normal.woff2          7.73 kB
build/client/assets/m-plus-rounded-1c-58-100-normal.woff2                 7.75 kB
build/client/assets/m-plus-rounded-1c-greek-300-normal.woff2              7.76 kB
build/client/assets/m-plus-rounded-1c-20-100-normal.woff                  7.76 kB
build/client/assets/m-plus-rounded-1c-57-100-normal.woff                  7.77 kB
build/client/assets/yomogi-cyrillic-400-normal.woff2                      7.80 kB
build/client/assets/noto-sans-jp-114-100-normal.woff2                     7.81 kB
build/client/assets/noto-serif-jp-cyrillic-200-normal.woff2               7.85 kB
build/client/assets/m-plus-rounded-1c-greek-400-normal.woff2              7.89 kB
build/client/assets/m-plus-rounded-1c-20-300-normal.woff2                 7.90 kB
build/client/assets/noto-sans-jp-114-200-normal.woff2                     7.91 kB
build/client/assets/m-plus-rounded-1c-greek-500-normal.woff2              7.93 kB
build/client/assets/noto-serif-jp-cyrillic-300-normal.woff2               7.94 kB
build/client/assets/m-plus-rounded-1c-greek-ext-400-normal.woff2          7.94 kB
build/client/assets/noto-sans-jp-114-300-normal.woff2                     7.96 kB
build/client/assets/m-plus-rounded-1c-greek-800-normal.woff2              7.97 kB
build/client/assets/m-plus-rounded-1c-greek-700-normal.woff2              8.00 kB
build/client/assets/m-plus-rounded-1c-117-300-normal.woff2                8.02 kB
build/client/assets/noto-sans-jp-113-100-normal.woff2                     8.03 kB
build/client/assets/noto-serif-jp-cyrillic-500-normal.woff2               8.03 kB
build/client/assets/noto-serif-jp-cyrillic-400-normal.woff2               8.04 kB
build/client/assets/noto-serif-jp-cyrillic-600-normal.woff2               8.05 kB
build/client/assets/m-plus-rounded-1c-57-900-normal.woff                  8.06 kB
build/client/assets/noto-sans-jp-114-400-normal.woff2                     8.08 kB
build/client/assets/noto-serif-jp-cyrillic-800-normal.woff2               8.08 kB
build/client/assets/m-plus-rounded-1c-57-500-normal.woff                  8.09 kB
build/client/assets/noto-serif-jp-cyrillic-700-normal.woff2               8.10 kB
build/client/assets/noto-serif-jp-cyrillic-900-normal.woff2               8.10 kB
build/client/assets/m-plus-rounded-1c-50-300-normal.woff                  8.11 kB
build/client/assets/noto-sans-jp-113-200-normal.woff2                     8.11 kB
build/client/assets/noto-sans-jp-113-300-normal.woff2                     8.13 kB
build/client/assets/m-plus-rounded-1c-13-100-normal.woff                  8.13 kB
build/client/assets/m-plus-rounded-1c-57-300-normal.woff                  8.14 kB
build/client/assets/m-plus-rounded-1c-vietnamese-300-normal.woff          8.14 kB
build/client/assets/noto-sans-jp-114-600-normal.woff2                     8.14 kB
build/client/assets/m-plus-rounded-1c-57-800-normal.woff                  8.16 kB
build/client/assets/m-plus-rounded-1c-57-400-normal.woff                  8.18 kB
build/client/assets/m-plus-rounded-1c-57-700-normal.woff                  8.18 kB
build/client/assets/noto-sans-jp-114-700-normal.woff2                     8.21 kB
build/client/assets/noto-sans-jp-114-800-normal.woff2                     8.22 kB
build/client/assets/noto-sans-jp-114-900-normal.woff2                     8.22 kB
build/client/assets/noto-sans-jp-114-500-normal.woff2                     8.22 kB
build/client/assets/noto-serif-jp-117-200-normal.woff2                    8.23 kB
build/client/assets/noto-sans-jp-109-100-normal.woff2                     8.25 kB
build/client/assets/noto-sans-jp-113-400-normal.woff2                     8.26 kB
build/client/assets/m-plus-rounded-1c-20-400-normal.woff2                 8.27 kB
build/client/assets/noto-sans-jp-113-500-normal.woff2                     8.28 kB
build/client/assets/m-plus-rounded-1c-vietnamese-400-normal.woff          8.28 kB
build/client/assets/m-plus-rounded-1c-20-900-normal.woff2                 8.28 kB
build/client/assets/m-plus-rounded-1c-cyrillic-100-normal.woff            8.28 kB
build/client/assets/m-plus-rounded-1c-greek-ext-900-normal.woff2          8.30 kB
build/client/assets/noto-sans-jp-113-600-normal.woff2                     8.32 kB
build/client/assets/m-plus-rounded-1c-vietnamese-500-normal.woff          8.32 kB
build/client/assets/m-plus-rounded-1c-117-400-normal.woff2                8.33 kB
build/client/assets/noto-sans-jp-109-200-normal.woff2                     8.33 kB
build/client/assets/noto-sans-jp-113-700-normal.woff2                     8.36 kB
build/client/assets/m-plus-2-vietnamese-wght-normal.woff2                 8.38 kB
build/client/assets/m-plus-rounded-1c-50-900-normal.woff                  8.38 kB
build/client/assets/m-plus-rounded-1c-50-400-normal.woff                  8.38 kB
build/client/assets/noto-sans-jp-109-300-normal.woff2                     8.40 kB
build/client/assets/noto-sans-jp-113-900-normal.woff2                     8.40 kB
build/client/assets/m-plus-rounded-1c-13-300-normal.woff2                 8.43 kB
build/client/assets/noto-sans-jp-110-100-normal.woff2                     8.43 kB
build/client/assets/noto-serif-jp-117-300-normal.woff2                    8.43 kB
build/client/assets/m-plus-rounded-1c-vietnamese-900-normal.woff          8.43 kB
build/client/assets/m-plus-rounded-1c-20-500-normal.woff2                 8.44 kB
build/client/assets/noto-sans-jp-113-800-normal.woff2                     8.44 kB
build/client/assets/m-plus-rounded-1c-58-500-normal.woff2                 8.45 kB
build/client/assets/m-plus-rounded-1c-greek-ext-500-normal.woff2          8.45 kB
build/client/assets/m-plus-rounded-1c-vietnamese-700-normal.woff          8.46 kB
build/client/assets/m-plus-rounded-1c-50-500-normal.woff                  8.47 kB
build/client/assets/yomogi-57-400-normal.woff2                            8.47 kB
build/client/assets/m-plus-rounded-1c-cyrillic-900-normal.woff            8.48 kB
build/client/assets/noto-sans-jp-112-100-normal.woff2                     8.48 kB
build/client/assets/noto-sans-jp-109-400-normal.woff2                     8.50 kB
build/client/assets/noto-sans-jp-101-100-normal.woff2                     8.50 kB
build/client/assets/noto-serif-jp-117-400-normal.woff2                    8.50 kB
build/client/assets/m-plus-rounded-1c-117-500-normal.woff2                8.53 kB
build/client/assets/m-plus-rounded-1c-5-300-normal.woff2                  8.55 kB
build/client/assets/m-plus-rounded-1c-58-300-normal.woff2                 8.55 kB
build/client/assets/noto-serif-jp-117-500-normal.woff2                    8.55 kB
build/client/assets/noto-serif-jp-cyrillic-200-normal.woff                8.55 kB
build/client/assets/m-plus-rounded-1c-58-900-normal.woff2                 8.57 kB
build/client/assets/m-plus-rounded-1c-117-900-normal.woff2                8.57 kB
build/client/assets/m-plus-rounded-1c-6-100-normal.woff2                  8.57 kB
build/client/assets/m-plus-rounded-1c-13-400-normal.woff2                 8.58 kB
build/client/assets/m-plus-rounded-1c-greek-ext-700-normal.woff2          8.58 kB
build/client/assets/noto-sans-jp-109-500-normal.woff2                     8.58 kB
build/client/assets/m-plus-rounded-1c-58-700-normal.woff2                 8.59 kB
build/client/assets/m-plus-rounded-1c-117-100-normal.woff                 8.59 kB
build/client/assets/noto-sans-jp-109-600-normal.woff2                     8.61 kB
build/client/assets/noto-sans-jp-112-200-normal.woff2                     8.62 kB
build/client/assets/noto-sans-jp-109-700-normal.woff2                     8.62 kB
build/client/assets/m-plus-rounded-1c-50-800-normal.woff                  8.62 kB
build/client/assets/m-plus-rounded-1c-58-400-normal.woff2                 8.65 kB
build/client/assets/m-plus-rounded-1c-50-700-normal.woff                  8.65 kB
build/client/assets/noto-sans-jp-115-100-normal.woff2                     8.66 kB
build/client/assets/noto-sans-jp-101-200-normal.woff2                     8.66 kB
build/client/assets/noto-serif-jp-117-700-normal.woff2                    8.66 kB
build/client/assets/m-plus-rounded-1c-vietnamese-800-normal.woff          8.67 kB
build/client/assets/noto-sans-jp-117-100-normal.woff                      8.67 kB
build/client/assets/noto-serif-jp-cyrillic-800-normal.woff                8.67 kB
build/client/assets/noto-serif-jp-cyrillic-900-normal.woff                8.67 kB
build/client/assets/noto-sans-jp-101-300-normal.woff2                     8.68 kB
build/client/assets/noto-serif-jp-117-900-normal.woff2                    8.68 kB
build/client/assets/noto-serif-jp-117-600-normal.woff2                    8.68 kB
build/client/assets/noto-sans-jp-117-600-normal.woff                      8.69 kB
build/client/assets/noto-sans-jp-117-200-normal.woff                      8.70 kB
build/client/assets/m-plus-rounded-1c-114-100-normal.woff2                8.70 kB
build/client/assets/noto-sans-jp-112-300-normal.woff2                     8.70 kB
build/client/assets/noto-sans-jp-117-400-normal.woff                      8.70 kB
build/client/assets/noto-sans-jp-117-500-normal.woff                      8.71 kB
build/client/assets/noto-serif-jp-cyrillic-300-normal.woff                8.71 kB
build/client/assets/noto-serif-jp-117-800-normal.woff2                    8.71 kB
build/client/assets/noto-serif-jp-cyrillic-400-normal.woff                8.71 kB
build/client/assets/noto-sans-jp-110-200-normal.woff2                     8.72 kB
build/client/assets/noto-sans-jp-109-800-normal.woff2                     8.72 kB
build/client/assets/noto-sans-jp-117-300-normal.woff                      8.72 kB
build/client/assets/m-plus-rounded-1c-5-100-normal.woff                   8.74 kB
build/client/assets/noto-sans-jp-117-900-normal.woff                      8.74 kB
build/client/assets/noto-serif-jp-cyrillic-600-normal.woff                8.76 kB
build/client/assets/noto-sans-jp-110-300-normal.woff2                     8.76 kB
build/client/assets/noto-sans-jp-117-700-normal.woff                      8.77 kB
build/client/assets/m-plus-rounded-1c-13-500-normal.woff2                 8.77 kB
build/client/assets/noto-sans-jp-117-800-normal.woff                      8.77 kB
build/client/assets/m-plus-rounded-1c-13-900-normal.woff2                 8.78 kB
build/client/assets/noto-sans-jp-109-900-normal.woff2                     8.78 kB
build/client/assets/noto-serif-jp-cyrillic-700-normal.woff                8.78 kB
build/client/assets/noto-sans-jp-115-200-normal.woff2                     8.79 kB
build/client/assets/noto-serif-jp-cyrillic-500-normal.woff                8.79 kB
build/client/assets/noto-sans-jp-112-400-normal.woff2                     8.81 kB
build/client/assets/m-plus-rounded-1c-58-800-normal.woff2                 8.81 kB
build/client/assets/m-plus-rounded-1c-cyrillic-800-normal.woff            8.82 kB
build/client/assets/noto-sans-jp-101-400-normal.woff2                     8.82 kB
build/client/assets/noto-sans-jp-115-300-normal.woff2                     8.82 kB
build/client/assets/noto-sans-jp-101-600-normal.woff2                     8.85 kB
build/client/assets/m-plus-rounded-1c-113-100-normal.woff2                8.86 kB
build/client/assets/noto-sans-jp-112-500-normal.woff2                     8.86 kB
build/client/assets/m-plus-rounded-1c-greek-ext-800-normal.woff2          8.87 kB
build/client/assets/noto-sans-jp-110-400-normal.woff2                     8.87 kB
build/client/assets/noto-sans-jp-107-100-normal.woff2                     8.87 kB
build/client/assets/noto-sans-jp-101-500-normal.woff2                     8.87 kB
build/client/assets/noto-sans-jp-101-700-normal.woff2                     8.88 kB
build/client/assets/m-plus-rounded-1c-cyrillic-300-normal.woff            8.88 kB
build/client/assets/m-plus-rounded-1c-117-700-normal.woff2                8.88 kB
build/client/assets/noto-sans-jp-112-600-normal.woff2                     8.90 kB
build/client/assets/noto-sans-jp-112-700-normal.woff2                     8.90 kB
build/client/assets/m-plus-rounded-1c-20-800-normal.woff2                 8.92 kB
build/client/assets/m-plus-rounded-1c-117-800-normal.woff2                8.93 kB
build/client/assets/noto-sans-jp-115-400-normal.woff2                     8.93 kB
build/client/assets/noto-sans-jp-101-900-normal.woff2                     8.93 kB
build/client/assets/noto-sans-jp-116-100-normal.woff2                     8.94 kB
build/client/assets/noto-sans-jp-101-800-normal.woff2                     8.94 kB
build/client/assets/noto-sans-jp-112-800-normal.woff2                     8.95 kB
build/client/assets/m-plus-rounded-1c-cyrillic-700-normal.woff            8.95 kB
build/client/assets/m-plus-rounded-1c-20-700-normal.woff2                 8.96 kB
build/client/assets/noto-sans-jp-110-700-normal.woff2                     8.96 kB
build/client/assets/noto-sans-jp-107-200-normal.woff2                     8.98 kB
build/client/assets/noto-sans-jp-112-900-normal.woff2                     8.98 kB
build/client/assets/m-plus-rounded-1c-29-100-normal.woff2                 8.99 kB
build/client/assets/noto-sans-jp-103-100-normal.woff2                     8.99 kB
build/client/assets/noto-sans-jp-107-300-normal.woff2                     8.99 kB
build/client/assets/noto-sans-jp-110-600-normal.woff2                     9.00 kB
build/client/assets/noto-sans-jp-110-500-normal.woff2                     9.01 kB
build/client/assets/noto-sans-jp-115-500-normal.woff2                     9.01 kB
build/client/assets/noto-sans-jp-110-900-normal.woff2                     9.01 kB
build/client/assets/noto-sans-jp-110-800-normal.woff2                     9.01 kB
build/client/assets/noto-sans-jp-115-700-normal.woff2                     9.03 kB
build/client/assets/m-plus-rounded-1c-cyrillic-400-normal.woff            9.03 kB
build/client/assets/noto-sans-jp-115-600-normal.woff2                     9.04 kB
build/client/assets/m-plus-rounded-1c-5-400-normal.woff2                  9.04 kB
build/client/assets/noto-sans-jp-96-100-normal.woff2                      9.06 kB
build/client/assets/noto-sans-jp-116-200-normal.woff2                     9.06 kB
build/client/assets/noto-sans-jp-57-900-normal.woff                       9.06 kB
build/client/assets/noto-sans-jp-111-100-normal.woff2                     9.08 kB
build/client/assets/noto-sans-jp-115-900-normal.woff2                     9.08 kB
build/client/assets/m-plus-rounded-1c-greek-100-normal.woff               9.10 kB
build/client/assets/noto-sans-jp-57-100-normal.woff                       9.10 kB
build/client/assets/noto-sans-jp-86-100-normal.woff2                      9.10 kB
build/client/assets/m-plus-rounded-1c-cyrillic-500-normal.woff            9.10 kB
build/client/assets/noto-sans-jp-115-800-normal.woff2                     9.10 kB
build/client/assets/noto-sans-jp-103-200-normal.woff2                     9.11 kB
build/client/assets/noto-sans-jp-57-500-normal.woff                       9.12 kB
build/client/assets/noto-sans-jp-57-200-normal.woff                       9.12 kB
build/client/assets/noto-sans-jp-57-400-normal.woff                       9.13 kB
build/client/assets/noto-sans-jp-57-300-normal.woff                       9.13 kB
build/client/assets/noto-sans-jp-116-300-normal.woff2                     9.14 kB
build/client/assets/noto-sans-jp-103-300-normal.woff2                     9.14 kB
build/client/assets/noto-sans-jp-57-800-normal.woff                       9.14 kB
build/client/assets/m-plus-rounded-1c-13-700-normal.woff2                 9.16 kB
build/client/assets/noto-sans-jp-57-700-normal.woff                       9.17 kB
build/client/assets/noto-sans-jp-57-600-normal.woff                       9.18 kB
build/client/assets/noto-sans-jp-107-400-normal.woff2                     9.18 kB
build/client/assets/noto-sans-jp-96-200-normal.woff2                      9.19 kB
build/client/assets/noto-sans-jp-88-100-normal.woff2                      9.20 kB
build/client/assets/noto-sans-jp-107-500-normal.woff2                     9.24 kB
build/client/assets/noto-sans-jp-116-400-normal.woff2                     9.25 kB
build/client/assets/noto-sans-jp-107-700-normal.woff2                     9.25 kB
build/client/assets/m-plus-rounded-1c-5-900-normal.woff2                  9.26 kB
build/client/assets/noto-sans-jp-111-200-normal.woff2                     9.28 kB
build/client/assets/noto-sans-jp-111-300-normal.woff2                     9.28 kB
build/client/assets/noto-sans-jp-85-100-normal.woff2                      9.28 kB
build/client/assets/m-plus-rounded-1c-115-100-normal.woff2                9.29 kB
build/client/assets/noto-sans-jp-93-100-normal.woff2                      9.30 kB
build/client/assets/noto-sans-jp-107-600-normal.woff2                     9.30 kB
build/client/assets/noto-sans-jp-96-300-normal.woff2                      9.31 kB
build/client/assets/noto-sans-jp-107-800-normal.woff2                     9.31 kB
build/client/assets/noto-sans-jp-107-900-normal.woff2                     9.31 kB
build/client/assets/noto-sans-jp-103-400-normal.woff2                     9.31 kB
build/client/assets/noto-sans-jp-95-100-normal.woff2                      9.31 kB
build/client/assets/noto-sans-jp-86-200-normal.woff2                      9.32 kB
build/client/assets/noto-sans-jp-118-100-normal.woff2                     9.32 kB
build/client/assets/noto-sans-jp-86-300-normal.woff2                      9.32 kB
build/client/assets/noto-sans-jp-116-500-normal.woff2                     9.32 kB
build/client/assets/m-plus-rounded-1c-110-100-normal.woff2                9.33 kB
build/client/assets/noto-sans-jp-116-600-normal.woff2                     9.33 kB
build/client/assets/m-plus-rounded-1c-116-100-normal.woff2                9.34 kB
build/client/assets/m-plus-rounded-1c-12-100-normal.woff2                 9.36 kB
build/client/assets/noto-sans-jp-102-100-normal.woff2                     9.36 kB
build/client/assets/noto-sans-jp-105-100-normal.woff2                     9.36 kB
build/client/assets/m-plus-rounded-1c-5-500-normal.woff2                  9.36 kB
build/client/assets/m-plus-rounded-1c-13-800-normal.woff2                 9.36 kB
build/client/assets/noto-sans-jp-97-100-normal.woff2                      9.36 kB
build/client/assets/noto-sans-jp-103-500-normal.woff2                     9.38 kB
build/client/assets/noto-sans-jp-103-700-normal.woff2                     9.38 kB
build/client/assets/noto-sans-jp-93-200-normal.woff2                      9.39 kB
build/client/assets/noto-sans-jp-103-600-normal.woff2                     9.39 kB
build/client/assets/noto-sans-jp-116-700-normal.woff2                     9.41 kB
build/client/assets/noto-sans-jp-103-800-normal.woff2                     9.41 kB
build/client/assets/noto-sans-jp-96-400-normal.woff2                      9.42 kB
build/client/assets/yomogi-cyrillic-400-normal.woff                       9.42 kB
build/client/assets/m-plus-rounded-1c-20-300-normal.woff                  9.42 kB
build/client/assets/noto-sans-jp-81-100-normal.woff2                      9.44 kB
build/client/assets/noto-sans-jp-116-900-normal.woff2                     9.45 kB
build/client/assets/noto-sans-jp-116-800-normal.woff2                     9.46 kB
build/client/assets/noto-sans-jp-93-300-normal.woff2                      9.46 kB
build/client/assets/noto-sans-jp-111-400-normal.woff2                     9.46 kB
build/client/assets/m-plus-rounded-1c-47-100-normal.woff2                 9.47 kB
build/client/assets/noto-sans-jp-104-100-normal.woff2                     9.47 kB
build/client/assets/noto-sans-jp-95-200-normal.woff2                      9.47 kB
build/client/assets/noto-sans-jp-86-400-normal.woff2                      9.49 kB
build/client/assets/noto-sans-jp-97-200-normal.woff2                      9.50 kB
build/client/assets/noto-sans-jp-88-200-normal.woff2                      9.50 kB
build/client/assets/noto-sans-jp-111-500-normal.woff2                     9.50 kB
build/client/assets/noto-sans-jp-85-200-normal.woff2                      9.51 kB
build/client/assets/noto-sans-jp-96-500-normal.woff2                      9.51 kB
build/client/assets/noto-sans-jp-86-500-normal.woff2                      9.52 kB
build/client/assets/noto-sans-jp-103-900-normal.woff2                     9.52 kB
build/client/assets/noto-sans-jp-76-100-normal.woff2                      9.52 kB
build/client/assets/noto-sans-jp-86-600-normal.woff2                      9.52 kB
build/client/assets/noto-sans-jp-95-300-normal.woff2                      9.53 kB
build/client/assets/m-plus-rounded-1c-11-100-normal.woff2                 9.54 kB
build/client/assets/noto-sans-jp-105-200-normal.woff2                     9.54 kB
build/client/assets/m-plus-rounded-1c-109-100-normal.woff2                9.54 kB
build/client/assets/noto-sans-jp-102-200-normal.woff2                     9.55 kB
build/client/assets/noto-sans-jp-97-300-normal.woff2                      9.56 kB
build/client/assets/noto-sans-jp-96-700-normal.woff2                      9.56 kB
build/client/assets/m-plus-rounded-1c-19-100-normal.woff2                 9.56 kB
build/client/assets/m-plus-rounded-1c-cyrillic-ext-100-normal.woff2       9.56 kB
build/client/assets/noto-sans-jp-85-300-normal.woff2                      9.56 kB
build/client/assets/m-plus-rounded-1c-45-100-normal.woff2                 9.58 kB
build/client/assets/noto-sans-jp-81-200-normal.woff2                      9.58 kB
build/client/assets/yomogi-57-400-normal.woff                             9.58 kB
build/client/assets/noto-sans-jp-105-300-normal.woff2                     9.58 kB
build/client/assets/m-plus-rounded-1c-5-700-normal.woff2                  9.58 kB
build/client/assets/noto-sans-jp-81-300-normal.woff2                      9.58 kB
build/client/assets/noto-sans-jp-88-300-normal.woff2                      9.58 kB
build/client/assets/noto-sans-jp-86-700-normal.woff2                      9.58 kB
build/client/assets/noto-sans-jp-111-900-normal.woff2                     9.59 kB
build/client/assets/noto-sans-jp-89-100-normal.woff2                      9.60 kB
build/client/assets/noto-sans-jp-104-200-normal.woff2                     9.60 kB
build/client/assets/noto-sans-jp-111-600-normal.woff2                     9.60 kB
build/client/assets/noto-sans-jp-111-700-normal.woff2                     9.60 kB
build/client/assets/m-plus-rounded-1c-5-800-normal.woff2                  9.60 kB
build/client/assets/noto-sans-jp-96-600-normal.woff2                      9.60 kB
build/client/assets/yomogi-52-400-normal.woff2                            9.60 kB
build/client/assets/noto-sans-jp-95-400-normal.woff2                      9.62 kB
build/client/assets/noto-sans-jp-93-400-normal.woff2                      9.62 kB
build/client/assets/noto-sans-jp-102-300-normal.woff2                     9.62 kB
build/client/assets/noto-sans-jp-74-100-normal.woff2                      9.62 kB
build/client/assets/noto-sans-jp-96-900-normal.woff2                      9.62 kB
build/client/assets/noto-sans-jp-111-800-normal.woff2                     9.63 kB
build/client/assets/noto-sans-jp-118-900-normal.woff2                     9.63 kB
build/client/assets/noto-sans-jp-118-200-normal.woff2                     9.63 kB
build/client/assets/noto-sans-jp-96-800-normal.woff2                      9.64 kB
build/client/assets/noto-sans-jp-86-900-normal.woff2                      9.64 kB
build/client/assets/m-plus-rounded-1c-117-300-normal.woff                 9.65 kB
build/client/assets/m-plus-rounded-1c-112-100-normal.woff2                9.66 kB
build/client/assets/m-plus-rounded-1c-greek-ext-100-normal.woff           9.68 kB
build/client/assets/noto-sans-jp-97-400-normal.woff2                      9.68 kB
build/client/assets/noto-sans-jp-93-500-normal.woff2                      9.68 kB
build/client/assets/m-plus-rounded-1c-28-100-normal.woff2                 9.69 kB
build/client/assets/noto-sans-jp-102-400-normal.woff2                     9.69 kB
build/client/assets/noto-sans-jp-104-300-normal.woff2                     9.69 kB
build/client/assets/noto-sans-jp-86-800-normal.woff2                      9.69 kB
build/client/assets/m-plus-rounded-1c-greek-900-normal.woff               9.70 kB
build/client/assets/noto-sans-jp-95-500-normal.woff2                      9.70 kB
build/client/assets/noto-sans-jp-94-100-normal.woff2                      9.70 kB
build/client/assets/noto-sans-jp-85-400-normal.woff2                      9.71 kB
build/client/assets/m-plus-rounded-1c-101-100-normal.woff2                9.72 kB
build/client/assets/noto-sans-jp-118-300-normal.woff2                     9.72 kB
build/client/assets/noto-sans-jp-118-500-normal.woff2                     9.72 kB
build/client/assets/noto-sans-jp-93-600-normal.woff2                      9.72 kB
build/client/assets/noto-serif-jp-57-200-normal.woff                      9.72 kB
build/client/assets/noto-sans-jp-88-400-normal.woff2                      9.73 kB
build/client/assets/noto-sans-jp-118-400-normal.woff2                     9.73 kB
build/client/assets/noto-sans-jp-81-400-normal.woff2                      9.74 kB
build/client/assets/m-plus-rounded-1c-13-300-normal.woff                  9.74 kB
build/client/assets/noto-sans-jp-83-100-normal.woff2                      9.75 kB
build/client/assets/noto-sans-jp-76-200-normal.woff2                      9.75 kB
build/client/assets/noto-sans-jp-118-700-normal.woff2                     9.75 kB
build/client/assets/m-plus-rounded-1c-20-400-normal.woff                  9.75 kB
build/client/assets/noto-sans-jp-105-400-normal.woff2                     9.76 kB
build/client/assets/noto-sans-jp-97-500-normal.woff2                      9.76 kB
build/client/assets/noto-sans-jp-93-700-normal.woff2                      9.76 kB
build/client/assets/noto-sans-jp-93-900-normal.woff2                      9.76 kB
build/client/assets/noto-sans-jp-80-100-normal.woff2                      9.77 kB
build/client/assets/m-plus-rounded-1c-58-100-normal.woff                  9.77 kB
build/client/assets/m-plus-rounded-1c-20-900-normal.woff                  9.77 kB
build/client/assets/noto-sans-jp-89-200-normal.woff2                      9.78 kB
build/client/assets/noto-sans-jp-95-600-normal.woff2                      9.78 kB
build/client/assets/noto-serif-jp-57-300-normal.woff                      9.78 kB
build/client/assets/m-plus-rounded-1c-8-100-normal.woff2                  9.78 kB
build/client/assets/noto-sans-jp-66-100-normal.woff2                      9.78 kB
build/client/assets/noto-serif-jp-57-900-normal.woff                      9.78 kB
build/client/assets/noto-sans-jp-59-100-normal.woff2                      9.79 kB
build/client/assets/noto-serif-jp-57-500-normal.woff                      9.79 kB
build/client/assets/noto-sans-jp-95-700-normal.woff2                      9.80 kB
build/client/assets/noto-sans-jp-81-500-normal.woff2                      9.80 kB
build/client/assets/noto-sans-jp-102-600-normal.woff2                     9.80 kB
build/client/assets/noto-sans-jp-76-300-normal.woff2                      9.80 kB
build/client/assets/noto-sans-jp-89-300-normal.woff2                      9.80 kB
build/client/assets/noto-sans-jp-97-600-normal.woff2                      9.81 kB
build/client/assets/noto-sans-jp-95-800-normal.woff2                      9.81 kB
build/client/assets/m-plus-rounded-1c-9-100-normal.woff2                  9.81 kB
build/client/assets/noto-sans-jp-85-900-normal.woff2                      9.81 kB
build/client/assets/noto-sans-jp-81-700-normal.woff2                      9.82 kB
build/client/assets/noto-sans-jp-93-800-normal.woff2                      9.82 kB
build/client/assets/noto-serif-jp-57-600-normal.woff                      9.82 kB
build/client/assets/noto-sans-jp-91-100-normal.woff2                      9.82 kB
build/client/assets/noto-sans-jp-118-800-normal.woff2                     9.82 kB
build/client/assets/noto-sans-jp-95-900-normal.woff2                      9.83 kB
build/client/assets/noto-sans-jp-104-400-normal.woff2                     9.83 kB
build/client/assets/noto-serif-jp-57-400-normal.woff                      9.83 kB
build/client/assets/noto-sans-jp-88-500-normal.woff2                      9.84 kB
build/client/assets/noto-sans-jp-88-600-normal.woff2                      9.84 kB
build/client/assets/noto-sans-jp-118-600-normal.woff2                     9.84 kB
build/client/assets/noto-sans-jp-102-700-normal.woff2                     9.84 kB
build/client/assets/noto-sans-jp-85-600-normal.woff2                      9.84 kB
build/client/assets/noto-sans-jp-85-800-normal.woff2                      9.84 kB
build/client/assets/noto-serif-jp-57-800-normal.woff                      9.84 kB
build/client/assets/noto-sans-jp-102-500-normal.woff2                     9.85 kB
build/client/assets/m-plus-rounded-1c-greek-300-normal.woff               9.85 kB
build/client/assets/noto-sans-jp-81-600-normal.woff2                      9.85 kB
build/client/assets/noto-sans-jp-88-700-normal.woff2                      9.85 kB
build/client/assets/noto-sans-jp-74-200-normal.woff2                      9.86 kB
build/client/assets/noto-sans-jp-85-500-normal.woff2                      9.86 kB
build/client/assets/noto-sans-jp-85-700-normal.woff2                      9.86 kB
build/client/assets/noto-serif-jp-57-700-normal.woff                      9.86 kB
build/client/assets/m-plus-rounded-1c-59-100-normal.woff2                 9.87 kB
build/client/assets/noto-sans-jp-97-900-normal.woff2                      9.87 kB
build/client/assets/noto-sans-jp-102-900-normal.woff2                     9.87 kB
build/client/assets/noto-sans-jp-74-300-normal.woff2                      9.88 kB
build/client/assets/noto-sans-jp-105-700-normal.woff2                     9.88 kB
build/client/assets/noto-sans-jp-105-500-normal.woff2                     9.88 kB
build/client/assets/m-plus-rounded-1c-20-500-normal.woff                  9.88 kB
build/client/assets/noto-sans-jp-63-100-normal.woff2                      9.88 kB
build/client/assets/noto-sans-jp-94-200-normal.woff2                      9.89 kB
build/client/assets/noto-sans-jp-105-600-normal.woff2                     9.89 kB
build/client/assets/noto-sans-jp-88-900-normal.woff2                      9.89 kB
build/client/assets/noto-sans-jp-81-900-normal.woff2                      9.89 kB
build/client/assets/noto-sans-jp-97-700-normal.woff2                      9.90 kB
build/client/assets/noto-sans-jp-108-100-normal.woff2                     9.90 kB
build/client/assets/noto-sans-jp-105-900-normal.woff2                     9.91 kB
build/client/assets/noto-sans-jp-76-400-normal.woff2                      9.91 kB
build/client/assets/noto-sans-jp-81-800-normal.woff2                      9.91 kB
build/client/assets/noto-sans-jp-98-100-normal.woff2                      9.92 kB
build/client/assets/noto-sans-jp-67-100-normal.woff2                      9.93 kB
build/client/assets/noto-sans-jp-83-200-normal.woff2                      9.93 kB
build/client/assets/noto-sans-jp-97-800-normal.woff2                      9.94 kB
build/client/assets/noto-sans-jp-80-200-normal.woff2                      9.94 kB
build/client/assets/noto-sans-jp-104-500-normal.woff2                     9.94 kB
build/client/assets/noto-sans-jp-104-600-normal.woff2                     9.95 kB
build/client/assets/noto-sans-jp-105-800-normal.woff2                     9.95 kB
build/client/assets/noto-sans-jp-66-200-normal.woff2                      9.96 kB
build/client/assets/noto-sans-jp-102-800-normal.woff2                     9.96 kB
build/client/assets/noto-serif-jp-114-200-normal.woff2                    9.96 kB
build/client/assets/m-plus-rounded-1c-13-400-normal.woff                  9.96 kB
build/client/assets/noto-sans-jp-83-300-normal.woff2                      9.96 kB
build/client/assets/noto-sans-jp-88-800-normal.woff2                      9.96 kB
build/client/assets/noto-sans-jp-89-400-normal.woff2                      9.96 kB
build/client/assets/noto-sans-jp-66-300-normal.woff2                      9.96 kB
build/client/assets/noto-sans-jp-76-500-normal.woff2                      9.97 kB
build/client/assets/noto-sans-jp-94-300-normal.woff2                      9.97 kB
build/client/assets/noto-sans-jp-74-400-normal.woff2                      9.98 kB
build/client/assets/noto-sans-jp-92-100-normal.woff2                      9.98 kB
build/client/assets/m-plus-rounded-1c-117-400-normal.woff                 9.98 kB
build/client/assets/noto-sans-jp-104-700-normal.woff2                     9.98 kB
build/client/assets/m-plus-rounded-1c-5-300-normal.woff                   9.99 kB
build/client/assets/noto-sans-jp-80-300-normal.woff2                      9.99 kB
build/client/assets/noto-sans-jp-82-100-normal.woff2                     10.00 kB
build/client/assets/m-plus-rounded-1c-56-100-normal.woff2                10.00 kB
build/client/assets/m-plus-rounded-1c-greek-800-normal.woff              10.00 kB
build/client/assets/m-plus-rounded-1c-33-100-normal.woff2                10.00 kB
build/client/assets/m-plus-rounded-1c-greek-500-normal.woff              10.00 kB
build/client/assets/noto-sans-jp-89-500-normal.woff2                     10.01 kB
build/client/assets/noto-sans-jp-76-600-normal.woff2                     10.01 kB
build/client/assets/noto-sans-jp-59-900-normal.woff2                     10.01 kB
build/client/assets/noto-sans-jp-104-800-normal.woff2                    10.03 kB
build/client/assets/noto-sans-jp-76-700-normal.woff2                     10.03 kB
build/client/assets/noto-sans-jp-104-900-normal.woff2                    10.06 kB
build/client/assets/noto-sans-jp-75-100-normal.woff2                     10.06 kB
build/client/assets/noto-sans-jp-77-100-normal.woff2                     10.06 kB
build/client/assets/noto-sans-jp-98-200-normal.woff2                     10.06 kB
build/client/assets/m-plus-rounded-1c-greek-400-normal.woff              10.06 kB
build/client/assets/m-plus-rounded-1c-greek-700-normal.woff              10.06 kB
build/client/assets/noto-sans-jp-63-200-normal.woff2                     10.07 kB
build/client/assets/noto-sans-jp-76-900-normal.woff2                     10.07 kB
build/client/assets/m-plus-rounded-1c-117-900-normal.woff                10.07 kB
build/client/assets/noto-sans-jp-108-300-normal.woff2                    10.08 kB
build/client/assets/noto-sans-jp-74-500-normal.woff2                     10.08 kB
build/client/assets/noto-sans-jp-74-900-normal.woff2                     10.08 kB
build/client/assets/noto-sans-jp-76-800-normal.woff2                     10.09 kB
build/client/assets/m-plus-rounded-1c-111-100-normal.woff2               10.09 kB
build/client/assets/m-plus-rounded-1c-114-300-normal.woff2               10.10 kB
build/client/assets/noto-sans-jp-94-400-normal.woff2                     10.10 kB
build/client/assets/noto-sans-jp-84-100-normal.woff2                     10.10 kB
build/client/assets/noto-sans-jp-108-200-normal.woff2                    10.10 kB
build/client/assets/noto-sans-jp-89-600-normal.woff2                     10.11 kB
build/client/assets/noto-sans-jp-90-100-normal.woff2                     10.12 kB
build/client/assets/noto-sans-jp-67-200-normal.woff2                     10.12 kB
build/client/assets/noto-sans-jp-91-200-normal.woff2                     10.12 kB
build/client/assets/m-plus-rounded-1c-86-100-normal.woff2                10.12 kB
build/client/assets/noto-sans-jp-99-100-normal.woff2                     10.13 kB
build/client/assets/noto-sans-jp-74-800-normal.woff2                     10.13 kB
build/client/assets/noto-sans-jp-83-400-normal.woff2                     10.13 kB
build/client/assets/noto-sans-jp-89-900-normal.woff2                     10.14 kB
build/client/assets/m-plus-rounded-1c-107-100-normal.woff2               10.14 kB
build/client/assets/m-plus-rounded-1c-113-300-normal.woff2               10.14 kB
build/client/assets/noto-sans-jp-74-700-normal.woff2                     10.14 kB
build/client/assets/noto-sans-jp-98-300-normal.woff2                     10.14 kB
build/client/assets/noto-sans-jp-74-600-normal.woff2                     10.15 kB
build/client/assets/noto-sans-jp-66-500-normal.woff2                     10.16 kB
build/client/assets/noto-sans-jp-114-900-normal.woff                     10.16 kB
build/client/assets/noto-sans-jp-67-300-normal.woff2                     10.17 kB
build/client/assets/noto-sans-jp-66-400-normal.woff2                     10.17 kB
build/client/assets/m-plus-rounded-1c-117-500-normal.woff                10.18 kB
build/client/assets/noto-sans-jp-63-300-normal.woff2                     10.18 kB
build/client/assets/noto-sans-jp-82-200-normal.woff2                     10.19 kB
build/client/assets/noto-sans-jp-87-100-normal.woff2                     10.19 kB
build/client/assets/m-plus-rounded-1c-13-900-normal.woff                 10.19 kB
build/client/assets/noto-sans-jp-114-800-normal.woff                     10.20 kB
build/client/assets/noto-sans-jp-59-200-normal.woff2                     10.21 kB
build/client/assets/noto-sans-jp-75-200-normal.woff2                     10.21 kB
build/client/assets/noto-sans-jp-89-700-normal.woff2                     10.21 kB
build/client/assets/noto-sans-jp-89-800-normal.woff2                     10.21 kB
build/client/assets/noto-sans-jp-80-400-normal.woff2                     10.21 kB
build/client/assets/m-plus-rounded-1c-93-100-normal.woff2                10.22 kB
build/client/assets/noto-sans-jp-92-200-normal.woff2                     10.22 kB
build/client/assets/noto-sans-jp-66-600-normal.woff2                     10.22 kB
build/client/assets/m-plus-rounded-1c-13-500-normal.woff                 10.22 kB
build/client/assets/noto-sans-jp-91-300-normal.woff2                     10.22 kB
build/client/assets/noto-sans-jp-94-500-normal.woff2                     10.23 kB
build/client/assets/noto-sans-jp-82-300-normal.woff2                     10.23 kB
build/client/assets/noto-sans-jp-77-200-normal.woff2                     10.24 kB
build/client/assets/noto-serif-jp-114-300-normal.woff2                   10.24 kB
build/client/assets/noto-sans-jp-114-600-normal.woff                     10.24 kB
build/client/assets/m-plus-rounded-1c-85-100-normal.woff2                10.24 kB
build/client/assets/noto-sans-jp-90-200-normal.woff2                     10.24 kB
build/client/assets/noto-sans-jp-94-600-normal.woff2                     10.24 kB
build/client/assets/noto-sans-jp-94-700-normal.woff2                     10.25 kB
build/client/assets/noto-sans-jp-108-400-normal.woff2                    10.25 kB
build/client/assets/noto-sans-jp-83-500-normal.woff2                     10.26 kB
build/client/assets/noto-sans-jp-66-700-normal.woff2                     10.26 kB
build/client/assets/noto-sans-jp-59-400-normal.woff2                     10.26 kB
build/client/assets/noto-sans-jp-59-300-normal.woff2                     10.26 kB
build/client/assets/m-plus-rounded-1c-20-700-normal.woff                 10.26 kB
build/client/assets/noto-sans-jp-84-200-normal.woff2                     10.27 kB
build/client/assets/noto-sans-jp-92-300-normal.woff2                     10.27 kB
build/client/assets/noto-sans-jp-83-600-normal.woff2                     10.27 kB
build/client/assets/noto-sans-jp-66-900-normal.woff2                     10.27 kB
build/client/assets/noto-sans-jp-114-700-normal.woff                     10.27 kB
build/client/assets/m-plus-rounded-1c-95-100-normal.woff2                10.27 kB
build/client/assets/noto-sans-jp-84-300-normal.woff2                     10.27 kB
build/client/assets/m-plus-rounded-1c-6-100-normal.woff                  10.27 kB
build/client/assets/noto-sans-jp-99-200-normal.woff2                     10.28 kB
build/client/assets/noto-sans-jp-106-100-normal.woff2                    10.29 kB
build/client/assets/noto-sans-jp-94-900-normal.woff2                     10.29 kB
build/client/assets/noto-sans-jp-114-100-normal.woff                     10.29 kB
build/client/assets/noto-sans-jp-80-600-normal.woff2                     10.29 kB
build/client/assets/noto-serif-jp-117-200-normal.woff                    10.30 kB
build/client/assets/noto-sans-jp-114-200-normal.woff                     10.30 kB
build/client/assets/noto-sans-jp-77-300-normal.woff2                     10.31 kB
build/client/assets/m-plus-rounded-1c-88-100-normal.woff2                10.31 kB
build/client/assets/m-plus-rounded-1c-97-100-normal.woff2                10.31 kB
build/client/assets/noto-sans-jp-98-400-normal.woff2                     10.31 kB
build/client/assets/noto-sans-jp-75-300-normal.woff2                     10.31 kB
build/client/assets/noto-sans-jp-67-400-normal.woff2                     10.32 kB
build/client/assets/noto-sans-jp-94-800-normal.woff2                     10.32 kB
build/client/assets/noto-sans-jp-114-500-normal.woff                     10.32 kB
build/client/assets/noto-sans-jp-63-400-normal.woff2                     10.32 kB
build/client/assets/noto-sans-jp-80-500-normal.woff2                     10.32 kB
build/client/assets/noto-sans-jp-114-300-normal.woff                     10.32 kB
build/client/assets/noto-sans-jp-59-600-normal.woff2                     10.32 kB
build/client/assets/noto-sans-jp-66-800-normal.woff2                     10.32 kB
build/client/assets/noto-sans-jp-59-500-normal.woff2                     10.33 kB
build/client/assets/noto-sans-jp-80-700-normal.woff2                     10.34 kB
build/client/assets/noto-sans-jp-90-300-normal.woff2                     10.34 kB
build/client/assets/noto-sans-jp-83-900-normal.woff2                     10.34 kB
build/client/assets/noto-sans-jp-108-500-normal.woff2                    10.35 kB
build/client/assets/noto-sans-jp-83-700-normal.woff2                     10.35 kB
build/client/assets/noto-serif-jp-114-400-normal.woff2                   10.35 kB
build/client/assets/noto-sans-jp-114-400-normal.woff                     10.35 kB
build/client/assets/noto-sans-jp-99-300-normal.woff2                     10.36 kB
build/client/assets/noto-sans-jp-59-700-normal.woff2                     10.36 kB
build/client/assets/m-plus-rounded-1c-96-100-normal.woff2                10.36 kB
build/client/assets/noto-sans-jp-63-900-normal.woff2                     10.36 kB
build/client/assets/noto-sans-jp-67-500-normal.woff2                     10.37 kB
build/client/assets/noto-sans-jp-80-900-normal.woff2                     10.38 kB
build/client/assets/yomogi-59-400-normal.woff2                           10.38 kB
build/client/assets/m-plus-rounded-1c-20-800-normal.woff                 10.38 kB
build/client/assets/m-plus-rounded-1c-48-100-normal.woff2                10.38 kB
build/client/assets/m-plus-rounded-1c-103-100-normal.woff2               10.38 kB
build/client/assets/noto-sans-jp-108-700-normal.woff2                    10.38 kB
build/client/assets/noto-sans-jp-59-800-normal.woff2                     10.38 kB
build/client/assets/m-plus-rounded-1c-114-400-normal.woff2               10.39 kB
build/client/assets/noto-sans-jp-63-700-normal.woff2                     10.39 kB
build/client/assets/noto-sans-jp-83-800-normal.woff2                     10.39 kB
build/client/assets/noto-serif-jp-113-200-normal.woff2                   10.39 kB
build/client/assets/noto-sans-jp-92-400-normal.woff2                     10.39 kB
build/client/assets/noto-sans-jp-73-100-normal.woff2                     10.39 kB
build/client/assets/noto-sans-jp-87-200-normal.woff2                     10.39 kB
build/client/assets/noto-sans-jp-63-500-normal.woff2                     10.39 kB
build/client/assets/noto-sans-jp-108-600-normal.woff2                    10.39 kB
build/client/assets/noto-sans-jp-67-700-normal.woff2                     10.39 kB
build/client/assets/noto-sans-jp-91-400-normal.woff2                     10.40 kB
build/client/assets/m-plus-rounded-1c-5-400-normal.woff                  10.40 kB
build/client/assets/m-plus-rounded-1c-58-900-normal.woff                 10.41 kB
build/client/assets/noto-sans-jp-63-800-normal.woff2                     10.42 kB
build/client/assets/noto-sans-jp-98-500-normal.woff2                     10.42 kB
build/client/assets/yomogi-50-400-normal.woff2                           10.42 kB
build/client/assets/m-plus-rounded-1c-117-700-normal.woff                10.42 kB
build/client/assets/m-plus-rounded-1c-cyrillic-ext-900-normal.woff2      10.43 kB
build/client/assets/noto-sans-jp-98-600-normal.woff2                     10.43 kB
build/client/assets/noto-serif-jp-114-600-normal.woff2                   10.43 kB
build/client/assets/m-plus-rounded-1c-58-500-normal.woff                 10.43 kB
build/client/assets/m-plus-rounded-1c-42-100-normal.woff2                10.44 kB
build/client/assets/noto-sans-jp-91-500-normal.woff2                     10.44 kB
build/client/assets/m-plus-rounded-1c-89-100-normal.woff2                10.44 kB
build/client/assets/noto-sans-jp-79-100-normal.woff2                     10.44 kB
build/client/assets/noto-serif-jp-109-200-normal.woff2                   10.44 kB
build/client/assets/noto-sans-jp-75-400-normal.woff2                     10.45 kB
build/client/assets/noto-sans-jp-63-600-normal.woff2                     10.45 kB
build/client/assets/noto-sans-jp-91-900-normal.woff2                     10.45 kB
build/client/assets/noto-sans-jp-80-800-normal.woff2                     10.45 kB
build/client/assets/m-plus-rounded-1c-75-100-normal.woff2                10.46 kB
build/client/assets/noto-sans-jp-82-400-normal.woff2                     10.46 kB
build/client/assets/noto-sans-jp-67-600-normal.woff2                     10.46 kB
build/client/assets/noto-sans-jp-113-100-normal.woff                     10.46 kB
build/client/assets/noto-sans-jp-67-800-normal.woff2                     10.46 kB
build/client/assets/noto-sans-jp-84-400-normal.woff2                     10.47 kB
build/client/assets/noto-sans-jp-69-100-normal.woff2                     10.47 kB
build/client/assets/m-plus-rounded-1c-13-700-normal.woff                 10.47 kB
build/client/assets/noto-serif-jp-114-500-normal.woff2                   10.48 kB
build/client/assets/noto-sans-jp-77-400-normal.woff2                     10.48 kB
build/client/assets/noto-sans-jp-92-500-normal.woff2                     10.48 kB
build/client/assets/noto-sans-jp-108-800-normal.woff2                    10.48 kB
build/client/assets/noto-sans-jp-90-400-normal.woff2                     10.48 kB
build/client/assets/noto-sans-jp-87-300-normal.woff2                     10.48 kB
build/client/assets/noto-sans-jp-108-900-normal.woff2                    10.48 kB
build/client/assets/m-plus-rounded-1c-102-100-normal.woff2               10.49 kB
build/client/assets/noto-sans-jp-99-400-normal.woff2                     10.49 kB
build/client/assets/m-plus-rounded-1c-63-100-normal.woff2                10.50 kB
build/client/assets/noto-sans-jp-91-600-normal.woff2                     10.50 kB
build/client/assets/noto-sans-jp-67-900-normal.woff2                     10.50 kB
build/client/assets/m-plus-rounded-1c-58-700-normal.woff                 10.50 kB
build/client/assets/noto-sans-jp-113-400-normal.woff                     10.50 kB
build/client/assets/noto-sans-jp-106-200-normal.woff2                    10.50 kB
build/client/assets/noto-sans-jp-113-500-normal.woff                     10.50 kB
build/client/assets/noto-sans-jp-62-100-normal.woff2                     10.50 kB
build/client/assets/noto-sans-jp-91-700-normal.woff2                     10.50 kB
build/client/assets/noto-sans-jp-113-600-normal.woff                     10.50 kB
build/client/assets/noto-sans-jp-82-500-normal.woff2                     10.51 kB
build/client/assets/noto-sans-jp-92-700-normal.woff2                     10.51 kB
build/client/assets/noto-sans-jp-113-300-normal.woff                     10.51 kB
build/client/assets/noto-sans-jp-113-700-normal.woff                     10.51 kB
build/client/assets/noto-sans-jp-98-700-normal.woff2                     10.51 kB
build/client/assets/noto-sans-jp-92-900-normal.woff2                     10.51 kB
build/client/assets/noto-sans-jp-113-900-normal.woff                     10.51 kB
build/client/assets/noto-serif-jp-114-700-normal.woff2                   10.52 kB
build/client/assets/m-plus-rounded-1c-113-400-normal.woff2               10.52 kB
build/client/assets/noto-sans-jp-70-100-normal.woff2                     10.53 kB
build/client/assets/noto-sans-jp-82-700-normal.woff2                     10.53 kB
build/client/assets/noto-sans-jp-91-800-normal.woff2                     10.53 kB
build/client/assets/m-plus-rounded-1c-71-100-normal.woff2                10.53 kB
build/client/assets/noto-sans-jp-106-300-normal.woff2                    10.53 kB
build/client/assets/m-plus-rounded-1c-27-100-normal.woff2                10.54 kB
build/client/assets/noto-sans-jp-82-600-normal.woff2                     10.54 kB
build/client/assets/m-plus-rounded-1c-6-300-normal.woff2                 10.54 kB
build/client/assets/noto-sans-jp-92-600-normal.woff2                     10.54 kB
build/client/assets/noto-sans-jp-98-900-normal.woff2                     10.54 kB
build/client/assets/m-plus-rounded-1c-114-100-normal.woff                10.54 kB
build/client/assets/noto-sans-jp-75-500-normal.woff2                     10.55 kB
build/client/assets/noto-sans-jp-77-500-normal.woff2                     10.55 kB
build/client/assets/noto-serif-jp-114-900-normal.woff2                   10.55 kB
build/client/assets/noto-sans-jp-113-200-normal.woff                     10.55 kB
build/client/assets/noto-serif-jp-117-300-normal.woff                    10.55 kB
build/client/assets/noto-sans-jp-90-500-normal.woff2                     10.56 kB
build/client/assets/noto-sans-jp-98-800-normal.woff2                     10.56 kB
build/client/assets/noto-sans-jp-77-900-normal.woff2                     10.56 kB
build/client/assets/m-plus-rounded-1c-117-800-normal.woff                10.56 kB
build/client/assets/noto-sans-jp-84-500-normal.woff2                     10.56 kB
build/client/assets/noto-sans-jp-113-800-normal.woff                     10.56 kB
build/client/assets/m-plus-rounded-1c-7-100-normal.woff2                 10.57 kB
build/client/assets/noto-sans-jp-90-700-normal.woff2                     10.58 kB
build/client/assets/noto-sans-jp-82-900-normal.woff2                     10.58 kB
build/client/assets/m-plus-rounded-1c-66-100-normal.woff2                10.58 kB
build/client/assets/m-plus-rounded-1c-74-100-normal.woff2                10.59 kB
build/client/assets/m-plus-rounded-1c-84-100-normal.woff2                10.59 kB
build/client/assets/noto-sans-jp-82-800-normal.woff2                     10.59 kB
build/client/assets/m-plus-rounded-1c-105-100-normal.woff2               10.59 kB
build/client/assets/noto-sans-jp-100-100-normal.woff2                    10.59 kB
build/client/assets/noto-sans-jp-92-800-normal.woff2                     10.60 kB
build/client/assets/noto-serif-jp-113-300-normal.woff2                   10.60 kB
build/client/assets/noto-sans-jp-77-600-normal.woff2                     10.61 kB
build/client/assets/noto-sans-jp-84-600-normal.woff2                     10.61 kB
build/client/assets/m-plus-rounded-1c-58-400-normal.woff                 10.61 kB
build/client/assets/m-plus-rounded-1c-113-100-normal.woff                10.61 kB
build/client/assets/m-plus-rounded-1c-58-300-normal.woff                 10.61 kB
build/client/assets/noto-sans-jp-90-600-normal.woff2                     10.62 kB
build/client/assets/noto-sans-jp-75-700-normal.woff2                     10.62 kB
build/client/assets/noto-sans-jp-75-800-normal.woff2                     10.62 kB
build/client/assets/noto-sans-jp-75-600-normal.woff2                     10.62 kB
build/client/assets/noto-sans-jp-75-900-normal.woff2                     10.62 kB
build/client/assets/m-plus-rounded-1c-80-100-normal.woff2                10.62 kB
build/client/assets/noto-sans-jp-73-200-normal.woff2                     10.62 kB
build/client/assets/noto-sans-jp-77-700-normal.woff2                     10.63 kB
build/client/assets/noto-sans-jp-99-700-normal.woff2                     10.63 kB
build/client/assets/m-plus-rounded-1c-104-100-normal.woff2               10.64 kB
build/client/assets/noto-sans-jp-87-400-normal.woff2                     10.64 kB
build/client/assets/noto-sans-jp-106-400-normal.woff2                    10.64 kB
build/client/assets/noto-sans-jp-99-600-normal.woff2                     10.64 kB
build/client/assets/noto-serif-jp-113-400-normal.woff2                   10.64 kB
build/client/assets/m-plus-rounded-1c-115-300-normal.woff2               10.64 kB
build/client/assets/noto-serif-jp-109-300-normal.woff2                   10.64 kB
build/client/assets/noto-serif-jp-114-800-normal.woff2                   10.64 kB
build/client/assets/noto-serif-jp-117-400-normal.woff                    10.64 kB
build/client/assets/noto-sans-jp-79-200-normal.woff2                     10.66 kB
build/client/assets/noto-sans-jp-90-900-normal.woff2                     10.66 kB
build/client/assets/noto-sans-jp-99-900-normal.woff2                     10.66 kB
build/client/assets/noto-sans-jp-90-800-normal.woff2                     10.66 kB
build/client/assets/m-plus-rounded-1c-13-800-normal.woff                 10.66 kB
build/client/assets/m-plus-rounded-1c-58-800-normal.woff                 10.66 kB
build/client/assets/noto-sans-jp-84-700-normal.woff2                     10.67 kB
build/client/assets/noto-serif-jp-117-500-normal.woff                    10.67 kB
build/client/assets/noto-sans-jp-99-500-normal.woff2                     10.67 kB
build/client/assets/noto-sans-jp-84-900-normal.woff2                     10.67 kB
build/client/assets/noto-sans-jp-69-200-normal.woff2                     10.68 kB
build/client/assets/noto-sans-jp-77-800-normal.woff2                     10.68 kB
build/client/assets/m-plus-rounded-1c-81-100-normal.woff2                10.68 kB
build/client/assets/m-plus-rounded-1c-36-100-normal.woff2                10.68 kB
build/client/assets/m-plus-rounded-1c-98-100-normal.woff2                10.69 kB
build/client/assets/noto-sans-jp-69-300-normal.woff2                     10.69 kB
build/client/assets/noto-sans-jp-73-300-normal.woff2                     10.69 kB
build/client/assets/noto-sans-jp-87-500-normal.woff2                     10.69 kB
build/client/assets/m-plus-rounded-1c-5-500-normal.woff                  10.69 kB
build/client/assets/noto-sans-jp-99-800-normal.woff2                     10.69 kB
build/client/assets/noto-serif-jp-109-400-normal.woff2                   10.69 kB
build/client/assets/noto-sans-jp-71-100-normal.woff2                     10.70 kB
build/client/assets/m-plus-rounded-1c-114-500-normal.woff2               10.70 kB
build/client/assets/noto-sans-jp-70-200-normal.woff2                     10.71 kB
build/client/assets/m-plus-rounded-1c-113-900-normal.woff2               10.72 kB
build/client/assets/noto-sans-jp-84-800-normal.woff2                     10.72 kB
build/client/assets/m-plus-rounded-1c-113-500-normal.woff2               10.72 kB
build/client/assets/noto-sans-jp-79-300-normal.woff2                     10.72 kB
build/client/assets/noto-serif-jp-117-600-normal.woff                    10.72 kB
build/client/assets/noto-sans-jp-78-100-normal.woff2                     10.73 kB
build/client/assets/m-plus-rounded-1c-44-100-normal.woff2                10.73 kB
build/client/assets/m-plus-rounded-1c-116-300-normal.woff2               10.73 kB
build/client/assets/m-plus-rounded-1c-114-900-normal.woff2               10.74 kB
build/client/assets/noto-sans-jp-62-200-normal.woff2                     10.74 kB
build/client/assets/m-plus-rounded-1c-29-100-normal.woff                 10.74 kB
build/client/assets/m-plus-rounded-1c-43-100-normal.woff2                10.75 kB
build/client/assets/m-plus-rounded-1c-110-300-normal.woff2               10.75 kB
build/client/assets/noto-serif-jp-113-600-normal.woff2                   10.75 kB
build/client/assets/noto-sans-jp-70-300-normal.woff2                     10.76 kB
build/client/assets/m-plus-rounded-1c-31-100-normal.woff2                10.76 kB
build/client/assets/noto-serif-jp-113-500-normal.woff2                   10.76 kB
build/client/assets/noto-serif-jp-113-900-normal.woff2                   10.78 kB
build/client/assets/noto-serif-jp-109-500-normal.woff2                   10.78 kB
build/client/assets/m-plus-rounded-1c-76-100-normal.woff2                10.79 kB
build/client/assets/m-plus-rounded-1c-5-900-normal.woff                  10.80 kB
build/client/assets/noto-sans-jp-87-600-normal.woff2                     10.80 kB
build/client/assets/noto-sans-jp-100-200-normal.woff2                    10.81 kB
build/client/assets/noto-sans-jp-73-400-normal.woff2                     10.82 kB
build/client/assets/noto-serif-jp-109-600-normal.woff2                   10.82 kB
build/client/assets/noto-serif-jp-113-800-normal.woff2                   10.82 kB
build/client/assets/noto-serif-jp-117-700-normal.woff                    10.82 kB
build/client/assets/noto-sans-jp-106-500-normal.woff2                    10.82 kB
build/client/assets/noto-sans-jp-87-700-normal.woff2                     10.82 kB
build/client/assets/m-plus-rounded-1c-92-100-normal.woff2                10.82 kB
build/client/assets/noto-sans-jp-62-300-normal.woff2                     10.83 kB
build/client/assets/noto-serif-jp-113-700-normal.woff2                   10.83 kB
build/client/assets/m-plus-rounded-1c-91-100-normal.woff2                10.84 kB
build/client/assets/m-plus-rounded-1c-49-100-normal.woff2                10.84 kB
build/client/assets/noto-sans-jp-87-800-normal.woff2                     10.84 kB
build/client/assets/noto-sans-jp-78-200-normal.woff2                     10.85 kB
build/client/assets/noto-sans-jp-87-900-normal.woff2                     10.85 kB
build/client/assets/noto-serif-jp-117-900-normal.woff                    10.85 kB
build/client/assets/noto-sans-jp-109-800-normal.woff                     10.86 kB
build/client/assets/noto-sans-jp-106-700-normal.woff2                    10.86 kB
build/client/assets/noto-sans-jp-106-600-normal.woff2                    10.86 kB
build/client/assets/noto-serif-jp-115-200-normal.woff2                   10.87 kB
build/client/assets/noto-sans-jp-109-900-normal.woff                     10.87 kB
build/client/assets/noto-sans-jp-79-400-normal.woff2                     10.87 kB
build/client/assets/noto-sans-jp-106-900-normal.woff2                    10.87 kB
build/client/assets/noto-serif-jp-117-800-normal.woff                    10.87 kB
build/client/assets/noto-sans-jp-100-300-normal.woff2                    10.88 kB
build/client/assets/noto-serif-jp-101-200-normal.woff2                   10.88 kB
build/client/assets/m-plus-rounded-1c-6-900-normal.woff2                 10.90 kB
build/client/assets/noto-sans-jp-69-400-normal.woff2                     10.90 kB
build/client/assets/noto-sans-jp-106-800-normal.woff2                    10.90 kB
build/client/assets/noto-serif-jp-109-900-normal.woff2                   10.90 kB
build/client/assets/noto-sans-jp-109-500-normal.woff                     10.90 kB
build/client/assets/noto-sans-jp-109-700-normal.woff                     10.90 kB
build/client/assets/m-plus-rounded-1c-cyrillic-ext-300-normal.woff2      10.91 kB
build/client/assets/noto-sans-jp-73-500-normal.woff2                     10.91 kB
build/client/assets/noto-serif-jp-109-700-normal.woff2                   10.92 kB
build/client/assets/m-plus-rounded-1c-cyrillic-ext-700-normal.woff2      10.94 kB
build/client/assets/noto-sans-jp-109-600-normal.woff                     10.94 kB
build/client/assets/m-plus-rounded-1c-82-100-normal.woff2                10.94 kB
build/client/assets/m-plus-rounded-1c-25-100-normal.woff2                10.94 kB
build/client/assets/m-plus-rounded-1c-5-700-normal.woff                  10.94 kB
build/client/assets/m-plus-rounded-1c-16-100-normal.woff2                10.95 kB
build/client/assets/m-plus-rounded-1c-109-300-normal.woff2               10.95 kB
build/client/assets/noto-sans-jp-71-200-normal.woff2                     10.95 kB
build/client/assets/noto-sans-jp-78-300-normal.woff2                     10.95 kB
build/client/assets/noto-sans-jp-109-400-normal.woff                     10.97 kB
build/client/assets/noto-sans-jp-109-100-normal.woff                     10.97 kB
build/client/assets/m-plus-rounded-1c-62-100-normal.woff2                10.98 kB
build/client/assets/noto-serif-jp-109-800-normal.woff2                   10.98 kB
build/client/assets/m-plus-rounded-1c-29-300-normal.woff2                10.98 kB
build/client/assets/noto-sans-jp-73-600-normal.woff2                     10.98 kB
build/client/assets/m-plus-rounded-1c-83-100-normal.woff2                10.99 kB
build/client/assets/noto-sans-jp-62-400-normal.woff2                     10.99 kB
build/client/assets/m-plus-rounded-1c-cyrillic-ext-500-normal.woff2      11.00 kB
build/client/assets/noto-sans-jp-73-700-normal.woff2                     11.00 kB
build/client/assets/m-plus-rounded-1c-94-100-normal.woff2                11.00 kB
build/client/assets/m-plus-rounded-1c-cyrillic-ext-400-normal.woff2      11.01 kB
build/client/assets/noto-sans-jp-71-300-normal.woff2                     11.02 kB
build/client/assets/noto-sans-jp-79-500-normal.woff2                     11.02 kB
build/client/assets/noto-sans-jp-109-300-normal.woff                     11.02 kB
build/client/assets/noto-sans-jp-109-200-normal.woff                     11.03 kB
build/client/assets/m-plus-rounded-1c-56-300-normal.woff2                11.03 kB
build/client/assets/m-plus-rounded-1c-47-300-normal.woff2                11.04 kB
build/client/assets/m-plus-rounded-1c-cyrillic-ext-800-normal.woff2      11.04 kB
build/client/assets/m-plus-rounded-1c-46-100-normal.woff2                11.04 kB
build/client/assets/noto-sans-jp-65-100-normal.woff2                     11.04 kB
build/client/assets/noto-sans-jp-70-400-normal.woff2                     11.05 kB
build/client/assets/m-plus-rounded-1c-115-400-normal.woff2               11.05 kB
build/client/assets/noto-sans-jp-73-900-normal.woff2                     11.05 kB
build/client/assets/m-plus-rounded-1c-67-100-normal.woff2                11.06 kB
build/client/assets/m-plus-rounded-1c-90-100-normal.woff2                11.06 kB
build/client/assets/yomogi-58-400-normal.woff2                           11.06 kB
build/client/assets/m-plus-rounded-1c-5-800-normal.woff                  11.06 kB
build/client/assets/noto-sans-jp-69-600-normal.woff2                     11.06 kB
build/client/assets/noto-sans-jp-69-500-normal.woff2                     11.06 kB
build/client/assets/m-plus-rounded-1c-108-100-normal.woff2               11.07 kB
build/client/assets/m-plus-rounded-1c-114-700-normal.woff2               11.07 kB
build/client/assets/noto-sans-jp-62-500-normal.woff2                     11.08 kB
build/client/assets/noto-serif-jp-115-400-normal.woff2                   11.08 kB
build/client/assets/noto-sans-jp-73-800-normal.woff2                     11.08 kB
build/client/assets/m-plus-rounded-1c-116-400-normal.woff2               11.09 kB
build/client/assets/noto-sans-jp-100-400-normal.woff2                    11.09 kB
build/client/assets/noto-sans-jp-69-700-normal.woff2                     11.09 kB
build/client/assets/m-plus-rounded-1c-59-900-normal.woff2                11.09 kB
build/client/assets/noto-sans-jp-69-900-normal.woff2                     11.09 kB
build/client/assets/noto-serif-jp-115-300-normal.woff2                   11.09 kB
build/client/assets/noto-sans-jp-65-200-normal.woff2                     11.10 kB
build/client/assets/m-plus-rounded-1c-59-300-normal.woff2                11.10 kB
build/client/assets/noto-sans-jp-62-900-normal.woff2                     11.10 kB
build/client/assets/noto-serif-jp-112-200-normal.woff2                   11.10 kB
build/client/assets/noto-sans-jp-101-900-normal.woff                     11.10 kB
build/client/assets/noto-sans-jp-78-400-normal.woff2                     11.11 kB
build/client/assets/noto-sans-jp-79-900-normal.woff2                     11.12 kB
build/client/assets/noto-sans-jp-101-500-normal.woff                     11.12 kB
build/client/assets/noto-sans-jp-70-600-normal.woff2                     11.12 kB
build/client/assets/m-plus-rounded-1c-114-800-normal.woff2               11.13 kB
build/client/assets/noto-sans-jp-70-500-normal.woff2                     11.13 kB
build/client/assets/noto-sans-jp-79-600-normal.woff2                     11.13 kB
build/client/assets/noto-sans-jp-112-900-normal.woff                     11.13 kB
build/client/assets/m-plus-rounded-1c-6-400-normal.woff2                 11.14 kB
build/client/assets/noto-sans-jp-61-100-normal.woff2                     11.14 kB
build/client/assets/noto-sans-jp-79-700-normal.woff2                     11.14 kB
build/client/assets/noto-sans-jp-79-800-normal.woff2                     11.14 kB
build/client/assets/m-plus-rounded-1c-greek-ext-300-normal.woff          11.14 kB
build/client/assets/noto-sans-jp-101-600-normal.woff                     11.14 kB
build/client/assets/noto-sans-jp-62-600-normal.woff2                     11.14 kB
build/client/assets/noto-sans-jp-71-400-normal.woff2                     11.15 kB
build/client/assets/noto-sans-jp-65-300-normal.woff2                     11.15 kB
build/client/assets/m-plus-rounded-1c-112-300-normal.woff2               11.15 kB
build/client/assets/noto-sans-jp-101-700-normal.woff                     11.15 kB
build/client/assets/noto-sans-jp-101-800-normal.woff                     11.16 kB
build/client/assets/noto-sans-jp-70-900-normal.woff2                     11.16 kB
build/client/assets/noto-sans-jp-70-700-normal.woff2                     11.16 kB
build/client/assets/noto-sans-jp-69-800-normal.woff2                     11.16 kB
build/client/assets/noto-sans-jp-112-100-normal.woff                     11.16 kB
build/client/assets/noto-sans-jp-100-500-normal.woff2                    11.17 kB
build/client/assets/noto-serif-jp-115-500-normal.woff2                   11.17 kB
build/client/assets/m-plus-rounded-1c-101-300-normal.woff2               11.18 kB
build/client/assets/noto-serif-jp-116-200-normal.woff2                   11.18 kB
build/client/assets/noto-sans-jp-112-300-normal.woff                     11.18 kB
build/client/assets/m-plus-rounded-1c-113-700-normal.woff2               11.19 kB
build/client/assets/noto-sans-jp-62-700-normal.woff2                     11.20 kB
build/client/assets/noto-serif-jp-110-200-normal.woff2                   11.20 kB
build/client/assets/noto-sans-jp-101-400-normal.woff                     11.20 kB
build/client/assets/m-plus-rounded-1c-18-100-normal.woff2                11.21 kB
build/client/assets/noto-sans-jp-112-800-normal.woff                     11.21 kB
build/client/assets/noto-sans-jp-115-900-normal.woff                     11.21 kB
build/client/assets/noto-sans-jp-70-800-normal.woff2                     11.21 kB
build/client/assets/noto-serif-jp-101-300-normal.woff2                   11.21 kB
build/client/assets/m-plus-rounded-1c-100-100-normal.woff2               11.22 kB
build/client/assets/noto-sans-jp-78-500-normal.woff2                     11.22 kB
build/client/assets/noto-sans-jp-101-100-normal.woff                     11.22 kB
build/client/assets/noto-sans-jp-112-200-normal.woff                     11.22 kB
build/client/assets/noto-sans-jp-115-500-normal.woff                     11.22 kB
build/client/assets/noto-sans-jp-101-300-normal.woff                     11.22 kB
build/client/assets/m-plus-rounded-1c-113-800-normal.woff2               11.23 kB
build/client/assets/m-plus-rounded-1c-116-100-normal.woff                11.23 kB
build/client/assets/noto-sans-jp-71-500-normal.woff2                     11.23 kB
build/client/assets/noto-serif-jp-107-200-normal.woff2                   11.23 kB
build/client/assets/noto-sans-jp-101-200-normal.woff                     11.23 kB
build/client/assets/m-plus-rounded-1c-99-100-normal.woff2                11.24 kB
build/client/assets/noto-sans-jp-112-400-normal.woff                     11.24 kB
build/client/assets/noto-sans-jp-100-600-normal.woff2                    11.24 kB
build/client/assets/noto-sans-jp-62-800-normal.woff2                     11.24 kB
build/client/assets/noto-sans-jp-115-100-normal.woff                     11.24 kB
build/client/assets/noto-sans-jp-115-800-normal.woff                     11.24 kB
build/client/assets/noto-sans-jp-115-600-normal.woff                     11.25 kB
build/client/assets/noto-sans-jp-100-900-normal.woff2                    11.25 kB
build/client/assets/m-plus-rounded-1c-115-100-normal.woff                11.25 kB
build/client/assets/noto-sans-jp-115-700-normal.woff                     11.25 kB
build/client/assets/noto-serif-jp-101-400-normal.woff2                   11.26 kB
build/client/assets/noto-sans-jp-110-900-normal.woff                     11.26 kB
build/client/assets/m-plus-rounded-1c-110-400-normal.woff2               11.26 kB
build/client/assets/noto-sans-jp-71-600-normal.woff2                     11.26 kB
build/client/assets/noto-serif-jp-115-600-normal.woff2                   11.26 kB
build/client/assets/noto-sans-jp-115-400-normal.woff                     11.26 kB
build/client/assets/noto-sans-jp-112-700-normal.woff                     11.26 kB
build/client/assets/noto-sans-jp-110-100-normal.woff                     11.26 kB
build/client/assets/noto-sans-jp-78-600-normal.woff2                     11.28 kB
build/client/assets/noto-sans-jp-112-500-normal.woff                     11.28 kB
build/client/assets/noto-sans-jp-112-600-normal.woff                     11.28 kB
build/client/assets/noto-serif-jp-112-300-normal.woff2                   11.29 kB
build/client/assets/noto-serif-jp-115-700-normal.woff2                   11.30 kB
build/client/assets/noto-sans-jp-78-900-normal.woff2                     11.31 kB
build/client/assets/m-plus-rounded-1c-109-400-normal.woff2               11.31 kB
build/client/assets/noto-serif-jp-101-500-normal.woff2                   11.31 kB
build/client/assets/noto-sans-jp-115-300-normal.woff                     11.31 kB
build/client/assets/noto-sans-jp-100-700-normal.woff2                    11.32 kB
build/client/assets/noto-sans-jp-115-200-normal.woff                     11.32 kB
build/client/assets/m-plus-rounded-1c-73-100-normal.woff2                11.32 kB
build/client/assets/m-plus-rounded-1c-115-500-normal.woff2               11.32 kB
build/client/assets/noto-sans-jp-71-700-normal.woff2                     11.32 kB
build/client/assets/m-plus-rounded-1c-69-100-normal.woff2                11.33 kB
build/client/assets/noto-sans-jp-78-800-normal.woff2                     11.33 kB
build/client/assets/noto-serif-jp-115-900-normal.woff2                   11.33 kB
build/client/assets/m-plus-rounded-1c-29-400-normal.woff2                11.33 kB
build/client/assets/m-plus-rounded-1c-116-500-normal.woff2               11.33 kB
build/client/assets/m-plus-rounded-1c-87-100-normal.woff2                11.34 kB
build/client/assets/m-plus-rounded-1c-45-300-normal.woff2                11.34 kB
build/client/assets/m-plus-rounded-1c-79-100-normal.woff2                11.34 kB
build/client/assets/noto-sans-jp-65-400-normal.woff2                     11.34 kB
build/client/assets/noto-sans-jp-72-100-normal.woff2                     11.34 kB
build/client/assets/m-plus-rounded-1c-59-400-normal.woff2                11.34 kB
build/client/assets/m-plus-rounded-1c-6-500-normal.woff2                 11.34 kB
build/client/assets/noto-sans-jp-78-700-normal.woff2                     11.34 kB
build/client/assets/noto-sans-jp-71-900-normal.woff2                     11.34 kB
build/client/assets/noto-serif-jp-112-400-normal.woff2                   11.34 kB
build/client/assets/particle.avif                                        11.35 kB
build/client/assets/noto-serif-jp-115-800-normal.woff2                   11.35 kB
build/client/assets/noto-serif-jp-116-300-normal.woff2                   11.36 kB
build/client/assets/m-plus-rounded-1c-28-300-normal.woff2                11.36 kB
build/client/assets/m-plus-rounded-1c-59-500-normal.woff2                11.36 kB
build/client/assets/noto-sans-jp-100-800-normal.woff2                    11.37 kB
build/client/assets/noto-sans-jp-61-200-normal.woff2                     11.38 kB
build/client/assets/m-plus-rounded-1c-17-100-normal.woff2                11.38 kB
build/client/assets/m-plus-rounded-1c-47-100-normal.woff                 11.38 kB
build/client/assets/m-plus-rounded-1c-110-100-normal.woff                11.38 kB
build/client/assets/noto-sans-jp-110-600-normal.woff                     11.38 kB
build/client/assets/noto-serif-jp-101-600-normal.woff2                   11.39 kB
build/client/assets/noto-sans-jp-110-800-normal.woff                     11.40 kB
build/client/assets/noto-sans-jp-110-700-normal.woff                     11.40 kB
build/client/assets/m-plus-rounded-1c-56-400-normal.woff2                11.41 kB
build/client/assets/noto-serif-jp-116-400-normal.woff2                   11.41 kB
build/client/assets/noto-sans-jp-110-500-normal.woff                     11.42 kB
build/client/assets/m-plus-rounded-1c-115-900-normal.woff2               11.43 kB
build/client/assets/noto-sans-jp-71-800-normal.woff2                     11.43 kB
build/client/assets/noto-serif-jp-101-700-normal.woff2                   11.43 kB
build/client/assets/noto-sans-jp-61-300-normal.woff2                     11.45 kB
build/client/assets/m-plus-rounded-1c-greek-ext-400-normal.woff          11.45 kB
build/client/assets/noto-sans-jp-110-300-normal.woff                     11.45 kB
build/client/assets/noto-serif-jp-107-300-normal.woff2                   11.45 kB
build/client/assets/noto-sans-jp-110-200-normal.woff                     11.45 kB
build/client/assets/noto-serif-jp-101-900-normal.woff2                   11.46 kB
build/client/assets/noto-sans-jp-110-400-normal.woff                     11.46 kB
build/client/assets/m-plus-rounded-1c-106-100-normal.woff2               11.46 kB
build/client/assets/yomogi-52-400-normal.woff                            11.47 kB
build/client/assets/noto-sans-jp-65-600-normal.woff2                     11.48 kB
build/client/assets/noto-serif-jp-112-500-normal.woff2                   11.48 kB
build/client/assets/m-plus-rounded-1c-12-100-normal.woff                 11.48 kB
build/client/assets/noto-sans-jp-65-500-normal.woff2                     11.49 kB
build/client/assets/noto-serif-jp-101-800-normal.woff2                   11.49 kB
build/client/assets/m-plus-rounded-1c-40-100-normal.woff2                11.50 kB
build/client/assets/noto-sans-jp-65-900-normal.woff2                     11.50 kB
build/client/assets/noto-serif-jp-111-200-normal.woff2                   11.50 kB
build/client/assets/m-plus-rounded-1c-70-100-normal.woff2                11.50 kB
build/client/assets/m-plus-rounded-1c-6-700-normal.woff2                 11.50 kB
build/client/assets/m-plus-rounded-1c-45-100-normal.woff                 11.51 kB
build/client/assets/m-plus-rounded-1c-109-100-normal.woff                11.51 kB
build/client/assets/m-plus-rounded-1c-19-100-normal.woff                 11.51 kB
build/client/assets/m-plus-rounded-1c-38-100-normal.woff2                11.52 kB
build/client/assets/m-plus-rounded-1c-6-800-normal.woff2                 11.52 kB
build/client/assets/noto-sans-jp-72-200-normal.woff2                     11.52 kB
build/client/assets/m-plus-rounded-1c-77-100-normal.woff2                11.53 kB
build/client/assets/noto-sans-jp-65-700-normal.woff2                     11.53 kB
build/client/assets/m-plus-rounded-1c-56-500-normal.woff2                11.54 kB
build/client/assets/m-plus-rounded-1c-24-100-normal.woff2                11.56 kB
build/client/assets/m-plus-rounded-1c-110-500-normal.woff2               11.57 kB
build/client/assets/m-plus-rounded-1c-101-400-normal.woff2               11.57 kB
build/client/assets/noto-sans-jp-72-300-normal.woff2                     11.57 kB
build/client/assets/noto-serif-jp-116-500-normal.woff2                   11.57 kB
build/client/assets/m-plus-rounded-1c-47-400-normal.woff2                11.58 kB
build/client/assets/m-plus-rounded-1c-32-100-normal.woff2                11.58 kB
build/client/assets/m-plus-rounded-1c-116-900-normal.woff2               11.58 kB
build/client/assets/noto-sans-jp-65-800-normal.woff2                     11.58 kB
build/client/assets/noto-serif-jp-112-600-normal.woff2                   11.58 kB
build/client/assets/noto-sans-jp-68-100-normal.woff2                     11.58 kB
build/client/assets/noto-serif-jp-107-400-normal.woff2                   11.58 kB
build/client/assets/m-plus-rounded-1c-112-400-normal.woff2               11.58 kB
build/client/assets/noto-sans-jp-116-900-normal.woff                     11.59 kB
build/client/assets/noto-sans-jp-107-900-normal.woff                     11.59 kB
build/client/assets/noto-serif-jp-112-900-normal.woff2                   11.60 kB
build/client/assets/noto-serif-jp-116-900-normal.woff2                   11.60 kB
build/client/assets/noto-serif-jp-103-200-normal.woff2                   11.60 kB
build/client/assets/m-plus-rounded-1c-56-900-normal.woff2                11.62 kB
build/client/assets/noto-serif-jp-112-800-normal.woff2                   11.63 kB
build/client/assets/m-plus-rounded-1c-112-100-normal.woff                11.63 kB
build/client/assets/noto-sans-jp-61-400-normal.woff2                     11.64 kB
build/client/assets/m-plus-rounded-1c-29-500-normal.woff2                11.64 kB
build/client/assets/m-plus-rounded-1c-111-300-normal.woff2               11.65 kB
build/client/assets/noto-sans-jp-116-500-normal.woff                     11.65 kB
build/client/assets/noto-serif-jp-110-300-normal.woff2                   11.66 kB
build/client/assets/m-plus-rounded-1c-86-300-normal.woff2                11.66 kB
build/client/assets/noto-serif-jp-110-400-normal.woff2                   11.66 kB
build/client/assets/noto-serif-jp-112-700-normal.woff2                   11.66 kB
build/client/assets/noto-sans-jp-116-600-normal.woff                     11.66 kB
build/client/assets/noto-sans-jp-107-800-normal.woff                     11.66 kB
build/client/assets/m-plus-rounded-1c-115-700-normal.woff2               11.67 kB
build/client/assets/noto-sans-jp-107-600-normal.woff                     11.67 kB
build/client/assets/m-plus-rounded-1c-109-500-normal.woff2               11.68 kB
build/client/assets/noto-sans-jp-107-700-normal.woff                     11.68 kB
build/client/assets/m-plus-rounded-1c-59-700-normal.woff2                11.68 kB
build/client/assets/noto-serif-jp-116-600-normal.woff2                   11.69 kB
build/client/assets/noto-sans-jp-107-200-normal.woff                     11.69 kB
build/client/assets/noto-sans-jp-116-800-normal.woff                     11.69 kB
build/client/assets/m-plus-rounded-1c-19-300-normal.woff2                11.70 kB
build/client/assets/noto-serif-jp-107-600-normal.woff2                   11.70 kB
build/client/assets/m-plus-rounded-1c-28-100-normal.woff                 11.70 kB
build/client/assets/noto-sans-jp-68-200-normal.woff2                     11.70 kB
build/client/assets/noto-serif-jp-116-700-normal.woff2                   11.70 kB
build/client/assets/noto-sans-jp-61-500-normal.woff2                     11.71 kB
build/client/assets/m-plus-rounded-1c-116-700-normal.woff2               11.71 kB
build/client/assets/noto-sans-jp-107-300-normal.woff                     11.72 kB
build/client/assets/noto-sans-jp-72-400-normal.woff2                     11.72 kB
build/client/assets/noto-sans-jp-107-100-normal.woff                     11.72 kB
build/client/assets/noto-sans-jp-107-500-normal.woff                     11.72 kB
build/client/assets/m-plus-rounded-1c-9-100-normal.woff                  11.72 kB
build/client/assets/noto-sans-jp-116-100-normal.woff                     11.73 kB
build/client/assets/m-plus-rounded-1c-110-900-normal.woff2               11.74 kB
build/client/assets/noto-sans-jp-116-700-normal.woff                     11.74 kB
build/client/assets/m-plus-rounded-1c-45-400-normal.woff2                11.75 kB
build/client/assets/noto-serif-jp-111-300-normal.woff2                   11.75 kB
build/client/assets/m-plus-rounded-1c-11-100-normal.woff                 11.75 kB
build/client/assets/m-plus-rounded-1c-29-900-normal.woff2                11.76 kB
build/client/assets/noto-serif-jp-107-500-normal.woff2                   11.76 kB
build/client/assets/noto-sans-jp-107-400-normal.woff                     11.76 kB
build/client/assets/noto-sans-jp-116-400-normal.woff                     11.76 kB
build/client/assets/noto-sans-jp-116-200-normal.woff                     11.76 kB
build/client/assets/m-plus-rounded-1c-118-100-normal.woff2               11.77 kB
build/client/assets/m-plus-rounded-1c-115-800-normal.woff2               11.77 kB
build/client/assets/m-plus-rounded-1c-101-100-normal.woff                11.77 kB
build/client/assets/m-plus-rounded-1c-59-800-normal.woff2                11.77 kB
build/client/assets/noto-serif-jp-116-800-normal.woff2                   11.78 kB
build/client/assets/m-plus-rounded-1c-56-700-normal.woff2                11.78 kB
build/client/assets/noto-serif-jp-107-900-normal.woff2                   11.78 kB
build/client/assets/noto-sans-jp-72-900-normal.woff2                     11.78 kB
build/client/assets/m-plus-rounded-1c-12-300-normal.woff2                11.79 kB
build/client/assets/noto-sans-jp-116-300-normal.woff                     11.80 kB
build/client/assets/m-plus-rounded-1c-97-300-normal.woff2                11.82 kB
build/client/assets/noto-serif-jp-103-300-normal.woff2                   11.82 kB
build/client/assets/noto-sans-jp-68-300-normal.woff2                     11.82 kB
build/client/assets/noto-serif-jp-111-400-normal.woff2                   11.82 kB
build/client/assets/m-plus-rounded-1c-9-300-normal.woff2                 11.82 kB
build/client/assets/noto-serif-jp-110-500-normal.woff2                   11.82 kB
build/client/assets/noto-sans-jp-61-600-normal.woff2                     11.84 kB
build/client/assets/noto-serif-jp-110-900-normal.woff2                   11.84 kB
build/client/assets/m-plus-rounded-1c-56-800-normal.woff2                11.84 kB
build/client/assets/noto-sans-jp-61-700-normal.woff2                     11.84 kB
build/client/assets/noto-serif-jp-102-200-normal.woff2                   11.84 kB
build/client/assets/noto-serif-jp-107-700-normal.woff2                   11.84 kB
build/client/assets/noto-sans-jp-72-500-normal.woff2                     11.85 kB
build/client/assets/m-plus-rounded-1c-101-500-normal.woff2               11.86 kB
build/client/assets/m-plus-rounded-1c-107-300-normal.woff2               11.87 kB
build/client/assets/noto-sans-jp-72-700-normal.woff2                     11.87 kB
build/client/assets/m-plus-rounded-1c-95-300-normal.woff2                11.88 kB
build/client/assets/noto-sans-jp-64-100-normal.woff2                     11.88 kB
build/client/assets/noto-serif-jp-95-200-normal.woff2                    11.88 kB
build/client/assets/m-plus-rounded-1c-85-300-normal.woff2                11.88 kB
build/client/assets/noto-sans-jp-72-800-normal.woff2                     11.88 kB
build/client/assets/noto-sans-jp-61-900-normal.woff2                     11.88 kB
build/client/assets/m-plus-rounded-1c-8-100-normal.woff                  11.88 kB
build/client/assets/noto-serif-jp-107-800-normal.woff2                   11.88 kB
build/client/assets/m-plus-rounded-1c-78-100-normal.woff2                11.89 kB
build/client/assets/m-plus-rounded-1c-11-300-normal.woff2                11.90 kB
build/client/assets/m-plus-rounded-1c-greek-ext-900-normal.woff          11.90 kB
build/client/assets/m-plus-rounded-1c-28-400-normal.woff2                11.91 kB
build/client/assets/noto-serif-jp-103-400-normal.woff2                   11.91 kB
build/client/assets/noto-serif-jp-110-600-normal.woff2                   11.91 kB
build/client/assets/m-plus-rounded-1c-47-500-normal.woff2                11.92 kB
build/client/assets/noto-sans-jp-103-700-normal.woff                     11.92 kB
build/client/assets/noto-serif-jp-111-500-normal.woff2                   11.93 kB
build/client/assets/noto-sans-jp-72-600-normal.woff2                     11.94 kB
build/client/assets/noto-sans-jp-61-800-normal.woff2                     11.94 kB
build/client/assets/noto-sans-jp-103-600-normal.woff                     11.94 kB
build/client/assets/m-plus-rounded-1c-112-900-normal.woff2               11.94 kB
build/client/assets/noto-sans-jp-103-500-normal.woff                     11.95 kB
build/client/assets/noto-serif-jp-110-700-normal.woff2                   11.95 kB
build/client/assets/m-plus-rounded-1c-104-300-normal.woff2               11.96 kB
build/client/assets/m-plus-rounded-1c-116-800-normal.woff2               11.96 kB
build/client/assets/noto-serif-jp-111-600-normal.woff2                   11.96 kB
build/client/assets/m-plus-rounded-1c-28-500-normal.woff2                11.96 kB
build/client/assets/m-plus-rounded-1c-101-900-normal.woff2               11.96 kB
build/client/assets/noto-sans-jp-86-600-normal.woff                      11.97 kB
build/client/assets/noto-sans-jp-86-100-normal.woff                      11.98 kB
build/client/assets/m-plus-rounded-1c-28-900-normal.woff2                11.99 kB
build/client/assets/noto-serif-jp-104-200-normal.woff2                   11.99 kB
build/client/assets/m-plus-rounded-1c-greek-ext-500-normal.woff          11.99 kB
build/client/assets/noto-sans-jp-103-800-normal.woff                     12.00 kB
build/client/assets/noto-serif-jp-111-700-normal.woff2                   12.00 kB
build/client/assets/noto-serif-jp-110-800-normal.woff2                   12.00 kB
build/client/assets/m-plus-rounded-1c-88-300-normal.woff2                12.00 kB
build/client/assets/noto-serif-jp-95-300-normal.woff2                    12.02 kB
build/client/assets/noto-sans-jp-86-900-normal.woff                      12.02 kB
build/client/assets/noto-sans-jp-86-400-normal.woff                      12.02 kB
build/client/assets/noto-sans-jp-68-400-normal.woff2                     12.03 kB
build/client/assets/noto-serif-jp-96-200-normal.woff2                    12.03 kB
build/client/assets/noto-serif-jp-97-200-normal.woff2                    12.03 kB
build/client/assets/noto-serif-jp-103-500-normal.woff2                   12.03 kB
build/client/assets/noto-sans-jp-103-900-normal.woff                     12.03 kB
build/client/assets/m-plus-rounded-1c-86-400-normal.woff2                12.03 kB
build/client/assets/noto-serif-jp-102-300-normal.woff2                   12.03 kB
build/client/assets/noto-sans-jp-103-400-normal.woff                     12.04 kB
build/client/assets/m-plus-rounded-1c-109-900-normal.woff2               12.04 kB
build/client/assets/noto-sans-jp-86-300-normal.woff                      12.04 kB
build/client/assets/noto-sans-jp-86-800-normal.woff                      12.04 kB
build/client/assets/noto-sans-jp-111-600-normal.woff                     12.04 kB
build/client/assets/noto-sans-jp-81-900-normal.woff                      12.04 kB
build/client/assets/m-plus-rounded-1c-22-100-normal.woff2                12.05 kB
build/client/assets/m-plus-rounded-1c-72-100-normal.woff2                12.05 kB
build/client/assets/m-plus-rounded-1c-112-500-normal.woff2               12.05 kB
build/client/assets/noto-sans-jp-86-200-normal.woff                      12.05 kB
build/client/assets/noto-sans-jp-81-100-normal.woff                      12.06 kB
build/client/assets/noto-sans-jp-96-100-normal.woff                      12.06 kB
build/client/assets/noto-sans-jp-103-200-normal.woff                     12.06 kB
build/client/assets/noto-sans-jp-86-500-normal.woff                      12.06 kB
build/client/assets/m-plus-rounded-1c-29-700-normal.woff2                12.06 kB
build/client/assets/noto-serif-jp-95-400-normal.woff2                    12.06 kB
build/client/assets/noto-serif-jp-103-600-normal.woff2                   12.06 kB
build/client/assets/noto-serif-jp-111-900-normal.woff2                   12.06 kB
build/client/assets/noto-sans-jp-86-700-normal.woff                      12.06 kB
build/client/assets/noto-sans-jp-111-900-normal.woff                     12.06 kB
build/client/assets/noto-sans-jp-64-200-normal.woff2                     12.07 kB
build/client/assets/yomogi-117-400-normal.woff2                          12.07 kB
build/client/assets/noto-sans-jp-96-200-normal.woff                      12.07 kB
build/client/assets/noto-sans-jp-103-300-normal.woff                     12.07 kB
build/client/assets/noto-sans-jp-111-700-normal.woff                     12.07 kB
build/client/assets/noto-sans-jp-103-100-normal.woff                     12.08 kB
build/client/assets/noto-sans-jp-102-900-normal.woff                     12.08 kB
build/client/assets/noto-serif-jp-102-400-normal.woff2                   12.09 kB
build/client/assets/noto-serif-jp-88-200-normal.woff2                    12.09 kB
build/client/assets/noto-serif-jp-111-800-normal.woff2                   12.09 kB
build/client/assets/noto-sans-jp-95-200-normal.woff                      12.09 kB
build/client/assets/noto-sans-jp-111-800-normal.woff                     12.09 kB
build/client/assets/m-plus-rounded-1c-102-300-normal.woff2               12.09 kB
build/client/assets/noto-sans-jp-95-100-normal.woff                      12.09 kB
build/client/assets/noto-sans-jp-111-100-normal.woff                     12.10 kB
build/client/assets/noto-serif-jp-105-200-normal.woff2                   12.10 kB
build/client/assets/noto-sans-jp-95-300-normal.woff                      12.10 kB
build/client/assets/m-plus-rounded-1c-110-700-normal.woff2               12.10 kB
build/client/assets/noto-sans-jp-81-800-normal.woff                      12.10 kB
build/client/assets/noto-sans-jp-68-500-normal.woff2                     12.11 kB
build/client/assets/noto-sans-jp-95-400-normal.woff                      12.11 kB
build/client/assets/noto-sans-jp-96-400-normal.woff                      12.11 kB
build/client/assets/m-plus-rounded-1c-113-300-normal.woff                12.11 kB
build/client/assets/m-plus-rounded-1c-114-300-normal.woff                12.11 kB
build/client/assets/m-plus-rounded-1c-110-800-normal.woff2               12.12 kB
build/client/assets/noto-serif-jp-89-200-normal.woff2                    12.12 kB
build/client/assets/noto-sans-jp-81-200-normal.woff                      12.12 kB
build/client/assets/noto-sans-jp-111-200-normal.woff                     12.12 kB
build/client/assets/noto-sans-jp-111-300-normal.woff                     12.12 kB
build/client/assets/noto-sans-jp-111-500-normal.woff                     12.12 kB
build/client/assets/noto-sans-jp-96-300-normal.woff                      12.12 kB
build/client/assets/noto-serif-jp-103-700-normal.woff2                   12.13 kB
build/client/assets/noto-sans-jp-68-700-normal.woff2                     12.13 kB
build/client/assets/noto-sans-jp-81-600-normal.woff                      12.13 kB
build/client/assets/m-plus-rounded-1c-47-900-normal.woff2                12.14 kB
build/client/assets/m-plus-rounded-1c-109-700-normal.woff2               12.14 kB
build/client/assets/noto-sans-jp-96-500-normal.woff                      12.14 kB
build/client/assets/noto-sans-jp-96-600-normal.woff                      12.14 kB
build/client/assets/noto-sans-jp-96-800-normal.woff                      12.14 kB
build/client/assets/noto-sans-jp-96-900-normal.woff                      12.14 kB
build/client/assets/m-plus-rounded-1c-105-300-normal.woff2               12.15 kB
build/client/assets/m-plus-rounded-1c-111-400-normal.woff2               12.15 kB
build/client/assets/m-plus-rounded-1c-61-100-normal.woff2                12.15 kB
build/client/assets/noto-sans-jp-64-300-normal.woff2                     12.15 kB
build/client/assets/noto-serif-jp-95-500-normal.woff2                    12.15 kB
build/client/assets/noto-sans-jp-111-400-normal.woff                     12.15 kB
build/client/assets/noto-sans-jp-93-100-normal.woff                      12.15 kB
build/client/assets/m-plus-rounded-1c-42-300-normal.woff2                12.16 kB
build/client/assets/noto-sans-jp-105-100-normal.woff                     12.16 kB
build/client/assets/noto-sans-jp-96-700-normal.woff                      12.16 kB
build/client/assets/noto-sans-jp-102-800-normal.woff                     12.16 kB
build/client/assets/m-plus-rounded-1c-96-300-normal.woff2                12.16 kB
build/client/assets/noto-serif-jp-102-500-normal.woff2                   12.16 kB
build/client/assets/noto-sans-jp-81-500-normal.woff                      12.16 kB
build/client/assets/noto-serif-jp-103-800-normal.woff2                   12.17 kB
build/client/assets/noto-sans-jp-81-300-normal.woff                      12.17 kB
build/client/assets/noto-sans-jp-95-500-normal.woff                      12.17 kB
build/client/assets/noto-sans-jp-68-900-normal.woff2                     12.17 kB
build/client/assets/noto-sans-jp-102-600-normal.woff                     12.17 kB
build/client/assets/noto-sans-jp-68-600-normal.woff2                     12.18 kB
build/client/assets/noto-sans-jp-81-700-normal.woff                      12.18 kB
build/client/assets/m-plus-rounded-1c-89-300-normal.woff2                12.18 kB
build/client/assets/noto-sans-jp-95-700-normal.woff                      12.18 kB
build/client/assets/noto-serif-jp-86-200-normal.woff2                    12.19 kB
build/client/assets/m-plus-rounded-1c-95-400-normal.woff2                12.19 kB
build/client/assets/m-plus-rounded-1c-103-300-normal.woff2               12.19 kB
build/client/assets/noto-sans-jp-81-400-normal.woff                      12.19 kB
build/client/assets/noto-sans-jp-105-500-normal.woff                     12.19 kB
build/client/assets/m-plus-rounded-1c-66-300-normal.woff2                12.20 kB
build/client/assets/m-plus-rounded-1c-45-500-normal.woff2                12.20 kB
build/client/assets/noto-sans-jp-95-600-normal.woff                      12.20 kB
build/client/assets/noto-sans-jp-105-900-normal.woff                     12.20 kB
build/client/assets/noto-sans-jp-105-200-normal.woff                     12.20 kB
build/client/assets/m-plus-rounded-1c-47-700-normal.woff2                12.20 kB
build/client/assets/m-plus-rounded-1c-86-100-normal.woff                 12.20 kB
build/client/assets/noto-sans-jp-95-800-normal.woff                      12.20 kB
build/client/assets/noto-sans-jp-105-800-normal.woff                     12.20 kB
build/client/assets/noto-sans-jp-95-900-normal.woff                      12.20 kB
build/client/assets/m-plus-rounded-1c-63-300-normal.woff2                12.21 kB
build/client/assets/m-plus-rounded-1c-74-300-normal.woff2                12.21 kB
build/client/assets/m-plus-rounded-1c-93-300-normal.woff2                12.21 kB
build/client/assets/m-plus-rounded-1c-greek-ext-700-normal.woff          12.21 kB
build/client/assets/noto-sans-jp-105-400-normal.woff                     12.21 kB
build/client/assets/noto-sans-jp-105-600-normal.woff                     12.21 kB
build/client/assets/m-plus-rounded-1c-111-100-normal.woff                12.21 kB
build/client/assets/noto-serif-jp-103-900-normal.woff2                   12.21 kB
build/client/assets/noto-sans-jp-93-200-normal.woff                      12.22 kB
build/client/assets/noto-sans-jp-105-300-normal.woff                     12.22 kB
build/client/assets/noto-sans-jp-93-900-normal.woff                      12.22 kB
build/client/assets/noto-serif-jp-95-600-normal.woff2                    12.22 kB
build/client/assets/noto-sans-jp-68-800-normal.woff2                     12.22 kB
build/client/assets/noto-serif-jp-93-200-normal.woff2                    12.22 kB
build/client/assets/noto-sans-jp-93-300-normal.woff                      12.23 kB
build/client/assets/noto-sans-jp-93-600-normal.woff                      12.23 kB
build/client/assets/noto-serif-jp-81-200-normal.woff2                    12.23 kB
build/client/assets/noto-sans-jp-102-700-normal.woff                     12.23 kB
build/client/assets/m-plus-rounded-1c-45-900-normal.woff2                12.24 kB
build/client/assets/m-plus-rounded-1c-107-100-normal.woff                12.24 kB
build/client/assets/noto-sans-jp-93-400-normal.woff                      12.24 kB
build/client/assets/noto-sans-jp-105-700-normal.woff                     12.24 kB
build/client/assets/m-plus-rounded-1c-33-100-normal.woff                 12.25 kB
build/client/assets/noto-sans-jp-102-400-normal.woff                     12.25 kB
build/client/assets/noto-serif-jp-102-600-normal.woff2                   12.25 kB
build/client/assets/noto-sans-jp-102-100-normal.woff                     12.26 kB
build/client/assets/noto-serif-jp-104-300-normal.woff2                   12.26 kB
build/client/assets/m-plus-rounded-1c-68-100-normal.woff2                12.26 kB
build/client/assets/m-plus-rounded-1c-60-100-normal.woff2                12.27 kB
build/client/assets/noto-serif-jp-95-900-normal.woff2                    12.27 kB
build/client/assets/noto-sans-jp-93-500-normal.woff                      12.27 kB
build/client/assets/noto-sans-jp-102-500-normal.woff                     12.27 kB
build/client/assets/noto-sans-jp-93-700-normal.woff                      12.27 kB
build/client/assets/noto-sans-jp-97-900-normal.woff                      12.27 kB
build/client/assets/noto-serif-jp-95-700-normal.woff2                    12.28 kB
build/client/assets/m-plus-rounded-1c-37-100-normal.woff2                12.28 kB
build/client/assets/yomogi-3-400-normal.woff2                            12.28 kB
build/client/assets/noto-sans-jp-102-300-normal.woff                     12.28 kB
build/client/assets/m-plus-rounded-1c-101-700-normal.woff2               12.29 kB
build/client/assets/m-plus-rounded-1c-48-300-normal.woff2                12.29 kB
build/client/assets/noto-serif-jp-97-300-normal.woff2                    12.29 kB
build/client/assets/noto-sans-jp-85-100-normal.woff                      12.29 kB
build/client/assets/noto-sans-jp-97-100-normal.woff                      12.29 kB
build/client/assets/noto-sans-jp-102-200-normal.woff                     12.30 kB
build/client/assets/m-plus-rounded-1c-107-400-normal.woff2               12.31 kB
build/client/assets/m-plus-rounded-1c-65-100-normal.woff2                12.31 kB
build/client/assets/m-plus-rounded-1c-111-500-normal.woff2               12.31 kB
build/client/assets/m-plus-rounded-1c-85-100-normal.woff                 12.31 kB
build/client/assets/noto-sans-jp-76-100-normal.woff                      12.31 kB
build/client/assets/noto-sans-jp-97-500-normal.woff                      12.31 kB
build/client/assets/m-plus-rounded-1c-8-300-normal.woff2                 12.32 kB
build/client/assets/m-plus-rounded-1c-29-800-normal.woff2                12.32 kB
build/client/assets/noto-serif-jp-97-400-normal.woff2                    12.32 kB
build/client/assets/yomogi-latin-ext-400-normal.woff2                    12.33 kB
build/client/assets/m-plus-rounded-1c-27-300-normal.woff2                12.33 kB
build/client/assets/m-plus-rounded-1c-75-300-normal.woff2                12.33 kB
build/client/assets/m-plus-rounded-1c-84-300-normal.woff2                12.33 kB
build/client/assets/noto-sans-jp-60-100-normal.woff2                     12.33 kB
build/client/assets/noto-serif-jp-95-800-normal.woff2                    12.33 kB
build/client/assets/noto-sans-jp-97-800-normal.woff                      12.33 kB
build/client/assets/noto-serif-jp-104-400-normal.woff2                   12.34 kB
build/client/assets/noto-sans-jp-93-800-normal.woff                      12.34 kB
build/client/assets/m-plus-rounded-1c-85-400-normal.woff2                12.34 kB
build/client/assets/m-plus-rounded-1c-97-400-normal.woff2                12.34 kB
build/client/assets/m-plus-rounded-1c-71-300-normal.woff2                12.35 kB
build/client/assets/m-plus-rounded-1c-80-300-normal.woff2                12.35 kB
build/client/assets/m-plus-rounded-1c-109-800-normal.woff2               12.35 kB
build/client/assets/m-plus-rounded-1c-9-400-normal.woff2                 12.35 kB
build/client/assets/m-plus-rounded-1c-88-400-normal.woff2                12.35 kB
build/client/assets/m-plus-rounded-1c-93-100-normal.woff                 12.35 kB
build/client/assets/noto-sans-jp-97-600-normal.woff                      12.35 kB
build/client/assets/m-plus-rounded-1c-112-700-normal.woff2               12.36 kB
build/client/assets/noto-serif-jp-102-900-normal.woff2                   12.36 kB
build/client/assets/noto-serif-jp-97-900-normal.woff2                    12.36 kB
build/client/assets/noto-sans-jp-64-400-normal.woff2                     12.36 kB
build/client/assets/noto-serif-jp-108-200-normal.woff2                   12.36 kB
build/client/assets/m-plus-rounded-1c-97-100-normal.woff                 12.36 kB
build/client/assets/m-plus-rounded-1c-28-700-normal.woff2                12.37 kB
build/client/assets/noto-sans-jp-74-100-normal.woff                      12.37 kB
build/client/assets/m-plus-rounded-1c-81-300-normal.woff2                12.37 kB
build/client/assets/noto-serif-jp-86-300-normal.woff2                    12.37 kB
build/client/assets/noto-serif-jp-96-300-normal.woff2                    12.37 kB
build/client/assets/noto-sans-jp-97-400-normal.woff                      12.37 kB
build/client/assets/m-plus-rounded-1c-86-500-normal.woff2                12.38 kB
build/client/assets/m-plus-rounded-1c-95-100-normal.woff                 12.38 kB
build/client/assets/noto-sans-jp-74-900-normal.woff                      12.38 kB
build/client/assets/noto-sans-jp-97-200-normal.woff                      12.38 kB
build/client/assets/m-plus-rounded-1c-30-100-normal.woff2                12.38 kB
build/client/assets/m-plus-rounded-1c-101-800-normal.woff2               12.38 kB
build/client/assets/m-plus-rounded-1c-47-800-normal.woff2                12.39 kB
build/client/assets/noto-serif-jp-74-200-normal.woff2                    12.39 kB
build/client/assets/noto-serif-jp-96-400-normal.woff2                    12.39 kB
build/client/assets/noto-serif-jp-97-500-normal.woff2                    12.39 kB
build/client/assets/m-plus-rounded-1c-6-300-normal.woff                  12.40 kB
build/client/assets/noto-sans-jp-85-900-normal.woff                      12.40 kB
build/client/assets/m-plus-rounded-1c-19-900-normal.woff2                12.40 kB
build/client/assets/m-plus-rounded-1c-19-400-normal.woff2                12.40 kB
build/client/assets/m-plus-rounded-1c-112-800-normal.woff2               12.40 kB
build/client/assets/noto-sans-jp-118-100-normal.woff                     12.40 kB
build/client/assets/noto-sans-jp-88-100-normal.woff                      12.41 kB
build/client/assets/noto-sans-jp-85-300-normal.woff                      12.41 kB
build/client/assets/m-plus-rounded-1c-102-400-normal.woff2               12.41 kB
build/client/assets/m-plus-rounded-1c-104-400-normal.woff2               12.42 kB
build/client/assets/noto-sans-jp-97-700-normal.woff                      12.42 kB
build/client/assets/m-plus-rounded-1c-28-800-normal.woff2                12.42 kB
build/client/assets/m-plus-rounded-1c-88-100-normal.woff                 12.42 kB
build/client/assets/noto-sans-jp-85-200-normal.woff                      12.42 kB
build/client/assets/noto-serif-jp-89-300-normal.woff2                    12.42 kB
build/client/assets/noto-serif-jp-102-700-normal.woff2                   12.42 kB
build/client/assets/noto-sans-jp-88-900-normal.woff                      12.42 kB
build/client/assets/noto-sans-jp-76-200-normal.woff                      12.43 kB
build/client/assets/noto-sans-jp-76-900-normal.woff                      12.44 kB
build/client/assets/m-plus-rounded-1c-97-500-normal.woff2                12.45 kB
build/client/assets/noto-serif-jp-102-800-normal.woff2                   12.45 kB
build/client/assets/m-plus-rounded-1c-86-900-normal.woff2                12.45 kB
build/client/assets/noto-sans-jp-85-400-normal.woff                      12.45 kB
build/client/assets/noto-sans-jp-104-100-normal.woff                     12.45 kB
build/client/assets/noto-sans-jp-74-700-normal.woff                      12.45 kB
build/client/assets/noto-serif-jp-93-300-normal.woff2                    12.46 kB
build/client/assets/noto-sans-jp-97-300-normal.woff                      12.46 kB
build/client/assets/noto-sans-jp-85-600-normal.woff                      12.46 kB
build/client/assets/noto-sans-jp-74-800-normal.woff                      12.46 kB
build/client/assets/noto-sans-jp-76-800-normal.woff                      12.46 kB
build/client/assets/noto-sans-jp-74-200-normal.woff                      12.46 kB
build/client/assets/noto-sans-jp-76-300-normal.woff                      12.46 kB
build/client/assets/m-plus-rounded-1c-98-300-normal.woff2                12.46 kB
build/client/assets/noto-serif-jp-105-300-normal.woff2                   12.46 kB
build/client/assets/m-plus-rounded-1c-76-300-normal.woff2                12.47 kB
build/client/assets/noto-serif-jp-81-300-normal.woff2                    12.47 kB
build/client/assets/noto-serif-jp-104-500-normal.woff2                   12.47 kB
build/client/assets/m-plus-rounded-1c-114-400-normal.woff                12.47 kB
build/client/assets/noto-sans-jp-74-300-normal.woff                      12.47 kB
build/client/assets/noto-sans-jp-104-900-normal.woff                     12.47 kB
build/client/assets/m-plus-rounded-1c-56-100-normal.woff                 12.48 kB
build/client/assets/noto-sans-jp-74-400-normal.woff                      12.48 kB
build/client/assets/noto-serif-jp-85-200-normal.woff2                    12.49 kB
build/client/assets/m-plus-rounded-1c-96-100-normal.woff                 12.49 kB
build/client/assets/noto-serif-jp-104-600-normal.woff2                   12.49 kB
build/client/assets/noto-sans-jp-64-500-normal.woff2                     12.50 kB
build/client/assets/noto-serif-jp-94-200-normal.woff2                    12.50 kB
build/client/assets/m-plus-rounded-1c-89-100-normal.woff                 12.50 kB
build/client/assets/noto-sans-jp-76-700-normal.woff                      12.50 kB
build/client/assets/noto-serif-jp-88-300-normal.woff2                    12.50 kB
build/client/assets/noto-sans-jp-76-400-normal.woff                      12.50 kB
build/client/assets/noto-sans-jp-85-500-normal.woff                      12.50 kB
build/client/assets/noto-sans-jp-85-700-normal.woff                      12.50 kB
build/client/assets/noto-serif-jp-86-400-normal.woff2                    12.50 kB
build/client/assets/noto-sans-jp-76-500-normal.woff                      12.50 kB
build/client/assets/noto-sans-jp-76-600-normal.woff                      12.50 kB
build/client/assets/m-plus-rounded-1c-greek-ext-800-normal.woff          12.51 kB
build/client/assets/noto-sans-jp-74-500-normal.woff                      12.51 kB
build/client/assets/noto-serif-jp-114-200-normal.woff                    12.51 kB
build/client/assets/noto-sans-jp-88-600-normal.woff                      12.51 kB
build/client/assets/m-plus-rounded-1c-92-300-normal.woff2                12.52 kB
build/client/assets/noto-sans-jp-latin-100-normal.woff2                  12.52 kB
build/client/assets/noto-serif-jp-105-400-normal.woff2                   12.52 kB
build/client/assets/m-plus-rounded-1c-63-100-normal.woff                 12.52 kB
build/client/assets/noto-sans-jp-74-600-normal.woff                      12.52 kB
build/client/assets/noto-sans-jp-85-800-normal.woff                      12.52 kB
build/client/assets/yomogi-50-400-normal.woff                            12.52 kB
build/client/assets/noto-serif-jp-89-400-normal.woff2                    12.52 kB
build/client/assets/noto-serif-jp-97-700-normal.woff2                    12.52 kB
build/client/assets/noto-serif-jp-93-400-normal.woff2                    12.53 kB
build/client/assets/noto-sans-jp-88-500-normal.woff                      12.53 kB
build/client/assets/noto-sans-jp-60-200-normal.woff2                     12.54 kB
build/client/assets/noto-sans-jp-64-600-normal.woff2                     12.54 kB
build/client/assets/noto-sans-jp-64-900-normal.woff2                     12.54 kB
build/client/assets/noto-serif-jp-76-200-normal.woff2                    12.54 kB
build/client/assets/noto-serif-jp-97-600-normal.woff2                    12.54 kB
build/client/assets/noto-serif-jp-98-200-normal.woff2                    12.54 kB
build/client/assets/noto-serif-jp-104-700-normal.woff2                   12.54 kB
build/client/assets/noto-sans-jp-88-300-normal.woff                      12.54 kB
build/client/assets/noto-serif-jp-86-500-normal.woff2                    12.55 kB
build/client/assets/noto-serif-jp-81-400-normal.woff2                    12.55 kB
build/client/assets/noto-serif-jp-108-300-normal.woff2                   12.55 kB
build/client/assets/m-plus-rounded-1c-102-100-normal.woff                12.55 kB
build/client/assets/noto-sans-jp-88-700-normal.woff                      12.55 kB
build/client/assets/noto-sans-jp-104-800-normal.woff                     12.55 kB
build/client/assets/m-plus-rounded-1c-103-100-normal.woff                12.56 kB
build/client/assets/noto-sans-jp-104-200-normal.woff                     12.56 kB
build/client/assets/noto-sans-jp-104-500-normal.woff                     12.56 kB
build/client/assets/noto-serif-jp-93-500-normal.woff2                    12.56 kB
build/client/assets/noto-sans-jp-104-300-normal.woff                     12.56 kB
build/client/assets/m-plus-rounded-1c-23-100-normal.woff2                12.56 kB
build/client/assets/m-plus-rounded-1c-10-100-normal.woff2                12.57 kB
build/client/assets/m-plus-rounded-1c-14-100-normal.woff2                12.57 kB
build/client/assets/m-plus-rounded-1c-107-500-normal.woff2               12.57 kB
build/client/assets/noto-sans-jp-89-100-normal.woff                      12.57 kB
build/client/assets/noto-serif-jp-88-400-normal.woff2                    12.58 kB
build/client/assets/noto-sans-jp-104-400-normal.woff                     12.58 kB
build/client/assets/noto-serif-jp-89-500-normal.woff2                    12.58 kB
build/client/assets/m-plus-rounded-1c-74-100-normal.woff                 12.58 kB
build/client/assets/noto-sans-jp-88-800-normal.woff                      12.58 kB
build/client/assets/noto-sans-jp-88-200-normal.woff                      12.59 kB
build/client/assets/noto-sans-jp-88-400-normal.woff                      12.59 kB
build/client/assets/m-plus-rounded-1c-63-400-normal.woff2                12.60 kB
build/client/assets/m-plus-rounded-1c-48-100-normal.woff                 12.60 kB
build/client/assets/noto-serif-jp-97-800-normal.woff2                    12.60 kB
build/client/assets/noto-serif-jp-93-900-normal.woff2                    12.60 kB
build/client/assets/noto-serif-jp-93-600-normal.woff2                    12.60 kB
build/client/assets/noto-sans-jp-104-600-normal.woff                     12.60 kB
build/client/assets/noto-sans-jp-104-700-normal.woff                     12.60 kB
build/client/assets/m-plus-rounded-1c-97-900-normal.woff2                12.61 kB
build/client/assets/m-plus-rounded-1c-113-900-normal.woff                12.61 kB
build/client/assets/m-plus-rounded-1c-89-400-normal.woff2                12.61 kB
build/client/assets/m-plus-rounded-1c-67-300-normal.woff2                12.61 kB
build/client/assets/m-plus-rounded-1c-45-700-normal.woff2                12.61 kB
build/client/assets/noto-sans-jp-60-300-normal.woff2                     12.61 kB
build/client/assets/noto-serif-jp-105-500-normal.woff2                   12.61 kB
build/client/assets/noto-serif-jp-96-900-normal.woff2                    12.61 kB
build/client/assets/noto-sans-jp-89-600-normal.woff                      12.61 kB
build/client/assets/noto-sans-jp-64-700-normal.woff2                     12.62 kB
build/client/assets/noto-serif-jp-80-200-normal.woff2                    12.62 kB
build/client/assets/m-plus-rounded-1c-93-400-normal.woff2                12.62 kB
build/client/assets/noto-sans-jp-118-200-normal.woff                     12.62 kB
build/client/assets/noto-sans-jp-64-800-normal.woff2                     12.63 kB
build/client/assets/noto-sans-jp-83-900-normal.woff                      12.63 kB
build/client/assets/m-plus-rounded-1c-12-500-normal.woff2                12.64 kB
build/client/assets/noto-serif-jp-83-200-normal.woff2                    12.64 kB
build/client/assets/noto-serif-jp-86-600-normal.woff2                    12.64 kB
build/client/assets/noto-serif-jp-89-600-normal.woff2                    12.64 kB
build/client/assets/noto-sans-jp-89-200-normal.woff                      12.64 kB
build/client/assets/noto-sans-jp-89-900-normal.woff                      12.64 kB
build/client/assets/noto-serif-jp-108-400-normal.woff2                   12.64 kB
build/client/assets/noto-serif-jp-96-500-normal.woff2                    12.64 kB
build/client/assets/noto-sans-jp-89-300-normal.woff                      12.64 kB
build/client/assets/noto-serif-jp-104-900-normal.woff2                   12.64 kB
build/client/assets/m-plus-rounded-1c-19-500-normal.woff2                12.65 kB
build/client/assets/noto-serif-jp-63-200-normal.woff2                    12.65 kB
build/client/assets/m-plus-rounded-1c-113-400-normal.woff                12.65 kB
build/client/assets/m-plus-rounded-1c-105-100-normal.woff                12.65 kB
build/client/assets/noto-sans-jp-89-500-normal.woff                      12.65 kB
build/client/assets/m-plus-rounded-1c-105-400-normal.woff2               12.65 kB
build/client/assets/noto-serif-jp-81-500-normal.woff2                    12.65 kB
build/client/assets/noto-serif-jp-105-600-normal.woff2                   12.66 kB
build/client/assets/noto-serif-jp-96-700-normal.woff2                    12.66 kB
build/client/assets/noto-sans-jp-83-500-normal.woff                      12.66 kB
build/client/assets/yomogi-59-400-normal.woff                            12.66 kB
build/client/assets/m-plus-rounded-1c-cyrillic-ext-100-normal.woff       12.66 kB
build/client/assets/noto-serif-jp-105-900-normal.woff2                   12.66 kB
build/client/assets/noto-sans-jp-94-900-normal.woff                      12.67 kB
build/client/assets/m-plus-rounded-1c-26-100-normal.woff2                12.67 kB
build/client/assets/noto-serif-jp-91-200-normal.woff2                    12.67 kB
build/client/assets/m-plus-rounded-1c-34-100-normal.woff2                12.68 kB
build/client/assets/m-plus-rounded-1c-66-100-normal.woff                 12.68 kB
build/client/assets/noto-serif-jp-86-700-normal.woff2                    12.68 kB
build/client/assets/noto-sans-jp-89-400-normal.woff                      12.68 kB
build/client/assets/noto-sans-jp-118-900-normal.woff                     12.68 kB
build/client/assets/m-plus-rounded-1c-12-400-normal.woff2                12.68 kB
build/client/assets/noto-serif-jp-90-200-normal.woff2                    12.68 kB
build/client/assets/m-plus-rounded-1c-91-300-normal.woff2                12.69 kB
build/client/assets/noto-serif-jp-88-500-normal.woff2                    12.69 kB
build/client/assets/m-plus-rounded-1c-75-100-normal.woff                 12.69 kB
build/client/assets/noto-serif-jp-104-800-normal.woff2                   12.69 kB
build/client/assets/noto-serif-jp-89-900-normal.woff2                    12.69 kB
build/client/assets/noto-sans-jp-66-900-normal.woff                      12.69 kB
build/client/assets/m-plus-rounded-1c-42-100-normal.woff                 12.69 kB
build/client/assets/noto-serif-jp-93-700-normal.woff2                    12.69 kB
build/client/assets/noto-serif-jp-86-900-normal.woff2                    12.69 kB
build/client/assets/yomogi-95-400-normal.woff2                           12.69 kB
build/client/assets/m-plus-rounded-1c-27-100-normal.woff                 12.70 kB
build/client/assets/noto-sans-jp-83-600-normal.woff                      12.70 kB
build/client/assets/m-plus-rounded-1c-64-100-normal.woff2                12.70 kB
build/client/assets/m-plus-rounded-1c-85-500-normal.woff2                12.70 kB
build/client/assets/m-plus-rounded-1c-45-800-normal.woff2                12.70 kB
build/client/assets/noto-sans-jp-89-800-normal.woff                      12.70 kB
build/client/assets/m-plus-rounded-1c-7-100-normal.woff                  12.71 kB
build/client/assets/noto-sans-jp-83-100-normal.woff                      12.71 kB
build/client/assets/noto-serif-jp-88-600-normal.woff2                    12.72 kB
build/client/assets/noto-sans-jp-83-300-normal.woff                      12.72 kB
build/client/assets/noto-sans-jp-83-800-normal.woff                      12.72 kB
build/client/assets/noto-sans-jp-94-800-normal.woff                      12.72 kB
build/client/assets/noto-serif-jp-74-300-normal.woff2                    12.72 kB
build/client/assets/m-plus-rounded-1c-84-100-normal.woff                 12.72 kB
build/client/assets/noto-sans-jp-94-700-normal.woff                      12.72 kB
build/client/assets/m-plus-rounded-1c-33-400-normal.woff2                12.72 kB
build/client/assets/m-plus-rounded-1c-113-500-normal.woff                12.72 kB
build/client/assets/noto-sans-jp-66-100-normal.woff                      12.72 kB
build/client/assets/noto-sans-jp-89-700-normal.woff                      12.72 kB
build/client/assets/m-plus-rounded-1c-111-900-normal.woff2               12.73 kB
build/client/assets/noto-serif-jp-81-700-normal.woff2                    12.73 kB
build/client/assets/m-plus-rounded-1c-114-900-normal.woff                12.73 kB
build/client/assets/m-plus-rounded-1c-71-400-normal.woff2                12.73 kB
build/client/assets/noto-serif-jp-108-500-normal.woff2                   12.73 kB
build/client/assets/noto-sans-jp-118-400-normal.woff                     12.73 kB
build/client/assets/m-plus-rounded-1c-93-500-normal.woff2                12.74 kB
build/client/assets/noto-serif-jp-96-600-normal.woff2                    12.74 kB
build/client/assets/m-plus-rounded-1c-114-500-normal.woff                12.74 kB
build/client/assets/m-plus-rounded-1c-88-500-normal.woff2                12.74 kB
build/client/assets/noto-serif-jp-93-800-normal.woff2                    12.74 kB
build/client/assets/noto-sans-jp-83-400-normal.woff                      12.74 kB
build/client/assets/noto-sans-jp-83-700-normal.woff                      12.74 kB
build/client/assets/m-plus-rounded-1c-74-400-normal.woff2                12.74 kB
build/client/assets/m-plus-rounded-1c-88-900-normal.woff2                12.74 kB
build/client/assets/noto-serif-jp-74-400-normal.woff2                    12.74 kB
build/client/assets/noto-sans-jp-118-500-normal.woff                     12.74 kB
build/client/assets/noto-serif-jp-81-600-normal.woff2                    12.75 kB
build/client/assets/m-plus-rounded-1c-71-100-normal.woff                 12.75 kB
build/client/assets/noto-serif-jp-89-700-normal.woff2                    12.75 kB
build/client/assets/noto-sans-jp-83-200-normal.woff                      12.75 kB
build/client/assets/m-plus-rounded-1c-90-300-normal.woff2                12.76 kB
build/client/assets/noto-serif-jp-105-700-normal.woff2                   12.76 kB
build/client/assets/m-plus-rounded-1c-96-400-normal.woff2                12.76 kB
build/client/assets/m-plus-rounded-1c-118-900-normal.woff2               12.76 kB
build/client/assets/noto-sans-jp-66-400-normal.woff                      12.76 kB
build/client/assets/noto-serif-jp-76-300-normal.woff2                    12.76 kB
build/client/assets/noto-serif-jp-88-900-normal.woff2                    12.76 kB
build/client/assets/m-plus-rounded-1c-102-500-normal.woff2               12.77 kB
build/client/assets/noto-serif-jp-98-300-normal.woff2                    12.77 kB
build/client/assets/m-plus-rounded-1c-80-100-normal.woff                 12.77 kB
build/client/assets/noto-serif-jp-81-900-normal.woff2                    12.77 kB
build/client/assets/noto-sans-jp-108-600-normal.woff                     12.77 kB
build/client/assets/m-plus-rounded-1c-48-400-normal.woff2                12.77 kB
build/client/assets/noto-sans-jp-58-100-normal.woff2                     12.77 kB
build/client/assets/noto-sans-jp-66-600-normal.woff                      12.77 kB
build/client/assets/noto-sans-jp-108-700-normal.woff                     12.77 kB
build/client/assets/noto-sans-jp-108-800-normal.woff                     12.77 kB
build/client/assets/m-plus-rounded-1c-44-300-normal.woff2                12.78 kB
build/client/assets/m-plus-rounded-1c-115-300-normal.woff                12.78 kB
build/client/assets/noto-sans-jp-94-100-normal.woff                      12.78 kB
build/client/assets/noto-sans-jp-118-300-normal.woff                     12.78 kB
build/client/assets/noto-sans-jp-94-400-normal.woff                      12.78 kB
build/client/assets/noto-sans-jp-66-500-normal.woff                      12.78 kB
build/client/assets/m-plus-rounded-1c-116-300-normal.woff                12.78 kB
build/client/assets/noto-serif-jp-86-800-normal.woff2                    12.78 kB
build/client/assets/noto-serif-jp-96-800-normal.woff2                    12.78 kB
build/client/assets/noto-sans-jp-108-100-normal.woff                     12.79 kB
build/client/assets/noto-sans-jp-108-900-normal.woff                     12.79 kB
build/client/assets/m-plus-rounded-1c-9-500-normal.woff2                 12.79 kB
build/client/assets/m-plus-rounded-1c-43-100-normal.woff                 12.79 kB
build/client/assets/noto-serif-jp-105-800-normal.woff2                   12.79 kB
build/client/assets/noto-sans-jp-94-500-normal.woff                      12.80 kB
build/client/assets/noto-sans-jp-118-700-normal.woff                     12.80 kB
build/client/assets/noto-serif-jp-114-300-normal.woff                    12.80 kB
build/client/assets/m-plus-rounded-1c-108-300-normal.woff2               12.80 kB
build/client/assets/noto-sans-jp-66-300-normal.woff                      12.80 kB
build/client/assets/noto-sans-jp-94-600-normal.woff                      12.80 kB
build/client/assets/m-plus-rounded-1c-21-100-normal.woff2                12.80 kB
build/client/assets/noto-serif-jp-94-400-normal.woff2                    12.80 kB
build/client/assets/m-plus-rounded-1c-104-100-normal.woff                12.80 kB
build/client/assets/noto-sans-jp-94-200-normal.woff                      12.81 kB
build/client/assets/m-plus-rounded-1c-86-700-normal.woff2                12.81 kB
build/client/assets/noto-serif-jp-80-300-normal.woff2                    12.81 kB
build/client/assets/noto-sans-jp-118-800-normal.woff                     12.81 kB
build/client/assets/noto-serif-jp-108-600-normal.woff2                   12.82 kB
build/client/assets/noto-sans-jp-63-900-normal.woff                      12.82 kB
build/client/assets/m-plus-rounded-1c-84-400-normal.woff2                12.82 kB
build/client/assets/noto-serif-jp-94-300-normal.woff2                    12.82 kB
build/client/assets/noto-sans-jp-118-600-normal.woff                     12.82 kB
build/client/assets/noto-sans-jp-66-700-normal.woff                      12.82 kB
build/client/assets/noto-sans-jp-63-700-normal.woff                      12.82 kB
build/client/assets/noto-sans-jp-66-800-normal.woff                      12.82 kB
build/client/assets/noto-sans-jp-67-900-normal.woff                      12.82 kB
build/client/assets/m-plus-rounded-1c-6-900-normal.woff                  12.82 kB
build/client/assets/noto-sans-jp-66-200-normal.woff                      12.82 kB
build/client/assets/noto-serif-jp-108-700-normal.woff2                   12.83 kB
build/client/assets/noto-sans-jp-108-500-normal.woff                     12.83 kB
build/client/assets/m-plus-rounded-1c-46-300-normal.woff2                12.83 kB
build/client/assets/noto-sans-jp-60-400-normal.woff2                     12.83 kB
build/client/assets/noto-sans-jp-latin-900-normal.woff2                  12.83 kB
build/client/assets/noto-serif-jp-76-400-normal.woff2                    12.83 kB
build/client/assets/m-plus-rounded-1c-9-900-normal.woff2                 12.84 kB
build/client/assets/m-plus-rounded-1c-81-100-normal.woff                 12.84 kB
build/client/assets/noto-sans-jp-94-300-normal.woff                      12.84 kB
build/client/assets/m-plus-rounded-1c-94-300-normal.woff2                12.84 kB
build/client/assets/m-plus-rounded-1c-107-900-normal.woff2               12.84 kB
build/client/assets/noto-serif-jp-98-400-normal.woff2                    12.84 kB
build/client/assets/m-plus-rounded-1c-118-300-normal.woff2               12.84 kB
build/client/assets/noto-serif-jp-108-900-normal.woff2                   12.84 kB
build/client/assets/noto-sans-jp-108-200-normal.woff                     12.84 kB
build/client/assets/noto-sans-jp-108-400-normal.woff                     12.85 kB
build/client/assets/m-plus-rounded-1c-95-500-normal.woff2                12.85 kB
build/client/assets/noto-serif-jp-83-300-normal.woff2                    12.85 kB
build/client/assets/noto-serif-jp-81-800-normal.woff2                    12.85 kB
build/client/assets/noto-serif-jp-89-800-normal.woff2                    12.85 kB
build/client/assets/noto-sans-jp-80-100-normal.woff                      12.86 kB
build/client/assets/m-plus-rounded-1c-80-400-normal.woff2                12.86 kB
build/client/assets/m-plus-rounded-1c-103-400-normal.woff2               12.86 kB
build/client/assets/noto-sans-jp-63-800-normal.woff                      12.86 kB
build/client/assets/m-plus-rounded-1c-92-400-normal.woff2                12.86 kB
build/client/assets/yomogi-63-400-normal.woff2                           12.86 kB
build/client/assets/noto-sans-jp-67-100-normal.woff                      12.86 kB
build/client/assets/noto-sans-jp-108-300-normal.woff                     12.86 kB
build/client/assets/m-plus-rounded-1c-33-500-normal.woff2                12.87 kB
build/client/assets/noto-serif-jp-74-500-normal.woff2                    12.87 kB
build/client/assets/noto-serif-jp-74-900-normal.woff2                    12.87 kB
build/client/assets/m-plus-rounded-1c-11-400-normal.woff2                12.87 kB
build/client/assets/m-plus-rounded-1c-42-400-normal.woff2                12.87 kB
build/client/assets/m-plus-rounded-1c-82-300-normal.woff2                12.87 kB
build/client/assets/noto-sans-jp-67-400-normal.woff                      12.87 kB
build/client/assets/noto-sans-jp-67-800-normal.woff                      12.87 kB
build/client/assets/m-plus-rounded-1c-15-100-normal.woff2                12.88 kB
build/client/assets/noto-serif-jp-88-700-normal.woff2                    12.88 kB
build/client/assets/noto-serif-jp-76-500-normal.woff2                    12.88 kB
build/client/assets/m-plus-rounded-1c-97-700-normal.woff2                12.88 kB
build/client/assets/noto-serif-jp-80-400-normal.woff2                    12.88 kB
build/client/assets/m-plus-rounded-1c-98-100-normal.woff                 12.88 kB
build/client/assets/m-plus-rounded-1c-104-500-normal.woff2               12.89 kB
build/client/assets/noto-serif-jp-108-800-normal.woff2                   12.89 kB
build/client/assets/noto-serif-jp-114-400-normal.woff                    12.89 kB
build/client/assets/noto-serif-jp-59-200-normal.woff2                    12.89 kB
build/client/assets/m-plus-rounded-1c-42-900-normal.woff2                12.90 kB
build/client/assets/noto-sans-jp-63-100-normal.woff                      12.90 kB
build/client/assets/noto-sans-jp-67-700-normal.woff                      12.90 kB
build/client/assets/m-plus-rounded-1c-66-400-normal.woff2                12.90 kB
build/client/assets/m-plus-rounded-1c-62-300-normal.woff2                12.90 kB
build/client/assets/m-plus-rounded-1c-83-300-normal.woff2                12.90 kB
build/client/assets/noto-sans-jp-67-200-normal.woff                      12.90 kB
build/client/assets/noto-sans-jp-63-500-normal.woff                      12.90 kB
build/client/assets/noto-sans-jp-91-100-normal.woff                      12.90 kB
build/client/assets/noto-sans-jp-67-300-normal.woff                      12.91 kB
build/client/assets/noto-sans-jp-90-900-normal.woff                      12.91 kB
build/client/assets/m-plus-rounded-1c-86-800-normal.woff2                12.91 kB
build/client/assets/noto-serif-jp-88-800-normal.woff2                    12.92 kB
build/client/assets/noto-sans-jp-63-600-normal.woff                      12.92 kB
build/client/assets/noto-sans-jp-98-600-normal.woff                      12.92 kB
build/client/assets/noto-serif-jp-114-500-normal.woff                    12.92 kB
build/client/assets/noto-sans-jp-latin-200-normal.woff2                  12.93 kB
build/client/assets/m-plus-rounded-1c-12-900-normal.woff2                12.93 kB
build/client/assets/m-plus-rounded-1c-66-900-normal.woff2                12.93 kB
build/client/assets/noto-serif-jp-74-600-normal.woff2                    12.93 kB
build/client/assets/noto-serif-jp-85-300-normal.woff2                    12.94 kB
build/client/assets/noto-serif-jp-90-300-normal.woff2                    12.94 kB
build/client/assets/noto-sans-jp-67-600-normal.woff                      12.94 kB
build/client/assets/noto-serif-jp-113-200-normal.woff                    12.94 kB
build/client/assets/m-plus-rounded-1c-89-500-normal.woff2                12.94 kB
build/client/assets/m-plus-rounded-1c-111-700-normal.woff2               12.94 kB
build/client/assets/noto-serif-jp-83-400-normal.woff2                    12.94 kB
build/client/assets/m-plus-rounded-1c-98-400-normal.woff2                12.94 kB
build/client/assets/m-plus-rounded-1c-95-900-normal.woff2                12.94 kB
build/client/assets/m-plus-rounded-1c-29-300-normal.woff                 12.94 kB
build/client/assets/m-plus-rounded-1c-85-900-normal.woff2                12.95 kB
build/client/assets/noto-serif-jp-63-300-normal.woff2                    12.95 kB
build/client/assets/noto-sans-jp-91-900-normal.woff                      12.95 kB
build/client/assets/m-plus-rounded-1c-8-400-normal.woff2                 12.96 kB
build/client/assets/m-plus-rounded-1c-7-300-normal.woff2                 12.96 kB
build/client/assets/noto-sans-jp-60-900-normal.woff2                     12.96 kB
build/client/assets/noto-sans-jp-63-400-normal.woff                      12.96 kB
build/client/assets/noto-serif-jp-94-600-normal.woff2                    12.96 kB
build/client/assets/noto-sans-jp-98-100-normal.woff                      12.96 kB
build/client/assets/m-plus-rounded-1c-118-500-normal.woff2               12.96 kB
build/client/assets/noto-sans-jp-67-500-normal.woff                      12.96 kB
build/client/assets/m-plus-rounded-1c-48-500-normal.woff2                12.97 kB
build/client/assets/m-plus-rounded-1c-97-800-normal.woff2                12.97 kB
build/client/assets/noto-serif-jp-98-500-normal.woff2                    12.97 kB
build/client/assets/noto-sans-jp-98-400-normal.woff                      12.97 kB
build/client/assets/noto-sans-jp-63-300-normal.woff                      12.97 kB
build/client/assets/noto-serif-jp-94-500-normal.woff2                    12.98 kB
build/client/assets/noto-serif-jp-74-700-normal.woff2                    12.98 kB
build/client/assets/m-plus-rounded-1c-27-400-normal.woff2                12.98 kB
build/client/assets/noto-sans-jp-90-800-normal.woff                      12.98 kB
build/client/assets/noto-sans-jp-63-200-normal.woff                      12.98 kB
build/client/assets/noto-serif-jp-114-600-normal.woff                    12.98 kB
build/client/assets/m-plus-rounded-1c-118-400-normal.woff2               12.99 kB
build/client/assets/noto-serif-jp-90-400-normal.woff2                    12.99 kB
build/client/assets/noto-serif-jp-84-200-normal.woff2                    12.99 kB
build/client/assets/noto-sans-jp-80-200-normal.woff                      12.99 kB
build/client/assets/noto-sans-jp-60-600-normal.woff2                     12.99 kB
build/client/assets/noto-sans-jp-90-600-normal.woff                      12.99 kB
build/client/assets/m-plus-rounded-1c-19-700-normal.woff2                13.00 kB
build/client/assets/noto-serif-jp-98-600-normal.woff2                    13.00 kB
build/client/assets/m-plus-rounded-1c-76-100-normal.woff                 13.00 kB
build/client/assets/noto-sans-jp-80-300-normal.woff                      13.00 kB
build/client/assets/yomogi-58-400-normal.woff                            13.00 kB
build/client/assets/noto-sans-jp-60-500-normal.woff2                     13.00 kB
build/client/assets/noto-sans-jp-60-700-normal.woff2                     13.00 kB
build/client/assets/noto-serif-jp-87-200-normal.woff2                    13.00 kB
build/client/assets/noto-serif-jp-74-800-normal.woff2                    13.00 kB
build/client/assets/m-plus-rounded-1c-96-500-normal.woff2                13.00 kB
build/client/assets/m-plus-rounded-1c-92-100-normal.woff                 13.00 kB
build/client/assets/noto-serif-jp-80-500-normal.woff2                    13.01 kB
build/client/assets/m-plus-rounded-1c-114-800-normal.woff                13.01 kB
build/client/assets/noto-sans-jp-80-500-normal.woff                      13.01 kB
build/client/assets/noto-sans-jp-60-800-normal.woff2                     13.02 kB
build/client/assets/noto-sans-jp-80-400-normal.woff                      13.02 kB
build/client/assets/noto-sans-jp-90-700-normal.woff                      13.02 kB
build/client/assets/noto-sans-jp-77-900-normal.woff                      13.02 kB
build/client/assets/noto-serif-jp-63-400-normal.woff2                    13.02 kB
build/client/assets/noto-sans-jp-98-300-normal.woff                      13.02 kB
build/client/assets/noto-sans-jp-98-500-normal.woff                      13.02 kB
build/client/assets/m-plus-rounded-1c-48-900-normal.woff2                13.03 kB
build/client/assets/m-plus-rounded-1c-6-400-normal.woff                  13.03 kB
build/client/assets/noto-serif-jp-98-700-normal.woff2                    13.03 kB
build/client/assets/m-plus-rounded-1c-114-700-normal.woff                13.03 kB
build/client/assets/noto-sans-jp-82-100-normal.woff                      13.03 kB
build/client/assets/m-plus-rounded-1c-111-800-normal.woff2               13.03 kB
build/client/assets/yomogi-114-400-normal.woff2                          13.03 kB
build/client/assets/noto-sans-jp-98-200-normal.woff                      13.03 kB
build/client/assets/noto-sans-jp-latin-300-normal.woff2                  13.04 kB
build/client/assets/m-plus-rounded-1c-16-300-normal.woff2                13.04 kB
build/client/assets/noto-serif-jp-63-900-normal.woff2                    13.04 kB
build/client/assets/noto-sans-jp-75-100-normal.woff                      13.04 kB
build/client/assets/noto-sans-jp-90-400-normal.woff                      13.04 kB
build/client/assets/noto-serif-jp-76-600-normal.woff2                    13.05 kB
build/client/assets/noto-sans-jp-75-800-normal.woff                      13.05 kB
build/client/assets/m-plus-rounded-1c-81-400-normal.woff2                13.05 kB
build/client/assets/noto-serif-jp-85-400-normal.woff2                    13.05 kB
build/client/assets/noto-sans-jp-98-700-normal.woff                      13.05 kB
build/client/assets/m-plus-rounded-1c-11-500-normal.woff2                13.06 kB
build/client/assets/yomogi-86-400-normal.woff2                           13.06 kB
build/client/assets/noto-sans-jp-90-500-normal.woff                      13.06 kB
build/client/assets/noto-sans-jp-80-600-normal.woff                      13.06 kB
build/client/assets/noto-sans-jp-75-900-normal.woff                      13.06 kB
build/client/assets/m-plus-rounded-1c-39-100-normal.woff2                13.06 kB
build/client/assets/m-plus-rounded-1c-93-900-normal.woff2                13.06 kB
build/client/assets/m-plus-rounded-1c-110-300-normal.woff                13.06 kB
build/client/assets/m-plus-rounded-1c-66-500-normal.woff2                13.06 kB
build/client/assets/m-plus-rounded-1c-91-100-normal.woff                 13.06 kB
build/client/assets/yomogi-101-400-normal.woff2                          13.06 kB
build/client/assets/noto-sans-jp-91-700-normal.woff                      13.06 kB
build/client/assets/noto-sans-jp-98-900-normal.woff                      13.06 kB
build/client/assets/noto-serif-jp-114-900-normal.woff                    13.06 kB
build/client/assets/noto-serif-jp-118-200-normal.woff2                   13.07 kB
build/client/assets/noto-serif-jp-94-900-normal.woff2                    13.07 kB
build/client/assets/noto-sans-jp-80-700-normal.woff                      13.07 kB
build/client/assets/m-plus-rounded-1c-33-300-normal.woff2                13.07 kB
build/client/assets/noto-sans-jp-latin-400-normal.woff2                  13.07 kB
build/client/assets/noto-serif-jp-98-900-normal.woff2                    13.07 kB
build/client/assets/noto-sans-jp-75-400-normal.woff                      13.08 kB
build/client/assets/noto-sans-jp-75-200-normal.woff                      13.08 kB
build/client/assets/noto-sans-jp-91-800-normal.woff                      13.08 kB
build/client/assets/noto-sans-jp-98-800-normal.woff                      13.08 kB
build/client/assets/noto-serif-jp-114-700-normal.woff                    13.08 kB
build/client/assets/m-plus-rounded-1c-76-400-normal.woff2                13.08 kB
build/client/assets/noto-sans-jp-latin-700-normal.woff2                  13.08 kB
build/client/assets/noto-serif-jp-83-500-normal.woff2                    13.08 kB
build/client/assets/noto-sans-jp-91-600-normal.woff                      13.08 kB
build/client/assets/noto-sans-jp-80-800-normal.woff                      13.08 kB
build/client/assets/noto-sans-jp-80-900-normal.woff                      13.08 kB
build/client/assets/m-plus-rounded-1c-43-300-normal.woff2                13.08 kB
build/client/assets/m-plus-rounded-1c-70-300-normal.woff2                13.09 kB
build/client/assets/noto-sans-jp-91-200-normal.woff                      13.09 kB
build/client/assets/noto-sans-jp-82-300-normal.woff                      13.09 kB
build/client/assets/noto-sans-jp-91-300-normal.woff                      13.09 kB
build/client/assets/noto-sans-jp-91-500-normal.woff                      13.09 kB
build/client/assets/noto-sans-jp-82-600-normal.woff                      13.09 kB
build/client/assets/m-plus-rounded-1c-8-500-normal.woff2                 13.09 kB
build/client/assets/noto-sans-jp-latin-500-normal.woff2                  13.09 kB
build/client/assets/noto-serif-jp-76-700-normal.woff2                    13.09 kB
build/client/assets/noto-serif-jp-59-900-normal.woff2                    13.09 kB
build/client/assets/m-plus-rounded-1c-63-900-normal.woff2                13.10 kB
build/client/assets/noto-serif-jp-76-900-normal.woff2                    13.10 kB
build/client/assets/yomogi-85-400-normal.woff2                           13.10 kB
build/client/assets/noto-sans-jp-75-600-normal.woff                      13.10 kB
build/client/assets/noto-serif-jp-63-500-normal.woff2                    13.10 kB
build/client/assets/m-plus-rounded-1c-63-500-normal.woff2                13.10 kB
build/client/assets/m-plus-rounded-1c-33-900-normal.woff2                13.10 kB
build/client/assets/noto-serif-jp-94-700-normal.woff2                    13.10 kB
build/client/assets/noto-sans-jp-87-100-normal.woff                      13.10 kB
build/client/assets/noto-sans-jp-92-100-normal.woff                      13.10 kB
build/client/assets/m-plus-rounded-1c-49-300-normal.woff2                13.11 kB
build/client/assets/m-plus-rounded-1c-42-500-normal.woff2                13.11 kB
build/client/assets/m-plus-rounded-1c-71-500-normal.woff2                13.11 kB
build/client/assets/m-plus-rounded-1c-105-500-normal.woff2               13.11 kB
build/client/assets/noto-serif-jp-82-200-normal.woff2                    13.11 kB
build/client/assets/m-plus-rounded-1c-109-300-normal.woff                13.11 kB
build/client/assets/noto-serif-jp-98-800-normal.woff2                    13.11 kB
build/client/assets/yomogi-76-400-normal.woff2                           13.11 kB
build/client/assets/noto-sans-jp-90-100-normal.woff                      13.11 kB
build/client/assets/noto-sans-jp-75-700-normal.woff                      13.11 kB
build/client/assets/noto-serif-jp-92-200-normal.woff2                    13.11 kB
build/client/assets/noto-serif-jp-94-800-normal.woff2                    13.11 kB
build/client/assets/m-plus-rounded-1c-113-800-normal.woff                13.11 kB
build/client/assets/noto-sans-jp-90-200-normal.woff                      13.11 kB
build/client/assets/noto-sans-jp-75-300-normal.woff                      13.11 kB
build/client/assets/m-plus-rounded-1c-47-300-normal.woff                 13.12 kB
build/client/assets/noto-sans-jp-75-500-normal.woff                      13.12 kB
build/client/assets/noto-serif-jp-80-600-normal.woff2                    13.12 kB
build/client/assets/noto-serif-jp-63-600-normal.woff2                    13.12 kB
build/client/assets/m-plus-rounded-1c-36-100-normal.woff                 13.12 kB
build/client/assets/noto-serif-jp-90-500-normal.woff2                    13.13 kB
build/client/assets/noto-sans-jp-91-400-normal.woff                      13.13 kB
build/client/assets/noto-sans-jp-90-300-normal.woff                      13.13 kB
build/client/assets/noto-sans-jp-latin-600-normal.woff2                  13.13 kB
build/client/assets/noto-sans-jp-latin-800-normal.woff2                  13.14 kB
build/client/assets/noto-serif-jp-76-800-normal.woff2                    13.14 kB
build/client/assets/noto-sans-jp-82-200-normal.woff                      13.14 kB
build/client/assets/yomogi-93-400-normal.woff2                           13.14 kB
build/client/assets/noto-sans-jp-82-500-normal.woff                      13.14 kB
build/client/assets/m-plus-rounded-1c-49-100-normal.woff                 13.14 kB
build/client/assets/noto-sans-jp-82-400-normal.woff                      13.14 kB
build/client/assets/noto-serif-jp-114-800-normal.woff                    13.14 kB
build/client/assets/m-plus-rounded-1c-31-100-normal.woff                 13.15 kB
build/client/assets/m-plus-rounded-1c-6-500-normal.woff                  13.15 kB
build/client/assets/m-plus-rounded-1c-103-500-normal.woff2               13.16 kB
build/client/assets/noto-serif-jp-83-600-normal.woff2                    13.16 kB
build/client/assets/m-plus-rounded-1c-8-900-normal.woff2                 13.16 kB
build/client/assets/m-plus-rounded-1c-96-900-normal.woff2                13.16 kB
build/client/assets/noto-serif-jp-67-200-normal.woff2                    13.16 kB
build/client/assets/m-plus-rounded-1c-75-400-normal.woff2                13.17 kB
build/client/assets/m-plus-rounded-1c-95-700-normal.woff2                13.18 kB
build/client/assets/m-plus-rounded-1c-107-800-normal.woff2               13.18 kB
build/client/assets/noto-serif-jp-91-300-normal.woff2                    13.18 kB
build/client/assets/noto-serif-jp-83-900-normal.woff2                    13.18 kB
build/client/assets/m-plus-rounded-1c-113-700-normal.woff                13.18 kB
build/client/assets/m-plus-rounded-1c-92-500-normal.woff2                13.18 kB
build/client/assets/m-plus-rounded-1c-102-900-normal.woff2               13.18 kB
build/client/assets/noto-serif-jp-90-600-normal.woff2                    13.18 kB
build/client/assets/m-plus-rounded-1c-44-100-normal.woff                 13.18 kB
build/client/assets/m-plus-rounded-1c-85-700-normal.woff2                13.18 kB
build/client/assets/m-plus-rounded-1c-36-300-normal.woff2                13.19 kB
build/client/assets/m-plus-rounded-1c-90-100-normal.woff                 13.19 kB
build/client/assets/noto-serif-jp-83-700-normal.woff2                    13.19 kB
build/client/assets/noto-sans-jp-92-200-normal.woff                      13.19 kB
build/client/assets/m-plus-rounded-1c-118-800-normal.woff2               13.19 kB
build/client/assets/m-plus-rounded-1c-27-900-normal.woff2                13.19 kB
build/client/assets/noto-sans-jp-82-700-normal.woff                      13.19 kB
build/client/assets/m-plus-rounded-1c-92-900-normal.woff2                13.20 kB
build/client/assets/noto-serif-jp-66-200-normal.woff2                    13.20 kB
build/client/assets/noto-serif-jp-80-800-normal.woff2                    13.20 kB
build/client/assets/m-plus-rounded-1c-19-800-normal.woff2                13.20 kB
build/client/assets/m-plus-rounded-1c-88-800-normal.woff2                13.20 kB
build/client/assets/m-plus-rounded-1c-105-900-normal.woff2               13.20 kB
build/client/assets/noto-serif-jp-113-300-normal.woff                    13.20 kB
build/client/assets/noto-serif-jp-109-200-normal.woff                    13.20 kB
build/client/assets/noto-serif-jp-59-500-normal.woff2                    13.20 kB
build/client/assets/noto-serif-jp-80-700-normal.woff2                    13.20 kB
build/client/assets/noto-sans-jp-77-800-normal.woff                      13.20 kB
build/client/assets/m-plus-rounded-1c-84-500-normal.woff2                13.21 kB
build/client/assets/m-plus-rounded-1c-94-100-normal.woff                 13.21 kB
build/client/assets/noto-sans-jp-92-300-normal.woff                      13.21 kB
build/client/assets/noto-sans-jp-84-900-normal.woff                      13.21 kB
build/client/assets/m-plus-rounded-1c-107-700-normal.woff2               13.21 kB
build/client/assets/noto-serif-jp-85-500-normal.woff2                    13.21 kB
build/client/assets/m-plus-rounded-1c-115-400-normal.woff                13.21 kB
build/client/assets/m-plus-rounded-1c-81-500-normal.woff2                13.22 kB
build/client/assets/noto-serif-jp-80-900-normal.woff2                    13.22 kB
build/client/assets/m-plus-rounded-1c-81-900-normal.woff2                13.22 kB
build/client/assets/m-plus-rounded-1c-104-900-normal.woff2               13.22 kB
build/client/assets/noto-serif-jp-63-700-normal.woff2                    13.23 kB
build/client/assets/m-plus-rounded-1c-87-300-normal.woff2                13.23 kB
build/client/assets/m-plus-rounded-1c-106-300-normal.woff2               13.24 kB
build/client/assets/m-plus-rounded-1c-74-500-normal.woff2                13.24 kB
build/client/assets/noto-sans-jp-58-900-normal.woff2                     13.24 kB
build/client/assets/m-plus-rounded-1c-67-400-normal.woff2                13.24 kB
build/client/assets/noto-sans-jp-84-800-normal.woff                      13.25 kB
build/client/assets/noto-sans-jp-82-900-normal.woff                      13.25 kB
build/client/assets/m-plus-rounded-1c-100-300-normal.woff2               13.25 kB
build/client/assets/noto-serif-jp-90-700-normal.woff2                    13.25 kB
build/client/assets/noto-serif-jp-90-900-normal.woff2                    13.25 kB
build/client/assets/noto-sans-jp-84-500-normal.woff                      13.25 kB
build/client/assets/noto-sans-jp-84-700-normal.woff                      13.25 kB
build/client/assets/noto-serif-jp-113-400-normal.woff                    13.25 kB
build/client/assets/m-plus-rounded-1c-99-300-normal.woff2                13.26 kB
build/client/assets/noto-sans-jp-99-900-normal.woff                      13.26 kB
build/client/assets/m-plus-rounded-1c-74-900-normal.woff2                13.26 kB
build/client/assets/m-plus-rounded-1c-116-400-normal.woff                13.26 kB
build/client/assets/noto-serif-jp-85-900-normal.woff2                    13.26 kB
build/client/assets/noto-sans-jp-84-100-normal.woff                      13.26 kB
build/client/assets/noto-sans-jp-99-600-normal.woff                      13.26 kB
build/client/assets/m-plus-rounded-1c-71-900-normal.woff2                13.26 kB
build/client/assets/m-plus-rounded-1c-25-100-normal.woff                 13.26 kB
build/client/assets/noto-sans-jp-99-100-normal.woff                      13.26 kB
build/client/assets/noto-sans-jp-77-700-normal.woff                      13.26 kB
build/client/assets/m-plus-rounded-1c-16-100-normal.woff                 13.27 kB
build/client/assets/noto-serif-jp-83-800-normal.woff2                    13.27 kB
build/client/assets/m-plus-rounded-1c-29-400-normal.woff                 13.27 kB
build/client/assets/noto-sans-jp-84-600-normal.woff                      13.27 kB
build/client/assets/noto-serif-jp-75-200-normal.woff2                    13.28 kB
build/client/assets/m-plus-rounded-1c-67-100-normal.woff                 13.28 kB
build/client/assets/noto-serif-jp-90-800-normal.woff2                    13.28 kB
build/client/assets/noto-sans-jp-92-900-normal.woff                      13.28 kB
build/client/assets/m-plus-rounded-1c-98-500-normal.woff2                13.28 kB
build/client/assets/noto-sans-jp-77-100-normal.woff                      13.28 kB
build/client/assets/m-plus-rounded-1c-69-300-normal.woff2                13.28 kB
build/client/assets/m-plus-rounded-1c-79-300-normal.woff2                13.28 kB
build/client/assets/m-plus-rounded-1c-73-300-normal.woff2                13.29 kB
build/client/assets/m-plus-rounded-1c-88-700-normal.woff2                13.29 kB
build/client/assets/m-plus-rounded-1c-118-700-normal.woff2               13.29 kB
build/client/assets/m-plus-rounded-1c-103-900-normal.woff2               13.29 kB
build/client/assets/noto-serif-jp-85-600-normal.woff2                    13.29 kB
build/client/assets/noto-sans-jp-77-500-normal.woff                      13.29 kB
build/client/assets/noto-sans-jp-82-800-normal.woff                      13.29 kB
build/client/assets/noto-sans-jp-99-800-normal.woff                      13.29 kB
build/client/assets/noto-serif-jp-87-300-normal.woff2                    13.29 kB
build/client/assets/noto-sans-jp-99-700-normal.woff                      13.29 kB
build/client/assets/noto-serif-jp-63-800-normal.woff2                    13.30 kB
build/client/assets/m-plus-rounded-1c-25-300-normal.woff2                13.30 kB
build/client/assets/noto-sans-jp-87-200-normal.woff                      13.30 kB
build/client/assets/yomogi-89-400-normal.woff2                           13.30 kB
build/client/assets/noto-sans-jp-92-400-normal.woff                      13.30 kB
build/client/assets/noto-sans-jp-84-300-normal.woff                      13.30 kB
build/client/assets/noto-sans-jp-92-500-normal.woff                      13.30 kB
build/client/assets/noto-sans-jp-99-500-normal.woff                      13.30 kB
build/client/assets/noto-sans-jp-77-600-normal.woff                      13.30 kB
build/client/assets/m-plus-rounded-1c-82-100-normal.woff                 13.31 kB
build/client/assets/m-plus-rounded-1c-83-100-normal.woff                 13.31 kB
build/client/assets/noto-sans-jp-77-400-normal.woff                      13.32 kB
build/client/assets/noto-sans-jp-84-400-normal.woff                      13.32 kB
build/client/assets/m-plus-rounded-1c-104-700-normal.woff2               13.32 kB
build/client/assets/m-plus-rounded-1c-84-900-normal.woff2                13.32 kB
build/client/assets/m-plus-rounded-1c-89-900-normal.woff2                13.32 kB
build/client/assets/noto-serif-jp-84-300-normal.woff2                    13.32 kB
build/client/assets/noto-serif-jp-99-200-normal.woff2                    13.32 kB
build/client/assets/m-plus-rounded-1c-116-500-normal.woff                13.32 kB
build/client/assets/noto-sans-jp-92-700-normal.woff                      13.33 kB
build/client/assets/noto-serif-jp-113-500-normal.woff                    13.33 kB
build/client/assets/m-plus-rounded-1c-91-400-normal.woff2                13.33 kB
build/client/assets/m-plus-rounded-1c-108-400-normal.woff2               13.33 kB
build/client/assets/m-plus-rounded-1c-63-700-normal.woff2                13.33 kB
build/client/assets/m-plus-rounded-1c-6-800-normal.woff                  13.33 kB
build/client/assets/noto-sans-jp-87-300-normal.woff                      13.33 kB
build/client/assets/noto-serif-jp-59-400-normal.woff2                    13.34 kB
build/client/assets/noto-serif-jp-106-200-normal.woff2                   13.34 kB
build/client/assets/m-plus-rounded-1c-108-100-normal.woff                13.34 kB
build/client/assets/m-plus-rounded-1c-6-700-normal.woff                  13.34 kB
build/client/assets/noto-sans-jp-84-200-normal.woff                      13.34 kB
build/client/assets/noto-sans-jp-92-600-normal.woff                      13.34 kB
build/client/assets/m-plus-rounded-1c-112-300-normal.woff                13.35 kB
build/client/assets/noto-sans-jp-87-500-normal.woff                      13.35 kB
build/client/assets/noto-serif-jp-113-600-normal.woff                    13.35 kB
build/client/assets/noto-sans-jp-99-400-normal.woff                      13.35 kB
build/client/assets/m-plus-rounded-1c-49-400-normal.woff2                13.36 kB
build/client/assets/noto-serif-jp-91-500-normal.woff2                    13.36 kB
build/client/assets/yomogi-80-400-normal.woff2                           13.36 kB
build/client/assets/noto-sans-jp-87-600-normal.woff                      13.36 kB
build/client/assets/noto-serif-jp-91-400-normal.woff2                    13.36 kB
build/client/assets/noto-sans-jp-87-400-normal.woff                      13.36 kB
build/client/assets/noto-sans-jp-99-200-normal.woff                      13.36 kB
build/client/assets/m-plus-rounded-1c-94-400-normal.woff2                13.37 kB
build/client/assets/noto-serif-jp-84-400-normal.woff2                    13.37 kB
build/client/assets/noto-sans-jp-77-200-normal.woff                      13.37 kB
build/client/assets/noto-sans-jp-92-800-normal.woff                      13.37 kB
build/client/assets/m-plus-rounded-1c-62-100-normal.woff                 13.38 kB
build/client/assets/noto-sans-jp-87-700-normal.woff                      13.38 kB
build/client/assets/m-plus-rounded-1c-75-500-normal.woff2                13.38 kB
build/client/assets/m-plus-rounded-1c-80-500-normal.woff2                13.38 kB
build/client/assets/noto-serif-jp-85-700-normal.woff2                    13.38 kB
build/client/assets/m-plus-rounded-1c-95-800-normal.woff2                13.38 kB
build/client/assets/noto-serif-jp-59-700-normal.woff2                    13.38 kB
build/client/assets/noto-serif-jp-59-300-normal.woff2                    13.39 kB
build/client/assets/noto-serif-jp-109-300-normal.woff                    13.39 kB
build/client/assets/m-plus-rounded-1c-90-400-normal.woff2                13.39 kB
build/client/assets/noto-sans-jp-77-300-normal.woff                      13.39 kB
build/client/assets/m-plus-rounded-1c-46-400-normal.woff2                13.40 kB
build/client/assets/m-plus-rounded-1c-82-400-normal.woff2                13.40 kB
build/client/assets/noto-sans-jp-87-900-normal.woff                      13.40 kB
build/client/assets/yomogi-74-400-normal.woff2                           13.40 kB
build/client/assets/m-plus-rounded-1c-102-700-normal.woff2               13.41 kB
build/client/assets/m-plus-rounded-1c-115-500-normal.woff                13.41 kB
build/client/assets/m-plus-rounded-1c-27-500-normal.woff2                13.42 kB
build/client/assets/noto-serif-jp-87-400-normal.woff2                    13.42 kB
build/client/assets/noto-serif-jp-67-300-normal.woff2                    13.42 kB
build/client/assets/noto-serif-jp-59-600-normal.woff2                    13.42 kB
build/client/assets/m-plus-rounded-1c-41-100-normal.woff2                13.42 kB
build/client/assets/noto-serif-jp-77-200-normal.woff2                    13.42 kB
build/client/assets/noto-sans-jp-69-100-normal.woff                      13.43 kB
build/client/assets/m-plus-rounded-1c-101-300-normal.woff                13.44 kB
build/client/assets/noto-serif-jp-85-800-normal.woff2                    13.44 kB
build/client/assets/noto-sans-jp-87-800-normal.woff                      13.44 kB
build/client/assets/noto-serif-jp-113-700-normal.woff                    13.44 kB
build/client/assets/noto-sans-jp-99-300-normal.woff                      13.44 kB
build/client/assets/m-plus-rounded-1c-93-700-normal.woff2                13.45 kB
build/client/assets/noto-serif-jp-91-900-normal.woff2                    13.45 kB
build/client/assets/m-plus-rounded-1c-9-700-normal.woff2                 13.45 kB
build/client/assets/m-plus-rounded-1c-45-300-normal.woff                 13.45 kB
build/client/assets/noto-serif-jp-109-400-normal.woff                    13.45 kB
build/client/assets/m-plus-rounded-1c-71-700-normal.woff2                13.46 kB
build/client/assets/m-plus-rounded-1c-46-100-normal.woff                 13.46 kB
build/client/assets/yomogi-84-400-normal.woff2                           13.46 kB
build/client/assets/noto-serif-jp-115-200-normal.woff                    13.46 kB
build/client/assets/noto-serif-jp-82-300-normal.woff2                    13.46 kB
build/client/assets/m-plus-rounded-1c-115-900-normal.woff                13.46 kB
build/client/assets/yomogi-96-400-normal.woff2                           13.47 kB
build/client/assets/noto-serif-jp-101-200-normal.woff                    13.47 kB
build/client/assets/m-plus-rounded-1c-76-900-normal.woff2                13.48 kB
build/client/assets/m-plus-rounded-1c-67-500-normal.woff2                13.48 kB
build/client/assets/m-plus-rounded-1c-77-300-normal.woff2                13.48 kB
build/client/assets/m-plus-rounded-1c-96-700-normal.woff2                13.48 kB
build/client/assets/m-plus-rounded-1c-105-700-normal.woff2               13.49 kB
build/client/assets/m-plus-rounded-1c-12-700-normal.woff2                13.50 kB
build/client/assets/m-plus-rounded-1c-66-800-normal.woff2                13.50 kB
build/client/assets/noto-serif-jp-67-400-normal.woff2                    13.50 kB
build/client/assets/noto-serif-jp-82-400-normal.woff2                    13.50 kB
build/client/assets/yomogi-81-400-normal.woff2                           13.50 kB
build/client/assets/m-plus-rounded-1c-76-500-normal.woff2                13.51 kB
build/client/assets/m-plus-rounded-1c-85-800-normal.woff2                13.51 kB
build/client/assets/m-plus-rounded-1c-67-900-normal.woff2                13.51 kB
build/client/assets/noto-sans-jp-59-100-normal.woff                      13.51 kB
build/client/assets/m-plus-rounded-1c-44-400-normal.woff2                13.52 kB
build/client/assets/m-plus-rounded-1c-28-300-normal.woff                 13.52 kB
build/client/assets/noto-serif-jp-59-800-normal.woff2                    13.52 kB
build/client/assets/noto-sans-jp-106-900-normal.woff                     13.52 kB
build/client/assets/noto-serif-jp-113-900-normal.woff                    13.52 kB
build/client/assets/noto-serif-jp-84-500-normal.woff2                    13.52 kB
build/client/assets/m-plus-rounded-1c-66-700-normal.woff2                13.52 kB
build/client/assets/m-plus-rounded-1c-63-800-normal.woff2                13.52 kB
build/client/assets/m-plus-rounded-1c-75-900-normal.woff2                13.53 kB
build/client/assets/noto-serif-jp-87-500-normal.woff2                    13.53 kB
build/client/assets/m-plus-rounded-1c-18-100-normal.woff                 13.53 kB
build/client/assets/m-plus-rounded-1c-59-100-normal.woff                 13.53 kB
build/client/assets/noto-sans-jp-106-600-normal.woff                     13.53 kB
build/client/assets/m-plus-rounded-1c-83-400-normal.woff2                13.54 kB
build/client/assets/m-plus-rounded-1c-18-300-normal.woff2                13.54 kB
build/client/assets/noto-serif-jp-75-300-normal.woff2                    13.54 kB
build/client/assets/m-plus-rounded-1c-116-900-normal.woff                13.54 kB
build/client/assets/m-plus-rounded-1c-109-400-normal.woff                13.54 kB
build/client/assets/m-plus-rounded-1c-79-100-normal.woff                 13.54 kB
build/client/assets/noto-sans-jp-69-300-normal.woff                      13.54 kB
build/client/assets/m-plus-rounded-1c-93-800-normal.woff2                13.54 kB
build/client/assets/noto-serif-jp-73-200-normal.woff2                    13.54 kB
build/client/assets/m-plus-rounded-1c-87-100-normal.woff                 13.54 kB
build/client/assets/m-plus-rounded-1c-69-100-normal.woff                 13.55 kB
build/client/assets/m-plus-rounded-1c-100-100-normal.woff                13.55 kB
build/client/assets/m-plus-rounded-1c-89-700-normal.woff2                13.55 kB
build/client/assets/noto-serif-jp-109-500-normal.woff                    13.55 kB
build/client/assets/m-plus-rounded-1c-42-800-normal.woff2                13.56 kB
build/client/assets/noto-serif-jp-118-900-normal.woff2                   13.56 kB
build/client/assets/noto-serif-jp-109-900-normal.woff                    13.56 kB
build/client/assets/yomogi-107-400-normal.woff2                          13.56 kB
build/client/assets/m-plus-2-56-wght-normal.woff2                        13.56 kB
build/client/assets/m-plus-rounded-1c-43-500-normal.woff2                13.56 kB
build/client/assets/noto-serif-jp-118-300-normal.woff2                   13.57 kB
build/client/assets/noto-sans-jp-106-700-normal.woff                     13.57 kB
build/client/assets/m-plus-rounded-1c-91-500-normal.woff2                13.58 kB
build/client/assets/yomogi-97-400-normal.woff2                           13.58 kB
build/client/assets/noto-serif-jp-79-200-normal.woff2                    13.58 kB
build/client/assets/noto-serif-jp-91-600-normal.woff2                    13.58 kB
build/client/assets/m-plus-rounded-1c-56-300-normal.woff                 13.58 kB
build/client/assets/m-plus-rounded-1c-74-700-normal.woff2                13.59 kB
build/client/assets/noto-sans-jp-58-400-normal.woff2                     13.59 kB
build/client/assets/noto-serif-jp-87-600-normal.woff2                    13.59 kB
build/client/assets/m-plus-rounded-1c-103-700-normal.woff2               13.59 kB
build/client/assets/m-plus-rounded-1c-110-400-normal.woff                13.59 kB
build/client/assets/noto-sans-jp-69-200-normal.woff                      13.59 kB
build/client/assets/m-plus-rounded-1c-42-700-normal.woff2                13.60 kB
build/client/assets/m-plus-rounded-1c-105-800-normal.woff2               13.60 kB
build/client/assets/m-plus-rounded-1c-91-900-normal.woff2                13.60 kB
build/client/assets/noto-serif-jp-92-300-normal.woff2                    13.60 kB
build/client/assets/m-plus-rounded-1c-29-500-normal.woff                 13.60 kB
build/client/assets/noto-sans-jp-69-900-normal.woff                      13.60 kB
build/client/assets/noto-serif-jp-109-600-normal.woff                    13.60 kB
build/client/assets/noto-sans-jp-58-300-normal.woff2                     13.60 kB
build/client/assets/noto-serif-jp-87-900-normal.woff2                    13.60 kB
build/client/assets/noto-sans-jp-106-500-normal.woff                     13.60 kB
build/client/assets/m-plus-rounded-1c-102-800-normal.woff2               13.60 kB
build/client/assets/noto-serif-jp-109-700-normal.woff                    13.60 kB
build/client/assets/m-plus-rounded-1c-84-700-normal.woff2                13.61 kB
build/client/assets/noto-sans-jp-106-800-normal.woff                     13.61 kB
build/client/assets/noto-serif-jp-106-300-normal.woff2                   13.61 kB
build/client/assets/m-plus-rounded-1c-73-100-normal.woff                 13.61 kB
build/client/assets/noto-serif-jp-91-700-normal.woff2                    13.61 kB
build/client/assets/noto-serif-jp-84-900-normal.woff2                    13.61 kB
build/client/assets/m-plus-rounded-1c-100-400-normal.woff2               13.62 kB
build/client/assets/m-plus-rounded-1c-80-900-normal.woff2                13.62 kB
build/client/assets/noto-serif-jp-75-400-normal.woff2                    13.62 kB
build/client/assets/noto-serif-jp-118-400-normal.woff2                   13.62 kB
build/client/assets/noto-serif-jp-67-500-normal.woff2                    13.62 kB
build/client/assets/noto-sans-jp-106-100-normal.woff                     13.62 kB
build/client/assets/noto-sans-jp-58-500-normal.woff2                     13.62 kB
build/client/assets/noto-serif-jp-82-600-normal.woff2                    13.62 kB
build/client/assets/noto-sans-jp-58-200-normal.woff2                     13.63 kB
build/client/assets/m-plus-rounded-1c-99-100-normal.woff                 13.63 kB
build/client/assets/m-plus-rounded-1c-cyrillic-ext-900-normal.woff       13.63 kB
build/client/assets/yomogi-88-400-normal.woff2                           13.63 kB
build/client/assets/noto-serif-jp-66-300-normal.woff2                    13.64 kB
build/client/assets/noto-serif-jp-100-200-normal.woff2                   13.64 kB
build/client/assets/noto-serif-jp-118-500-normal.woff2                   13.64 kB
build/client/assets/noto-serif-jp-113-800-normal.woff                    13.64 kB
build/client/assets/m-plus-rounded-1c-43-400-normal.woff2                13.64 kB
build/client/assets/m-plus-rounded-1c-9-800-normal.woff2                 13.64 kB
build/client/assets/noto-serif-jp-82-500-normal.woff2                    13.64 kB
build/client/assets/noto-serif-jp-84-600-normal.woff2                    13.64 kB
build/client/assets/yomogi-102-400-normal.woff2                          13.64 kB
build/client/assets/noto-sans-jp-69-500-normal.woff                      13.64 kB
build/client/assets/noto-sans-jp-69-700-normal.woff                      13.64 kB
build/client/assets/m-plus-rounded-1c-92-700-normal.woff2                13.65 kB
build/client/assets/noto-serif-jp-87-700-normal.woff2                    13.65 kB
build/client/assets/yomogi-92-400-normal.woff2                           13.65 kB
build/client/assets/noto-sans-jp-69-800-normal.woff                      13.65 kB
build/client/assets/noto-serif-jp-99-300-normal.woff2                    13.65 kB
build/client/assets/m-plus-rounded-1c-62-400-normal.woff2                13.66 kB
build/client/assets/m-plus-rounded-1c-78-300-normal.woff2                13.66 kB
build/client/assets/m-plus-rounded-1c-108-500-normal.woff2               13.67 kB
build/client/assets/noto-serif-jp-92-400-normal.woff2                    13.67 kB
build/client/assets/noto-serif-jp-78-200-normal.woff2                    13.67 kB
build/client/assets/noto-serif-jp-67-600-normal.woff2                    13.67 kB
build/client/assets/noto-sans-jp-106-400-normal.woff                     13.67 kB
build/client/assets/m-plus-rounded-1c-49-500-normal.woff2                13.67 kB
build/client/assets/noto-sans-jp-69-400-normal.woff                      13.67 kB
build/client/assets/m-plus-rounded-1c-104-800-normal.woff2               13.68 kB
build/client/assets/noto-serif-jp-115-300-normal.woff                    13.68 kB
build/client/assets/m-plus-rounded-1c-116-700-normal.woff                13.68 kB
build/client/assets/m-plus-rounded-1c-71-800-normal.woff2                13.69 kB
build/client/assets/m-plus-rounded-1c-29-900-normal.woff                 13.69 kB
build/client/assets/noto-sans-jp-79-100-normal.woff                      13.69 kB
build/client/assets/noto-serif-jp-109-800-normal.woff                    13.69 kB
build/client/assets/m-plus-rounded-1c-48-700-normal.woff2                13.70 kB
build/client/assets/m-plus-rounded-1c-44-900-normal.woff2                13.70 kB
build/client/assets/noto-serif-jp-66-400-normal.woff2                    13.70 kB
build/client/assets/noto-serif-jp-118-600-normal.woff2                   13.70 kB
build/client/assets/noto-serif-jp-118-700-normal.woff2                   13.70 kB
build/client/assets/m-plus-rounded-1c-87-400-normal.woff2                13.70 kB
build/client/assets/m-plus-rounded-1c-81-700-normal.woff2                13.70 kB
build/client/assets/m-plus-rounded-1c-17-100-normal.woff                 13.70 kB
build/client/assets/m-plus-rounded-1c-70-100-normal.woff                 13.70 kB
build/client/assets/noto-sans-jp-69-600-normal.woff                      13.71 kB
build/client/assets/noto-serif-jp-99-400-normal.woff2                    13.72 kB
build/client/assets/noto-sans-jp-106-200-normal.woff                     13.72 kB
build/client/assets/m-plus-rounded-1c-7-400-normal.woff2                 13.72 kB
build/client/assets/noto-sans-jp-73-200-normal.woff                      13.72 kB
build/client/assets/m-plus-rounded-1c-82-500-normal.woff2                13.72 kB
build/client/assets/noto-serif-jp-75-500-normal.woff2                    13.72 kB
build/client/assets/noto-serif-jp-67-700-normal.woff2                    13.72 kB
build/client/assets/m-plus-rounded-1c-115-700-normal.woff                13.72 kB
build/client/assets/noto-serif-jp-77-300-normal.woff2                    13.73 kB
build/client/assets/m-plus-rounded-1c-48-800-normal.woff2                13.73 kB
build/client/assets/m-plus-rounded-1c-89-800-normal.woff2                13.73 kB
build/client/assets/noto-serif-jp-67-900-normal.woff2                    13.73 kB
build/client/assets/m-plus-rounded-1c-47-400-normal.woff                 13.74 kB
build/client/assets/noto-serif-jp-87-800-normal.woff2                    13.74 kB
build/client/assets/noto-sans-jp-70-100-normal.woff                      13.74 kB
build/client/assets/noto-serif-jp-115-400-normal.woff                    13.74 kB
build/client/assets/noto-serif-jp-91-800-normal.woff2                    13.74 kB
build/client/assets/noto-sans-jp-73-100-normal.woff                      13.74 kB
build/client/assets/m-plus-rounded-1c-96-800-normal.woff2                13.75 kB
build/client/assets/noto-sans-jp-58-700-normal.woff2                     13.75 kB
build/client/assets/noto-sans-jp-58-800-normal.woff2                     13.75 kB
build/client/assets/noto-serif-jp-69-200-normal.woff2                    13.75 kB
build/client/assets/noto-serif-jp-84-700-normal.woff2                    13.75 kB
build/client/assets/noto-serif-jp-75-900-normal.woff2                    13.75 kB
build/client/assets/noto-sans-jp-106-300-normal.woff                     13.75 kB
build/client/assets/m-plus-rounded-1c-44-500-normal.woff2                13.76 kB
build/client/assets/m-plus-rounded-1c-94-500-normal.woff2                13.76 kB
build/client/assets/noto-serif-jp-106-400-normal.woff2                   13.76 kB
build/client/assets/yomogi-109-400-normal.woff2                          13.76 kB
build/client/assets/noto-sans-jp-73-900-normal.woff                      13.76 kB
build/client/assets/noto-sans-jp-79-200-normal.woff                      13.76 kB
build/client/assets/noto-sans-jp-73-300-normal.woff                      13.76 kB
build/client/assets/noto-serif-jp-67-800-normal.woff2                    13.76 kB
build/client/assets/noto-sans-jp-73-700-normal.woff                      13.77 kB
build/client/assets/noto-serif-jp-77-400-normal.woff2                    13.77 kB
build/client/assets/noto-serif-jp-82-900-normal.woff2                    13.77 kB
build/client/assets/m-plus-rounded-1c-7-500-normal.woff2                 13.78 kB
build/client/assets/noto-serif-jp-82-700-normal.woff2                    13.78 kB
build/client/assets/yomogi-91-400-normal.woff2                           13.78 kB
build/client/assets/m-plus-rounded-1c-98-900-normal.woff2                13.78 kB
build/client/assets/noto-sans-jp-70-200-normal.woff                      13.78 kB
build/client/assets/noto-sans-jp-73-500-normal.woff                      13.78 kB
build/client/assets/m-plus-rounded-1c-8-700-normal.woff2                 13.79 kB
build/client/assets/noto-sans-jp-58-600-normal.woff2                     13.79 kB
build/client/assets/m-plus-rounded-1c-110-900-normal.woff                13.79 kB
build/client/assets/m-plus-rounded-1c-31-300-normal.woff2                13.79 kB
build/client/assets/m-plus-rounded-1c-36-400-normal.woff2                13.80 kB
build/client/assets/noto-serif-jp-118-800-normal.woff2                   13.80 kB
build/client/assets/noto-sans-jp-70-400-normal.woff                      13.80 kB
build/client/assets/m-plus-rounded-1c-17-300-normal.woff2                13.80 kB
build/client/assets/m-plus-rounded-1c-90-500-normal.woff2                13.80 kB
build/client/assets/yomogi-98-400-normal.woff2                           13.80 kB
build/client/assets/noto-sans-jp-73-600-normal.woff                      13.80 kB
build/client/assets/noto-serif-jp-115-500-normal.woff                    13.80 kB
build/client/assets/noto-serif-jp-66-500-normal.woff2                    13.80 kB
build/client/assets/m-plus-rounded-1c-101-400-normal.woff                13.80 kB
build/client/assets/noto-sans-jp-73-800-normal.woff                      13.80 kB
build/client/assets/m-plus-rounded-1c-81-800-normal.woff2                13.81 kB
build/client/assets/m-plus-rounded-1c-109-500-normal.woff                13.81 kB
build/client/assets/m-plus-rounded-1c-74-800-normal.woff2                13.82 kB
build/client/assets/m-plus-rounded-1c-56-400-normal.woff                 13.82 kB
build/client/assets/m-plus-rounded-1c-86-300-normal.woff                 13.82 kB
build/client/assets/m-plus-rounded-1c-110-500-normal.woff                13.82 kB
build/client/assets/noto-serif-jp-92-500-normal.woff2                    13.82 kB
build/client/assets/m-plus-rounded-1c-99-400-normal.woff2                13.83 kB
build/client/assets/m-plus-rounded-1c-92-800-normal.woff2                13.83 kB
build/client/assets/noto-serif-jp-99-500-normal.woff2                    13.83 kB
build/client/assets/noto-sans-jp-70-500-normal.woff                      13.83 kB
build/client/assets/noto-serif-jp-75-600-normal.woff2                    13.83 kB
build/client/assets/yomogi-94-400-normal.woff2                           13.83 kB
build/client/assets/m-plus-rounded-1c-115-800-normal.woff                13.83 kB
build/client/assets/noto-sans-jp-70-300-normal.woff                      13.83 kB
build/client/assets/m-plus-rounded-1c-106-100-normal.woff                13.84 kB
build/client/assets/noto-sans-jp-59-200-normal.woff                      13.84 kB
build/client/assets/m-plus-rounded-1c-70-400-normal.woff2                13.84 kB
build/client/assets/noto-serif-jp-106-500-normal.woff2                   13.84 kB
build/client/assets/noto-serif-jp-82-800-normal.woff2                    13.84 kB
build/client/assets/m-plus-rounded-1c-77-100-normal.woff                 13.84 kB
build/client/assets/noto-serif-jp-75-700-normal.woff2                    13.84 kB
build/client/assets/noto-serif-jp-84-800-normal.woff2                    13.84 kB
build/client/assets/noto-sans-jp-79-300-normal.woff                      13.84 kB
build/client/assets/m-plus-rounded-1c-79-400-normal.woff2                13.85 kB
build/client/assets/noto-serif-jp-115-900-normal.woff                    13.85 kB
build/client/assets/m-plus-rounded-1c-27-700-normal.woff2                13.85 kB
build/client/assets/noto-serif-jp-112-200-normal.woff                    13.85 kB
build/client/assets/noto-serif-jp-73-300-normal.woff2                    13.86 kB
build/client/assets/noto-sans-jp-73-400-normal.woff                      13.86 kB
build/client/assets/noto-sans-jp-79-500-normal.woff                      13.86 kB
build/client/assets/m-plus-rounded-1c-67-700-normal.woff2                13.86 kB
build/client/assets/m-plus-rounded-1c-69-400-normal.woff2                13.86 kB
build/client/assets/m-plus-rounded-1c-46-500-normal.woff2                13.86 kB
build/client/assets/m-plus-rounded-1c-98-700-normal.woff2                13.86 kB
build/client/assets/yomogi-67-400-normal.woff2                           13.87 kB
build/client/assets/noto-sans-jp-78-500-normal.woff                      13.87 kB
build/client/assets/noto-sans-jp-79-600-normal.woff                      13.87 kB
build/client/assets/m-plus-rounded-1c-16-400-normal.woff2                13.87 kB
build/client/assets/m-plus-rounded-1c-112-400-normal.woff                13.87 kB
build/client/assets/m-plus-rounded-1c-19-300-normal.woff                 13.87 kB
build/client/assets/noto-serif-jp-101-400-normal.woff                    13.87 kB
build/client/assets/noto-serif-jp-115-600-normal.woff                    13.87 kB
build/client/assets/m-plus-rounded-1c-111-300-normal.woff                13.88 kB
build/client/assets/noto-sans-jp-70-600-normal.woff                      13.88 kB
build/client/assets/m-plus-rounded-1c-83-500-normal.woff2                13.88 kB
build/client/assets/m-plus-rounded-1c-27-800-normal.woff2                13.88 kB
build/client/assets/yomogi-69-400-normal.woff2                           13.88 kB
build/client/assets/noto-serif-jp-101-300-normal.woff                    13.88 kB
build/client/assets/m-plus-rounded-1c-103-800-normal.woff2               13.89 kB
build/client/assets/noto-sans-jp-78-700-normal.woff                      13.89 kB
build/client/assets/m-plus-rounded-1c-11-900-normal.woff2                13.90 kB
build/client/assets/m-plus-rounded-1c-12-800-normal.woff2                13.90 kB
build/client/assets/noto-serif-jp-70-200-normal.woff2                    13.90 kB
build/client/assets/noto-serif-jp-66-600-normal.woff2                    13.90 kB
build/client/assets/noto-serif-jp-92-600-normal.woff2                    13.90 kB
build/client/assets/noto-sans-jp-70-700-normal.woff                      13.90 kB
build/client/assets/noto-serif-jp-62-200-normal.woff2                    13.90 kB
build/client/assets/noto-sans-jp-59-400-normal.woff                      13.90 kB
build/client/assets/noto-sans-jp-78-600-normal.woff                      13.90 kB
build/client/assets/m-plus-rounded-1c-76-700-normal.woff2                13.91 kB
build/client/assets/m-plus-rounded-1c-108-900-normal.woff2               13.91 kB
build/client/assets/noto-serif-jp-79-300-normal.woff2                    13.91 kB
build/client/assets/noto-sans-jp-78-400-normal.woff                      13.91 kB
build/client/assets/noto-sans-jp-79-700-normal.woff                      13.91 kB
build/client/assets/m-plus-rounded-1c-84-800-normal.woff2                13.91 kB
build/client/assets/noto-sans-jp-70-900-normal.woff                      13.91 kB
build/client/assets/noto-sans-jp-79-400-normal.woff                      13.92 kB
build/client/assets/noto-sans-jp-70-800-normal.woff                      13.92 kB
build/client/assets/m-plus-rounded-1c-45-400-normal.woff                 13.92 kB
build/client/assets/noto-serif-jp-75-800-normal.woff2                    13.92 kB
build/client/assets/noto-serif-jp-99-600-normal.woff2                    13.92 kB
build/client/assets/noto-sans-jp-78-100-normal.woff                      13.92 kB
build/client/assets/noto-serif-jp-73-400-normal.woff2                    13.93 kB
build/client/assets/noto-serif-jp-115-700-normal.woff                    13.93 kB
build/client/assets/m-plus-rounded-1c-116-800-normal.woff                13.93 kB
build/client/assets/noto-sans-jp-79-900-normal.woff                      13.94 kB
build/client/assets/noto-serif-jp-92-900-normal.woff2                    13.94 kB
build/client/assets/m-plus-rounded-1c-106-400-normal.woff2               13.94 kB
build/client/assets/m-plus-rounded-1c-36-500-normal.woff2                13.94 kB
build/client/assets/m-plus-rounded-1c-33-700-normal.woff2                13.94 kB
build/client/assets/noto-sans-jp-79-800-normal.woff                      13.94 kB
build/client/assets/m-plus-rounded-1c-35-100-normal.woff2                13.95 kB
build/client/assets/noto-serif-jp-106-600-normal.woff2                   13.95 kB
build/client/assets/noto-serif-jp-106-900-normal.woff2                   13.95 kB
build/client/assets/noto-sans-jp-78-800-normal.woff                      13.95 kB
build/client/assets/m-plus-rounded-1c-80-700-normal.woff2                13.95 kB
build/client/assets/m-plus-rounded-1c-38-100-normal.woff                 13.95 kB
build/client/assets/noto-sans-jp-62-100-normal.woff                      13.95 kB
build/client/assets/noto-sans-jp-78-200-normal.woff                      13.95 kB
build/client/assets/yomogi-117-400-normal.woff                           13.95 kB
build/client/assets/m-plus-rounded-1c-49-900-normal.woff2                13.96 kB
build/client/assets/m-plus-rounded-1c-16-900-normal.woff2                13.96 kB
build/client/assets/noto-serif-jp-79-400-normal.woff2                    13.96 kB
build/client/assets/m-plus-rounded-1c-47-500-normal.woff                 13.96 kB
build/client/assets/m-plus-rounded-1c-87-500-normal.woff2                13.97 kB
build/client/assets/noto-sans-jp-78-300-normal.woff                      13.97 kB
build/client/assets/noto-sans-jp-78-900-normal.woff                      13.97 kB
build/client/assets/noto-serif-jp-101-500-normal.woff                    13.97 kB
build/client/assets/m-plus-rounded-1c-56-900-normal.woff                 13.98 kB
build/client/assets/noto-sans-jp-59-300-normal.woff                      13.98 kB
build/client/assets/noto-serif-jp-115-800-normal.woff                    13.98 kB
build/client/assets/m-plus-rounded-1c-29-700-normal.woff                 13.98 kB
build/client/assets/m-plus-rounded-1c-101-900-normal.woff                13.98 kB
build/client/assets/m-plus-rounded-1c-75-700-normal.woff2                13.99 kB
build/client/assets/noto-serif-jp-66-900-normal.woff2                    13.99 kB
build/client/assets/noto-serif-jp-77-500-normal.woff2                    13.99 kB
build/client/assets/noto-serif-jp-77-600-normal.woff2                    13.99 kB
build/client/assets/yomogi-62-400-normal.woff2                           13.99 kB
build/client/assets/noto-sans-jp-100-100-normal.woff                     13.99 kB
build/client/assets/noto-serif-jp-66-700-normal.woff2                    14.00 kB
build/client/assets/m-plus-rounded-1c-7-900-normal.woff2                 14.00 kB
build/client/assets/m-plus-rounded-1c-77-400-normal.woff2                14.00 kB
build/client/assets/m-plus-rounded-1c-67-800-normal.woff2                14.00 kB
build/client/assets/noto-sans-jp-59-500-normal.woff                      14.00 kB
build/client/assets/noto-sans-jp-100-600-normal.woff                     14.01 kB
build/client/assets/noto-sans-jp-59-900-normal.woff                      14.01 kB
build/client/assets/noto-sans-jp-100-900-normal.woff                     14.01 kB
build/client/assets/noto-serif-jp-71-200-normal.woff2                    14.02 kB
build/client/assets/m-plus-rounded-1c-56-500-normal.woff                 14.02 kB
build/client/assets/noto-sans-jp-62-800-normal.woff                      14.02 kB
build/client/assets/noto-sans-jp-62-900-normal.woff                      14.02 kB
build/client/assets/m-plus-rounded-1c-75-800-normal.woff2                14.02 kB
build/client/assets/noto-serif-jp-100-300-normal.woff2                   14.02 kB
build/client/assets/m-plus-rounded-1c-28-500-normal.woff                 14.02 kB
build/client/assets/m-plus-rounded-1c-69-500-normal.woff2                14.03 kB
build/client/assets/noto-serif-jp-78-400-normal.woff2                    14.03 kB
build/client/assets/m-plus-rounded-1c-101-500-normal.woff                14.03 kB
build/client/assets/noto-serif-jp-78-300-normal.woff2                    14.03 kB
build/client/assets/noto-sans-jp-100-500-normal.woff                     14.04 kB
build/client/assets/m-plus-rounded-1c-100-500-normal.woff2               14.04 kB
build/client/assets/m-plus-rounded-1c-94-900-normal.woff2                14.04 kB
build/client/assets/noto-serif-jp-92-700-normal.woff2                    14.04 kB
build/client/assets/noto-serif-jp-77-700-normal.woff2                    14.04 kB
build/client/assets/noto-serif-jp-66-800-normal.woff2                    14.04 kB
build/client/assets/noto-sans-jp-62-200-normal.woff                      14.04 kB
build/client/assets/m-plus-rounded-1c-91-700-normal.woff2                14.05 kB
build/client/assets/m-plus-rounded-1c-109-900-normal.woff                14.05 kB
build/client/assets/noto-sans-jp-62-700-normal.woff                      14.05 kB
build/client/assets/m-plus-rounded-1c-32-100-normal.woff                 14.05 kB
build/client/assets/noto-serif-jp-99-700-normal.woff2                    14.05 kB
build/client/assets/m-plus-rounded-1c-25-400-normal.woff2                14.06 kB
build/client/assets/m-plus-rounded-1c-112-900-normal.woff                14.06 kB
build/client/assets/noto-serif-jp-106-700-normal.woff2                   14.06 kB
build/client/assets/noto-sans-jp-62-400-normal.woff                      14.06 kB
build/client/assets/noto-sans-jp-100-400-normal.woff                     14.06 kB
build/client/assets/noto-sans-jp-100-300-normal.woff                     14.07 kB
build/client/assets/noto-sans-jp-100-700-normal.woff                     14.07 kB
build/client/assets/noto-serif-jp-110-200-normal.woff                    14.07 kB
build/client/assets/m-plus-rounded-1c-36-900-normal.woff2                14.07 kB
build/client/assets/m-plus-rounded-1c-46-900-normal.woff2                14.07 kB
build/client/assets/noto-serif-jp-79-500-normal.woff2                    14.07 kB
build/client/assets/m-plus-rounded-1c-28-400-normal.woff                 14.07 kB
build/client/assets/noto-serif-jp-106-800-normal.woff2                   14.07 kB
build/client/assets/noto-sans-jp-100-200-normal.woff                     14.07 kB
build/client/assets/noto-sans-jp-100-800-normal.woff                     14.07 kB
build/client/assets/noto-serif-jp-99-900-normal.woff2                    14.08 kB
build/client/assets/m-plus-rounded-1c-97-300-normal.woff                 14.08 kB
build/client/assets/noto-serif-jp-77-900-normal.woff2                    14.08 kB
build/client/assets/noto-sans-jp-62-600-normal.woff                      14.08 kB
build/client/assets/noto-serif-jp-73-500-normal.woff2                    14.09 kB
build/client/assets/m-plus-rounded-1c-9-300-normal.woff                  14.09 kB
build/client/assets/noto-sans-jp-71-100-normal.woff                      14.09 kB
build/client/assets/noto-sans-jp-62-300-normal.woff                      14.09 kB
build/client/assets/noto-serif-jp-112-300-normal.woff                    14.09 kB
build/client/assets/m-plus-rounded-1c-76-800-normal.woff2                14.09 kB
build/client/assets/m-plus-rounded-1c-40-100-normal.woff                 14.09 kB
build/client/assets/noto-sans-jp-62-500-normal.woff                      14.09 kB
build/client/assets/noto-serif-jp-101-600-normal.woff                    14.10 kB
build/client/assets/m-plus-rounded-1c-16-500-normal.woff2                14.10 kB
build/client/assets/m-plus-rounded-1c-33-800-normal.woff2                14.10 kB
build/client/assets/m-plus-2-117-wght-normal.woff2                       14.11 kB
build/client/assets/m-plus-rounded-1c-83-900-normal.woff2                14.11 kB
build/client/assets/m-plus-rounded-1c-95-300-normal.woff                 14.11 kB
build/client/assets/m-plus-rounded-1c-24-100-normal.woff                 14.11 kB
build/client/assets/noto-serif-jp-92-800-normal.woff2                    14.12 kB
build/client/assets/m-plus-rounded-1c-62-500-normal.woff2                14.12 kB
build/client/assets/yomogi-66-400-normal.woff2                           14.12 kB
build/client/assets/m-plus-rounded-1c-82-900-normal.woff2                14.12 kB
build/client/assets/m-plus-rounded-1c-98-800-normal.woff2                14.13 kB
build/client/assets/m-plus-rounded-1c-107-300-normal.woff                14.13 kB
build/client/assets/yomogi-83-400-normal.woff2                           14.13 kB
build/client/assets/noto-sans-jp-59-600-normal.woff                      14.13 kB
build/client/assets/m-plus-rounded-1c-61-300-normal.woff2                14.13 kB
build/client/assets/m-plus-rounded-1c-28-900-normal.woff                 14.14 kB
build/client/assets/m-plus-rounded-1c-80-800-normal.woff2                14.14 kB
build/client/assets/yomogi-104-400-normal.woff2                          14.14 kB
build/client/assets/noto-serif-jp-112-400-normal.woff                    14.14 kB
build/client/assets/m-plus-rounded-1c-85-300-normal.woff                 14.14 kB
build/client/assets/noto-serif-jp-77-800-normal.woff2                    14.15 kB
build/client/assets/m-plus-rounded-1c-112-500-normal.woff                14.15 kB
build/client/assets/noto-serif-jp-79-600-normal.woff2                    14.16 kB
build/client/assets/m-plus-rounded-1c-110-800-normal.woff                14.16 kB
build/client/assets/m-plus-rounded-1c-45-500-normal.woff                 14.16 kB
build/client/assets/m-plus-rounded-1c-78-400-normal.woff2                14.16 kB
build/client/assets/m-plus-rounded-1c-99-500-normal.woff2                14.16 kB
build/client/assets/m-plus-rounded-1c-91-800-normal.woff2                14.16 kB
build/client/assets/noto-serif-jp-100-900-normal.woff2                   14.16 kB
build/client/assets/noto-sans-jp-71-900-normal.woff                      14.16 kB
build/client/assets/m-plus-rounded-1c-106-900-normal.woff2               14.17 kB
build/client/assets/noto-serif-jp-78-500-normal.woff2                    14.17 kB
build/client/assets/m-plus-rounded-1c-108-700-normal.woff2               14.17 kB
build/client/assets/m-plus-rounded-1c-8-800-normal.woff2                 14.17 kB
build/client/assets/noto-serif-jp-107-200-normal.woff                    14.17 kB
build/client/assets/noto-serif-jp-99-800-normal.woff2                    14.18 kB
build/client/assets/m-plus-rounded-1c-69-900-normal.woff2                14.18 kB
build/client/assets/noto-serif-jp-79-900-normal.woff2                    14.18 kB
build/client/assets/yomogi-90-400-normal.woff2                           14.18 kB
build/client/assets/m-plus-rounded-1c-73-400-normal.woff2                14.18 kB
build/client/assets/m-plus-rounded-1c-11-700-normal.woff2                14.18 kB
build/client/assets/m-plus-rounded-1c-cyrillic-ext-700-normal.woff       14.18 kB
build/client/assets/noto-sans-jp-59-700-normal.woff                      14.18 kB
build/client/assets/noto-serif-jp-101-700-normal.woff                    14.18 kB
build/client/assets/noto-serif-jp-100-400-normal.woff2                   14.19 kB
build/client/assets/noto-serif-jp-73-900-normal.woff2                    14.19 kB
build/client/assets/m-plus-rounded-1c-29-800-normal.woff                 14.19 kB
build/client/assets/m-plus-rounded-1c-47-900-normal.woff                 14.19 kB
build/client/assets/noto-sans-jp-71-800-normal.woff                      14.19 kB
build/client/assets/noto-serif-jp-112-500-normal.woff                    14.19 kB
build/client/assets/m-plus-rounded-1c-12-300-normal.woff                 14.20 kB
build/client/assets/m-plus-rounded-1c-47-700-normal.woff                 14.20 kB
build/client/assets/m-plus-rounded-1c-109-700-normal.woff                14.20 kB
build/client/assets/noto-serif-jp-73-600-normal.woff2                    14.20 kB
build/client/assets/yomogi-79-400-normal.woff2                           14.20 kB
build/client/assets/noto-sans-jp-59-800-normal.woff                      14.21 kB
build/client/assets/m-plus-rounded-1c-cyrillic-ext-300-normal.woff       14.21 kB
build/client/assets/noto-serif-jp-73-700-normal.woff2                    14.22 kB
build/client/assets/m-plus-rounded-1c-110-700-normal.woff                14.22 kB
build/client/assets/yomogi-82-400-normal.woff2                           14.22 kB
build/client/assets/noto-sans-jp-65-100-normal.woff                      14.22 kB
build/client/assets/m-plus-rounded-1c-100-900-normal.woff2               14.22 kB
build/client/assets/noto-sans-jp-71-300-normal.woff                      14.22 kB
build/client/assets/noto-serif-jp-116-200-normal.woff                    14.22 kB
build/client/assets/noto-serif-jp-62-300-normal.woff2                    14.22 kB
build/client/assets/yomogi-113-400-normal.woff2                          14.22 kB
build/client/assets/noto-sans-jp-71-700-normal.woff                      14.22 kB
build/client/assets/m-plus-rounded-1c-79-500-normal.woff2                14.23 kB
build/client/assets/m-plus-rounded-1c-106-500-normal.woff2               14.23 kB
build/client/assets/m-plus-rounded-1c-43-900-normal.woff2                14.23 kB
build/client/assets/noto-sans-jp-71-600-normal.woff                      14.23 kB
build/client/assets/m-plus-rounded-1c-72-300-normal.woff2                14.24 kB
build/client/assets/yomogi-115-400-normal.woff2                          14.24 kB
build/client/assets/noto-sans-jp-65-900-normal.woff                      14.24 kB
build/client/assets/noto-serif-jp-78-600-normal.woff2                    14.25 kB
build/client/assets/m-plus-rounded-1c-cyrillic-ext-500-normal.woff       14.25 kB
build/client/assets/m-plus-rounded-1c-68-300-normal.woff2                14.25 kB
build/client/assets/m-plus-rounded-1c-25-500-normal.woff2                14.25 kB
build/client/assets/m-plus-rounded-1c-87-900-normal.woff2                14.25 kB
build/client/assets/noto-serif-jp-70-300-normal.woff2                    14.25 kB
build/client/assets/noto-sans-jp-71-200-normal.woff                      14.26 kB
build/client/assets/noto-serif-jp-112-900-normal.woff                    14.26 kB
build/client/assets/m-plus-rounded-1c-86-400-normal.woff                 14.26 kB
build/client/assets/m-plus-rounded-1c-78-100-normal.woff                 14.26 kB
build/client/assets/noto-serif-jp-78-900-normal.woff2                    14.26 kB
build/client/assets/m-plus-rounded-1c-56-700-normal.woff                 14.26 kB
build/client/assets/noto-sans-jp-71-400-normal.woff                      14.26 kB
build/client/assets/yomogi-116-400-normal.woff2                          14.26 kB
build/client/assets/m-plus-rounded-1c-cyrillic-ext-800-normal.woff       14.26 kB
build/client/assets/m-plus-rounded-1c-56-800-normal.woff                 14.27 kB
build/client/assets/m-plus-rounded-1c-90-900-normal.woff2                14.27 kB
build/client/assets/yomogi-103-400-normal.woff2                          14.28 kB
build/client/assets/noto-serif-jp-100-500-normal.woff2                   14.28 kB
build/client/assets/noto-serif-jp-100-600-normal.woff2                   14.29 kB
build/client/assets/noto-serif-jp-112-600-normal.woff                    14.29 kB
build/client/assets/m-plus-rounded-1c-90-700-normal.woff2                14.30 kB
build/client/assets/noto-sans-jp-65-800-normal.woff                      14.30 kB
build/client/assets/yomogi-99-400-normal.woff2                           14.30 kB
build/client/assets/m-plus-rounded-1c-18-400-normal.woff2                14.30 kB
build/client/assets/m-plus-rounded-1c-70-500-normal.woff2                14.30 kB
build/client/assets/noto-serif-jp-78-700-normal.woff2                    14.31 kB
build/client/assets/noto-serif-jp-79-800-normal.woff2                    14.31 kB
build/client/assets/m-plus-rounded-1c-44-700-normal.woff2                14.31 kB
build/client/assets/noto-serif-jp-69-300-normal.woff2                    14.31 kB
build/client/assets/noto-serif-jp-73-800-normal.woff2                    14.31 kB
build/client/assets/noto-serif-jp-101-800-normal.woff                    14.32 kB
build/client/assets/m-plus-rounded-1c-49-700-normal.woff2                14.32 kB
build/client/assets/m-plus-rounded-1c-94-700-normal.woff2                14.32 kB
build/client/assets/m-plus-rounded-1c-102-300-normal.woff                14.32 kB
build/client/assets/noto-serif-jp-79-700-normal.woff2                    14.33 kB
build/client/assets/noto-serif-jp-101-900-normal.woff                    14.33 kB
build/client/assets/m-plus-rounded-1c-83-700-normal.woff2                14.33 kB
build/client/assets/m-plus-rounded-1c-18-900-normal.woff2                14.33 kB
build/client/assets/noto-sans-jp-65-200-normal.woff                      14.33 kB
build/client/assets/noto-serif-jp-62-400-normal.woff2                    14.34 kB
build/client/assets/m-plus-rounded-1c-45-900-normal.woff                 14.34 kB
build/client/assets/noto-sans-jp-65-700-normal.woff                      14.34 kB
build/client/assets/m-plus-rounded-1c-62-900-normal.woff2                14.34 kB
build/client/assets/noto-serif-jp-69-400-normal.woff2                    14.35 kB
build/client/assets/m-plus-rounded-1c-104-300-normal.woff                14.35 kB
build/client/assets/m-plus-rounded-1c-101-700-normal.woff                14.35 kB
build/client/assets/m-plus-rounded-1c-88-300-normal.woff                 14.35 kB
build/client/assets/noto-sans-jp-65-300-normal.woff                      14.36 kB
build/client/assets/noto-serif-jp-112-700-normal.woff                    14.36 kB
build/client/assets/m-plus-rounded-1c-22-300-normal.woff2                14.36 kB
build/client/assets/m-plus-rounded-1c-109-800-normal.woff                14.36 kB
build/client/assets/noto-sans-jp-71-500-normal.woff                      14.36 kB
build/client/assets/m-plus-rounded-1c-46-700-normal.woff2                14.36 kB
build/client/assets/noto-serif-jp-70-400-normal.woff2                    14.36 kB
build/client/assets/yomogi-87-400-normal.woff2                           14.36 kB
build/client/assets/m-plus-rounded-1c-47-800-normal.woff                 14.36 kB
build/client/assets/noto-sans-jp-65-600-normal.woff                      14.38 kB
build/client/assets/m-plus-rounded-1c-7-700-normal.woff2                 14.38 kB
build/client/assets/noto-serif-jp-110-300-normal.woff                    14.38 kB
build/client/assets/noto-serif-jp-100-700-normal.woff2                   14.39 kB
build/client/assets/yomogi-3-400-normal.woff                             14.39 kB
build/client/assets/m-plus-rounded-1c-37-300-normal.woff2                14.39 kB
build/client/assets/m-plus-rounded-1c-60-300-normal.woff2                14.40 kB
build/client/assets/m-plus-rounded-1c-63-300-normal.woff                 14.40 kB
build/client/assets/m-plus-rounded-1c-40-300-normal.woff2                14.40 kB
build/client/assets/m-plus-rounded-1c-25-900-normal.woff2                14.40 kB
build/client/assets/yomogi-70-400-normal.woff2                           14.40 kB
build/client/assets/noto-serif-jp-78-800-normal.woff2                    14.41 kB
build/client/assets/m-plus-rounded-1c-65-300-normal.woff2                14.41 kB
build/client/assets/m-plus-rounded-1c-112-700-normal.woff                14.41 kB
build/client/assets/noto-sans-jp-65-400-normal.woff                      14.41 kB
build/client/assets/noto-sans-jp-65-500-normal.woff                      14.41 kB
build/client/assets/m-plus-rounded-1c-cyrillic-ext-400-normal.woff       14.42 kB
build/client/assets/m-plus-rounded-1c-82-700-normal.woff2                14.43 kB
build/client/assets/m-plus-rounded-1c-100-700-normal.woff2               14.44 kB
build/client/assets/noto-serif-jp-112-800-normal.woff                    14.44 kB
build/client/assets/m-plus-rounded-1c-11-800-normal.woff2                14.44 kB
build/client/assets/noto-serif-jp-116-300-normal.woff                    14.44 kB
build/client/assets/noto-sans-jp-61-100-normal.woff                      14.44 kB
build/client/assets/noto-serif-jp-107-300-normal.woff                    14.44 kB
build/client/assets/noto-serif-jp-71-300-normal.woff2                    14.45 kB
build/client/assets/m-plus-rounded-1c-31-400-normal.woff2                14.46 kB
build/client/assets/m-plus-rounded-1c-90-800-normal.woff2                14.46 kB
build/client/assets/m-plus-rounded-1c-77-900-normal.woff2                14.46 kB
build/client/assets/m-plus-rounded-1c-89-300-normal.woff                 14.46 kB
build/client/assets/yomogi-112-400-normal.woff2                          14.46 kB
build/client/assets/m-plus-rounded-1c-38-300-normal.woff2                14.46 kB
build/client/assets/m-plus-rounded-1c-44-800-normal.woff2                14.46 kB
build/client/assets/yomogi-71-400-normal.woff2                           14.46 kB
build/client/assets/m-plus-rounded-1c-108-800-normal.woff2               14.47 kB
build/client/assets/noto-serif-jp-62-500-normal.woff2                    14.47 kB
build/client/assets/m-plus-rounded-1c-73-500-normal.woff2                14.48 kB
build/client/assets/noto-serif-jp-69-500-normal.woff2                    14.48 kB
build/client/assets/m-plus-rounded-1c-99-900-normal.woff2                14.48 kB
build/client/assets/m-plus-rounded-1c-61-100-normal.woff                 14.48 kB
build/client/assets/m-plus-rounded-1c-31-500-normal.woff2                14.48 kB
build/client/assets/noto-serif-jp-70-500-normal.woff2                    14.48 kB
build/client/assets/m-plus-rounded-1c-112-800-normal.woff                14.48 kB
build/client/assets/m-plus-rounded-1c-70-900-normal.woff2                14.49 kB
build/client/assets/m-plus-rounded-1c-11-300-normal.woff                 14.49 kB
build/client/assets/m-plus-rounded-1c-77-500-normal.woff2                14.50 kB
build/client/assets/m-plus-rounded-1c-83-800-normal.woff2                14.50 kB
build/client/assets/m-plus-rounded-1c-96-300-normal.woff                 14.50 kB
build/client/assets/noto-serif-jp-110-400-normal.woff                    14.51 kB
build/client/assets/m-plus-rounded-1c-46-800-normal.woff2                14.51 kB
build/client/assets/noto-serif-jp-69-900-normal.woff2                    14.51 kB
build/client/assets/m-plus-rounded-1c-7-800-normal.woff2                 14.52 kB
build/client/assets/noto-serif-jp-62-600-normal.woff2                    14.52 kB
build/client/assets/m-plus-rounded-1c-105-300-normal.woff                14.52 kB
build/client/assets/m-plus-2-20-wght-normal.woff2                        14.52 kB
build/client/assets/m-plus-rounded-1c-79-900-normal.woff2                14.52 kB
build/client/assets/noto-serif-jp-62-900-normal.woff2                    14.52 kB
build/client/assets/yomogi-75-400-normal.woff2                           14.52 kB
build/client/assets/noto-serif-jp-111-200-normal.woff                    14.52 kB
build/client/assets/noto-serif-jp-100-800-normal.woff2                   14.52 kB
build/client/assets/m-plus-rounded-1c-101-800-normal.woff                14.52 kB
build/client/assets/noto-sans-jp-72-900-normal.woff                      14.52 kB
build/client/assets/noto-serif-jp-107-400-normal.woff                    14.52 kB
build/client/assets/m-plus-rounded-1c-94-800-normal.woff2                14.53 kB
build/client/assets/yomogi-77-400-normal.woff2                           14.53 kB
build/client/assets/m-plus-rounded-1c-18-500-normal.woff2                14.53 kB
build/client/assets/m-plus-rounded-1c-111-400-normal.woff                14.53 kB
build/client/assets/noto-serif-jp-69-600-normal.woff2                    14.54 kB
build/client/assets/noto-serif-jp-103-200-normal.woff                    14.54 kB
build/client/assets/m-plus-rounded-1c-93-300-normal.woff                 14.54 kB
build/client/assets/yomogi-110-400-normal.woff2                          14.54 kB
build/client/assets/m-plus-rounded-1c-86-500-normal.woff                 14.54 kB
build/client/assets/m-plus-rounded-1c-95-400-normal.woff                 14.55 kB
build/client/assets/m-plus-rounded-1c-111-500-normal.woff                14.56 kB
build/client/assets/m-plus-rounded-1c-87-700-normal.woff2                14.56 kB
build/client/assets/noto-serif-jp-70-600-normal.woff2                    14.56 kB
build/client/assets/m-plus-rounded-1c-74-300-normal.woff                 14.56 kB
build/client/assets/m-plus-rounded-1c-62-700-normal.woff2                14.56 kB
build/client/assets/m-plus-rounded-1c-9-400-normal.woff                  14.56 kB
build/client/assets/m-plus-rounded-1c-28-700-normal.woff                 14.56 kB
build/client/assets/m-plus-rounded-1c-19-900-normal.woff                 14.56 kB
build/client/assets/m-plus-rounded-1c-16-700-normal.woff2                14.57 kB
build/client/assets/m-plus-rounded-1c-97-400-normal.woff                 14.57 kB
build/client/assets/m-plus-rounded-1c-19-400-normal.woff                 14.57 kB
build/client/assets/m-plus-rounded-1c-22-100-normal.woff                 14.57 kB
build/client/assets/m-plus-rounded-1c-72-100-normal.woff                 14.57 kB
build/client/assets/noto-serif-jp-70-900-normal.woff2                    14.57 kB
build/client/assets/m-plus-rounded-1c-45-700-normal.woff                 14.58 kB
build/client/assets/noto-serif-jp-116-400-normal.woff                    14.59 kB
build/client/assets/m-plus-rounded-1c-78-500-normal.woff2                14.60 kB
build/client/assets/noto-serif-jp-70-700-normal.woff2                    14.60 kB
build/client/assets/noto-serif-jp-110-500-normal.woff                    14.60 kB
build/client/assets/m-plus-rounded-1c-119-100-normal.woff2               14.61 kB
build/client/assets/noto-sans-jp-61-400-normal.woff                      14.61 kB
build/client/assets/m-plus-rounded-1c-97-500-normal.woff                 14.61 kB
build/client/assets/m-plus-rounded-1c-28-800-normal.woff                 14.61 kB
build/client/assets/noto-sans-jp-61-200-normal.woff                      14.61 kB
build/client/assets/m-plus-rounded-1c-107-400-normal.woff                14.62 kB
build/client/assets/m-plus-rounded-1c-69-700-normal.woff2                14.63 kB
build/client/assets/noto-serif-jp-62-700-normal.woff2                    14.63 kB
build/client/assets/noto-serif-jp-110-600-normal.woff                    14.63 kB
build/client/assets/noto-serif-jp-71-900-normal.woff2                    14.63 kB
build/client/assets/yomogi-100-400-normal.woff2                          14.63 kB
build/client/assets/noto-serif-jp-70-800-normal.woff2                    14.65 kB
build/client/assets/noto-sans-jp-61-500-normal.woff                      14.65 kB
build/client/assets/m-plus-rounded-1c-85-400-normal.woff                 14.65 kB
build/client/assets/m-plus-rounded-1c-19-500-normal.woff                 14.65 kB
build/client/assets/yomogi-111-400-normal.woff2                          14.65 kB
build/client/assets/m-plus-rounded-1c-86-900-normal.woff                 14.65 kB
build/client/assets/noto-sans-jp-72-800-normal.woff                      14.65 kB
build/client/assets/noto-serif-jp-116-900-normal.woff                    14.65 kB
build/client/assets/m-plus-rounded-1c-73-900-normal.woff2                14.66 kB
build/client/assets/noto-serif-jp-71-400-normal.woff2                    14.66 kB
build/client/assets/noto-serif-jp-116-500-normal.woff                    14.66 kB
build/client/assets/noto-serif-jp-110-900-normal.woff                    14.66 kB
build/client/assets/m-plus-rounded-1c-16-800-normal.woff2                14.66 kB
build/client/assets/m-plus-rounded-1c-66-300-normal.woff                 14.66 kB
build/client/assets/noto-sans-jp-61-300-normal.woff                      14.66 kB
build/client/assets/noto-serif-jp-95-200-normal.woff                     14.66 kB
build/client/assets/m-plus-rounded-1c-37-100-normal.woff                 14.67 kB
build/client/assets/noto-sans-jp-61-600-normal.woff                      14.67 kB
build/client/assets/noto-serif-jp-61-200-normal.woff2                    14.67 kB
build/client/assets/m-plus-rounded-1c-103-300-normal.woff                14.68 kB
build/client/assets/m-plus-rounded-1c-84-300-normal.woff                 14.68 kB
build/client/assets/m-plus-rounded-1c-49-800-normal.woff2                14.69 kB
build/client/assets/noto-sans-jp-61-700-normal.woff                      14.69 kB
build/client/assets/noto-serif-jp-116-600-normal.woff                    14.69 kB
build/client/assets/m-plus-rounded-1c-42-300-normal.woff                 14.70 kB
build/client/assets/noto-serif-jp-62-800-normal.woff2                    14.70 kB
build/client/assets/m-plus-rounded-1c-97-900-normal.woff                 14.70 kB
build/client/assets/m-plus-rounded-1c-87-800-normal.woff2                14.70 kB
build/client/assets/m-plus-rounded-1c-68-100-normal.woff                 14.70 kB
build/client/assets/noto-serif-jp-69-700-normal.woff2                    14.70 kB
build/client/assets/m-plus-rounded-1c-36-700-normal.woff2                14.70 kB
build/client/assets/m-plus-rounded-1c-60-100-normal.woff                 14.70 kB
build/client/assets/noto-sans-jp-72-700-normal.woff                      14.70 kB
build/client/assets/m-plus-rounded-1c-17-400-normal.woff2                14.71 kB
build/client/assets/m-plus-rounded-1c-62-800-normal.woff2                14.71 kB
build/client/assets/m-plus-rounded-1c-102-400-normal.woff                14.72 kB
build/client/assets/m-plus-rounded-1c-80-300-normal.woff                 14.72 kB
build/client/assets/noto-sans-jp-61-800-normal.woff                      14.72 kB
build/client/assets/noto-serif-jp-107-500-normal.woff                    14.72 kB
build/client/assets/m-plus-rounded-1c-82-800-normal.woff2                14.72 kB
build/client/assets/noto-sans-jp-61-900-normal.woff                      14.73 kB
build/client/assets/noto-serif-jp-116-700-normal.woff                    14.73 kB
build/client/assets/noto-serif-jp-68-200-normal.woff2                    14.74 kB
build/client/assets/noto-serif-jp-110-700-normal.woff                    14.74 kB
build/client/assets/m-plus-rounded-1c-88-400-normal.woff                 14.74 kB
build/client/assets/m-plus-rounded-1c-70-700-normal.woff2                14.76 kB
build/client/assets/m-plus-rounded-1c-8-300-normal.woff                  14.76 kB
build/client/assets/m-plus-rounded-1c-48-300-normal.woff                 14.76 kB
build/client/assets/m-plus-rounded-1c-98-300-normal.woff                 14.76 kB
build/client/assets/noto-serif-jp-69-800-normal.woff2                    14.76 kB
build/client/assets/m-plus-rounded-1c-45-800-normal.woff                 14.76 kB
build/client/assets/noto-serif-jp-111-400-normal.woff                    14.76 kB
build/client/assets/noto-serif-jp-102-200-normal.woff                    14.76 kB
build/client/assets/noto-serif-jp-107-600-normal.woff                    14.76 kB
build/client/assets/m-plus-rounded-1c-106-700-normal.woff2               14.77 kB
build/client/assets/m-plus-rounded-1c-81-300-normal.woff                 14.77 kB
build/client/assets/noto-sans-jp-72-600-normal.woff                      14.77 kB
build/client/assets/noto-serif-jp-110-800-normal.woff                    14.77 kB
build/client/assets/m-plus-rounded-1c-99-700-normal.woff2                14.77 kB
build/client/assets/noto-serif-jp-65-200-normal.woff2                    14.78 kB
build/client/assets/noto-serif-jp-72-200-normal.woff2                    14.78 kB
build/client/assets/noto-serif-jp-71-500-normal.woff2                    14.78 kB
build/client/assets/m-plus-rounded-1c-75-300-normal.woff                 14.79 kB
build/client/assets/noto-sans-jp-72-500-normal.woff                      14.79 kB
build/client/assets/m-plus-rounded-1c-100-800-normal.woff2               14.79 kB
build/client/assets/noto-serif-jp-111-300-normal.woff                    14.79 kB
build/client/assets/m-plus-rounded-1c-14-300-normal.woff2                14.80 kB
build/client/assets/m-plus-rounded-1c-106-800-normal.woff2               14.80 kB
build/client/assets/m-plus-rounded-1c-107-500-normal.woff                14.80 kB
build/client/assets/m-plus-rounded-1c-79-700-normal.woff2                14.80 kB
build/client/assets/m-plus-rounded-1c-32-300-normal.woff2                14.81 kB
build/client/assets/noto-serif-jp-71-600-normal.woff2                    14.81 kB
build/client/assets/m-plus-rounded-1c-71-300-normal.woff                 14.82 kB
build/client/assets/noto-sans-jp-72-400-normal.woff                      14.82 kB
build/client/assets/m-plus-rounded-1c-27-300-normal.woff                 14.83 kB
build/client/assets/noto-serif-jp-111-500-normal.woff                    14.83 kB
build/client/assets/noto-serif-jp-116-800-normal.woff                    14.83 kB
build/client/assets/noto-sans-jp-72-100-normal.woff                      14.83 kB
build/client/assets/m-plus-rounded-1c-77-700-normal.woff2                14.84 kB
build/client/assets/m-plus-rounded-1c-25-800-normal.woff2                14.85 kB
build/client/assets/noto-serif-jp-103-400-normal.woff                    14.85 kB
build/client/assets/m-plus-rounded-1c-78-900-normal.woff2                14.86 kB
build/client/assets/noto-serif-jp-103-300-normal.woff                    14.86 kB
build/client/assets/m-plus-rounded-1c-65-100-normal.woff                 14.86 kB
build/client/assets/m-plus-rounded-1c-68-400-normal.woff2                14.86 kB
build/client/assets/m-plus-rounded-1c-72-400-normal.woff2                14.86 kB
build/client/assets/m-plus-rounded-1c-104-400-normal.woff                14.86 kB
build/client/assets/m-plus-rounded-1c-102-500-normal.woff                14.86 kB
build/client/assets/m-plus-rounded-1c-9-500-normal.woff                  14.87 kB
build/client/assets/m-plus-rounded-1c-43-700-normal.woff2                14.88 kB
build/client/assets/m-plus-rounded-1c-63-400-normal.woff                 14.88 kB
build/client/assets/m-plus-rounded-1c-111-900-normal.woff                14.88 kB
build/client/assets/noto-serif-jp-95-300-normal.woff                     14.88 kB
build/client/assets/m-plus-rounded-1c-69-800-normal.woff2                14.89 kB
build/client/assets/m-plus-rounded-1c-76-300-normal.woff                 14.90 kB
build/client/assets/m-plus-rounded-1c-85-500-normal.woff                 14.90 kB
build/client/assets/noto-serif-jp-97-200-normal.woff                     14.90 kB
build/client/assets/m-plus-rounded-1c-92-300-normal.woff                 14.90 kB
build/client/assets/m-plus-rounded-1c-12-500-normal.woff                 14.91 kB
build/client/assets/m-plus-rounded-1c-88-900-normal.woff                 14.91 kB
build/client/assets/noto-sans-jp-72-200-normal.woff                      14.91 kB
build/client/assets/m-plus-rounded-1c-70-800-normal.woff2                14.92 kB
build/client/assets/m-plus-rounded-1c-40-400-normal.woff2                14.92 kB
build/client/assets/m-plus-rounded-1c-64-300-normal.woff2                14.92 kB
build/client/assets/m-plus-rounded-1c-25-700-normal.woff2                14.92 kB
build/client/assets/m-plus-rounded-1c-86-700-normal.woff                 14.92 kB
build/client/assets/noto-sans-jp-72-300-normal.woff                      14.92 kB
build/client/assets/noto-serif-jp-107-900-normal.woff                    14.92 kB
build/client/assets/noto-serif-jp-71-700-normal.woff2                    14.93 kB
build/client/assets/m-plus-rounded-1c-18-700-normal.woff2                14.93 kB
build/client/assets/noto-serif-jp-107-700-normal.woff                    14.93 kB
build/client/assets/noto-serif-jp-95-400-normal.woff                     14.94 kB
build/client/assets/noto-sans-jp-68-100-normal.woff                      14.94 kB
build/client/assets/m-plus-rounded-1c-24-300-normal.woff2                14.96 kB
build/client/assets/noto-serif-jp-111-600-normal.woff                    14.96 kB
build/client/assets/noto-serif-jp-111-700-normal.woff                    14.96 kB
build/client/assets/m-plus-rounded-1c-73-700-normal.woff2                14.96 kB
build/client/assets/m-plus-rounded-1c-88-500-normal.woff                 14.96 kB
build/client/assets/m-plus-rounded-1c-77-800-normal.woff2                14.97 kB
build/client/assets/noto-serif-jp-95-500-normal.woff                     14.97 kB
build/client/assets/yomogi-78-400-normal.woff2                           14.98 kB
build/client/assets/noto-serif-jp-61-300-normal.woff2                    14.98 kB
build/client/assets/m-plus-rounded-1c-95-500-normal.woff                 14.98 kB
build/client/assets/m-plus-rounded-1c-93-400-normal.woff                 14.98 kB
build/client/assets/noto-serif-jp-95-600-normal.woff                     14.98 kB
build/client/assets/m-plus-rounded-1c-89-400-normal.woff                 14.99 kB
build/client/assets/noto-serif-jp-95-700-normal.woff                     15.00 kB
build/client/assets/m-plus-rounded-1c-31-900-normal.woff2                15.00 kB
build/client/assets/noto-serif-jp-95-900-normal.woff                     15.00 kB
build/client/assets/m-plus-rounded-1c-61-400-normal.woff2                15.01 kB
build/client/assets/m-plus-rounded-1c-43-800-normal.woff2                15.01 kB
build/client/assets/noto-serif-jp-105-200-normal.woff                    15.01 kB
build/client/assets/noto-serif-jp-71-800-normal.woff2                    15.01 kB
build/client/assets/noto-sans-jp-68-900-normal.woff                      15.02 kB
build/client/assets/m-plus-rounded-1c-17-500-normal.woff2                15.02 kB
build/client/assets/m-plus-rounded-1c-86-800-normal.woff                 15.03 kB
build/client/assets/noto-serif-jp-103-500-normal.woff                    15.03 kB
build/client/assets/noto-serif-jp-111-900-normal.woff                    15.03 kB
build/client/assets/noto-sans-jp-68-400-normal.woff                      15.04 kB
build/client/assets/noto-sans-jp-68-700-normal.woff                      15.04 kB
build/client/assets/noto-serif-jp-96-200-normal.woff                     15.04 kB
build/client/assets/m-plus-rounded-1c-79-800-normal.woff2                15.04 kB
build/client/assets/noto-serif-jp-102-300-normal.woff                    15.04 kB
build/client/assets/yomogi-95-400-normal.woff                            15.04 kB
build/client/assets/noto-serif-jp-102-400-normal.woff                    15.04 kB
build/client/assets/noto-serif-jp-107-800-normal.woff                    15.04 kB
build/client/assets/m-plus-rounded-1c-14-100-normal.woff                 15.05 kB
build/client/assets/m-plus-rounded-1c-97-700-normal.woff                 15.05 kB
build/client/assets/noto-serif-jp-81-200-normal.woff                     15.05 kB
build/client/assets/m-plus-rounded-1c-36-800-normal.woff2                15.05 kB
build/client/assets/noto-serif-jp-72-300-normal.woff2                    15.06 kB
build/client/assets/m-plus-rounded-1c-19-700-normal.woff                 15.06 kB
build/client/assets/noto-sans-jp-68-300-normal.woff                      15.06 kB
build/client/assets/m-plus-rounded-1c-99-800-normal.woff2                15.06 kB
build/client/assets/m-plus-rounded-1c-93-500-normal.woff                 15.06 kB
build/client/assets/noto-sans-jp-68-200-normal.woff                      15.06 kB
build/client/assets/noto-sans-jp-68-600-normal.woff                      15.08 kB
build/client/assets/noto-serif-jp-103-600-normal.woff                    15.08 kB
build/client/assets/noto-serif-jp-111-800-normal.woff                    15.08 kB
build/client/assets/m-plus-rounded-1c-40-500-normal.woff2                15.08 kB
build/client/assets/m-plus-rounded-1c-78-700-normal.woff2                15.08 kB
build/client/assets/m-plus-rounded-1c-59-900-normal.woff                 15.08 kB
build/client/assets/m-plus-rounded-1c-9-900-normal.woff                  15.09 kB
build/client/assets/noto-sans-jp-68-500-normal.woff                      15.09 kB
build/client/assets/yomogi-65-400-normal.woff2                           15.09 kB
build/client/assets/m-plus-rounded-1c-107-900-normal.woff                15.10 kB
build/client/assets/noto-sans-jp-68-800-normal.woff                      15.10 kB
build/client/assets/noto-serif-jp-95-800-normal.woff                     15.10 kB
build/client/assets/m-plus-rounded-1c-67-300-normal.woff                 15.10 kB
build/client/assets/m-plus-rounded-1c-10-100-normal.woff                 15.11 kB
build/client/assets/m-plus-rounded-1c-59-300-normal.woff                 15.11 kB
build/client/assets/m-plus-rounded-1c-60-400-normal.woff2                15.11 kB
build/client/assets/m-plus-rounded-1c-85-900-normal.woff                 15.11 kB
build/client/assets/m-plus-rounded-1c-89-500-normal.woff                 15.12 kB
build/client/assets/m-plus-rounded-1c-97-800-normal.woff                 15.12 kB
build/client/assets/m-plus-rounded-1c-74-400-normal.woff                 15.12 kB
build/client/assets/m-plus-rounded-1c-95-900-normal.woff                 15.12 kB
build/client/assets/m-plus-rounded-1c-18-800-normal.woff2                15.13 kB
build/client/assets/m-plus-rounded-1c-104-500-normal.woff                15.13 kB
build/client/assets/m-plus-rounded-1c-105-400-normal.woff                15.13 kB
build/client/assets/yomogi-114-400-normal.woff                           15.13 kB
build/client/assets/m-plus-rounded-1c-37-400-normal.woff2                15.14 kB
build/client/assets/noto-serif-jp-61-400-normal.woff2                    15.14 kB
build/client/assets/m-plus-rounded-1c-111-700-normal.woff                15.14 kB
build/client/assets/yomogi-105-400-normal.woff2                          15.14 kB
build/client/assets/noto-serif-jp-65-300-normal.woff2                    15.14 kB
build/client/assets/noto-serif-jp-104-200-normal.woff                    15.14 kB
build/client/assets/m-plus-rounded-1c-91-300-normal.woff                 15.15 kB
build/client/assets/m-plus-rounded-1c-63-500-normal.woff                 15.15 kB
build/client/assets/m-plus-rounded-1c-66-900-normal.woff                 15.15 kB
build/client/assets/m-plus-rounded-1c-30-100-normal.woff                 15.16 kB
build/client/assets/m-plus-rounded-1c-73-800-normal.woff2                15.16 kB
build/client/assets/m-plus-rounded-1c-17-900-normal.woff2                15.16 kB
build/client/assets/m-plus-rounded-1c-90-300-normal.woff                 15.16 kB
build/client/assets/noto-serif-jp-97-300-normal.woff                     15.16 kB
build/client/assets/m-plus-rounded-1c-22-400-normal.woff2                15.17 kB
build/client/assets/noto-serif-jp-103-700-normal.woff                    15.17 kB
build/client/assets/noto-serif-jp-65-400-normal.woff2                    15.17 kB
build/client/assets/m-plus-rounded-1c-96-400-normal.woff                 15.17 kB
build/client/assets/noto-serif-jp-102-500-normal.woff                    15.17 kB
build/client/assets/noto-serif-jp-88-200-normal.woff                     15.18 kB
build/client/assets/noto-serif-jp-102-600-normal.woff                    15.18 kB
build/client/assets/m-plus-rounded-1c-48-400-normal.woff                 15.18 kB
build/client/assets/noto-serif-jp-93-200-normal.woff                     15.18 kB
build/client/assets/m-plus-rounded-1c-68-500-normal.woff2                15.19 kB
build/client/assets/yomogi-latin-ext-400-normal.woff                     15.19 kB
build/client/assets/m-plus-rounded-1c-65-400-normal.woff2                15.20 kB
build/client/assets/m-plus-rounded-1c-12-400-normal.woff                 15.20 kB
build/client/assets/noto-serif-jp-72-400-normal.woff2                    15.20 kB
build/client/assets/m-plus-rounded-1c-93-900-normal.woff                 15.21 kB
build/client/assets/noto-serif-jp-97-400-normal.woff                     15.21 kB
build/client/assets/yomogi-86-400-normal.woff                            15.21 kB
build/client/assets/noto-serif-jp-68-300-normal.woff2                    15.22 kB
build/client/assets/m-plus-rounded-1c-19-800-normal.woff                 15.22 kB
build/client/assets/m-plus-rounded-1c-111-800-normal.woff                15.22 kB
build/client/assets/yomogi-73-400-normal.woff2                           15.22 kB
build/client/assets/m-plus-rounded-1c-64-100-normal.woff                 15.23 kB
build/client/assets/m-plus-rounded-1c-38-400-normal.woff2                15.23 kB
build/client/assets/m-plus-rounded-1c-63-900-normal.woff                 15.24 kB
build/client/assets/yomogi-63-400-normal.woff                            15.24 kB
build/client/assets/m-plus-rounded-1c-40-900-normal.woff2                15.25 kB
build/client/assets/m-plus-rounded-1c-84-400-normal.woff                 15.25 kB
build/client/assets/noto-serif-jp-61-500-normal.woff2                    15.25 kB
build/client/assets/m-plus-rounded-1c-102-900-normal.woff                15.26 kB
build/client/assets/m-plus-rounded-1c-33-400-normal.woff                 15.26 kB
build/client/assets/noto-serif-jp-61-600-normal.woff2                    15.26 kB
build/client/assets/m-plus-rounded-1c-42-900-normal.woff                 15.27 kB
build/client/assets/noto-serif-jp-74-200-normal.woff                     15.27 kB
build/client/assets/noto-serif-jp-102-700-normal.woff                    15.27 kB
build/client/assets/m-plus-rounded-1c-61-900-normal.woff2                15.28 kB
build/client/assets/m-plus-rounded-1c-80-400-normal.woff                 15.28 kB
build/client/assets/m-plus-rounded-1c-108-300-normal.woff                15.28 kB
build/client/assets/m-plus-rounded-1c-61-500-normal.woff2                15.28 kB
build/client/assets/m-plus-rounded-1c-78-800-normal.woff2                15.28 kB
build/client/assets/m-plus-rounded-1c-94-300-normal.woff                 15.29 kB
build/client/assets/noto-serif-jp-102-900-normal.woff                    15.29 kB
build/client/assets/m-plus-rounded-1c-8-500-normal.woff                  15.29 kB
build/client/assets/noto-serif-jp-103-800-normal.woff                    15.29 kB
build/client/assets/m-plus-rounded-1c-92-400-normal.woff                 15.30 kB
build/client/assets/m-plus-rounded-1c-95-700-normal.woff                 15.30 kB
build/client/assets/noto-serif-jp-86-200-normal.woff                     15.30 kB
build/client/assets/m-plus-rounded-1c-38-900-normal.woff2                15.30 kB
build/client/assets/noto-serif-jp-81-400-normal.woff                     15.30 kB
build/client/assets/m-plus-rounded-1c-66-400-normal.woff                 15.30 kB
build/client/assets/m-plus-rounded-1c-98-400-normal.woff                 15.30 kB
build/client/assets/m-plus-rounded-1c-68-900-normal.woff2                15.31 kB
build/client/assets/noto-serif-jp-97-900-normal.woff                     15.31 kB
build/client/assets/m-plus-rounded-1c-71-400-normal.woff                 15.31 kB
build/client/assets/noto-serif-jp-105-300-normal.woff                    15.32 kB
build/client/assets/noto-serif-jp-89-200-normal.woff                     15.32 kB
build/client/assets/m-plus-rounded-1c-23-100-normal.woff                 15.32 kB
build/client/assets/noto-serif-jp-65-900-normal.woff2                    15.32 kB
build/client/assets/m-plus-rounded-1c-107-700-normal.woff                15.32 kB
build/client/assets/noto-serif-jp-97-500-normal.woff                     15.32 kB
build/client/assets/m-plus-rounded-1c-26-300-normal.woff2                15.33 kB
build/client/assets/noto-serif-jp-68-400-normal.woff2                    15.33 kB
build/client/assets/m-plus-rounded-1c-96-500-normal.woff                 15.33 kB
build/client/assets/noto-serif-jp-65-500-normal.woff2                    15.34 kB
build/client/assets/noto-serif-jp-61-700-normal.woff2                    15.34 kB
build/client/assets/m-plus-rounded-1c-48-500-normal.woff                 15.34 kB
build/client/assets/m-plus-rounded-1c-59-400-normal.woff                 15.34 kB
build/client/assets/noto-serif-jp-81-300-normal.woff                     15.35 kB
build/client/assets/noto-serif-jp-103-900-normal.woff                    15.35 kB
build/client/assets/m-plus-rounded-1c-81-400-normal.woff                 15.36 kB
build/client/assets/m-plus-rounded-1c-85-700-normal.woff                 15.36 kB
build/client/assets/m-plus-rounded-1c-32-400-normal.woff2                15.36 kB
build/client/assets/m-plus-rounded-1c-38-500-normal.woff2                15.36 kB
build/client/assets/m-plus-rounded-1c-33-500-normal.woff                 15.36 kB
build/client/assets/noto-serif-jp-102-800-normal.woff                    15.36 kB
build/client/assets/m-plus-rounded-1c-26-100-normal.woff                 15.38 kB
build/client/assets/m-plus-rounded-1c-48-900-normal.woff                 15.38 kB
build/client/assets/m-plus-rounded-1c-71-500-normal.woff                 15.38 kB
build/client/assets/m-plus-rounded-1c-103-400-normal.woff                15.39 kB
build/client/assets/noto-serif-jp-72-600-normal.woff2                    15.39 kB
build/client/assets/noto-serif-jp-97-600-normal.woff                     15.39 kB
build/client/assets/yomogi-101-400-normal.woff                           15.39 kB
build/client/assets/m-plus-rounded-1c-10-300-normal.woff2                15.40 kB
build/client/assets/m-plus-rounded-1c-66-500-normal.woff                 15.40 kB
build/client/assets/m-plus-rounded-1c-82-300-normal.woff                 15.40 kB
build/client/assets/m-plus-rounded-1c-59-500-normal.woff                 15.40 kB
build/client/assets/noto-serif-jp-61-900-normal.woff2                    15.40 kB
build/client/assets/m-plus-rounded-1c-107-800-normal.woff                15.40 kB
build/client/assets/noto-serif-jp-76-200-normal.woff                     15.40 kB
build/client/assets/m-plus-rounded-1c-8-400-normal.woff                  15.40 kB
build/client/assets/m-plus-rounded-1c-104-900-normal.woff                15.40 kB
build/client/assets/m-plus-2-50-wght-normal.woff2                        15.41 kB
build/client/assets/m-plus-rounded-1c-72-500-normal.woff2                15.41 kB
build/client/assets/noto-serif-jp-72-500-normal.woff2                    15.41 kB
build/client/assets/m-plus-rounded-1c-63-700-normal.woff                 15.41 kB
build/client/assets/m-plus-rounded-1c-92-900-normal.woff                 15.41 kB
build/client/assets/m-plus-rounded-1c-37-900-normal.woff2                15.42 kB
build/client/assets/noto-sans-jp-64-900-normal.woff                      15.42 kB
build/client/assets/noto-serif-jp-108-200-normal.woff                    15.42 kB
build/client/assets/m-plus-rounded-1c-42-400-normal.woff                 15.42 kB
build/client/assets/m-plus-rounded-1c-88-800-normal.woff                 15.42 kB
build/client/assets/m-plus-rounded-1c-9-700-normal.woff                  15.43 kB
build/client/assets/m-plus-rounded-1c-27-400-normal.woff                 15.44 kB
build/client/assets/noto-serif-jp-97-700-normal.woff                     15.44 kB
build/client/assets/m-plus-rounded-1c-15-300-normal.woff2                15.44 kB
build/client/assets/m-plus-rounded-1c-34-100-normal.woff                 15.44 kB
build/client/assets/noto-serif-jp-72-900-normal.woff2                    15.44 kB
build/client/assets/m-plus-rounded-1c-32-500-normal.woff2                15.44 kB
build/client/assets/noto-serif-jp-96-300-normal.woff                     15.44 kB
build/client/assets/noto-serif-jp-97-800-normal.woff                     15.44 kB
build/client/assets/noto-serif-jp-104-300-normal.woff                    15.45 kB
build/client/assets/noto-serif-jp-61-800-normal.woff2                    15.45 kB
build/client/assets/m-plus-rounded-1c-95-800-normal.woff                 15.45 kB
build/client/assets/noto-serif-jp-105-400-normal.woff                    15.45 kB
build/client/assets/noto-serif-jp-94-200-normal.woff                     15.45 kB
build/client/assets/m-plus-rounded-1c-83-300-normal.woff                 15.46 kB
build/client/assets/noto-serif-jp-64-200-normal.woff2                    15.46 kB
build/client/assets/noto-serif-jp-68-500-normal.woff2                    15.47 kB
build/client/assets/noto-serif-jp-65-700-normal.woff2                    15.47 kB
build/client/assets/m-plus-rounded-1c-88-700-normal.woff                 15.47 kB
build/client/assets/m-plus-rounded-1c-12-900-normal.woff                 15.47 kB
build/client/assets/noto-serif-jp-65-600-normal.woff2                    15.47 kB
build/client/assets/noto-sans-jp-64-800-normal.woff                      15.47 kB
build/client/assets/m-plus-rounded-1c-103-500-normal.woff                15.48 kB
build/client/assets/noto-serif-jp-93-300-normal.woff                     15.48 kB
build/client/assets/m-plus-rounded-1c-96-900-normal.woff                 15.48 kB
build/client/assets/m-plus-rounded-1c-105-500-normal.woff                15.48 kB
build/client/assets/m-plus-rounded-1c-102-700-normal.woff                15.48 kB
build/client/assets/noto-serif-jp-104-400-normal.woff                    15.48 kB
build/client/assets/noto-serif-jp-96-600-normal.woff                     15.48 kB
build/client/assets/noto-serif-jp-68-600-normal.woff2                    15.49 kB
build/client/assets/m-plus-rounded-1c-37-500-normal.woff2                15.49 kB
build/client/assets/m-plus-rounded-1c-74-900-normal.woff                 15.49 kB
build/client/assets/m-plus-rounded-1c-105-900-normal.woff                15.49 kB
build/client/assets/noto-serif-jp-93-400-normal.woff                     15.49 kB
build/client/assets/m-plus-rounded-1c-21-300-normal.woff2                15.50 kB
build/client/assets/noto-serif-jp-65-800-normal.woff2                    15.50 kB
build/client/assets/m-plus-rounded-1c-98-500-normal.woff                 15.50 kB
build/client/assets/noto-serif-jp-68-900-normal.woff2                    15.50 kB
build/client/assets/m-plus-rounded-1c-89-900-normal.woff                 15.50 kB
build/client/assets/noto-sans-jp-64-700-normal.woff                      15.50 kB
build/client/assets/m-plus-rounded-1c-30-300-normal.woff2                15.50 kB
build/client/assets/yomogi-108-400-normal.woff2                          15.50 kB
build/client/assets/m-plus-rounded-1c-62-300-normal.woff                 15.50 kB
build/client/assets/m-plus-rounded-1c-31-700-normal.woff2                15.51 kB
build/client/assets/m-plus-rounded-1c-76-400-normal.woff                 15.51 kB
build/client/assets/m-plus-rounded-1c-81-500-normal.woff                 15.51 kB
build/client/assets/noto-serif-jp-96-400-normal.woff                     15.51 kB
build/client/assets/noto-serif-jp-81-500-normal.woff                     15.51 kB
build/client/assets/noto-serif-jp-105-500-normal.woff                    15.51 kB
build/client/assets/m-plus-rounded-1c-33-900-normal.woff                 15.52 kB
build/client/assets/noto-sans-jp-64-100-normal.woff                      15.52 kB
build/client/assets/m-plus-rounded-1c-15-100-normal.woff                 15.52 kB
build/client/assets/m-plus-rounded-1c-8-900-normal.woff                  15.52 kB
build/client/assets/noto-serif-jp-86-300-normal.woff                     15.52 kB
build/client/assets/m-plus-rounded-1c-72-900-normal.woff2                15.53 kB
build/client/assets/m-plus-rounded-1c-92-500-normal.woff                 15.53 kB
build/client/assets/m-plus-rounded-1c-71-900-normal.woff                 15.53 kB
build/client/assets/noto-serif-jp-81-600-normal.woff                     15.53 kB
build/client/assets/m-plus-rounded-1c-7-300-normal.woff                  15.54 kB
build/client/assets/noto-serif-jp-104-500-normal.woff                    15.54 kB
build/client/assets/m-plus-rounded-1c-11-500-normal.woff                 15.54 kB
build/client/assets/m-plus-rounded-1c-27-900-normal.woff                 15.54 kB
build/client/assets/noto-serif-jp-96-500-normal.woff                     15.54 kB
build/client/assets/m-plus-rounded-1c-44-300-normal.woff                 15.54 kB
build/client/assets/m-plus-rounded-1c-74-500-normal.woff                 15.54 kB
build/client/assets/yomogi-93-400-normal.woff                            15.54 kB
build/client/assets/m-plus-rounded-1c-64-400-normal.woff2                15.55 kB
build/client/assets/yomogi-76-400-normal.woff                            15.55 kB
build/client/assets/noto-serif-jp-105-600-normal.woff                    15.56 kB
build/client/assets/m-plus-rounded-1c-42-500-normal.woff                 15.56 kB
build/client/assets/noto-serif-jp-93-500-normal.woff                     15.56 kB
build/client/assets/noto-serif-jp-93-600-normal.woff                     15.56 kB
build/client/assets/yomogi-85-400-normal.woff                            15.56 kB
build/client/assets/m-plus-rounded-1c-22-900-normal.woff2                15.56 kB
build/client/assets/m-plus-rounded-1c-11-400-normal.woff                 15.56 kB
build/client/assets/m-plus-rounded-1c-60-500-normal.woff2                15.57 kB
build/client/assets/m-plus-rounded-1c-84-500-normal.woff                 15.57 kB
build/client/assets/m-plus-rounded-1c-81-900-normal.woff                 15.57 kB
build/client/assets/m-plus-rounded-1c-61-700-normal.woff2                15.58 kB
build/client/assets/m-plus-rounded-1c-75-400-normal.woff                 15.58 kB
build/client/assets/noto-serif-jp-98-200-normal.woff                     15.58 kB
build/client/assets/noto-sans-jp-64-600-normal.woff                      15.58 kB
build/client/assets/noto-serif-jp-74-300-normal.woff                     15.58 kB
build/client/assets/noto-serif-jp-72-700-normal.woff2                    15.58 kB
build/client/assets/noto-serif-jp-108-300-normal.woff                    15.58 kB
build/client/assets/m-plus-rounded-1c-102-800-normal.woff                15.59 kB
build/client/assets/m-plus-rounded-1c-70-300-normal.woff                 15.59 kB
build/client/assets/noto-sans-jp-64-300-normal.woff                      15.59 kB
build/client/assets/m-plus-rounded-1c-21-100-normal.woff                 15.60 kB
build/client/assets/m-plus-rounded-1c-104-700-normal.woff                15.60 kB
build/client/assets/noto-serif-jp-105-900-normal.woff                    15.60 kB
build/client/assets/m-plus-rounded-1c-14-400-normal.woff2                15.60 kB
build/client/assets/m-plus-rounded-1c-103-900-normal.woff                15.60 kB
build/client/assets/noto-sans-jp-64-400-normal.woff                      15.60 kB
build/client/assets/noto-serif-jp-74-400-normal.woff                     15.60 kB
build/client/assets/noto-sans-jp-64-200-normal.woff                      15.61 kB
build/client/assets/noto-serif-jp-81-700-normal.woff                     15.61 kB
build/client/assets/noto-serif-jp-104-600-normal.woff                    15.61 kB
build/client/assets/noto-serif-jp-72-800-normal.woff2                    15.62 kB
build/client/assets/noto-serif-jp-86-400-normal.woff                     15.62 kB
build/client/assets/noto-serif-jp-88-300-normal.woff                     15.62 kB
build/client/assets/m-plus-rounded-1c-46-300-normal.woff                 15.62 kB
build/client/assets/noto-sans-jp-64-500-normal.woff                      15.62 kB
build/client/assets/m-plus-rounded-1c-85-800-normal.woff                 15.62 kB
build/client/assets/m-plus-rounded-1c-33-300-normal.woff                 15.63 kB
build/client/assets/m-plus-rounded-1c-84-900-normal.woff                 15.63 kB
build/client/assets/m-plus-rounded-1c-16-300-normal.woff                 15.64 kB
build/client/assets/m-plus-rounded-1c-63-800-normal.woff                 15.64 kB
build/client/assets/m-plus-rounded-1c-60-900-normal.woff2                15.64 kB
build/client/assets/m-plus-rounded-1c-22-500-normal.woff2                15.65 kB
build/client/assets/m-plus-rounded-1c-65-500-normal.woff2                15.65 kB
build/client/assets/m-plus-rounded-1c-67-400-normal.woff                 15.65 kB
build/client/assets/m-plus-rounded-1c-43-300-normal.woff                 15.65 kB
build/client/assets/m-plus-rounded-1c-80-500-normal.woff                 15.65 kB
build/client/assets/noto-serif-jp-93-700-normal.woff                     15.65 kB
build/client/assets/m-plus-rounded-1c-75-500-normal.woff                 15.66 kB
build/client/assets/noto-serif-jp-76-300-normal.woff                     15.66 kB
build/client/assets/noto-serif-jp-89-300-normal.woff                     15.66 kB
build/client/assets/m-plus-rounded-1c-59-700-normal.woff                 15.67 kB
build/client/assets/noto-serif-jp-93-900-normal.woff                     15.67 kB
build/client/assets/m-plus-rounded-1c-66-800-normal.woff                 15.67 kB
build/client/assets/noto-serif-jp-89-400-normal.woff                     15.67 kB
build/client/assets/m-plus-rounded-1c-89-700-normal.woff                 15.68 kB
build/client/assets/noto-serif-jp-104-900-normal.woff                    15.68 kB
build/client/assets/noto-serif-jp-68-700-normal.woff2                    15.68 kB
build/client/assets/m-plus-rounded-1c-71-700-normal.woff                 15.68 kB
build/client/assets/m-plus-rounded-1c-93-700-normal.woff                 15.68 kB
build/client/assets/noto-serif-jp-88-400-normal.woff                     15.68 kB
build/client/assets/m-plus-rounded-1c-68-700-normal.woff2                15.68 kB
build/client/assets/noto-serif-jp-108-400-normal.woff                    15.69 kB
build/client/assets/m-plus-rounded-1c-87-300-normal.woff                 15.69 kB
build/client/assets/noto-serif-jp-68-800-normal.woff2                    15.69 kB
build/client/assets/m-plus-rounded-1c-65-900-normal.woff2                15.70 kB
build/client/assets/noto-serif-jp-96-700-normal.woff                     15.70 kB
build/client/assets/m-plus-rounded-1c-59-800-normal.woff                 15.71 kB
build/client/assets/noto-serif-jp-86-500-normal.woff                     15.71 kB
build/client/assets/noto-serif-jp-93-800-normal.woff                     15.71 kB
build/client/assets/noto-serif-jp-90-200-normal.woff                     15.72 kB
build/client/assets/m-plus-rounded-1c-105-700-normal.woff                15.72 kB
build/client/assets/noto-serif-jp-81-900-normal.woff                     15.72 kB
build/client/assets/m-plus-rounded-1c-75-900-normal.woff                 15.72 kB
build/client/assets/noto-serif-jp-85-200-normal.woff                     15.72 kB
build/client/assets/m-plus-rounded-1c-9-800-normal.woff                  15.74 kB
build/client/assets/noto-serif-jp-81-800-normal.woff                     15.74 kB
build/client/assets/m-plus-rounded-1c-34-300-normal.woff2                15.74 kB
build/client/assets/noto-serif-jp-94-300-normal.woff                     15.74 kB
build/client/assets/noto-serif-jp-104-700-normal.woff                    15.74 kB
build/client/assets/m-plus-rounded-1c-66-700-normal.woff                 15.74 kB
build/client/assets/noto-serif-jp-105-800-normal.woff                    15.75 kB
build/client/assets/noto-serif-jp-91-200-normal.woff                     15.75 kB
build/client/assets/m-plus-rounded-1c-69-300-normal.woff                 15.76 kB
build/client/assets/yomogi-72-400-normal.woff2                           15.76 kB
build/client/assets/yomogi-80-400-normal.woff                            15.76 kB
build/client/assets/noto-serif-jp-63-200-normal.woff                     15.76 kB
build/client/assets/noto-serif-jp-108-500-normal.woff                    15.76 kB
build/client/assets/yomogi-74-400-normal.woff                            15.76 kB
build/client/assets/m-plus-rounded-1c-100-300-normal.woff                15.76 kB
build/client/assets/noto-serif-jp-108-600-normal.woff                    15.77 kB
build/client/assets/noto-serif-jp-105-700-normal.woff                    15.77 kB
build/client/assets/m-plus-rounded-1c-90-400-normal.woff                 15.78 kB
build/client/assets/m-plus-rounded-1c-27-500-normal.woff                 15.78 kB
build/client/assets/m-plus-rounded-1c-93-800-normal.woff                 15.78 kB
build/client/assets/noto-serif-jp-74-500-normal.woff                     15.78 kB
build/client/assets/m-plus-rounded-1c-99-300-normal.woff                 15.78 kB
build/client/assets/noto-serif-jp-86-600-normal.woff                     15.78 kB
build/client/assets/m-plus-rounded-1c-32-900-normal.woff2                15.79 kB
build/client/assets/noto-serif-jp-83-200-normal.woff                     15.79 kB
build/client/assets/noto-serif-jp-88-500-normal.woff                     15.79 kB
build/client/assets/noto-serif-jp-96-900-normal.woff                     15.79 kB
build/client/assets/noto-serif-jp-88-600-normal.woff                     15.79 kB
build/client/assets/m-plus-rounded-1c-67-500-normal.woff                 15.80 kB
build/client/assets/m-plus-rounded-1c-67-900-normal.woff                 15.80 kB
build/client/assets/m-plus-rounded-1c-39-100-normal.woff                 15.80 kB
build/client/assets/m-plus-rounded-1c-92-700-normal.woff                 15.80 kB
build/client/assets/m-plus-rounded-1c-96-700-normal.woff                 15.80 kB
build/client/assets/noto-serif-jp-76-400-normal.woff                     15.81 kB
build/client/assets/noto-serif-jp-89-500-normal.woff                     15.82 kB
build/client/assets/noto-serif-jp-74-600-normal.woff                     15.82 kB
build/client/assets/m-plus-rounded-1c-79-300-normal.woff                 15.82 kB
build/client/assets/noto-serif-jp-80-200-normal.woff                     15.82 kB
build/client/assets/noto-serif-jp-94-400-normal.woff                     15.82 kB
build/client/assets/noto-serif-jp-86-700-normal.woff                     15.82 kB
build/client/assets/noto-serif-jp-96-800-normal.woff                     15.82 kB
build/client/assets/m-plus-rounded-1c-25-300-normal.woff                 15.84 kB
build/client/assets/m-plus-rounded-1c-49-300-normal.woff                 15.84 kB
build/client/assets/yomogi-107-400-normal.woff                           15.84 kB
build/client/assets/m-plus-rounded-1c-71-800-normal.woff                 15.85 kB
build/client/assets/m-plus-rounded-1c-80-900-normal.woff                 15.85 kB
build/client/assets/noto-serif-jp-76-500-normal.woff                     15.85 kB
build/client/assets/yomogi-89-400-normal.woff                            15.85 kB
build/client/assets/m-plus-rounded-1c-76-900-normal.woff                 15.86 kB
build/client/assets/m-plus-rounded-1c-76-500-normal.woff                 15.86 kB
build/client/assets/m-plus-rounded-1c-72-700-normal.woff2                15.86 kB
build/client/assets/m-plus-rounded-1c-68-800-normal.woff2                15.86 kB
build/client/assets/noto-serif-jp-98-300-normal.woff                     15.86 kB
build/client/assets/noto-serif-jp-94-600-normal.woff                     15.86 kB
build/client/assets/m-plus-rounded-1c-73-300-normal.woff                 15.87 kB
build/client/assets/noto-serif-jp-104-800-normal.woff                    15.87 kB
build/client/assets/m-plus-rounded-1c-14-500-normal.woff2                15.87 kB
build/client/assets/noto-sans-jp-54-100-normal.woff2                     15.87 kB
build/client/assets/m-plus-rounded-1c-91-400-normal.woff                 15.87 kB
build/client/assets/m-plus-rounded-1c-108-400-normal.woff                15.88 kB
build/client/assets/m-plus-rounded-1c-105-800-normal.woff                15.88 kB
build/client/assets/m-plus-rounded-1c-31-800-normal.woff2                15.89 kB
build/client/assets/noto-serif-jp-94-500-normal.woff                     15.89 kB
build/client/assets/m-plus-rounded-1c-89-800-normal.woff                 15.90 kB
build/client/assets/m-plus-rounded-1c-84-700-normal.woff                 15.90 kB
build/client/assets/m-plus-rounded-1c-82-400-normal.woff                 15.90 kB
build/client/assets/m-plus-rounded-1c-39-300-normal.woff2                15.91 kB
build/client/assets/m-plus-rounded-1c-17-700-normal.woff2                15.91 kB
build/client/assets/yomogi-68-400-normal.woff2                           15.91 kB
build/client/assets/noto-serif-jp-89-600-normal.woff                     15.91 kB
build/client/assets/m-plus-rounded-1c-91-900-normal.woff                 15.91 kB
build/client/assets/noto-serif-jp-76-600-normal.woff                     15.92 kB
build/client/assets/noto-serif-jp-86-800-normal.woff                     15.92 kB
build/client/assets/m-plus-rounded-1c-94-400-normal.woff                 15.92 kB
build/client/assets/m-plus-rounded-1c-96-800-normal.woff                 15.93 kB
build/client/assets/m-plus-rounded-1c-104-800-normal.woff                15.93 kB
build/client/assets/noto-serif-jp-86-900-normal.woff                     15.93 kB
build/client/assets/m-plus-rounded-1c-106-300-normal.woff                15.94 kB
build/client/assets/m-plus-rounded-1c-103-700-normal.woff                15.94 kB
build/client/assets/m-plus-rounded-1c-74-700-normal.woff                 15.94 kB
build/client/assets/yomogi-96-400-normal.woff                            15.94 kB
build/client/assets/yomogi-109-400-normal.woff                           15.94 kB
build/client/assets/noto-serif-jp-98-400-normal.woff                     15.94 kB
build/client/assets/m-plus-rounded-1c-41-300-normal.woff2                15.95 kB
build/client/assets/yomogi-84-400-normal.woff                            15.95 kB
build/client/assets/yomogi-97-400-normal.woff                            15.95 kB
build/client/assets/yomogi-102-400-normal.woff                           15.95 kB
build/client/assets/noto-serif-jp-64-300-normal.woff2                    15.96 kB
build/client/assets/noto-serif-jp-90-300-normal.woff                     15.96 kB
build/client/assets/noto-serif-jp-108-700-normal.woff                    15.96 kB
build/client/assets/m-plus-rounded-1c-91-500-normal.woff                 15.96 kB
build/client/assets/noto-serif-jp-108-900-normal.woff                    15.96 kB
build/client/assets/m-plus-rounded-1c-43-500-normal.woff                 15.96 kB
build/client/assets/m-plus-rounded-1c-42-800-normal.woff                 15.96 kB
build/client/assets/noto-serif-jp-89-900-normal.woff                     15.96 kB
build/client/assets/m-plus-rounded-1c-37-700-normal.woff2                15.97 kB
build/client/assets/m-plus-rounded-1c-81-800-normal.woff                 15.97 kB
build/client/assets/m-plus-rounded-1c-81-700-normal.woff                 15.98 kB
build/client/assets/noto-serif-jp-74-900-normal.woff                     15.98 kB
build/client/assets/m-plus-rounded-1c-61-800-normal.woff2                15.99 kB
build/client/assets/m-plus-rounded-1c-118-100-normal.woff                16.00 kB
build/client/assets/m-plus-rounded-1c-12-700-normal.woff                 16.00 kB
build/client/assets/m-plus-rounded-1c-72-800-normal.woff2                16.00 kB
build/client/assets/yomogi-81-400-normal.woff                            16.00 kB
build/client/assets/noto-serif-jp-87-200-normal.woff                     16.00 kB
build/client/assets/noto-serif-jp-74-700-normal.woff                     16.00 kB
build/client/assets/noto-serif-jp-64-400-normal.woff2                    16.01 kB
build/client/assets/m-plus-rounded-1c-36-300-normal.woff                 16.01 kB
build/client/assets/m-plus-rounded-1c-98-900-normal.woff                 16.01 kB
build/client/assets/m-plus-rounded-1c-48-700-normal.woff                 16.02 kB
build/client/assets/m-plus-rounded-1c-65-700-normal.woff2                16.02 kB
build/client/assets/m-plus-rounded-1c-17-800-normal.woff2                16.02 kB
build/client/assets/noto-serif-jp-108-800-normal.woff                    16.02 kB
build/client/assets/noto-serif-jp-63-300-normal.woff                     16.02 kB
build/client/assets/noto-serif-jp-98-500-normal.woff                     16.02 kB
build/client/assets/noto-serif-jp-89-700-normal.woff                     16.03 kB
build/client/assets/noto-serif-jp-88-900-normal.woff                     16.03 kB
build/client/assets/noto-serif-jp-94-700-normal.woff                     16.04 kB
build/client/assets/noto-serif-jp-90-400-normal.woff                     16.04 kB
build/client/assets/noto-serif-jp-58-200-normal.woff2                    16.05 kB
build/client/assets/noto-serif-jp-83-300-normal.woff                     16.05 kB
build/client/assets/m-plus-rounded-1c-42-700-normal.woff                 16.06 kB
build/client/assets/yomogi-61-400-normal.woff2                           16.06 kB
build/client/assets/m-plus-rounded-1c-90-500-normal.woff                 16.06 kB
build/client/assets/m-plus-rounded-1c-92-800-normal.woff                 16.06 kB
build/client/assets/noto-serif-jp-98-600-normal.woff                     16.06 kB
build/client/assets/m-plus-rounded-1c-77-300-normal.woff                 16.06 kB
build/client/assets/noto-serif-jp-88-700-normal.woff                     16.06 kB
build/client/assets/noto-serif-jp-74-800-normal.woff                     16.06 kB
build/client/assets/m-plus-rounded-1c-60-700-normal.woff2                16.07 kB
build/client/assets/m-plus-rounded-1c-24-900-normal.woff2                16.07 kB
build/client/assets/m-plus-rounded-1c-8-700-normal.woff                  16.07 kB
build/client/assets/m-plus-rounded-1c-48-800-normal.woff                 16.07 kB
build/client/assets/noto-serif-jp-76-700-normal.woff                     16.07 kB
build/client/assets/m-plus-rounded-1c-74-800-normal.woff                 16.08 kB
build/client/assets/noto-sans-jp-60-100-normal.woff                      16.08 kB
build/client/assets/yomogi-88-400-normal.woff                            16.08 kB
build/client/assets/noto-serif-jp-94-900-normal.woff                     16.08 kB
build/client/assets/m-plus-rounded-1c-24-400-normal.woff2                16.08 kB
build/client/assets/m-plus-rounded-1c-98-700-normal.woff                 16.08 kB
build/client/assets/m-plus-rounded-1c-23-300-normal.woff2                16.09 kB
build/client/assets/noto-serif-jp-76-800-normal.woff                     16.09 kB
build/client/assets/m-plus-rounded-1c-64-500-normal.woff2                16.09 kB
build/client/assets/noto-serif-jp-98-900-normal.woff                     16.09 kB
build/client/assets/m-plus-rounded-1c-83-400-normal.woff                 16.10 kB
build/client/assets/noto-serif-jp-88-800-normal.woff                     16.10 kB
build/client/assets/m-plus-rounded-1c-82-500-normal.woff                 16.10 kB
build/client/assets/noto-serif-jp-83-400-normal.woff                     16.10 kB
build/client/assets/noto-serif-jp-90-500-normal.woff                     16.10 kB
build/client/assets/noto-serif-jp-76-900-normal.woff                     16.11 kB
build/client/assets/m-plus-rounded-1c-84-800-normal.woff                 16.12 kB
build/client/assets/yomogi-60-400-normal.woff2                           16.12 kB
build/client/assets/m-plus-rounded-1c-49-400-normal.woff                 16.13 kB
build/client/assets/noto-serif-jp-63-400-normal.woff                     16.13 kB
build/client/assets/m-plus-rounded-1c-21-400-normal.woff2                16.14 kB
build/client/assets/m-plus-rounded-1c-14-900-normal.woff2                16.14 kB
build/client/assets/m-plus-rounded-1c-24-500-normal.woff2                16.14 kB
build/client/assets/m-plus-rounded-1c-38-700-normal.woff2                16.14 kB
build/client/assets/m-plus-rounded-1c-37-800-normal.woff2                16.14 kB
build/client/assets/noto-serif-jp-80-300-normal.woff                     16.14 kB
build/client/assets/m-plus-rounded-1c-87-400-normal.woff                 16.14 kB
build/client/assets/noto-serif-jp-98-700-normal.woff                     16.14 kB
build/client/assets/noto-serif-jp-94-800-normal.woff                     16.14 kB
build/client/assets/m-plus-rounded-1c-108-500-normal.woff                16.15 kB
build/client/assets/m-plus-rounded-1c-94-500-normal.woff                 16.15 kB
build/client/assets/m-plus-rounded-1c-103-800-normal.woff                16.16 kB
build/client/assets/noto-serif-jp-89-800-normal.woff                     16.16 kB
build/client/assets/m-plus-rounded-1c-76-700-normal.woff                 16.16 kB
build/client/assets/noto-sans-jp-60-900-normal.woff                      16.16 kB
build/client/assets/noto-serif-jp-67-200-normal.woff                     16.16 kB
build/client/assets/noto-serif-jp-90-600-normal.woff                     16.16 kB
build/client/assets/m-plus-rounded-1c-30-400-normal.woff2                16.17 kB
build/client/assets/noto-serif-jp-64-500-normal.woff2                    16.17 kB
build/client/assets/noto-serif-jp-63-500-normal.woff                     16.18 kB
build/client/assets/m-plus-rounded-1c-75-700-normal.woff                 16.18 kB
build/client/assets/noto-serif-jp-80-400-normal.woff                     16.18 kB
build/client/assets/yomogi-92-400-normal.woff                            16.19 kB
build/client/assets/m-plus-rounded-1c-67-700-normal.woff                 16.19 kB
build/client/assets/yomogi-106-400-normal.woff2                          16.19 kB
build/client/assets/noto-serif-jp-83-500-normal.woff                     16.20 kB
build/client/assets/noto-sans-jp-60-200-normal.woff                      16.20 kB
build/client/assets/noto-serif-jp-98-800-normal.woff                     16.20 kB
build/client/assets/noto-serif-jp-63-900-normal.woff                     16.20 kB
build/client/assets/m-plus-rounded-1c-27-700-normal.woff                 16.21 kB
build/client/assets/m-plus-rounded-1c-44-900-normal.woff                 16.21 kB
build/client/assets/noto-sans-jp-60-700-normal.woff                      16.21 kB
build/client/assets/m-plus-rounded-1c-78-300-normal.woff                 16.21 kB
build/client/assets/noto-sans-jp-2-100-normal.woff2                      16.22 kB
build/client/assets/m-plus-rounded-1c-7-500-normal.woff                  16.22 kB
build/client/assets/m-plus-rounded-1c-22-700-normal.woff2                16.22 kB
build/client/assets/noto-sans-jp-60-800-normal.woff                      16.22 kB
build/client/assets/m-plus-rounded-1c-100-400-normal.woff                16.23 kB
build/client/assets/m-plus-rounded-1c-80-700-normal.woff                 16.23 kB
build/client/assets/yomogi-98-400-normal.woff                            16.24 kB
build/client/assets/m-plus-rounded-1c-87-500-normal.woff                 16.24 kB
build/client/assets/noto-serif-jp-85-300-normal.woff                     16.24 kB
build/client/assets/noto-serif-jp-91-300-normal.woff                     16.24 kB
build/client/assets/m-plus-rounded-1c-46-400-normal.woff                 16.25 kB
build/client/assets/noto-serif-jp-63-600-normal.woff                     16.25 kB
build/client/assets/m-plus-rounded-1c-18-300-normal.woff                 16.25 kB
build/client/assets/noto-sans-jp-60-300-normal.woff                      16.26 kB
build/client/assets/m-plus-rounded-1c-27-800-normal.woff                 16.26 kB
build/client/assets/noto-serif-jp-80-500-normal.woff                     16.26 kB
build/client/assets/noto-sans-jp-60-600-normal.woff                      16.27 kB
build/client/assets/noto-serif-jp-92-200-normal.woff                     16.27 kB
build/client/assets/noto-serif-jp-63-700-normal.woff                     16.27 kB
build/client/assets/noto-serif-jp-64-600-normal.woff2                    16.27 kB
build/client/assets/m-plus-rounded-1c-75-800-normal.woff                 16.27 kB
build/client/assets/m-plus-rounded-1c-40-700-normal.woff2                16.28 kB
build/client/assets/m-plus-rounded-1c-49-500-normal.woff                 16.28 kB
build/client/assets/m-plus-rounded-1c-108-900-normal.woff                16.28 kB
build/client/assets/m-plus-rounded-1c-83-500-normal.woff                 16.28 kB
build/client/assets/noto-sans-jp-60-400-normal.woff                      16.28 kB
build/client/assets/noto-serif-jp-64-900-normal.woff2                    16.29 kB
build/client/assets/m-plus-rounded-1c-67-800-normal.woff                 16.29 kB
build/client/assets/noto-sans-jp-60-500-normal.woff                      16.29 kB
build/client/assets/m-plus-rounded-1c-41-100-normal.woff                 16.29 kB
build/client/assets/m-plus-rounded-1c-44-400-normal.woff                 16.30 kB
build/client/assets/m-plus-rounded-1c-26-400-normal.woff2                16.30 kB
build/client/assets/m-plus-rounded-1c-15-900-normal.woff2                16.30 kB
build/client/assets/m-plus-rounded-1c-70-400-normal.woff                 16.30 kB
build/client/assets/noto-serif-jp-58-900-normal.woff2                    16.30 kB
build/client/assets/noto-serif-jp-82-200-normal.woff                     16.31 kB
build/client/assets/m-plus-rounded-1c-65-800-normal.woff2                16.32 kB
build/client/assets/m-plus-rounded-1c-43-400-normal.woff                 16.32 kB
build/client/assets/m-plus-rounded-1c-12-800-normal.woff                 16.33 kB
build/client/assets/m-plus-rounded-1c-98-800-normal.woff                 16.34 kB
build/client/assets/m-plus-rounded-1c-7-400-normal.woff                  16.34 kB
build/client/assets/m-plus-rounded-1c-62-400-normal.woff                 16.34 kB
build/client/assets/noto-serif-jp-85-400-normal.woff                     16.34 kB
build/client/assets/noto-serif-jp-63-800-normal.woff                     16.34 kB
build/client/assets/m-plus-rounded-1c-60-800-normal.woff2                16.35 kB
build/client/assets/m-plus-rounded-1c-80-800-normal.woff                 16.35 kB
build/client/assets/noto-serif-jp-87-300-normal.woff                     16.35 kB
build/client/assets/noto-serif-jp-84-200-normal.woff                     16.35 kB
build/client/assets/noto-serif-jp-87-400-normal.woff                     16.36 kB
build/client/assets/yomogi-116-400-normal.woff                           16.36 kB
build/client/assets/m-plus-rounded-1c-91-700-normal.woff                 16.36 kB
build/client/assets/m-plus-rounded-1c-94-900-normal.woff                 16.36 kB
build/client/assets/m-plus-rounded-1c-100-500-normal.woff                16.36 kB
build/client/assets/noto-serif-jp-75-200-normal.woff                     16.36 kB
build/client/assets/yomogi-91-400-normal.woff                            16.37 kB
build/client/assets/yomogi-113-400-normal.woff                           16.37 kB
build/client/assets/noto-serif-jp-91-400-normal.woff                     16.37 kB
build/client/assets/noto-serif-jp-59-200-normal.woff                     16.37 kB
build/client/assets/m-plus-rounded-1c-79-400-normal.woff                 16.38 kB
build/client/assets/noto-serif-jp-66-200-normal.woff                     16.38 kB
build/client/assets/noto-serif-jp-90-700-normal.woff                     16.38 kB
build/client/assets/m-plus-rounded-1c-34-900-normal.woff2                16.38 kB
build/client/assets/noto-serif-jp-80-600-normal.woff                     16.38 kB
build/client/assets/noto-serif-jp-64-700-normal.woff2                    16.39 kB
build/client/assets/noto-serif-jp-90-900-normal.woff                     16.39 kB
build/client/assets/noto-sans-jp-54-200-normal.woff2                     16.39 kB
build/client/assets/yomogi-115-400-normal.woff                           16.40 kB
build/client/assets/m-plus-rounded-1c-38-800-normal.woff2                16.40 kB
build/client/assets/noto-serif-jp-118-200-normal.woff                    16.40 kB
build/client/assets/m-plus-rounded-1c-10-400-normal.woff2                16.40 kB
build/client/assets/noto-serif-jp-85-500-normal.woff                     16.40 kB
build/client/assets/noto-serif-jp-83-600-normal.woff                     16.40 kB
build/client/assets/m-plus-rounded-1c-15-400-normal.woff2                16.41 kB
build/client/assets/m-plus-rounded-1c-33-700-normal.woff                 16.41 kB
build/client/assets/yomogi-67-400-normal.woff                            16.41 kB
build/client/assets/yomogi-94-400-normal.woff                            16.42 kB
build/client/assets/m-plus-rounded-1c-69-400-normal.woff                 16.42 kB
build/client/assets/noto-serif-jp-90-800-normal.woff                     16.42 kB
build/client/assets/m-plus-rounded-1c-26-900-normal.woff2                16.44 kB
build/client/assets/m-plus-rounded-1c-100-900-normal.woff                16.44 kB
build/client/assets/m-plus-rounded-1c-40-800-normal.woff2                16.44 kB
build/client/assets/m-plus-rounded-1c-44-500-normal.woff                 16.44 kB
build/client/assets/m-plus-rounded-1c-76-800-normal.woff                 16.44 kB
build/client/assets/noto-serif-jp-80-900-normal.woff                     16.44 kB
build/client/assets/m-plus-rounded-1c-99-400-normal.woff                 16.45 kB
build/client/assets/noto-serif-jp-67-300-normal.woff                     16.45 kB
build/client/assets/noto-serif-jp-83-900-normal.woff                     16.46 kB
build/client/assets/noto-sans-jp-2-900-normal.woff2                      16.46 kB
build/client/assets/noto-serif-jp-83-700-normal.woff                     16.47 kB
build/client/assets/noto-serif-jp-58-300-normal.woff2                    16.47 kB
build/client/assets/noto-serif-jp-64-800-normal.woff2                    16.47 kB
build/client/assets/m-plus-rounded-1c-31-300-normal.woff                 16.48 kB
build/client/assets/yomogi-90-400-normal.woff                            16.48 kB
build/client/assets/m-plus-rounded-1c-17-300-normal.woff                 16.48 kB
build/client/assets/noto-serif-jp-99-200-normal.woff                     16.48 kB
build/client/assets/m-plus-rounded-1c-49-900-normal.woff                 16.49 kB
build/client/assets/m-plus-rounded-1c-83-900-normal.woff                 16.49 kB
build/client/assets/noto-serif-jp-58-600-normal.woff2                    16.50 kB
build/client/assets/m-plus-rounded-1c-69-500-normal.woff                 16.50 kB
build/client/assets/m-plus-rounded-1c-91-800-normal.woff                 16.50 kB
build/client/assets/m-plus-rounded-1c-64-900-normal.woff2                16.51 kB
build/client/assets/m-plus-rounded-1c-82-900-normal.woff                 16.52 kB
build/client/assets/noto-serif-jp-67-400-normal.woff                     16.52 kB
build/client/assets/noto-serif-jp-91-500-normal.woff                     16.52 kB
build/client/assets/noto-serif-jp-80-700-normal.woff                     16.52 kB
build/client/assets/yomogi-69-400-normal.woff                            16.52 kB
build/client/assets/noto-sans-jp-58-100-normal.woff                      16.53 kB
build/client/assets/noto-serif-jp-80-800-normal.woff                     16.53 kB
build/client/assets/noto-serif-jp-83-800-normal.woff                     16.53 kB
build/client/assets/yomogi-104-400-normal.woff                           16.54 kB
build/client/assets/m-plus-rounded-1c-77-400-normal.woff                 16.54 kB
build/client/assets/noto-serif-jp-91-600-normal.woff                     16.54 kB
build/client/assets/noto-serif-jp-85-600-normal.woff                     16.55 kB
build/client/assets/yomogi-62-400-normal.woff                            16.55 kB
build/client/assets/m-plus-rounded-1c-8-800-normal.woff                  16.56 kB
build/client/assets/m-plus-rounded-1c-30-500-normal.woff2                16.56 kB
build/client/assets/noto-serif-jp-91-900-normal.woff                     16.56 kB
build/client/assets/noto-serif-jp-87-500-normal.woff                     16.56 kB
build/client/assets/m-plus-rounded-1c-26-500-normal.woff2                16.57 kB
build/client/assets/noto-sans-jp-54-300-normal.woff2                     16.57 kB
build/client/assets/noto-serif-jp-87-600-normal.woff                     16.57 kB
build/client/assets/m-plus-rounded-1c-22-800-normal.woff2                16.57 kB
build/client/assets/m-plus-rounded-1c-46-500-normal.woff                 16.57 kB
build/client/assets/noto-serif-jp-58-500-normal.woff2                    16.58 kB
build/client/assets/noto-serif-jp-58-400-normal.woff2                    16.58 kB
build/client/assets/m-plus-rounded-1c-7-900-normal.woff                  16.58 kB
build/client/assets/noto-serif-jp-59-900-normal.woff                     16.58 kB
build/client/assets/m-plus-rounded-1c-62-500-normal.woff                 16.58 kB
build/client/assets/m-plus-rounded-1c-90-900-normal.woff                 16.58 kB
build/client/assets/m-plus-rounded-1c-36-400-normal.woff                 16.59 kB
build/client/assets/m-plus-rounded-1c-108-700-normal.woff                16.59 kB
build/client/assets/noto-serif-jp-67-500-normal.woff                     16.59 kB
build/client/assets/m-plus-rounded-1c-33-800-normal.woff                 16.59 kB
build/client/assets/m-plus-rounded-1c-16-400-normal.woff                 16.60 kB
build/client/assets/m-plus-rounded-1c-106-400-normal.woff                16.60 kB
build/client/assets/m-plus-rounded-1c-99-500-normal.woff                 16.61 kB
build/client/assets/m-plus-rounded-1c-87-900-normal.woff                 16.61 kB
build/client/assets/noto-serif-jp-75-300-normal.woff                     16.61 kB
build/client/assets/noto-serif-jp-85-900-normal.woff                     16.61 kB
build/client/assets/m-plus-rounded-1c-15-500-normal.woff2                16.62 kB
build/client/assets/m-plus-rounded-1c-90-700-normal.woff                 16.62 kB
build/client/assets/m-plus-rounded-1c-106-900-normal.woff                16.62 kB
build/client/assets/noto-serif-jp-82-300-normal.woff                     16.63 kB
build/client/assets/m-plus-rounded-1c-11-900-normal.woff                 16.63 kB
build/client/assets/m-plus-rounded-1c-69-900-normal.woff                 16.63 kB
build/client/assets/noto-serif-jp-67-600-normal.woff                     16.64 kB
build/client/assets/noto-serif-jp-82-400-normal.woff                     16.67 kB
build/client/assets/m-plus-rounded-1c-79-500-normal.woff                 16.67 kB
build/client/assets/noto-serif-jp-87-700-normal.woff                     16.67 kB
build/client/assets/m-plus-rounded-1c-34-400-normal.woff2                16.68 kB
build/client/assets/m-plus-rounded-1c-16-500-normal.woff                 16.68 kB
build/client/assets/m-plus-rounded-1c-36-500-normal.woff                 16.68 kB
build/client/assets/m-plus-rounded-1c-16-900-normal.woff                 16.68 kB
build/client/assets/noto-serif-jp-118-900-normal.woff                    16.69 kB
build/client/assets/m-plus-rounded-1c-94-700-normal.woff                 16.70 kB
build/client/assets/noto-serif-jp-77-200-normal.woff                     16.70 kB
build/client/assets/m-plus-rounded-1c-90-800-normal.woff                 16.71 kB
build/client/assets/noto-serif-jp-58-700-normal.woff2                    16.71 kB
build/client/assets/m-plus-rounded-1c-70-500-normal.woff                 16.71 kB
build/client/assets/m-plus-rounded-1c-61-300-normal.woff                 16.72 kB
build/client/assets/noto-serif-jp-106-200-normal.woff                    16.72 kB
build/client/assets/noto-serif-jp-66-300-normal.woff                     16.72 kB
build/client/assets/noto-serif-jp-85-700-normal.woff                     16.72 kB
build/client/assets/noto-serif-jp-91-700-normal.woff                     16.72 kB
build/client/assets/m-plus-rounded-1c-21-900-normal.woff2                16.72 kB
build/client/assets/m-plus-rounded-1c-64-700-normal.woff2                16.73 kB
build/client/assets/m-plus-rounded-1c-62-900-normal.woff                 16.73 kB
build/client/assets/yomogi-66-400-normal.woff                            16.73 kB
build/client/assets/noto-serif-jp-92-300-normal.woff                     16.73 kB
build/client/assets/noto-serif-jp-118-300-normal.woff                    16.73 kB
build/client/assets/noto-serif-jp-75-400-normal.woff                     16.74 kB
build/client/assets/noto-serif-jp-59-400-normal.woff                     16.74 kB
build/client/assets/m-plus-rounded-1c-36-900-normal.woff                 16.74 kB
build/client/assets/noto-sans-jp-54-900-normal.woff2                     16.75 kB
build/client/assets/m-plus-rounded-1c-43-900-normal.woff                 16.75 kB
build/client/assets/noto-sans-jp-2-200-normal.woff2                      16.75 kB
build/client/assets/m-plus-rounded-1c-46-900-normal.woff                 16.75 kB
build/client/assets/noto-serif-jp-84-300-normal.woff                     16.75 kB
build/client/assets/noto-serif-jp-91-800-normal.woff                     16.76 kB
build/client/assets/yomogi-83-400-normal.woff                            16.76 kB
build/client/assets/noto-sans-jp-2-300-normal.woff2                      16.76 kB
build/client/assets/m-plus-rounded-1c-14-700-normal.woff2                16.77 kB
build/client/assets/noto-sans-jp-54-400-normal.woff2                     16.77 kB
build/client/assets/m-plus-rounded-1c-73-400-normal.woff                 16.77 kB
build/client/assets/m-plus-rounded-1c-77-500-normal.woff                 16.77 kB
build/client/assets/m-plus-rounded-1c-11-700-normal.woff                 16.77 kB
build/client/assets/noto-serif-jp-59-500-normal.woff                     16.77 kB
build/client/assets/yomogi-87-400-normal.woff                            16.77 kB
build/client/assets/m-plus-rounded-1c-82-700-normal.woff                 16.78 kB
build/client/assets/noto-serif-jp-75-900-normal.woff                     16.78 kB
build/client/assets/m-plus-rounded-1c-78-400-normal.woff                 16.78 kB
build/client/assets/m-plus-rounded-1c-83-700-normal.woff                 16.78 kB
build/client/assets/noto-serif-jp-82-500-normal.woff                     16.79 kB
build/client/assets/noto-serif-jp-66-400-normal.woff                     16.80 kB
build/client/assets/m-plus-rounded-1c-25-400-normal.woff                 16.80 kB
build/client/assets/m-plus-rounded-1c-7-700-normal.woff                  16.81 kB
build/client/assets/noto-serif-jp-59-300-normal.woff                     16.81 kB
build/client/assets/noto-serif-jp-99-300-normal.woff                     16.81 kB
build/client/assets/noto-serif-jp-75-500-normal.woff                     16.81 kB
build/client/assets/yomogi-103-400-normal.woff                           16.81 kB
build/client/assets/yomogi-110-400-normal.woff                           16.81 kB
build/client/assets/noto-serif-jp-79-200-normal.woff                     16.82 kB
build/client/assets/yomogi-112-400-normal.woff                           16.82 kB
build/client/assets/noto-sans-jp-58-900-normal.woff                      16.82 kB
build/client/assets/noto-serif-jp-59-600-normal.woff                     16.82 kB
build/client/assets/noto-serif-jp-67-700-normal.woff                     16.83 kB
build/client/assets/m-plus-rounded-1c-106-500-normal.woff                16.83 kB
build/client/assets/noto-serif-jp-67-900-normal.woff                     16.84 kB
build/client/assets/m-plus-rounded-1c-21-500-normal.woff2                16.84 kB
build/client/assets/m-plus-rounded-1c-25-500-normal.woff                 16.84 kB
build/client/assets/m-plus-rounded-1c-87-700-normal.woff                 16.84 kB
build/client/assets/m-plus-rounded-1c-34-500-normal.woff2                16.84 kB
build/client/assets/noto-serif-jp-58-800-normal.woff2                    16.84 kB
build/client/assets/m-plus-rounded-1c-39-900-normal.woff2                16.85 kB
build/client/assets/noto-sans-jp-54-500-normal.woff2                     16.85 kB
build/client/assets/m-plus-rounded-1c-94-800-normal.woff                 16.85 kB
build/client/assets/noto-serif-jp-118-500-normal.woff                    16.85 kB
build/client/assets/noto-serif-jp-82-600-normal.woff                     16.85 kB
build/client/assets/noto-serif-jp-85-800-normal.woff                     16.85 kB
build/client/assets/m-plus-rounded-1c-99-900-normal.woff                 16.86 kB
build/client/assets/noto-serif-jp-87-800-normal.woff                     16.86 kB
build/client/assets/yomogi-82-400-normal.woff                            16.87 kB
build/client/assets/m-plus-rounded-1c-83-800-normal.woff                 16.87 kB
build/client/assets/m-plus-rounded-1c-108-800-normal.woff                16.87 kB
build/client/assets/noto-serif-jp-92-400-normal.woff                     16.87 kB
build/client/assets/noto-serif-jp-118-400-normal.woff                    16.87 kB
build/client/assets/noto-sans-jp-54-600-normal.woff2                     16.88 kB
build/client/assets/noto-serif-jp-118-700-normal.woff                    16.88 kB
build/client/assets/yomogi-64-400-normal.woff2                           16.88 kB
build/client/assets/noto-serif-jp-75-700-normal.woff                     16.88 kB
build/client/assets/m-plus-rounded-1c-68-300-normal.woff                 16.89 kB
build/client/assets/m-plus-rounded-1c-25-900-normal.woff                 16.89 kB
build/client/assets/noto-serif-jp-87-900-normal.woff                     16.89 kB
build/client/assets/noto-serif-jp-73-200-normal.woff                     16.89 kB
build/client/assets/noto-serif-jp-75-600-normal.woff                     16.89 kB
build/client/assets/noto-serif-jp-59-700-normal.woff                     16.89 kB
build/client/assets/noto-serif-jp-59-800-normal.woff                     16.89 kB
build/client/assets/m-plus-rounded-1c-10-500-normal.woff2                16.90 kB
build/client/assets/m-plus-rounded-1c-100-700-normal.woff                16.90 kB
build/client/assets/noto-serif-jp-84-400-normal.woff                     16.90 kB
build/client/assets/m-plus-rounded-1c-77-900-normal.woff                 16.90 kB
build/client/assets/noto-serif-jp-66-500-normal.woff                     16.90 kB
build/client/assets/m-plus-rounded-1c-39-400-normal.woff2                16.90 kB
build/client/assets/m-plus-rounded-1c-41-400-normal.woff2                16.91 kB
build/client/assets/yomogi-79-400-normal.woff                            16.91 kB
build/client/assets/m-plus-rounded-1c-14-800-normal.woff2                16.91 kB
build/client/assets/m-plus-rounded-1c-49-700-normal.woff                 16.91 kB
build/client/assets/noto-serif-jp-60-200-normal.woff2                    16.92 kB
build/client/assets/noto-serif-jp-118-600-normal.woff                    16.92 kB
build/client/assets/noto-serif-jp-92-500-normal.woff                     16.93 kB
build/client/assets/noto-serif-jp-67-800-normal.woff                     16.93 kB
build/client/assets/m-plus-rounded-1c-72-300-normal.woff                 16.94 kB
build/client/assets/m-plus-rounded-1c-70-900-normal.woff                 16.94 kB
build/client/assets/yomogi-70-400-normal.woff                            16.94 kB
build/client/assets/noto-sans-jp-54-700-normal.woff2                     16.95 kB
build/client/assets/noto-serif-jp-77-300-normal.woff                     16.96 kB
build/client/assets/m-plus-rounded-1c-82-800-normal.woff                 16.96 kB
build/client/assets/noto-serif-jp-99-400-normal.woff                     16.96 kB
build/client/assets/m-plus-rounded-1c-73-500-normal.woff                 16.96 kB
build/client/assets/noto-sans-jp-2-800-normal.woff2                      16.97 kB
build/client/assets/noto-serif-jp-78-200-normal.woff                     16.98 kB
build/client/assets/m-plus-rounded-1c-62-700-normal.woff                 16.98 kB
build/client/assets/m-plus-rounded-1c-7-800-normal.woff                  16.98 kB
build/client/assets/m-plus-rounded-1c-87-800-normal.woff                 16.98 kB
build/client/assets/noto-sans-jp-latin-100-normal.woff                   16.98 kB
build/client/assets/m-plus-rounded-1c-39-500-normal.woff2                16.99 kB
build/client/assets/m-plus-rounded-1c-79-900-normal.woff                 16.99 kB
build/client/assets/noto-serif-jp-75-800-normal.woff                     16.99 kB
build/client/assets/yomogi-99-400-normal.woff                            16.99 kB
build/client/assets/noto-sans-jp-2-400-normal.woff2                      16.99 kB
build/client/assets/m-plus-rounded-1c-30-900-normal.woff2                17.00 kB
build/client/assets/m-plus-rounded-1c-18-900-normal.woff                 17.00 kB
build/client/assets/noto-serif-jp-84-500-normal.woff                     17.00 kB
build/client/assets/m-plus-rounded-1c-69-700-normal.woff                 17.00 kB
build/client/assets/noto-serif-jp-66-600-normal.woff                     17.00 kB
build/client/assets/noto-serif-jp-118-800-normal.woff                    17.00 kB
build/client/assets/m-plus-rounded-1c-64-800-normal.woff2                17.01 kB
build/client/assets/m-plus-rounded-1c-46-700-normal.woff                 17.01 kB
build/client/assets/m-plus-rounded-1c-10-900-normal.woff2                17.01 kB
build/client/assets/m-plus-rounded-1c-44-700-normal.woff                 17.01 kB
build/client/assets/noto-serif-jp-77-400-normal.woff                     17.01 kB
build/client/assets/yomogi-75-400-normal.woff                            17.01 kB
build/client/assets/noto-serif-jp-82-900-normal.woff                     17.02 kB
build/client/assets/yomogi-111-400-normal.woff                           17.02 kB
build/client/assets/m-plus-rounded-1c-32-700-normal.woff2                17.03 kB
build/client/assets/noto-serif-jp-69-200-normal.woff                     17.03 kB
build/client/assets/m-plus-rounded-1c-41-900-normal.woff2                17.04 kB
build/client/assets/m-plus-rounded-1c-18-500-normal.woff                 17.04 kB
build/client/assets/noto-serif-jp-82-700-normal.woff                     17.04 kB
build/client/assets/m-plus-rounded-1c-11-800-normal.woff                 17.04 kB
build/client/assets/noto-sans-jp-2-500-normal.woff2                      17.05 kB
build/client/assets/noto-sans-jp-2-700-normal.woff2                      17.05 kB
build/client/assets/noto-sans-jp-54-800-normal.woff2                     17.06 kB
build/client/assets/m-plus-rounded-1c-60-300-normal.woff                 17.06 kB
build/client/assets/m-plus-rounded-1c-15-700-normal.woff2                17.06 kB
build/client/assets/noto-serif-jp-106-300-normal.woff                    17.06 kB
build/client/assets/m-plus-rounded-1c-26-700-normal.woff2                17.07 kB
build/client/assets/yomogi-71-400-normal.woff                            17.07 kB
build/client/assets/noto-serif-jp-84-900-normal.woff                     17.08 kB
build/client/assets/m-plus-rounded-1c-62-800-normal.woff                 17.08 kB
build/client/assets/noto-serif-jp-99-500-normal.woff                     17.08 kB
build/client/assets/m-plus-rounded-1c-44-800-normal.woff                 17.09 kB
build/client/assets/m-plus-rounded-1c-100-800-normal.woff                17.09 kB
build/client/assets/m-plus-rounded-1c-16-700-normal.woff                 17.09 kB
build/client/assets/noto-sans-jp-2-600-normal.woff2                      17.10 kB
build/client/assets/m-plus-rounded-1c-31-500-normal.woff                 17.10 kB
build/client/assets/m-plus-rounded-1c-78-500-normal.woff                 17.10 kB
build/client/assets/noto-serif-jp-84-600-normal.woff                     17.10 kB
build/client/assets/noto-serif-jp-92-600-normal.woff                     17.10 kB
build/client/assets/noto-serif-jp-82-800-normal.woff                     17.10 kB
build/client/assets/yomogi-77-400-normal.woff                            17.10 kB
build/client/assets/m-plus-rounded-1c-18-400-normal.woff                 17.11 kB
build/client/assets/m-plus-rounded-1c-118-900-normal.woff                17.11 kB
build/client/assets/noto-serif-jp-84-700-normal.woff                     17.12 kB
build/client/assets/m-plus-rounded-1c-70-700-normal.woff                 17.12 kB
build/client/assets/m-plus-rounded-1c-49-800-normal.woff                 17.13 kB
build/client/assets/m-plus-rounded-1c-37-300-normal.woff                 17.14 kB
build/client/assets/m-plus-rounded-1c-79-700-normal.woff                 17.14 kB
build/client/assets/m-plus-rounded-1c-118-300-normal.woff                17.15 kB
build/client/assets/m-plus-rounded-1c-73-900-normal.woff                 17.15 kB
build/client/assets/noto-serif-jp-99-600-normal.woff                     17.15 kB
build/client/assets/noto-serif-jp-66-700-normal.woff                     17.15 kB
build/client/assets/noto-serif-jp-66-800-normal.woff                     17.15 kB
build/client/assets/noto-serif-jp-66-900-normal.woff                     17.15 kB
build/client/assets/m-plus-rounded-1c-24-700-normal.woff2                17.16 kB
build/client/assets/m-plus-rounded-1c-99-700-normal.woff                 17.17 kB
build/client/assets/m-plus-rounded-1c-46-800-normal.woff                 17.17 kB
build/client/assets/noto-serif-jp-92-700-normal.woff                     17.17 kB
build/client/assets/noto-serif-jp-77-500-normal.woff                     17.18 kB
build/client/assets/m-plus-rounded-1c-35-100-normal.woff                 17.19 kB
build/client/assets/m-plus-rounded-1c-41-500-normal.woff2                17.20 kB
build/client/assets/noto-serif-jp-77-600-normal.woff                     17.20 kB
build/client/assets/m-plus-rounded-1c-70-800-normal.woff                 17.20 kB
build/client/assets/m-plus-rounded-1c-24-800-normal.woff2                17.21 kB
build/client/assets/m-plus-rounded-1c-31-400-normal.woff                 17.21 kB
build/client/assets/m-plus-rounded-1c-69-800-normal.woff                 17.21 kB
build/client/assets/m-plus-rounded-1c-65-300-normal.woff                 17.22 kB
build/client/assets/noto-serif-jp-79-300-normal.woff                     17.22 kB
build/client/assets/noto-serif-jp-84-800-normal.woff                     17.23 kB
build/client/assets/noto-serif-jp-106-400-normal.woff                    17.23 kB
build/client/assets/noto-serif-jp-100-200-normal.woff                    17.24 kB
build/client/assets/noto-serif-jp-92-900-normal.woff                     17.24 kB
build/client/assets/yomogi-100-400-normal.woff                           17.24 kB
build/client/assets/m-plus-rounded-1c-77-700-normal.woff                 17.25 kB
build/client/assets/m-plus-rounded-1c-16-800-normal.woff                 17.25 kB
build/client/assets/m-plus-rounded-1c-38-300-normal.woff                 17.26 kB
build/client/assets/m-plus-rounded-1c-119-900-normal.woff2               17.28 kB
build/client/assets/m-plus-rounded-1c-118-500-normal.woff                17.28 kB
build/client/assets/m-plus-rounded-1c-106-700-normal.woff                17.28 kB
build/client/assets/noto-serif-jp-73-300-normal.woff                     17.28 kB
build/client/assets/noto-serif-jp-70-200-normal.woff                     17.28 kB
build/client/assets/noto-serif-jp-99-700-normal.woff                     17.28 kB
build/client/assets/m-plus-rounded-1c-106-800-normal.woff                17.29 kB
build/client/assets/m-plus-rounded-1c-22-300-normal.woff                 17.29 kB
build/client/assets/m-plus-rounded-1c-78-900-normal.woff                 17.30 kB
build/client/assets/noto-sans-jp-latin-200-normal.woff                   17.30 kB
build/client/assets/m-plus-rounded-1c-32-800-normal.woff2                17.30 kB
build/client/assets/noto-serif-jp-79-400-normal.woff                     17.30 kB
build/client/assets/m-plus-rounded-1c-23-400-normal.woff2                17.31 kB
build/client/assets/noto-serif-jp-77-900-normal.woff                     17.31 kB
build/client/assets/noto-serif-jp-92-800-normal.woff                     17.32 kB
build/client/assets/noto-serif-jp-60-300-normal.woff2                    17.32 kB
build/client/assets/noto-sans-jp-58-200-normal.woff                      17.32 kB
build/client/assets/noto-serif-jp-78-300-normal.woff                     17.32 kB
build/client/assets/noto-serif-jp-106-500-normal.woff                    17.33 kB
build/client/assets/noto-serif-jp-73-400-normal.woff                     17.33 kB
build/client/assets/m-plus-rounded-1c-15-800-normal.woff2                17.35 kB
build/client/assets/noto-serif-jp-77-700-normal.woff                     17.35 kB
build/client/assets/noto-serif-jp-99-800-normal.woff                     17.36 kB
build/client/assets/noto-sans-jp-latin-900-normal.woff                   17.36 kB
build/client/assets/m-plus-rounded-1c-26-800-normal.woff2                17.36 kB
build/client/assets/noto-sans-jp-58-400-normal.woff                      17.37 kB
build/client/assets/noto-sans-jp-58-300-normal.woff                      17.37 kB
build/client/assets/m-plus-rounded-1c-21-700-normal.woff2                17.37 kB
build/client/assets/noto-sans-jp-58-500-normal.woff                      17.37 kB
build/client/assets/m-plus-rounded-1c-118-400-normal.woff                17.38 kB
build/client/assets/noto-sans-jp-58-800-normal.woff                      17.38 kB
build/client/assets/noto-serif-jp-62-200-normal.woff                     17.39 kB
build/client/assets/noto-serif-jp-99-900-normal.woff                     17.40 kB
build/client/assets/m-plus-rounded-1c-36-700-normal.woff                 17.40 kB
build/client/assets/m-plus-rounded-1c-34-700-normal.woff2                17.41 kB
build/client/assets/noto-sans-jp-58-700-normal.woff                      17.41 kB
build/client/assets/m-plus-rounded-1c-77-800-normal.woff                 17.42 kB
build/client/assets/noto-serif-jp-106-600-normal.woff                    17.42 kB
build/client/assets/m-plus-rounded-1c-73-700-normal.woff                 17.43 kB
build/client/assets/noto-sans-jp-58-600-normal.woff                      17.43 kB
build/client/assets/noto-serif-jp-78-400-normal.woff                     17.43 kB
build/client/assets/noto-serif-jp-79-500-normal.woff                     17.44 kB
build/client/assets/noto-serif-jp-60-400-normal.woff2                    17.44 kB
build/client/assets/m-plus-rounded-1c-25-800-normal.woff                 17.44 kB
build/client/assets/m-plus-rounded-1c-79-800-normal.woff                 17.44 kB
build/client/assets/noto-sans-jp-latin-400-normal.woff                   17.44 kB
build/client/assets/m-plus-rounded-1c-25-700-normal.woff                 17.45 kB
build/client/assets/noto-serif-jp-73-500-normal.woff                     17.45 kB
build/client/assets/noto-serif-jp-77-800-normal.woff                     17.46 kB
build/client/assets/m-plus-rounded-1c-43-700-normal.woff                 17.47 kB
build/client/assets/m-plus-rounded-1c-18-700-normal.woff                 17.48 kB
build/client/assets/noto-sans-jp-latin-300-normal.woff                   17.49 kB
build/client/assets/noto-serif-jp-78-500-normal.woff                     17.49 kB
build/client/assets/m-plus-rounded-1c-118-800-normal.woff                17.50 kB
build/client/assets/noto-sans-jp-latin-500-normal.woff                   17.50 kB
build/client/assets/m-plus-rounded-1c-34-800-normal.woff2                17.51 kB
build/client/assets/m-plus-rounded-1c-99-800-normal.woff                 17.52 kB
build/client/assets/yomogi-78-400-normal.woff                            17.52 kB
build/client/assets/noto-serif-jp-73-600-normal.woff                     17.52 kB
build/client/assets/noto-serif-jp-78-600-normal.woff                     17.52 kB
build/client/assets/noto-serif-jp-69-300-normal.woff                     17.53 kB
build/client/assets/noto-serif-jp-106-700-normal.woff                    17.54 kB
build/client/assets/m-plus-rounded-1c-17-400-normal.woff                 17.55 kB
build/client/assets/m-plus-rounded-1c-78-700-normal.woff                 17.55 kB
build/client/assets/noto-sans-jp-latin-700-normal.woff                   17.55 kB
build/client/assets/noto-serif-jp-106-900-normal.woff                    17.55 kB
build/client/assets/m-plus-rounded-1c-40-300-normal.woff                 17.56 kB
build/client/assets/noto-serif-jp-69-400-normal.woff                     17.56 kB
build/client/assets/noto-sans-jp-latin-600-normal.woff                   17.56 kB
build/client/assets/m-plus-rounded-1c-118-700-normal.woff                17.57 kB
build/client/assets/noto-sans-jp-latin-800-normal.woff                   17.57 kB
build/client/assets/noto-serif-jp-60-500-normal.woff2                    17.58 kB
build/client/assets/noto-serif-jp-79-600-normal.woff                     17.58 kB
build/client/assets/m-plus-rounded-1c-61-400-normal.woff                 17.59 kB
build/client/assets/noto-serif-jp-100-300-normal.woff                    17.60 kB
build/client/assets/m-plus-rounded-1c-68-400-normal.woff                 17.61 kB
build/client/assets/yomogi-105-400-normal.woff                           17.61 kB
build/client/assets/m-plus-rounded-1c-72-400-normal.woff                 17.62 kB
build/client/assets/noto-serif-jp-106-800-normal.woff                    17.62 kB
build/client/assets/m-plus-2-114-wght-normal.woff2                       17.62 kB
build/client/assets/m-plus-rounded-1c-30-700-normal.woff2                17.62 kB
build/client/assets/noto-serif-jp-71-200-normal.woff                     17.64 kB
build/client/assets/noto-serif-jp-69-500-normal.woff                     17.65 kB
build/client/assets/noto-serif-jp-73-900-normal.woff                     17.65 kB
build/client/assets/noto-serif-jp-79-900-normal.woff                     17.65 kB
build/client/assets/m-plus-rounded-1c-31-900-normal.woff                 17.66 kB
build/client/assets/noto-serif-jp-60-900-normal.woff2                    17.66 kB
build/client/assets/m-plus-rounded-1c-17-500-normal.woff                 17.67 kB
build/client/assets/m-plus-rounded-1c-43-800-normal.woff                 17.68 kB
build/client/assets/m-plus-2-59-wght-normal.woff2                        17.68 kB
build/client/assets/m-plus-rounded-1c-10-700-normal.woff2                17.68 kB
build/client/assets/m-plus-rounded-1c-14-300-normal.woff                 17.69 kB
build/client/assets/noto-serif-jp-60-600-normal.woff2                    17.69 kB
build/client/assets/m-plus-rounded-1c-18-800-normal.woff                 17.70 kB
build/client/assets/m-plus-rounded-1c-61-500-normal.woff                 17.70 kB
build/client/assets/m-plus-rounded-1c-78-800-normal.woff                 17.70 kB
build/client/assets/noto-serif-jp-78-700-normal.woff                     17.70 kB
build/client/assets/m-plus-rounded-1c-73-800-normal.woff                 17.70 kB
build/client/assets/noto-serif-jp-70-300-normal.woff                     17.71 kB
build/client/assets/m-plus-rounded-1c-64-300-normal.woff                 17.71 kB
build/client/assets/m-plus-rounded-1c-61-900-normal.woff                 17.71 kB
build/client/assets/noto-serif-jp-78-900-normal.woff                     17.72 kB
build/client/assets/m-plus-rounded-1c-21-800-normal.woff2                17.73 kB
build/client/assets/noto-serif-jp-60-700-normal.woff2                    17.73 kB
build/client/assets/noto-serif-jp-100-600-normal.woff                    17.73 kB
build/client/assets/noto-serif-jp-79-800-normal.woff                     17.73 kB
build/client/assets/noto-serif-jp-100-400-normal.woff                    17.74 kB
build/client/assets/noto-serif-jp-73-700-normal.woff                     17.74 kB
build/client/assets/noto-serif-jp-100-500-normal.woff                    17.75 kB
build/client/assets/m-plus-rounded-1c-35-300-normal.woff2                17.76 kB
build/client/assets/m-plus-rounded-1c-10-800-normal.woff2                17.76 kB
build/client/assets/m-plus-rounded-1c-60-400-normal.woff                 17.77 kB
build/client/assets/m-plus-rounded-1c-119-500-normal.woff2               17.77 kB
build/client/assets/noto-serif-jp-69-600-normal.woff                     17.78 kB
build/client/assets/m-plus-rounded-1c-68-500-normal.woff                 17.78 kB
build/client/assets/noto-serif-jp-100-900-normal.woff                    17.78 kB
build/client/assets/m-plus-rounded-1c-36-800-normal.woff                 17.78 kB
build/client/assets/noto-serif-jp-79-700-normal.woff                     17.78 kB
build/client/assets/m-plus-rounded-1c-41-700-normal.woff2                17.80 kB
build/client/assets/noto-serif-jp-62-300-normal.woff                     17.80 kB
build/client/assets/noto-serif-jp-78-800-normal.woff                     17.81 kB
build/client/assets/m-plus-rounded-1c-37-400-normal.woff                 17.81 kB
build/client/assets/noto-serif-jp-70-400-normal.woff                     17.81 kB
build/client/assets/noto-serif-jp-60-800-normal.woff2                    17.83 kB
build/client/assets/noto-serif-jp-70-500-normal.woff                     17.84 kB
build/client/assets/m-plus-2-113-wght-normal.woff2                       17.84 kB
build/client/assets/m-plus-rounded-1c-23-500-normal.woff2                17.84 kB
build/client/assets/m-plus-rounded-1c-17-900-normal.woff                 17.85 kB
build/client/assets/m-plus-rounded-1c-30-800-normal.woff2                17.86 kB
build/client/assets/noto-serif-jp-73-800-normal.woff                     17.86 kB
build/client/assets/yomogi-65-400-normal.woff                            17.86 kB
build/client/assets/m-plus-rounded-1c-68-900-normal.woff                 17.87 kB
build/client/assets/m-plus-2-5-wght-normal.woff2                         17.89 kB
build/client/assets/m-plus-rounded-1c-65-400-normal.woff                 17.89 kB
build/client/assets/noto-serif-jp-62-400-normal.woff                     17.89 kB
build/client/assets/noto-serif-jp-70-600-normal.woff                     17.89 kB
build/client/assets/m-plus-rounded-1c-39-700-normal.woff2                17.89 kB
build/client/assets/m-plus-rounded-1c-23-900-normal.woff2                17.89 kB
build/client/assets/noto-serif-jp-69-900-normal.woff                     17.90 kB
build/client/assets/noto-serif-jp-100-700-normal.woff                    17.93 kB
build/client/assets/m-plus-rounded-1c-39-800-normal.woff2                17.94 kB
build/client/assets/noto-serif-jp-100-800-normal.woff                    17.94 kB
build/client/assets/m-plus-rounded-1c-72-500-normal.woff                 17.95 kB
build/client/assets/m-plus-rounded-1c-119-300-normal.woff2               17.96 kB
build/client/assets/noto-serif-jp-69-700-normal.woff                     17.98 kB
build/client/assets/m-plus-rounded-1c-32-300-normal.woff                 17.99 kB
build/client/assets/noto-serif-jp-69-800-normal.woff                     18.00 kB
build/client/assets/yomogi-73-400-normal.woff                            18.01 kB
build/client/assets/m-plus-rounded-1c-41-800-normal.woff2                18.02 kB
build/client/assets/m-plus-rounded-1c-61-700-normal.woff                 18.02 kB
build/client/assets/m-plus-rounded-1c-38-900-normal.woff                 18.02 kB
build/client/assets/noto-serif-jp-62-500-normal.woff                     18.03 kB
build/client/assets/m-plus-rounded-1c-38-400-normal.woff                 18.03 kB
build/client/assets/yomogi-108-400-normal.woff                           18.03 kB
build/client/assets/m-plus-rounded-1c-24-300-normal.woff                 18.04 kB
build/client/assets/m-plus-rounded-1c-22-400-normal.woff                 18.06 kB
build/client/assets/m-plus-rounded-1c-38-500-normal.woff                 18.06 kB
build/client/assets/m-plus-rounded-1c-37-900-normal.woff                 18.07 kB
build/client/assets/noto-serif-jp-70-700-normal.woff                     18.09 kB
build/client/assets/m-plus-rounded-1c-60-500-normal.woff                 18.11 kB
build/client/assets/m-plus-rounded-1c-72-900-normal.woff                 18.11 kB
build/client/assets/noto-serif-jp-62-600-normal.woff                     18.11 kB
build/client/assets/m-plus-rounded-1c-40-900-normal.woff                 18.12 kB
build/client/assets/noto-serif-jp-71-300-normal.woff                     18.13 kB
build/client/assets/noto-serif-jp-latin-200-normal.woff2                 18.14 kB
build/client/assets/noto-serif-jp-65-200-normal.woff                     18.15 kB
build/client/assets/noto-serif-jp-70-900-normal.woff                     18.18 kB
build/client/assets/m-plus-rounded-1c-37-500-normal.woff                 18.20 kB
build/client/assets/noto-serif-jp-70-800-normal.woff                     18.20 kB
build/client/assets/m-plus-rounded-1c-40-500-normal.woff                 18.22 kB
build/client/assets/m-plus-rounded-1c-60-900-normal.woff                 18.22 kB
build/client/assets/m-plus-rounded-1c-40-400-normal.woff                 18.22 kB
build/client/assets/m-plus-rounded-1c-65-500-normal.woff                 18.23 kB
build/client/assets/m-plus-rounded-1c-31-700-normal.woff                 18.24 kB
build/client/assets/noto-serif-jp-62-700-normal.woff                     18.24 kB
build/client/assets/noto-serif-jp-71-400-normal.woff                     18.27 kB
build/client/assets/m-plus-rounded-1c-68-700-normal.woff                 18.33 kB
build/client/assets/noto-serif-jp-62-900-normal.woff                     18.34 kB
build/client/assets/m-plus-rounded-1c-119-400-normal.woff2               18.34 kB
build/client/assets/m-plus-rounded-1c-68-800-normal.woff                 18.36 kB
build/client/assets/noto-serif-jp-61-200-normal.woff                     18.38 kB
build/client/assets/noto-serif-jp-62-800-normal.woff                     18.38 kB
build/client/assets/m-plus-rounded-1c-22-900-normal.woff                 18.39 kB
build/client/assets/m-plus-rounded-1c-72-700-normal.woff                 18.42 kB
build/client/assets/m-plus-rounded-1c-65-900-normal.woff                 18.42 kB
build/client/assets/m-plus-rounded-1c-22-500-normal.woff                 18.43 kB
build/client/assets/yomogi-72-400-normal.woff                            18.44 kB
build/client/assets/noto-serif-jp-71-500-normal.woff                     18.44 kB
build/client/assets/m-plus-rounded-1c-72-800-normal.woff                 18.45 kB
build/client/assets/m-plus-rounded-1c-61-800-normal.woff                 18.45 kB
build/client/assets/m-plus-rounded-1c-64-400-normal.woff                 18.46 kB
build/client/assets/m-plus-rounded-1c-15-300-normal.woff                 18.48 kB
build/client/assets/m-plus-rounded-1c-10-300-normal.woff                 18.50 kB
build/client/assets/noto-serif-jp-65-300-normal.woff                     18.50 kB
build/client/assets/yomogi-118-400-normal.woff2                          18.51 kB
build/client/assets/noto-serif-jp-71-600-normal.woff                     18.51 kB
build/client/assets/m-plus-rounded-1c-26-300-normal.woff                 18.52 kB
build/client/assets/noto-serif-jp-71-900-normal.woff                     18.52 kB
build/client/assets/noto-serif-jp-latin-900-normal.woff2                 18.54 kB
build/client/assets/noto-serif-jp-72-200-normal.woff                     18.55 kB
build/client/assets/m-plus-rounded-1c-65-700-normal.woff                 18.58 kB
build/client/assets/m-plus-rounded-1c-14-400-normal.woff                 18.59 kB
build/client/assets/noto-serif-jp-65-400-normal.woff                     18.59 kB
build/client/assets/m-plus-rounded-1c-32-500-normal.woff                 18.59 kB
build/client/assets/m-plus-rounded-1c-31-800-normal.woff                 18.59 kB
build/client/assets/noto-serif-jp-71-700-normal.woff                     18.59 kB
build/client/assets/m-plus-rounded-1c-119-700-normal.woff2               18.62 kB
build/client/assets/m-plus-rounded-1c-32-400-normal.woff                 18.62 kB
build/client/assets/noto-serif-jp-latin-300-normal.woff2                 18.63 kB
build/client/assets/m-plus-rounded-1c-37-700-normal.woff                 18.64 kB
build/client/assets/m-plus-rounded-1c-60-700-normal.woff                 18.64 kB
build/client/assets/m-plus-rounded-1c-21-300-normal.woff                 18.66 kB
build/client/assets/m-plus-rounded-1c-35-400-normal.woff2                18.67 kB
build/client/assets/m-plus-rounded-1c-64-500-normal.woff                 18.68 kB
build/client/assets/noto-serif-jp-71-800-normal.woff                     18.69 kB
build/client/assets/noto-serif-jp-68-200-normal.woff                     18.70 kB
build/client/assets/yomogi-118-400-normal.woff                           18.70 kB
build/client/assets/m-plus-rounded-1c-119-800-normal.woff2               18.72 kB
build/client/assets/yomogi-61-400-normal.woff                            18.73 kB
build/client/assets/noto-serif-jp-61-300-normal.woff                     18.74 kB
build/client/assets/noto-serif-jp-latin-600-normal.woff2                 18.74 kB
build/client/assets/m-plus-2-116-wght-normal.woff2                       18.74 kB
build/client/assets/noto-serif-jp-latin-400-normal.woff2                 18.75 kB
build/client/assets/m-plus-rounded-1c-17-700-normal.woff                 18.76 kB
build/client/assets/m-plus-rounded-1c-32-900-normal.woff                 18.76 kB
build/client/assets/m-plus-2-101-wght-normal.woff2                       18.76 kB
build/client/assets/yomogi-68-400-normal.woff                            18.76 kB
build/client/assets/noto-serif-jp-65-500-normal.woff                     18.78 kB
build/client/assets/noto-serif-jp-latin-500-normal.woff2                 18.79 kB
build/client/assets/yomogi-46-400-normal.woff2                           18.79 kB
build/client/assets/yomogi-106-400-normal.woff                           18.80 kB
build/client/assets/noto-serif-jp-61-400-normal.woff                     18.80 kB
build/client/assets/noto-serif-jp-latin-700-normal.woff2                 18.80 kB
build/client/assets/m-plus-rounded-1c-35-500-normal.woff2                18.82 kB
build/client/assets/m-plus-rounded-1c-35-900-normal.woff2                18.82 kB
build/client/assets/m-plus-rounded-1c-37-800-normal.woff                 18.82 kB
build/client/assets/m-plus-rounded-1c-34-300-normal.woff                 18.83 kB
build/client/assets/m-plus-rounded-1c-14-500-normal.woff                 18.83 kB
build/client/assets/m-plus-rounded-1c-17-800-normal.woff                 18.86 kB
build/client/assets/noto-serif-jp-65-600-normal.woff                     18.86 kB
build/client/assets/m-plus-rounded-1c-65-800-normal.woff                 18.88 kB
build/client/assets/m-plus-rounded-1c-30-300-normal.woff                 18.88 kB
build/client/assets/noto-serif-jp-latin-800-normal.woff2                 18.91 kB
build/client/assets/m-plus-rounded-1c-24-900-normal.woff                 18.91 kB
build/client/assets/yomogi-60-400-normal.woff                            18.91 kB
build/client/assets/noto-serif-jp-72-300-normal.woff                     18.92 kB
build/client/assets/m-plus-rounded-1c-38-700-normal.woff                 18.94 kB
build/client/assets/m-plus-rounded-1c-60-800-normal.woff                 18.94 kB
build/client/assets/noto-serif-jp-61-600-normal.woff                     18.94 kB
build/client/assets/noto-serif-jp-61-500-normal.woff                     18.96 kB
build/client/assets/yomogi-45-400-normal.woff2                           19.00 kB
build/client/assets/m-plus-rounded-1c-22-700-normal.woff                 19.02 kB
build/client/assets/m-plus-rounded-1c-24-500-normal.woff                 19.02 kB
build/client/assets/m-plus-rounded-1c-14-900-normal.woff                 19.03 kB
build/client/assets/noto-serif-jp-72-400-normal.woff                     19.03 kB
build/client/assets/noto-serif-jp-65-900-normal.woff                     19.03 kB
build/client/assets/noto-serif-jp-61-900-normal.woff                     19.05 kB
build/client/assets/m-plus-rounded-1c-39-300-normal.woff                 19.08 kB
build/client/assets/noto-serif-jp-61-700-normal.woff                     19.10 kB
build/client/assets/m-plus-rounded-1c-64-900-normal.woff                 19.10 kB
build/client/assets/m-plus-rounded-1c-38-800-normal.woff                 19.11 kB
build/client/assets/m-plus-rounded-1c-41-300-normal.woff                 19.13 kB
build/client/assets/noto-serif-jp-68-300-normal.woff                     19.13 kB
build/client/assets/noto-serif-jp-65-700-normal.woff                     19.13 kB
build/client/assets/noto-serif-jp-61-800-normal.woff                     19.14 kB
build/client/assets/m-plus-2-115-wght-normal.woff2                       19.15 kB
build/client/assets/noto-sans-jp-53-100-normal.woff2                     19.15 kB
build/client/assets/noto-serif-jp-72-500-normal.woff                     19.16 kB
build/client/assets/noto-serif-jp-68-400-normal.woff                     19.20 kB
build/client/assets/m-plus-2-112-wght-normal.woff2                       19.23 kB
build/client/assets/m-plus-2-109-wght-normal.woff2                       19.24 kB
build/client/assets/noto-serif-jp-68-500-normal.woff                     19.25 kB
build/client/assets/m-plus-rounded-1c-21-400-normal.woff                 19.26 kB
build/client/assets/noto-serif-jp-72-600-normal.woff                     19.27 kB
build/client/assets/m-plus-2-13-wght-normal.woff2                        19.27 kB
build/client/assets/noto-serif-jp-65-800-normal.woff                     19.28 kB
build/client/assets/m-plus-rounded-1c-24-400-normal.woff                 19.28 kB
build/client/assets/m-plus-rounded-1c-34-900-normal.woff                 19.29 kB
build/client/assets/m-plus-rounded-1c-15-900-normal.woff                 19.30 kB
build/client/assets/noto-serif-jp-68-600-normal.woff                     19.31 kB
build/client/assets/m-plus-rounded-1c-40-700-normal.woff                 19.33 kB
build/client/assets/noto-serif-jp-72-900-normal.woff                     19.33 kB
build/client/assets/m-plus-2-86-wght-normal.woff2                        19.36 kB
build/client/assets/m-plus-rounded-1c-22-800-normal.woff                 19.36 kB
build/client/assets/m-plus-rounded-1c-15-400-normal.woff                 19.36 kB
build/client/assets/m-plus-rounded-1c-40-800-normal.woff                 19.39 kB
build/client/assets/m-plus-rounded-1c-64-700-normal.woff                 19.43 kB
build/client/assets/m-plus-rounded-1c-30-400-normal.woff                 19.46 kB
build/client/assets/m-plus-rounded-1c-26-900-normal.woff                 19.48 kB
build/client/assets/noto-serif-jp-72-700-normal.woff                     19.49 kB
build/client/assets/m-plus-rounded-1c-10-400-normal.woff                 19.51 kB
build/client/assets/noto-serif-jp-58-200-normal.woff                     19.52 kB
build/client/assets/m-plus-rounded-1c-119-100-normal.woff                19.54 kB
build/client/assets/m-plus-rounded-1c-15-500-normal.woff                 19.54 kB
build/client/assets/noto-serif-jp-64-200-normal.woff                     19.54 kB
build/client/assets/m-plus-rounded-1c-64-800-normal.woff                 19.56 kB
build/client/assets/m-plus-rounded-1c-26-400-normal.woff                 19.58 kB
build/client/assets/m-plus-rounded-1c-23-700-normal.woff2                19.59 kB
build/client/assets/m-plus-rounded-1c-23-300-normal.woff                 19.61 kB
build/client/assets/noto-serif-jp-68-900-normal.woff                     19.62 kB
build/client/assets/m-plus-rounded-1c-30-500-normal.woff                 19.63 kB
build/client/assets/m-plus-2-110-wght-normal.woff2                       19.64 kB
build/client/assets/noto-serif-jp-68-700-normal.woff                     19.68 kB
build/client/assets/noto-serif-jp-72-800-normal.woff                     19.68 kB
build/client/assets/m-plus-rounded-1c-26-500-normal.woff                 19.69 kB
build/client/assets/m-plus-rounded-1c-34-400-normal.woff                 19.71 kB
build/client/assets/m-plus-2-93-wght-normal.woff2                        19.71 kB
build/client/assets/noto-sans-jp-53-200-normal.woff2                     19.71 kB
build/client/assets/m-plus-rounded-1c-34-500-normal.woff                 19.73 kB
build/client/assets/m-plus-2-6-wght-normal.woff2                         19.75 kB
build/client/assets/noto-serif-jp-58-900-normal.woff                     19.75 kB
build/client/assets/m-plus-rounded-1c-23-800-normal.woff2                19.76 kB
build/client/assets/m-plus-rounded-1c-14-700-normal.woff                 19.78 kB
build/client/assets/m-plus-rounded-1c-39-900-normal.woff                 19.78 kB
build/client/assets/yomogi-64-400-normal.woff                            19.78 kB
build/client/assets/m-plus-rounded-1c-latin-100-normal.woff2             19.79 kB
build/client/assets/m-plus-2-97-wght-normal.woff2                        19.82 kB
build/client/assets/noto-serif-jp-68-800-normal.woff                     19.83 kB
build/client/assets/noto-sans-jp-2-900-normal.woff                       19.85 kB
build/client/assets/m-plus-rounded-1c-14-800-normal.woff                 19.86 kB
build/client/assets/m-plus-rounded-1c-21-900-normal.woff                 19.86 kB
build/client/assets/noto-sans-jp-53-300-normal.woff2                     19.87 kB
build/client/assets/m-plus-rounded-1c-21-500-normal.woff                 19.88 kB
build/client/assets/noto-serif-jp-58-300-normal.woff                     19.90 kB
build/client/assets/m-plus-2-95-wght-normal.woff2                        19.91 kB
build/client/assets/m-plus-rounded-1c-30-900-normal.woff                 19.94 kB
build/client/assets/m-plus-rounded-1c-15-700-normal.woff                 19.95 kB
build/client/assets/m-plus-rounded-1c-10-500-normal.woff                 19.95 kB
build/client/assets/m-plus-rounded-1c-39-500-normal.woff                 19.96 kB
build/client/assets/noto-serif-jp-58-400-normal.woff                     19.97 kB
build/client/assets/m-plus-rounded-1c-39-400-normal.woff                 20.01 kB
build/client/assets/m-plus-rounded-1c-24-700-normal.woff                 20.02 kB
build/client/assets/noto-serif-jp-58-800-normal.woff                     20.05 kB
build/client/assets/noto-sans-jp-53-400-normal.woff2                     20.06 kB
build/client/assets/m-plus-2-29-wght-normal.woff2                        20.06 kB
build/client/assets/m-plus-2-85-wght-normal.woff2                        20.06 kB
build/client/assets/m-plus-rounded-1c-41-400-normal.woff                 20.06 kB
build/client/assets/m-plus-rounded-1c-10-900-normal.woff                 20.07 kB
build/client/assets/noto-serif-jp-58-500-normal.woff                     20.07 kB
build/client/assets/noto-serif-jp-58-600-normal.woff                     20.08 kB
build/client/assets/noto-serif-jp-64-300-normal.woff                     20.09 kB
build/client/assets/m-plus-rounded-1c-32-700-normal.woff                 20.10 kB
build/client/assets/noto-serif-jp-58-700-normal.woff                     20.10 kB
build/client/assets/yomogi-33-400-normal.woff2                           20.11 kB
build/client/assets/m-plus-rounded-1c-35-700-normal.woff2                20.11 kB
build/client/assets/noto-sans-jp-53-900-normal.woff2                     20.12 kB
build/client/assets/noto-sans-jp-2-100-normal.woff                       20.13 kB
build/client/assets/m-plus-2-89-wght-normal.woff2                        20.14 kB
build/client/assets/m-plus-2-80-wght-normal.woff2                        20.17 kB
build/client/assets/m-plus-rounded-1c-26-700-normal.woff                 20.17 kB
build/client/assets/noto-sans-jp-53-500-normal.woff2                     20.18 kB
build/client/assets/m-plus-rounded-1c-41-900-normal.woff                 20.18 kB
build/client/assets/m-plus-rounded-1c-15-800-normal.woff                 20.20 kB
build/client/assets/m-plus-rounded-1c-35-800-normal.woff2                20.21 kB
build/client/assets/m-plus-rounded-1c-24-800-normal.woff                 20.22 kB
build/client/assets/noto-serif-jp-64-400-normal.woff                     20.26 kB
build/client/assets/m-plus-2-63-wght-normal.woff2                        20.27 kB
build/client/assets/m-plus-rounded-1c-34-700-normal.woff                 20.29 kB
build/client/assets/m-plus-rounded-1c-21-700-normal.woff                 20.31 kB
build/client/assets/noto-sans-jp-53-600-normal.woff2                     20.32 kB
build/client/assets/m-plus-rounded-1c-41-500-normal.woff                 20.34 kB
build/client/assets/noto-serif-jp-64-500-normal.woff                     20.35 kB
build/client/assets/m-plus-rounded-1c-32-800-normal.woff                 20.41 kB
build/client/assets/m-plus-rounded-1c-34-800-normal.woff                 20.42 kB
build/client/assets/noto-sans-jp-2-700-normal.woff                       20.44 kB
build/client/assets/m-plus-rounded-1c-26-800-normal.woff                 20.46 kB
build/client/assets/noto-sans-jp-2-800-normal.woff                       20.47 kB
build/client/assets/noto-sans-jp-53-700-normal.woff2                     20.50 kB
build/client/assets/noto-serif-jp-64-600-normal.woff                     20.50 kB
build/client/assets/noto-serif-jp-64-700-normal.woff                     20.56 kB
build/client/assets/noto-serif-jp-64-900-normal.woff                     20.57 kB
build/client/assets/noto-sans-jp-2-600-normal.woff                       20.60 kB
build/client/assets/noto-serif-jp-64-800-normal.woff                     20.60 kB
build/client/assets/noto-sans-jp-2-400-normal.woff                       20.61 kB
build/client/assets/m-plus-2-88-wght-normal.woff2                        20.62 kB
build/client/assets/noto-sans-jp-2-300-normal.woff                       20.62 kB
build/client/assets/m-plus-2-84-wght-normal.woff2                        20.62 kB
build/client/assets/m-plus-2-71-wght-normal.woff2                        20.64 kB
build/client/assets/m-plus-2-28-wght-normal.woff2                        20.65 kB
build/client/assets/noto-sans-jp-2-200-normal.woff                       20.66 kB
build/client/assets/m-plus-rounded-1c-30-700-normal.woff                 20.68 kB
build/client/assets/noto-sans-jp-53-800-normal.woff2                     20.70 kB
build/client/assets/m-plus-rounded-1c-21-800-normal.woff                 20.70 kB
build/client/assets/noto-sans-jp-2-500-normal.woff                       20.71 kB
build/client/assets/m-plus-2-19-wght-normal.woff2                        20.74 kB
build/client/assets/m-plus-2-107-wght-normal.woff2                       20.76 kB
build/client/assets/m-plus-rounded-1c-23-400-normal.woff                 20.81 kB
build/client/assets/m-plus-rounded-1c-39-800-normal.woff                 20.82 kB
build/client/assets/m-plus-2-103-wght-normal.woff2                       20.84 kB
build/client/assets/m-plus-rounded-1c-10-700-normal.woff                 20.87 kB
build/client/assets/m-plus-rounded-1c-10-800-normal.woff                 20.88 kB
build/client/assets/m-plus-2-75-wght-normal.woff2                        20.89 kB
build/client/assets/m-plus-2-8-wght-normal.woff2                         20.90 kB
build/client/assets/m-plus-2-96-wght-normal.woff2                        20.94 kB
build/client/assets/m-plus-rounded-1c-41-700-normal.woff                 20.94 kB
build/client/assets/m-plus-2-92-wght-normal.woff2                        20.95 kB
build/client/assets/m-plus-2-102-wght-normal.woff2                       20.96 kB
build/client/assets/noto-sans-jp-54-100-normal.woff                      20.98 kB
build/client/assets/m-plus-rounded-1c-39-700-normal.woff                 21.01 kB
build/client/assets/noto-serif-jp-60-200-normal.woff                     21.01 kB
build/client/assets/m-plus-rounded-1c-41-800-normal.woff                 21.10 kB
build/client/assets/m-plus-rounded-1c-30-800-normal.woff                 21.11 kB
build/client/assets/m-plus-2-12-wght-normal.woff2                        21.12 kB
build/client/assets/m-plus-2-76-wght-normal.woff2                        21.14 kB
build/client/assets/m-plus-rounded-1c-23-900-normal.woff                 21.18 kB
build/client/assets/m-plus-rounded-1c-23-500-normal.woff                 21.18 kB
build/client/assets/m-plus-2-111-wght-normal.woff2                       21.18 kB
build/client/assets/m-plus-2-104-wght-normal.woff2                       21.20 kB
build/client/assets/noto-sans-jp-54-900-normal.woff                      21.25 kB
build/client/assets/noto-sans-jp-54-200-normal.woff                      21.47 kB
build/client/assets/m-plus-2-11-wght-normal.woff2                        21.52 kB
build/client/assets/noto-sans-jp-54-600-normal.woff                      21.52 kB
build/client/assets/noto-sans-jp-54-400-normal.woff                      21.52 kB
build/client/assets/noto-sans-jp-54-800-normal.woff                      21.54 kB
build/client/assets/noto-serif-jp-60-300-normal.woff                     21.58 kB
build/client/assets/noto-sans-jp-54-500-normal.woff                      21.58 kB
build/client/assets/m-plus-2-81-wght-normal.woff2                        21.60 kB
build/client/assets/noto-sans-jp-54-700-normal.woff                      21.60 kB
build/client/assets/m-plus-rounded-1c-35-300-normal.woff                 21.61 kB
build/client/assets/m-plus-2-91-wght-normal.woff2                        21.62 kB
build/client/assets/noto-sans-jp-54-300-normal.woff                      21.65 kB
build/client/assets/m-plus-rounded-1c-latin-900-normal.woff2             21.66 kB
build/client/assets/yomogi-47-400-normal.woff2                           21.67 kB
build/client/assets/noto-serif-jp-60-400-normal.woff                     21.69 kB
build/client/assets/yomogi-38-400-normal.woff2                           21.75 kB
build/client/assets/m-plus-2-105-wght-normal.woff2                       21.78 kB
build/client/assets/yomogi-27-400-normal.woff2                           21.84 kB
build/client/assets/noto-serif-jp-60-600-normal.woff                     21.84 kB
build/client/assets/noto-serif-jp-60-500-normal.woff                     21.87 kB
build/client/assets/m-plus-2-74-wght-normal.woff2                        21.87 kB
build/client/assets/m-plus-2-90-wght-normal.woff2                        21.97 kB
build/client/assets/m-plus-rounded-1c-latin-300-normal.woff2             21.97 kB
build/client/assets/m-plus-2-118-wght-normal.woff2                       22.04 kB
build/client/assets/m-plus-rounded-1c-latin-500-normal.woff2             22.04 kB
build/client/assets/m-plus-rounded-1c-latin-400-normal.woff2             22.08 kB
build/client/assets/noto-serif-jp-60-900-normal.woff                     22.09 kB
build/client/assets/noto-sans-jp-56-100-normal.woff2                     22.16 kB
build/client/assets/noto-sans-jp-55-100-normal.woff2                     22.18 kB
build/client/assets/yomogi-49-400-normal.woff2                           22.19 kB
build/client/assets/noto-serif-jp-60-800-normal.woff                     22.20 kB
build/client/assets/m-plus-2-82-wght-normal.woff2                        22.22 kB
build/client/assets/noto-sans-jp-3-100-normal.woff2                      22.22 kB
build/client/assets/m-plus-2-67-wght-normal.woff2                        22.23 kB
build/client/assets/noto-serif-jp-60-700-normal.woff                     22.24 kB
build/client/assets/m-plus-2-33-wght-normal.woff2                        22.29 kB
build/client/assets/m-plus-2-87-wght-normal.woff2                        22.29 kB
build/client/assets/m-plus-2-94-wght-normal.woff2                        22.34 kB
build/client/assets/m-plus-2-98-wght-normal.woff2                        22.38 kB
build/client/assets/yomogi-36-400-normal.woff2                           22.38 kB
build/client/assets/noto-sans-jp-56-200-normal.woff2                     22.42 kB
build/client/assets/noto-sans-jp-56-300-normal.woff2                     22.49 kB
build/client/assets/noto-serif-jp-2-200-normal.woff2                     22.49 kB
build/client/assets/m-plus-2-66-wght-normal.woff2                        22.50 kB
build/client/assets/m-plus-rounded-1c-35-900-normal.woff                 22.50 kB
build/client/assets/noto-sans-jp-55-200-normal.woff2                     22.51 kB
build/client/assets/m-plus-2-83-wght-normal.woff2                        22.53 kB
build/client/assets/yomogi-119-400-normal.woff2                          22.55 kB
build/client/assets/yomogi-46-400-normal.woff                            22.55 kB
build/client/assets/yomogi-26-400-normal.woff2                           22.56 kB
build/client/assets/yomogi-29-400-normal.woff2                           22.57 kB
build/client/assets/m-plus-rounded-1c-latin-800-normal.woff2             22.62 kB
build/client/assets/noto-sans-jp-55-300-normal.woff2                     22.65 kB
build/client/assets/m-plus-2-77-wght-normal.woff2                        22.66 kB
build/client/assets/noto-sans-jp-56-400-normal.woff2                     22.66 kB
build/client/assets/yomogi-20-400-normal.woff2                           22.67 kB
build/client/assets/m-plus-2-108-wght-normal.woff2                       22.67 kB
build/client/assets/noto-sans-jp-3-200-normal.woff2                      22.68 kB
build/client/assets/m-plus-rounded-1c-35-500-normal.woff                 22.70 kB
build/client/assets/m-plus-rounded-1c-latin-700-normal.woff2             22.71 kB
build/client/assets/yomogi-45-400-normal.woff                            22.74 kB
build/client/assets/m-plus-2-69-wght-normal.woff2                        22.75 kB
build/client/assets/noto-serif-jp-latin-200-normal.woff                  22.78 kB
build/client/assets/m-plus-2-70-wght-normal.woff2                        22.78 kB
build/client/assets/noto-sans-jp-56-500-normal.woff2                     22.80 kB
build/client/assets/m-plus-rounded-1c-35-400-normal.woff                 22.81 kB
build/client/assets/yomogi-43-400-normal.woff2                           22.83 kB
build/client/assets/m-plus-2-99-wght-normal.woff2                        22.84 kB
build/client/assets/m-plus-2-78-wght-normal.woff2                        22.86 kB
build/client/assets/noto-sans-jp-3-300-normal.woff2                      22.90 kB
build/client/assets/noto-serif-jp-2-300-normal.woff2                     22.90 kB
build/client/assets/noto-sans-jp-56-600-normal.woff2                     22.91 kB
build/client/assets/m-plus-2-9-wght-normal.woff2                         22.93 kB
build/client/assets/m-plus-2-62-wght-normal.woff2                        22.93 kB
build/client/assets/noto-sans-jp-56-900-normal.woff2                     22.96 kB
build/client/assets/m-plus-2-43-wght-normal.woff2                        22.97 kB
build/client/assets/noto-sans-jp-55-400-normal.woff2                     22.98 kB
build/client/assets/noto-sans-jp-56-700-normal.woff2                     22.99 kB
build/client/assets/m-plus-2-73-wght-normal.woff2                        23.02 kB
build/client/assets/noto-sans-jp-56-800-normal.woff2                     23.06 kB
build/client/assets/noto-serif-jp-2-400-normal.woff2                     23.08 kB
build/client/assets/m-plus-2-27-wght-normal.woff2                        23.12 kB
build/client/assets/noto-serif-jp-latin-900-normal.woff                  23.12 kB
build/client/assets/noto-sans-jp-55-500-normal.woff2                     23.14 kB
build/client/assets/m-plus-rounded-1c-23-700-normal.woff                 23.14 kB
build/client/assets/m-plus-2-100-wght-normal.woff2                       23.16 kB
build/client/assets/noto-sans-jp-3-400-normal.woff2                      23.16 kB
build/client/assets/noto-sans-jp-55-600-normal.woff2                     23.20 kB
build/client/assets/noto-serif-jp-2-900-normal.woff2                     23.20 kB
build/client/assets/noto-serif-jp-2-600-normal.woff2                     23.22 kB
build/client/assets/noto-sans-jp-55-700-normal.woff2                     23.26 kB
build/client/assets/noto-sans-jp-3-500-normal.woff2                      23.27 kB
build/client/assets/noto-serif-jp-2-500-normal.woff2                     23.30 kB
build/client/assets/noto-serif-jp-latin-300-normal.woff                  23.30 kB
build/client/assets/noto-sans-jp-55-900-normal.woff2                     23.34 kB
build/client/assets/noto-serif-jp-latin-400-normal.woff                  23.37 kB
build/client/assets/noto-serif-jp-latin-700-normal.woff                  23.38 kB
build/client/assets/m-plus-2-79-wght-normal.woff2                        23.40 kB
build/client/assets/noto-sans-jp-55-800-normal.woff2                     23.41 kB
build/client/assets/noto-sans-jp-3-600-normal.woff2                      23.42 kB
build/client/assets/noto-serif-jp-2-700-normal.woff2                     23.43 kB
build/client/assets/m-plus-rounded-1c-23-800-normal.woff                 23.43 kB
build/client/assets/noto-serif-jp-latin-600-normal.woff                  23.44 kB
build/client/assets/yomogi-5-400-normal.woff2                            23.46 kB
build/client/assets/noto-serif-jp-latin-500-normal.woff                  23.47 kB
build/client/assets/noto-sans-jp-3-900-normal.woff2                      23.48 kB
build/client/assets/noto-serif-jp-latin-800-normal.woff                  23.54 kB
build/client/assets/m-plus-2-106-wght-normal.woff2                       23.56 kB
build/client/assets/noto-serif-jp-2-800-normal.woff2                     23.58 kB
build/client/assets/noto-sans-jp-3-700-normal.woff2                      23.61 kB
build/client/assets/m-plus-rounded-1c-119-900-normal.woff                23.62 kB
build/client/assets/noto-sans-jp-3-800-normal.woff2                      23.69 kB
build/client/assets/m-plus-rounded-1c-35-700-normal.woff                 23.78 kB
build/client/assets/yomogi-13-400-normal.woff2                           23.82 kB
build/client/assets/yomogi-33-400-normal.woff                            23.95 kB
build/client/assets/m-plus-rounded-1c-35-800-normal.woff                 23.98 kB
build/client/assets/m-plus-rounded-1c-119-500-normal.woff                24.04 kB
build/client/assets/yomogi-48-400-normal.woff2                           24.13 kB
build/client/assets/yomogi-18-400-normal.woff2                           24.15 kB
build/client/assets/m-plus-rounded-1c-55-100-normal.woff2                24.25 kB
build/client/assets/m-plus-rounded-1c-119-300-normal.woff                24.30 kB
build/client/assets/m-plus-2-61-wght-normal.woff2                        24.37 kB
build/client/assets/m-plus-2-36-wght-normal.woff2                        24.39 kB
build/client/assets/yomogi-42-400-normal.woff2                           24.41 kB
build/client/assets/m-plus-2-72-wght-normal.woff2                        24.49 kB
build/client/assets/yomogi-latin-400-normal.woff2                        24.53 kB
build/client/assets/m-plus-2-42-wght-normal.woff2                        24.54 kB
build/client/assets/yomogi-28-400-normal.woff2                           24.79 kB
build/client/assets/yomogi-44-400-normal.woff2                           24.80 kB
build/client/assets/m-plus-rounded-1c-119-400-normal.woff                24.82 kB
build/client/assets/yomogi-12-400-normal.woff2                           24.87 kB
build/client/assets/noto-sans-jp-53-100-normal.woff                      24.90 kB
build/client/assets/m-plus-2-7-wght-normal.woff2                         25.02 kB
build/client/assets/m-plus-2-60-wght-normal.woff2                        25.04 kB
build/client/assets/yomogi-14-400-normal.woff2                           25.07 kB
build/client/assets/noto-serif-jp-53-200-normal.woff2                    25.13 kB
build/client/assets/noto-sans-jp-53-300-normal.woff                      25.16 kB
build/client/assets/m-plus-2-68-wght-normal.woff2                        25.20 kB
build/client/assets/noto-sans-jp-53-200-normal.woff                      25.24 kB
build/client/assets/m-plus-rounded-1c-119-700-normal.woff                25.28 kB
build/client/assets/noto-sans-jp-53-900-normal.woff                      25.32 kB
build/client/assets/m-plus-2-31-wght-normal.woff2                        25.32 kB
build/client/assets/m-plus-2-25-wght-normal.woff2                        25.34 kB
build/client/assets/m-plus-rounded-1c-119-800-normal.woff                25.34 kB
build/client/assets/m-plus-2-65-wght-normal.woff2                        25.34 kB
build/client/assets/yomogi-latin-400-normal.woff                         25.42 kB
build/client/assets/noto-sans-jp-53-400-normal.woff                      25.45 kB
build/client/assets/noto-sans-jp-53-600-normal.woff                      25.45 kB
build/client/assets/noto-sans-jp-53-500-normal.woff                      25.45 kB
build/client/assets/noto-serif-jp-2-200-normal.woff                      25.57 kB
build/client/assets/m-plus-2-16-wght-normal.woff2                        25.58 kB
build/client/assets/m-plus-2-38-wght-normal.woff2                        25.66 kB
build/client/assets/noto-sans-jp-53-800-normal.woff                      25.69 kB
build/client/assets/noto-sans-jp-53-700-normal.woff                      25.72 kB
build/client/assets/yomogi-38-400-normal.woff                            25.78 kB
build/client/assets/yomogi-40-400-normal.woff2                           25.84 kB
build/client/assets/yomogi-47-400-normal.woff                            25.84 kB
build/client/assets/noto-serif-jp-2-300-normal.woff                      25.95 kB
build/client/assets/yomogi-27-400-normal.woff                            25.95 kB
build/client/assets/noto-serif-jp-2-400-normal.woff                      26.06 kB
build/client/assets/noto-serif-jp-56-200-normal.woff2                    26.07 kB
build/client/assets/noto-serif-jp-2-900-normal.woff                      26.08 kB
build/client/assets/noto-serif-jp-2-600-normal.woff                      26.15 kB
build/client/assets/noto-serif-jp-2-500-normal.woff                      26.22 kB
build/client/assets/yomogi-16-400-normal.woff2                           26.22 kB
build/client/assets/m-plus-2-64-wght-normal.woff2                        26.26 kB
build/client/assets/yomogi-37-400-normal.woff2                           26.27 kB
build/client/assets/m-plus-2-18-wght-normal.woff2                        26.30 kB
build/client/assets/yomogi-49-400-normal.woff                            26.33 kB
build/client/assets/m-plus-2-latin-ext-wght-normal.woff2                 26.34 kB
build/client/assets/noto-serif-jp-2-700-normal.woff                      26.36 kB
build/client/assets/yomogi-20-400-normal.woff                            26.37 kB
build/client/assets/noto-serif-jp-56-300-normal.woff2                    26.42 kB
build/client/assets/noto-serif-jp-56-400-normal.woff2                    26.46 kB
build/client/assets/noto-serif-jp-53-300-normal.woff2                    26.46 kB
build/client/assets/noto-serif-jp-53-400-normal.woff2                    26.47 kB
build/client/assets/yomogi-29-400-normal.woff                            26.48 kB
build/client/assets/m-plus-2-14-wght-normal.woff2                        26.52 kB
build/client/assets/noto-serif-jp-56-500-normal.woff2                    26.54 kB
build/client/assets/noto-serif-jp-53-900-normal.woff2                    26.55 kB
build/client/assets/noto-serif-jp-2-800-normal.woff                      26.56 kB
build/client/assets/noto-serif-jp-56-600-normal.woff2                    26.67 kB
build/client/assets/noto-serif-jp-56-900-normal.woff2                    26.76 kB
build/client/assets/yomogi-36-400-normal.woff                            26.77 kB
build/client/assets/m-plus-2-40-wght-normal.woff2                        26.78 kB
build/client/assets/yomogi-22-400-normal.woff2                           26.80 kB
build/client/assets/noto-serif-jp-56-700-normal.woff2                    26.82 kB
build/client/assets/noto-serif-jp-53-500-normal.woff2                    26.87 kB
build/client/assets/noto-serif-jp-56-800-normal.woff2                    26.92 kB
build/client/assets/yomogi-43-400-normal.woff                            26.92 kB
build/client/assets/yomogi-26-400-normal.woff                            26.94 kB
build/client/assets/yomogi-32-400-normal.woff2                           27.02 kB
build/client/assets/yomogi-5-400-normal.woff                             27.10 kB
build/client/assets/yomogi-21-400-normal.woff2                           27.12 kB
build/client/assets/noto-serif-jp-53-600-normal.woff2                    27.18 kB
build/client/assets/yomogi-17-400-normal.woff2                           27.36 kB
build/client/assets/noto-serif-jp-53-800-normal.woff2                    27.38 kB
build/client/assets/yomogi-9-400-normal.woff2                            27.39 kB
build/client/assets/yomogi-35-400-normal.woff2                           27.43 kB
build/client/assets/m-plus-2-15-wght-normal.woff2                        27.50 kB
build/client/assets/noto-serif-jp-54-200-normal.woff2                    27.55 kB
build/client/assets/noto-sans-jp-56-100-normal.woff                      27.60 kB
build/client/assets/noto-serif-jp-53-700-normal.woff2                    27.66 kB
build/client/assets/noto-sans-jp-56-300-normal.woff                      27.71 kB
build/client/assets/noto-sans-jp-56-200-normal.woff                      27.76 kB
build/client/assets/m-plus-2-10-wght-normal.woff2                        27.76 kB
build/client/assets/noto-sans-jp-56-600-normal.woff                      27.79 kB
build/client/assets/noto-sans-jp-56-700-normal.woff                      27.80 kB
build/client/assets/noto-sans-jp-56-900-normal.woff                      27.80 kB
build/client/assets/noto-serif-jp-55-200-normal.woff2                    27.80 kB
build/client/assets/noto-sans-jp-56-800-normal.woff                      27.80 kB
build/client/assets/noto-sans-jp-56-500-normal.woff                      27.80 kB
build/client/assets/yomogi-13-400-normal.woff                            27.81 kB
build/client/assets/yomogi-119-400-normal.woff                           27.81 kB
build/client/assets/noto-sans-jp-56-400-normal.woff                      27.82 kB
build/client/assets/m-plus-2-37-wght-normal.woff2                        27.94 kB
build/client/assets/m-plus-2-22-wght-normal.woff2                        27.94 kB
build/client/assets/noto-sans-jp-52-100-normal.woff2                     28.00 kB
build/client/assets/m-plus-2-46-wght-normal.woff2                        28.07 kB
build/client/assets/noto-serif-jp-54-900-normal.woff2                    28.19 kB
build/client/assets/m-plus-2-26-wght-normal.woff2                        28.20 kB
build/client/assets/yomogi-10-400-normal.woff2                           28.25 kB
build/client/assets/m-plus-rounded-1c-55-300-normal.woff2                28.31 kB
build/client/assets/yomogi-18-400-normal.woff                            28.35 kB
build/client/assets/m-plus-2-24-wght-normal.woff2                        28.36 kB
build/client/assets/m-plus-rounded-1c-latin-100-normal.woff              28.43 kB
build/client/assets/m-plus-2-17-wght-normal.woff2                        28.51 kB
build/client/assets/noto-serif-jp-55-300-normal.woff2                    28.56 kB
build/client/assets/yomogi-6-400-normal.woff2                            28.61 kB
build/client/assets/yomogi-41-400-normal.woff2                           28.66 kB
build/client/assets/noto-sans-jp-52-900-normal.woff2                     28.67 kB
build/client/assets/m-plus-2-32-wght-normal.woff2                        28.68 kB
build/client/assets/yomogi-19-400-normal.woff2                           28.68 kB
build/client/assets/noto-serif-jp-55-400-normal.woff2                    28.71 kB
build/client/assets/yomogi-48-400-normal.woff                            28.72 kB
build/client/assets/yomogi-30-400-normal.woff2                           28.74 kB
build/client/assets/noto-sans-jp-51-100-normal.woff2                     28.75 kB
build/client/assets/noto-serif-jp-55-500-normal.woff2                    28.92 kB
build/client/assets/yomogi-12-400-normal.woff                            28.92 kB
build/client/assets/yomogi-25-400-normal.woff2                           28.97 kB
build/client/assets/m-plus-2-49-wght-normal.woff2                        29.02 kB
build/client/assets/yomogi-42-400-normal.woff                            29.06 kB
build/client/assets/noto-sans-jp-46-100-normal.woff2                     29.08 kB
build/client/assets/yomogi-8-400-normal.woff2                            29.11 kB
build/client/assets/noto-serif-jp-55-900-normal.woff2                    29.12 kB
build/client/assets/yomogi-24-400-normal.woff2                           29.13 kB
build/client/assets/noto-serif-jp-55-600-normal.woff2                    29.15 kB
build/client/assets/m-plus-rounded-1c-55-400-normal.woff2                29.18 kB
build/client/assets/m-plus-2-21-wght-normal.woff2                        29.32 kB
build/client/assets/noto-serif-jp-55-700-normal.woff2                    29.34 kB
build/client/assets/m-plus-2-34-wght-normal.woff2                        29.46 kB
build/client/assets/yomogi-14-400-normal.woff                            29.53 kB
build/client/assets/noto-serif-jp-55-800-normal.woff2                    29.57 kB
build/client/assets/yomogi-28-400-normal.woff                            29.58 kB
build/client/assets/yomogi-44-400-normal.woff                            29.62 kB
build/client/assets/m-plus-rounded-1c-55-900-normal.woff2                29.68 kB
build/client/assets/noto-sans-jp-51-200-normal.woff2                     29.69 kB
build/client/assets/noto-sans-jp-51-300-normal.woff2                     29.70 kB
build/client/assets/noto-sans-jp-46-200-normal.woff2                     29.70 kB
build/client/assets/noto-sans-jp-3-100-normal.woff                       29.77 kB
build/client/assets/m-plus-2-45-wght-normal.woff2                        29.90 kB
build/client/assets/noto-sans-jp-46-300-normal.woff2                     29.96 kB
build/client/assets/m-plus-rounded-1c-55-500-normal.woff2                30.00 kB
build/client/assets/noto-sans-jp-3-900-normal.woff                       30.01 kB
build/client/assets/m-plus-2-39-wght-normal.woff2                        30.02 kB
build/client/assets/noto-sans-jp-3-200-normal.woff                       30.08 kB
build/client/assets/noto-sans-jp-51-900-normal.woff2                     30.12 kB
build/client/assets/noto-sans-jp-3-300-normal.woff                       30.20 kB
build/client/assets/noto-sans-jp-51-400-normal.woff2                     30.22 kB
build/client/assets/yomogi-15-400-normal.woff2                           30.26 kB
build/client/assets/noto-sans-jp-3-400-normal.woff                       30.30 kB
build/client/assets/noto-serif-jp-54-600-normal.woff2                    30.30 kB
build/client/assets/noto-sans-jp-3-800-normal.woff                       30.30 kB
build/client/assets/yomogi-11-400-normal.woff2                           30.35 kB
build/client/assets/noto-sans-jp-3-700-normal.woff                       30.36 kB
build/client/assets/noto-sans-jp-3-600-normal.woff                       30.37 kB
build/client/assets/noto-serif-jp-54-300-normal.woff2                    30.38 kB
build/client/assets/noto-sans-jp-3-500-normal.woff                       30.40 kB
build/client/assets/m-plus-2-30-wght-normal.woff2                        30.41 kB
build/client/assets/yomogi-31-400-normal.woff2                           30.47 kB
build/client/assets/noto-sans-jp-55-100-normal.woff                      30.48 kB
build/client/assets/noto-serif-jp-54-400-normal.woff2                    30.50 kB
build/client/assets/yomogi-7-400-normal.woff2                            30.51 kB
build/client/assets/noto-sans-jp-51-500-normal.woff2                     30.51 kB
build/client/assets/yomogi-34-400-normal.woff2                           30.53 kB
build/client/assets/yomogi-39-400-normal.woff2                           30.53 kB
build/client/assets/noto-sans-jp-46-400-normal.woff2                     30.58 kB
build/client/assets/noto-sans-jp-55-900-normal.woff                      30.58 kB
build/client/assets/noto-sans-jp-51-600-normal.woff2                     30.58 kB
build/client/assets/noto-sans-jp-55-500-normal.woff                      30.62 kB
build/client/assets/noto-sans-jp-51-800-normal.woff2                     30.64 kB
build/client/assets/noto-sans-jp-55-600-normal.woff                      30.64 kB
build/client/assets/noto-sans-jp-51-700-normal.woff2                     30.65 kB
build/client/assets/noto-sans-jp-50-100-normal.woff2                     30.65 kB
build/client/assets/noto-sans-jp-55-700-normal.woff                      30.66 kB
build/client/assets/noto-sans-jp-55-400-normal.woff                      30.67 kB
build/client/assets/noto-sans-jp-55-200-normal.woff                      30.68 kB
build/client/assets/noto-sans-jp-20-100-normal.woff2                     30.69 kB
build/client/assets/noto-sans-jp-55-800-normal.woff                      30.71 kB
build/client/assets/noto-sans-jp-55-300-normal.woff                      30.71 kB
build/client/assets/yomogi-40-400-normal.woff                            30.76 kB
build/client/assets/noto-serif-jp-54-500-normal.woff2                    30.78 kB
build/client/assets/m-plus-rounded-1c-55-700-normal.woff2                30.79 kB
build/client/assets/m-plus-rounded-1c-55-800-normal.woff2                30.90 kB
build/client/assets/m-plus-rounded-1c-latin-900-normal.woff              30.90 kB
build/client/assets/noto-sans-jp-36-100-normal.woff2                     30.92 kB
build/client/assets/noto-sans-jp-46-500-normal.woff2                     30.93 kB
build/client/assets/noto-sans-jp-46-900-normal.woff2                     30.95 kB
build/client/assets/m-plus-2-47-wght-normal.woff2                        30.98 kB
build/client/assets/m-plus-2-44-wght-normal.woff2                        31.00 kB
build/client/assets/noto-sans-jp-49-100-normal.woff2                     31.00 kB
build/client/assets/noto-sans-jp-46-600-normal.woff2                     31.06 kB
build/client/assets/noto-serif-jp-54-700-normal.woff2                    31.06 kB
build/client/assets/noto-serif-jp-54-800-normal.woff2                    31.08 kB
build/client/assets/noto-sans-jp-46-700-normal.woff2                     31.10 kB
build/client/assets/m-plus-2-41-wght-normal.woff2                        31.13 kB
build/client/assets/m-plus-rounded-1c-latin-300-normal.woff              31.16 kB
build/client/assets/yomogi-37-400-normal.woff                            31.22 kB
build/client/assets/noto-sans-jp-46-800-normal.woff2                     31.24 kB
build/client/assets/m-plus-rounded-1c-latin-500-normal.woff              31.26 kB
build/client/assets/yomogi-22-400-normal.woff                            31.34 kB
build/client/assets/noto-sans-jp-40-100-normal.woff2                     31.40 kB
build/client/assets/m-plus-rounded-1c-latin-400-normal.woff              31.40 kB
build/client/assets/yomogi-16-400-normal.woff                            31.40 kB
build/client/assets/noto-sans-jp-49-200-normal.woff2                     31.42 kB
build/client/assets/noto-sans-jp-50-200-normal.woff2                     31.43 kB
build/client/assets/noto-sans-jp-33-100-normal.woff2                     31.53 kB
build/client/assets/noto-sans-jp-20-200-normal.woff2                     31.57 kB
build/client/assets/noto-sans-jp-12-100-normal.woff2                     31.64 kB
build/client/assets/noto-sans-jp-50-300-normal.woff2                     31.64 kB
build/client/assets/noto-sans-jp-49-300-normal.woff2                     31.70 kB
build/client/assets/noto-serif-jp-53-200-normal.woff                     31.70 kB
build/client/assets/m-plus-2-23-wght-normal.woff2                        31.77 kB
build/client/assets/noto-serif-jp-56-200-normal.woff                     31.77 kB
build/client/assets/noto-sans-jp-27-100-normal.woff2                     31.82 kB
build/client/assets/m-plus-rounded-1c-55-100-normal.woff                 31.90 kB
build/client/assets/yomogi-21-400-normal.woff                            31.91 kB
build/client/assets/m-plus-rounded-1c-latin-800-normal.woff              31.96 kB
build/client/assets/noto-sans-jp-20-300-normal.woff2                     32.02 kB
build/client/assets/m-plus-rounded-1c-latin-ext-100-normal.woff2         32.04 kB
build/client/assets/m-plus-2-latin-wght-normal.woff2                     32.08 kB
build/client/assets/noto-sans-jp-36-200-normal.woff2                     32.10 kB
build/client/assets/noto-serif-jp-56-300-normal.woff                     32.12 kB
build/client/assets/m-plus-rounded-1c-latin-700-normal.woff              32.15 kB
build/client/assets/noto-sans-jp-42-100-normal.woff2                     32.16 kB
build/client/assets/noto-serif-jp-56-400-normal.woff                     32.17 kB
build/client/assets/noto-sans-jp-49-400-normal.woff2                     32.17 kB
build/client/assets/noto-serif-jp-56-500-normal.woff                     32.26 kB
build/client/assets/yomogi-9-400-normal.woff                             32.26 kB
build/client/assets/noto-sans-jp-50-400-normal.woff2                     32.30 kB
build/client/assets/noto-serif-jp-56-600-normal.woff                     32.36 kB
build/client/assets/noto-serif-jp-3-200-normal.woff2                     32.36 kB
build/client/assets/noto-sans-jp-36-300-normal.woff2                     32.40 kB
build/client/assets/yomogi-32-400-normal.woff                            32.40 kB
build/client/assets/noto-sans-jp-49-500-normal.woff2                     32.41 kB
build/client/assets/yomogi-17-400-normal.woff                            32.43 kB
build/client/assets/noto-sans-jp-49-600-normal.woff2                     32.50 kB
build/client/assets/noto-serif-jp-56-900-normal.woff                     32.50 kB
build/client/assets/noto-sans-jp-49-700-normal.woff2                     32.56 kB
build/client/assets/noto-serif-jp-56-700-normal.woff                     32.58 kB
build/client/assets/noto-serif-jp-53-900-normal.woff                     32.59 kB
build/client/assets/noto-serif-jp-56-800-normal.woff                     32.62 kB
build/client/assets/noto-sans-jp-50-900-normal.woff2                     32.62 kB
build/client/assets/noto-sans-jp-20-400-normal.woff2                     32.64 kB
build/client/assets/noto-sans-jp-49-900-normal.woff2                     32.66 kB
build/client/assets/noto-sans-jp-50-500-normal.woff2                     32.70 kB
build/client/assets/noto-sans-jp-50-600-normal.woff2                     32.70 kB
build/client/assets/noto-sans-jp-40-200-normal.woff2                     32.74 kB
build/client/assets/noto-sans-jp-49-800-normal.woff2                     32.78 kB
build/client/assets/noto-sans-jp-50-700-normal.woff2                     32.81 kB
build/client/assets/noto-sans-jp-50-800-normal.woff2                     32.87 kB
build/client/assets/noto-serif-jp-53-300-normal.woff                     32.88 kB
build/client/assets/yomogi-35-400-normal.woff                            32.90 kB
build/client/assets/noto-sans-jp-40-300-normal.woff2                     32.95 kB
build/client/assets/m-plus-2-35-wght-normal.woff2                        32.96 kB
build/client/assets/noto-sans-jp-36-900-normal.woff2                     32.98 kB
build/client/assets/noto-serif-jp-53-400-normal.woff                     33.00 kB
build/client/assets/noto-sans-jp-20-500-normal.woff2                     33.04 kB
build/client/assets/noto-sans-jp-36-400-normal.woff2                     33.07 kB
build/client/assets/yomogi-10-400-normal.woff                            33.16 kB
build/client/assets/noto-sans-jp-42-200-normal.woff2                     33.19 kB
build/client/assets/noto-sans-jp-20-600-normal.woff2                     33.24 kB
build/client/assets/noto-sans-jp-27-200-normal.woff2                     33.26 kB
build/client/assets/noto-sans-jp-33-200-normal.woff2                     33.28 kB
build/client/assets/noto-sans-jp-26-100-normal.woff2                     33.28 kB
build/client/assets/noto-sans-jp-20-900-normal.woff2                     33.29 kB
build/client/assets/noto-sans-jp-20-700-normal.woff2                     33.32 kB
build/client/assets/noto-sans-jp-36-500-normal.woff2                     33.32 kB
build/client/assets/noto-serif-jp-53-500-normal.woff                     33.33 kB
build/client/assets/yomogi-23-400-normal.woff2                           33.36 kB
build/client/assets/noto-sans-jp-42-300-normal.woff2                     33.40 kB
build/client/assets/noto-serif-jp-53-800-normal.woff                     33.44 kB
build/client/assets/noto-sans-jp-47-100-normal.woff2                     33.45 kB
build/client/assets/noto-serif-jp-53-600-normal.woff                     33.45 kB
build/client/assets/noto-sans-jp-20-800-normal.woff2                     33.47 kB
build/client/assets/noto-sans-jp-36-600-normal.woff2                     33.48 kB
build/client/assets/noto-sans-jp-36-700-normal.woff2                     33.51 kB
build/client/assets/noto-sans-jp-36-800-normal.woff2                     33.52 kB
build/client/assets/noto-sans-jp-45-100-normal.woff2                     33.54 kB
build/client/assets/yomogi-19-400-normal.woff                            33.54 kB
build/client/assets/noto-sans-jp-40-400-normal.woff2                     33.58 kB
build/client/assets/noto-sans-jp-27-300-normal.woff2                     33.72 kB
build/client/assets/yomogi-6-400-normal.woff                             33.79 kB
build/client/assets/noto-serif-jp-53-700-normal.woff                     33.81 kB
build/client/assets/noto-sans-jp-40-900-normal.woff2                     33.82 kB
build/client/assets/noto-sans-jp-43-100-normal.woff2                     33.85 kB
build/client/assets/noto-sans-jp-40-500-normal.woff2                     33.87 kB
build/client/assets/yomogi-41-400-normal.woff                            33.87 kB
build/client/assets/noto-sans-jp-28-100-normal.woff2                     33.94 kB
build/client/assets/noto-serif-jp-3-900-normal.woff2                     33.96 kB
build/client/assets/noto-sans-jp-33-300-normal.woff2                     33.97 kB
build/client/assets/noto-sans-jp-40-600-normal.woff2                     34.00 kB
build/client/assets/yomogi-8-400-normal.woff                             34.00 kB
build/client/assets/noto-sans-jp-12-200-normal.woff2                     34.03 kB
build/client/assets/yomogi-30-400-normal.woff                            34.07 kB
build/client/assets/noto-sans-jp-40-700-normal.woff2                     34.08 kB
build/client/assets/noto-sans-jp-35-100-normal.woff2                     34.14 kB
build/client/assets/noto-sans-jp-42-400-normal.woff2                     34.15 kB
build/client/assets/noto-sans-jp-12-900-normal.woff2                     34.16 kB
build/client/assets/noto-serif-jp-3-300-normal.woff2                     34.17 kB
build/client/assets/noto-sans-jp-13-100-normal.woff2                     34.21 kB
build/client/assets/noto-sans-jp-27-400-normal.woff2                     34.30 kB
build/client/assets/noto-sans-jp-16-100-normal.woff2                     34.31 kB
build/client/assets/noto-sans-jp-27-900-normal.woff2                     34.33 kB
build/client/assets/noto-sans-jp-40-800-normal.woff2                     34.34 kB
build/client/assets/yomogi-25-400-normal.woff                            34.35 kB
build/client/assets/noto-sans-jp-42-500-normal.woff2                     34.49 kB
build/client/assets/noto-sans-jp-12-300-normal.woff2                     34.57 kB
build/client/assets/noto-sans-jp-45-200-normal.woff2                     34.59 kB
build/client/assets/noto-sans-jp-33-900-normal.woff2                     34.60 kB
build/client/assets/noto-serif-jp-3-400-normal.woff2                     34.62 kB
build/client/assets/noto-sans-jp-47-200-normal.woff2                     34.62 kB
build/client/assets/noto-sans-jp-26-200-normal.woff2                     34.63 kB
build/client/assets/noto-sans-jp-42-900-normal.woff2                     34.63 kB
build/client/assets/noto-sans-jp-38-100-normal.woff2                     34.66 kB
build/client/assets/noto-sans-jp-27-500-normal.woff2                     34.67 kB
build/client/assets/noto-sans-jp-42-600-normal.woff2                     34.78 kB
build/client/assets/noto-sans-jp-33-400-normal.woff2                     34.81 kB
build/client/assets/yomogi-24-400-normal.woff                            34.82 kB
build/client/assets/noto-sans-jp-42-700-normal.woff2                     34.82 kB
build/client/assets/noto-sans-jp-45-300-normal.woff2                     34.85 kB
build/client/assets/noto-sans-jp-27-600-normal.woff2                     34.86 kB
build/client/assets/noto-serif-jp-3-600-normal.woff2                     34.91 kB
build/client/assets/noto-sans-jp-42-800-normal.woff2                     34.92 kB
build/client/assets/noto-sans-jp-27-700-normal.woff2                     34.95 kB
build/client/assets/noto-sans-jp-27-800-normal.woff2                     34.99 kB
build/client/assets/noto-serif-jp-3-500-normal.woff2                     35.00 kB
build/client/assets/noto-sans-jp-21-100-normal.woff2                     35.01 kB
build/client/assets/noto-sans-jp-26-300-normal.woff2                     35.04 kB
build/client/assets/noto-sans-jp-47-300-normal.woff2                     35.06 kB
build/client/assets/noto-sans-jp-14-100-normal.woff2                     35.09 kB
build/client/assets/noto-sans-jp-1-100-normal.woff2                      35.27 kB
build/client/assets/noto-sans-jp-32-100-normal.woff2                     35.27 kB
build/client/assets/noto-sans-jp-33-500-normal.woff2                     35.34 kB
build/client/assets/noto-sans-jp-12-400-normal.woff2                     35.36 kB
build/client/assets/noto-serif-jp-3-700-normal.woff2                     35.38 kB
build/client/assets/noto-serif-jp-3-800-normal.woff2                     35.39 kB
build/client/assets/noto-sans-jp-33-600-normal.woff2                     35.40 kB
build/client/assets/noto-sans-jp-45-400-normal.woff2                     35.41 kB
build/client/assets/noto-sans-jp-38-200-normal.woff2                     35.46 kB
build/client/assets/yomogi-7-400-normal.woff                             35.52 kB
build/client/assets/m-plus-rounded-1c-latin-ext-900-normal.woff2         35.56 kB
build/client/assets/noto-sans-jp-33-700-normal.woff2                     35.56 kB
build/client/assets/noto-sans-jp-33-800-normal.woff2                     35.60 kB
build/client/assets/noto-sans-jp-35-200-normal.woff2                     35.63 kB
build/client/assets/noto-sans-jp-38-300-normal.woff2                     35.68 kB
build/client/assets/noto-sans-jp-26-900-normal.woff2                     35.68 kB
build/client/assets/noto-sans-jp-43-200-normal.woff2                     35.70 kB
build/client/assets/noto-sans-jp-26-400-normal.woff2                     35.74 kB
build/client/assets/noto-sans-jp-47-400-normal.woff2                     35.74 kB
build/client/assets/noto-sans-jp-48-100-normal.woff2                     35.74 kB
build/client/assets/noto-sans-jp-35-300-normal.woff2                     35.80 kB
build/client/assets/noto-sans-jp-12-500-normal.woff2                     35.83 kB
build/client/assets/noto-sans-jp-16-200-normal.woff2                     35.83 kB
build/client/assets/noto-sans-jp-45-500-normal.woff2                     35.85 kB
build/client/assets/noto-sans-jp-12-800-normal.woff2                     35.85 kB
build/client/assets/noto-sans-jp-12-600-normal.woff2                     35.90 kB
build/client/assets/noto-sans-jp-12-700-normal.woff2                     35.94 kB
build/client/assets/noto-sans-jp-47-500-normal.woff2                     35.96 kB
build/client/assets/m-plus-2-48-wght-normal.woff2                        35.97 kB
build/client/assets/noto-sans-jp-45-900-normal.woff2                     35.98 kB
build/client/assets/noto-sans-jp-45-600-normal.woff2                     35.98 kB
build/client/assets/noto-serif-jp-54-900-normal.woff                     36.00 kB
build/client/assets/yomogi-15-400-normal.woff                            36.03 kB
build/client/assets/yomogi-11-400-normal.woff                            36.04 kB
build/client/assets/noto-sans-jp-45-700-normal.woff2                     36.05 kB
build/client/assets/noto-serif-jp-54-200-normal.woff                     36.05 kB
build/client/assets/noto-sans-jp-47-900-normal.woff2                     36.07 kB
build/client/assets/noto-sans-jp-44-100-normal.woff2                     36.14 kB
build/client/assets/noto-sans-jp-26-500-normal.woff2                     36.18 kB
build/client/assets/m-plus-rounded-1c-latin-ext-300-normal.woff2         36.20 kB
build/client/assets/noto-sans-jp-1-200-normal.woff2                      36.20 kB
build/client/assets/noto-sans-jp-22-100-normal.woff2                     36.22 kB
build/client/assets/noto-sans-jp-45-800-normal.woff2                     36.22 kB
build/client/assets/noto-sans-jp-47-600-normal.woff2                     36.24 kB
build/client/assets/yomogi-34-400-normal.woff                            36.24 kB
build/client/assets/noto-sans-jp-43-300-normal.woff2                     36.27 kB
build/client/assets/noto-sans-jp-28-900-normal.woff2                     36.31 kB
build/client/assets/noto-sans-jp-10-100-normal.woff2                     36.32 kB
build/client/assets/yomogi-31-400-normal.woff                            36.36 kB
build/client/assets/noto-sans-jp-26-600-normal.woff2                     36.38 kB
build/client/assets/noto-sans-jp-26-700-normal.woff2                     36.38 kB
build/client/assets/noto-sans-jp-1-300-normal.woff2                      36.40 kB
build/client/assets/noto-sans-jp-16-300-normal.woff2                     36.42 kB
build/client/assets/noto-sans-jp-38-400-normal.woff2                     36.44 kB
build/client/assets/noto-sans-jp-28-200-normal.woff2                     36.44 kB
build/client/assets/noto-sans-jp-47-700-normal.woff2                     36.44 kB
build/client/assets/noto-sans-jp-35-400-normal.woff2                     36.44 kB
build/client/assets/noto-sans-jp-37-100-normal.woff2                     36.45 kB
build/client/assets/noto-sans-jp-26-800-normal.woff2                     36.46 kB
build/client/assets/noto-sans-jp-47-800-normal.woff2                     36.48 kB
build/client/assets/noto-sans-jp-48-200-normal.woff2                     36.53 kB
build/client/assets/noto-serif-jp-55-200-normal.woff                     36.54 kB
build/client/assets/noto-sans-jp-16-900-normal.woff2                     36.56 kB
build/client/assets/noto-sans-jp-119-100-normal.woff2                    36.57 kB
build/client/assets/noto-sans-jp-35-900-normal.woff2                     36.57 kB
build/client/assets/noto-sans-jp-11-100-normal.woff2                     36.62 kB
build/client/assets/noto-sans-jp-38-900-normal.woff2                     36.62 kB
build/client/assets/noto-sans-jp-43-900-normal.woff2                     36.67 kB
build/client/assets/noto-sans-jp-52-600-normal.woff2                     36.72 kB
build/client/assets/m-plus-rounded-1c-latin-ext-400-normal.woff2         36.73 kB
build/client/assets/noto-sans-jp-9-100-normal.woff2                      36.79 kB
build/client/assets/noto-sans-jp-48-300-normal.woff2                     36.79 kB
build/client/assets/noto-sans-jp-13-200-normal.woff2                     36.80 kB
build/client/assets/noto-sans-jp-38-500-normal.woff2                     36.84 kB
build/client/assets/yomogi-39-400-normal.woff                            36.84 kB
build/client/assets/noto-sans-jp-21-200-normal.woff2                     36.85 kB
build/client/assets/noto-sans-jp-28-300-normal.woff2                     36.89 kB
build/client/assets/m-plus-rounded-1c-latin-ext-500-normal.woff2         36.90 kB
build/client/assets/noto-sans-jp-39-100-normal.woff2                     36.90 kB
build/client/assets/noto-sans-jp-38-600-normal.woff2                     36.92 kB
build/client/assets/noto-sans-jp-35-500-normal.woff2                     36.93 kB
build/client/assets/noto-sans-jp-14-200-normal.woff2                     36.97 kB
build/client/assets/noto-sans-jp-16-400-normal.woff2                     36.99 kB
build/client/assets/noto-sans-jp-38-800-normal.woff2                     37.02 kB
build/client/assets/m-plus-rounded-1c-55-300-normal.woff                 37.04 kB
build/client/assets/noto-sans-jp-38-700-normal.woff2                     37.06 kB
build/client/assets/noto-sans-jp-43-400-normal.woff2                     37.08 kB
build/client/assets/noto-sans-jp-44-200-normal.woff2                     37.10 kB
build/client/assets/noto-sans-jp-35-700-normal.woff2                     37.10 kB
build/client/assets/noto-sans-jp-35-600-normal.woff2                     37.12 kB
build/client/assets/noto-sans-jp-32-200-normal.woff2                     37.13 kB
build/client/assets/noto-sans-jp-1-400-normal.woff2                      37.16 kB
build/client/assets/noto-sans-jp-28-400-normal.woff2                     37.25 kB
build/client/assets/noto-sans-jp-21-900-normal.woff2                     37.25 kB
build/client/assets/noto-sans-jp-35-800-normal.woff2                     37.27 kB
build/client/assets/noto-serif-jp-55-300-normal.woff                     37.30 kB
build/client/assets/m-plus-rounded-1c-latin-ext-700-normal.woff2         37.33 kB
build/client/assets/noto-sans-jp-52-200-normal.woff2                     37.33 kB
build/client/assets/noto-sans-jp-16-500-normal.woff2                     37.40 kB
build/client/assets/noto-sans-jp-48-400-normal.woff2                     37.41 kB
build/client/assets/noto-sans-jp-14-300-normal.woff2                     37.42 kB
build/client/assets/noto-serif-jp-55-400-normal.woff                     37.42 kB
build/client/assets/noto-sans-jp-16-600-normal.woff2                     37.43 kB
build/client/assets/noto-sans-jp-41-100-normal.woff2                     37.44 kB
build/client/assets/noto-sans-jp-21-300-normal.woff2                     37.44 kB
build/client/assets/noto-sans-jp-44-300-normal.woff2                     37.44 kB
build/client/assets/noto-sans-jp-18-100-normal.woff2                     37.46 kB
build/client/assets/noto-sans-jp-13-300-normal.woff2                     37.57 kB
build/client/assets/noto-serif-jp-55-500-normal.woff                     37.58 kB
build/client/assets/noto-sans-jp-37-200-normal.woff2                     37.60 kB
build/client/assets/noto-sans-jp-43-500-normal.woff2                     37.61 kB
build/client/assets/noto-sans-jp-1-500-normal.woff2                      37.61 kB
build/client/assets/noto-sans-jp-16-700-normal.woff2                     37.61 kB
build/client/assets/noto-sans-jp-16-800-normal.woff2                     37.62 kB
build/client/assets/noto-sans-jp-52-300-normal.woff2                     37.64 kB
build/client/assets/noto-sans-jp-43-600-normal.woff2                     37.66 kB
build/client/assets/noto-sans-jp-23-100-normal.woff2                     37.66 kB
build/client/assets/noto-sans-jp-51-100-normal.woff                      37.66 kB
build/client/assets/noto-serif-jp-55-600-normal.woff                     37.66 kB
build/client/assets/noto-sans-jp-1-700-normal.woff2                      37.67 kB
build/client/assets/noto-sans-jp-1-600-normal.woff2                      37.68 kB
build/client/assets/noto-sans-jp-29-100-normal.woff2                     37.70 kB
build/client/assets/m-plus-rounded-1c-latin-ext-800-normal.woff2         37.71 kB
build/client/assets/noto-sans-jp-1-900-normal.woff2                      37.71 kB
build/client/assets/noto-sans-jp-22-200-normal.woff2                     37.77 kB
build/client/assets/noto-sans-jp-43-800-normal.woff2                     37.78 kB
build/client/assets/noto-sans-jp-48-500-normal.woff2                     37.78 kB
build/client/assets/noto-sans-jp-32-300-normal.woff2                     37.80 kB
build/client/assets/noto-sans-jp-51-900-normal.woff                      37.83 kB
build/client/assets/noto-sans-jp-52-800-normal.woff2                     37.83 kB
build/client/assets/noto-sans-jp-43-700-normal.woff2                     37.84 kB
build/client/assets/noto-sans-jp-48-900-normal.woff2                     37.86 kB
build/client/assets/noto-sans-jp-48-600-normal.woff2                     37.88 kB
build/client/assets/noto-sans-jp-1-800-normal.woff2                      37.90 kB
build/client/assets/noto-sans-jp-28-500-normal.woff2                     37.92 kB
build/client/assets/noto-serif-jp-55-900-normal.woff                     37.92 kB
build/client/assets/noto-sans-jp-52-400-normal.woff2                     38.01 kB
build/client/assets/noto-serif-jp-54-600-normal.woff                     38.02 kB
build/client/assets/noto-sans-jp-37-300-normal.woff2                     38.02 kB
build/client/assets/noto-sans-jp-48-700-normal.woff2                     38.03 kB
build/client/assets/noto-sans-jp-13-900-normal.woff2                     38.05 kB
build/client/assets/noto-sans-jp-28-600-normal.woff2                     38.11 kB
build/client/assets/noto-sans-jp-28-700-normal.woff2                     38.13 kB
build/client/assets/noto-sans-jp-21-400-normal.woff2                     38.13 kB
build/client/assets/noto-sans-jp-28-800-normal.woff2                     38.14 kB
build/client/assets/noto-serif-jp-55-700-normal.woff                     38.14 kB
build/client/assets/m-plus-rounded-1c-55-900-normal.woff                 38.20 kB
build/client/assets/noto-sans-jp-4-100-normal.woff2                      38.22 kB
build/client/assets/noto-serif-jp-55-800-normal.woff                     38.22 kB
build/client/assets/noto-sans-jp-48-800-normal.woff2                     38.24 kB
build/client/assets/noto-serif-jp-54-800-normal.woff                     38.24 kB
build/client/assets/noto-sans-jp-52-500-normal.woff2                     38.25 kB
build/client/assets/m-plus-rounded-1c-55-400-normal.woff                 38.25 kB
build/client/assets/noto-sans-jp-25-100-normal.woff2                     38.26 kB
build/client/assets/noto-sans-jp-51-400-normal.woff                      38.26 kB
build/client/assets/noto-sans-jp-51-700-normal.woff                      38.26 kB
build/client/assets/noto-sans-jp-22-300-normal.woff2                     38.30 kB
build/client/assets/noto-sans-jp-44-400-normal.woff2                     38.32 kB
build/client/assets/noto-sans-jp-8-100-normal.woff2                      38.34 kB
build/client/assets/noto-sans-jp-51-600-normal.woff                      38.35 kB
build/client/assets/noto-sans-jp-21-500-normal.woff2                     38.38 kB
build/client/assets/noto-serif-jp-54-300-normal.woff                     38.40 kB
build/client/assets/noto-sans-jp-51-800-normal.woff                      38.40 kB
build/client/assets/noto-sans-jp-51-500-normal.woff                      38.42 kB
build/client/assets/noto-serif-jp-36-200-normal.woff2                    38.44 kB
build/client/assets/noto-sans-jp-39-200-normal.woff2                     38.45 kB
build/client/assets/noto-sans-jp-21-600-normal.woff2                     38.47 kB
build/client/assets/noto-sans-jp-11-200-normal.woff2                     38.48 kB
build/client/assets/noto-serif-jp-54-400-normal.woff                     38.48 kB
build/client/assets/noto-sans-jp-51-200-normal.woff                      38.49 kB
build/client/assets/noto-serif-jp-54-700-normal.woff                     38.50 kB
build/client/assets/noto-sans-jp-14-400-normal.woff2                     38.53 kB
build/client/assets/noto-sans-jp-51-300-normal.woff                      38.53 kB
build/client/assets/noto-sans-jp-13-400-normal.woff2                     38.54 kB
build/client/assets/noto-sans-jp-21-800-normal.woff2                     38.54 kB
build/client/assets/m-plus-rounded-1c-55-500-normal.woff                 38.57 kB
build/client/assets/noto-sans-jp-10-200-normal.woff2                     38.58 kB
build/client/assets/noto-sans-jp-14-900-normal.woff2                     38.58 kB
build/client/assets/noto-serif-jp-54-500-normal.woff                     38.61 kB
build/client/assets/noto-sans-jp-52-700-normal.woff2                     38.64 kB
build/client/assets/noto-sans-jp-44-500-normal.woff2                     38.65 kB
build/client/assets/noto-sans-jp-21-700-normal.woff2                     38.67 kB
build/client/assets/noto-sans-jp-32-400-normal.woff2                     38.68 kB
build/client/assets/noto-sans-jp-7-100-normal.woff2                      38.70 kB
build/client/assets/noto-sans-jp-41-200-normal.woff2                     38.71 kB
build/client/assets/noto-sans-jp-37-400-normal.woff2                     38.71 kB
build/client/assets/noto-sans-jp-39-300-normal.woff2                     38.75 kB
build/client/assets/noto-sans-jp-23-200-normal.woff2                     38.76 kB
build/client/assets/noto-sans-jp-44-900-normal.woff2                     38.78 kB
build/client/assets/noto-sans-jp-11-900-normal.woff2                     38.79 kB
build/client/assets/noto-sans-jp-44-600-normal.woff2                     38.84 kB
build/client/assets/noto-sans-jp-44-700-normal.woff2                     38.91 kB
build/client/assets/noto-sans-jp-22-900-normal.woff2                     38.91 kB
build/client/assets/noto-sans-jp-14-500-normal.woff2                     38.95 kB
build/client/assets/noto-sans-jp-10-300-normal.woff2                     38.95 kB
build/client/assets/noto-sans-jp-11-300-normal.woff2                     38.98 kB
build/client/assets/noto-sans-jp-9-200-normal.woff2                      39.00 kB
build/client/assets/noto-sans-jp-37-900-normal.woff2                     39.02 kB
build/client/assets/noto-sans-jp-44-800-normal.woff2                     39.05 kB
build/client/assets/noto-sans-jp-32-900-normal.woff2                     39.06 kB
build/client/assets/noto-sans-jp-41-300-normal.woff2                     39.08 kB
build/client/assets/noto-sans-jp-29-200-normal.woff2                     39.09 kB
build/client/assets/noto-sans-jp-22-400-normal.woff2                     39.10 kB
build/client/assets/noto-sans-jp-14-600-normal.woff2                     39.10 kB
build/client/assets/noto-sans-jp-30-100-normal.woff2                     39.14 kB
build/client/assets/noto-sans-jp-37-500-normal.woff2                     39.15 kB
build/client/assets/noto-sans-jp-23-300-normal.woff2                     39.16 kB
build/client/assets/noto-sans-jp-14-800-normal.woff2                     39.17 kB
build/client/assets/noto-sans-jp-13-500-normal.woff2                     39.18 kB
build/client/assets/noto-sans-jp-24-100-normal.woff2                     39.23 kB
build/client/assets/noto-sans-jp-13-600-normal.woff2                     39.24 kB
build/client/assets/noto-sans-jp-37-600-normal.woff2                     39.26 kB
build/client/assets/noto-sans-jp-14-700-normal.woff2                     39.26 kB
build/client/assets/noto-sans-jp-4-200-normal.woff2                      39.27 kB
build/client/assets/noto-sans-jp-18-200-normal.woff2                     39.38 kB
build/client/assets/noto-sans-jp-37-700-normal.woff2                     39.38 kB
build/client/assets/noto-serif-jp-50-200-normal.woff2                    39.42 kB
build/client/assets/noto-sans-jp-32-500-normal.woff2                     39.47 kB
build/client/assets/m-plus-rounded-1c-55-700-normal.woff                 39.50 kB
build/client/assets/noto-sans-jp-9-300-normal.woff2                      39.50 kB
build/client/assets/noto-sans-jp-29-300-normal.woff2                     39.50 kB
build/client/assets/noto-sans-jp-13-800-normal.woff2                     39.51 kB
build/client/assets/noto-sans-jp-37-800-normal.woff2                     39.52 kB
build/client/assets/noto-serif-jp-51-200-normal.woff2                    39.53 kB
build/client/assets/yomogi-23-400-normal.woff                            39.54 kB
build/client/assets/noto-sans-jp-39-400-normal.woff2                     39.58 kB
build/client/assets/noto-sans-jp-17-100-normal.woff2                     39.60 kB
build/client/assets/noto-sans-jp-22-500-normal.woff2                     39.60 kB
build/client/assets/noto-sans-jp-4-300-normal.woff2                      39.64 kB
build/client/assets/m-plus-rounded-1c-55-800-normal.woff                 39.64 kB
build/client/assets/noto-sans-jp-32-600-normal.woff2                     39.66 kB
build/client/assets/noto-sans-jp-32-700-normal.woff2                     39.67 kB
build/client/assets/noto-serif-jp-49-200-normal.woff2                    39.67 kB
build/client/assets/noto-sans-jp-13-700-normal.woff2                     39.67 kB
build/client/assets/noto-serif-jp-40-200-normal.woff2                    39.71 kB
build/client/assets/noto-sans-jp-46-100-normal.woff                      39.71 kB
build/client/assets/noto-sans-jp-22-600-normal.woff2                     39.73 kB
build/client/assets/noto-sans-jp-39-900-normal.woff2                     39.74 kB
build/client/assets/noto-sans-jp-10-900-normal.woff2                     39.76 kB
build/client/assets/noto-sans-jp-15-100-normal.woff2                     39.77 kB
build/client/assets/noto-sans-jp-32-800-normal.woff2                     39.78 kB
build/client/assets/noto-sans-jp-11-400-normal.woff2                     39.80 kB
build/client/assets/noto-sans-jp-23-400-normal.woff2                     39.82 kB
build/client/assets/noto-sans-jp-22-700-normal.woff2                     39.86 kB
build/client/assets/noto-sans-jp-9-900-normal.woff2                      39.86 kB
build/client/assets/noto-serif-jp-46-200-normal.woff2                    39.88 kB
build/client/assets/noto-sans-jp-22-800-normal.woff2                     39.96 kB
build/client/assets/noto-sans-jp-10-400-normal.woff2                     40.00 kB
build/client/assets/noto-sans-jp-41-400-normal.woff2                     40.00 kB
build/client/assets/noto-sans-jp-18-300-normal.woff2                     40.07 kB
build/client/assets/noto-sans-jp-39-500-normal.woff2                     40.07 kB
build/client/assets/noto-sans-jp-119-900-normal.woff2                    40.12 kB
build/client/assets/noto-sans-jp-23-900-normal.woff2                     40.18 kB
build/client/assets/noto-sans-jp-41-500-normal.woff2                     40.21 kB
build/client/assets/noto-sans-jp-11-500-normal.woff2                     40.23 kB
build/client/assets/noto-sans-jp-41-900-normal.woff2                     40.24 kB
build/client/assets/noto-sans-jp-11-700-normal.woff2                     40.25 kB
build/client/assets/noto-sans-jp-39-600-normal.woff2                     40.32 kB
build/client/assets/m-plus-2-119-wght-normal.woff2                       40.32 kB
build/client/assets/noto-sans-jp-11-800-normal.woff2                     40.32 kB
build/client/assets/noto-sans-jp-46-200-normal.woff                      40.37 kB
build/client/assets/noto-sans-jp-23-500-normal.woff2                     40.39 kB
build/client/assets/noto-sans-jp-11-600-normal.woff2                     40.40 kB
build/client/assets/noto-sans-jp-41-600-normal.woff2                     40.40 kB
build/client/assets/noto-sans-jp-4-400-normal.woff2                      40.43 kB
build/client/assets/noto-sans-jp-39-700-normal.woff2                     40.47 kB
build/client/assets/noto-sans-jp-9-400-normal.woff2                      40.47 kB
build/client/assets/noto-sans-jp-29-400-normal.woff2                     40.51 kB
build/client/assets/noto-sans-jp-10-500-normal.woff2                     40.55 kB
build/client/assets/noto-sans-jp-39-800-normal.woff2                     40.58 kB
build/client/assets/noto-sans-jp-8-200-normal.woff2                      40.58 kB
build/client/assets/noto-sans-jp-25-200-normal.woff2                     40.61 kB
build/client/assets/noto-sans-jp-23-600-normal.woff2                     40.61 kB
build/client/assets/noto-sans-jp-18-900-normal.woff2                     40.61 kB
build/client/assets/noto-sans-jp-41-700-normal.woff2                     40.62 kB
build/client/assets/noto-serif-jp-51-300-normal.woff2                    40.66 kB
build/client/assets/noto-sans-jp-29-900-normal.woff2                     40.67 kB
build/client/assets/noto-sans-jp-23-700-normal.woff2                     40.68 kB
build/client/assets/noto-sans-jp-46-900-normal.woff                      40.75 kB
build/client/assets/noto-sans-jp-41-800-normal.woff2                     40.76 kB
build/client/assets/noto-sans-jp-10-600-normal.woff2                     40.78 kB
build/client/assets/noto-sans-jp-23-800-normal.woff2                     40.78 kB
build/client/assets/noto-sans-jp-46-300-normal.woff                      40.78 kB
build/client/assets/noto-sans-jp-10-700-normal.woff2                     40.79 kB
build/client/assets/noto-sans-jp-9-500-normal.woff2                      40.80 kB
build/client/assets/noto-sans-jp-10-800-normal.woff2                     40.81 kB
build/client/assets/noto-serif-jp-20-200-normal.woff2                    40.86 kB
build/client/assets/noto-serif-jp-51-400-normal.woff2                    40.94 kB
build/client/assets/noto-sans-jp-4-500-normal.woff2                      40.94 kB
build/client/assets/noto-serif-jp-36-900-normal.woff2                    40.94 kB
build/client/assets/noto-sans-jp-46-400-normal.woff                      41.00 kB
build/client/assets/noto-sans-jp-30-200-normal.woff2                     41.00 kB
build/client/assets/noto-sans-jp-29-500-normal.woff2                     41.00 kB
build/client/assets/noto-sans-jp-46-800-normal.woff                      41.02 kB
build/client/assets/noto-sans-jp-8-900-normal.woff2                      41.04 kB
build/client/assets/noto-sans-jp-8-300-normal.woff2                      41.04 kB
build/client/assets/noto-sans-jp-46-500-normal.woff                      41.05 kB
build/client/assets/noto-sans-jp-9-600-normal.woff2                      41.06 kB
build/client/assets/noto-sans-jp-18-400-normal.woff2                     41.07 kB
build/client/assets/noto-serif-jp-52-200-normal.woff2                    41.08 kB
build/client/assets/noto-sans-jp-9-700-normal.woff2                      41.10 kB
build/client/assets/noto-sans-jp-46-600-normal.woff                      41.10 kB
build/client/assets/noto-sans-jp-46-700-normal.woff                      41.11 kB
build/client/assets/noto-serif-jp-3-200-normal.woff                      41.18 kB
build/client/assets/noto-sans-jp-4-600-normal.woff2                      41.18 kB
build/client/assets/noto-serif-jp-50-300-normal.woff2                    41.18 kB
build/client/assets/noto-sans-jp-29-600-normal.woff2                     41.18 kB
build/client/assets/noto-sans-jp-9-800-normal.woff2                      41.23 kB
build/client/assets/noto-sans-jp-4-700-normal.woff2                      41.24 kB
build/client/assets/noto-sans-jp-4-900-normal.woff2                      41.25 kB
build/client/assets/noto-serif-jp-51-900-normal.woff2                    41.25 kB
build/client/assets/noto-sans-jp-29-700-normal.woff2                     41.28 kB
build/client/assets/noto-serif-jp-51-500-normal.woff2                    41.29 kB
build/client/assets/noto-sans-jp-25-300-normal.woff2                     41.30 kB
build/client/assets/noto-sans-jp-17-200-normal.woff2                     41.38 kB
build/client/assets/noto-serif-jp-36-300-normal.woff2                    41.39 kB
build/client/assets/noto-sans-jp-15-200-normal.woff2                     41.39 kB
build/client/assets/noto-sans-jp-30-300-normal.woff2                     41.42 kB
build/client/assets/noto-sans-jp-4-800-normal.woff2                      41.44 kB
build/client/assets/noto-sans-jp-29-800-normal.woff2                     41.44 kB
build/client/assets/noto-serif-jp-51-600-normal.woff2                    41.47 kB
build/client/assets/noto-sans-jp-0-100-normal.woff2                      41.49 kB
build/client/assets/noto-serif-jp-52-900-normal.woff2                    41.50 kB
build/client/assets/noto-serif-jp-50-900-normal.woff2                    41.56 kB
build/client/assets/noto-sans-jp-119-200-normal.woff2                    41.57 kB
build/client/assets/noto-serif-jp-50-400-normal.woff2                    41.62 kB
build/client/assets/noto-serif-jp-51-700-normal.woff2                    41.62 kB
build/client/assets/noto-sans-jp-34-100-normal.woff2                     41.67 kB
build/client/assets/noto-sans-jp-50-100-normal.woff                      41.69 kB
build/client/assets/noto-sans-jp-18-600-normal.woff2                     41.71 kB
build/client/assets/noto-sans-jp-17-300-normal.woff2                     41.73 kB
build/client/assets/noto-sans-jp-15-300-normal.woff2                     41.76 kB
build/client/assets/noto-sans-jp-18-500-normal.woff2                     41.76 kB
build/client/assets/noto-sans-jp-31-100-normal.woff2                     41.78 kB
build/client/assets/noto-sans-jp-8-400-normal.woff2                      41.85 kB
build/client/assets/noto-sans-jp-30-900-normal.woff2                     41.86 kB
build/client/assets/noto-serif-jp-20-900-normal.woff2                    41.91 kB
build/client/assets/noto-serif-jp-50-500-normal.woff2                    41.92 kB
build/client/assets/noto-serif-jp-51-800-normal.woff2                    41.96 kB
build/client/assets/noto-sans-jp-50-300-normal.woff                      42.00 kB
build/client/assets/noto-serif-jp-47-200-normal.woff2                    42.00 kB
build/client/assets/noto-sans-jp-6-100-normal.woff2                      42.02 kB
build/client/assets/noto-sans-jp-25-900-normal.woff2                     42.05 kB
build/client/assets/noto-serif-jp-49-300-normal.woff2                    42.07 kB
build/client/assets/noto-sans-jp-119-300-normal.woff2                    42.10 kB
build/client/assets/noto-serif-jp-36-400-normal.woff2                    42.10 kB
build/client/assets/noto-sans-jp-8-500-normal.woff2                      42.11 kB
build/client/assets/noto-sans-jp-18-700-normal.woff2                     42.12 kB
build/client/assets/noto-sans-jp-50-700-normal.woff                      42.12 kB
build/client/assets/noto-sans-jp-50-900-normal.woff                      42.12 kB
build/client/assets/noto-serif-jp-50-600-normal.woff2                    42.14 kB
build/client/assets/noto-sans-jp-50-200-normal.woff                      42.14 kB
build/client/assets/noto-sans-jp-18-800-normal.woff2                     42.18 kB
build/client/assets/noto-serif-jp-46-300-normal.woff2                    42.19 kB
build/client/assets/noto-sans-jp-50-500-normal.woff                      42.19 kB
build/client/assets/noto-sans-jp-50-600-normal.woff                      42.20 kB
build/client/assets/noto-sans-jp-50-400-normal.woff                      42.21 kB
build/client/assets/noto-sans-jp-30-400-normal.woff2                     42.22 kB
build/client/assets/noto-sans-jp-8-600-normal.woff2                      42.31 kB
build/client/assets/noto-sans-jp-24-200-normal.woff2                     42.34 kB
build/client/assets/noto-serif-jp-40-300-normal.woff2                    42.34 kB
build/client/assets/noto-sans-jp-17-900-normal.woff2                     42.34 kB
build/client/assets/noto-sans-jp-50-800-normal.woff                      42.35 kB
build/client/assets/noto-sans-jp-5-100-normal.woff2                      42.36 kB
build/client/assets/noto-sans-jp-20-100-normal.woff                      42.36 kB
build/client/assets/noto-sans-jp-25-400-normal.woff2                     42.38 kB
build/client/assets/noto-sans-jp-7-200-normal.woff2                      42.46 kB
build/client/assets/noto-serif-jp-12-200-normal.woff2                    42.47 kB
build/client/assets/noto-sans-jp-8-800-normal.woff2                      42.56 kB
build/client/assets/noto-sans-jp-52-900-normal.woff                      42.57 kB
build/client/assets/noto-sans-jp-8-700-normal.woff2                      42.61 kB
build/client/assets/noto-serif-jp-50-700-normal.woff2                    42.63 kB
build/client/assets/noto-serif-jp-35-200-normal.woff2                    42.64 kB
build/client/assets/noto-sans-jp-17-400-normal.woff2                     42.68 kB
build/client/assets/noto-sans-jp-119-400-normal.woff2                    42.68 kB
build/client/assets/noto-sans-jp-119-600-normal.woff2                    42.70 kB
build/client/assets/noto-sans-jp-36-100-normal.woff                      42.70 kB
build/client/assets/noto-sans-jp-30-500-normal.woff2                     42.72 kB
build/client/assets/noto-serif-jp-49-400-normal.woff2                    42.72 kB
build/client/assets/noto-serif-jp-50-800-normal.woff2                    42.72 kB
build/client/assets/noto-sans-jp-0-200-normal.woff2                      42.73 kB
build/client/assets/noto-serif-jp-49-900-normal.woff2                    42.75 kB
build/client/assets/noto-sans-jp-49-100-normal.woff                      42.76 kB
build/client/assets/noto-sans-jp-25-500-normal.woff2                     42.80 kB
build/client/assets/noto-serif-jp-36-500-normal.woff2                    42.80 kB
build/client/assets/noto-serif-jp-46-400-normal.woff2                    42.81 kB
build/client/assets/noto-serif-jp-40-400-normal.woff2                    42.83 kB
build/client/assets/noto-sans-jp-15-400-normal.woff2                     42.83 kB
build/client/assets/noto-sans-jp-30-600-normal.woff2                     42.90 kB
build/client/assets/noto-sans-jp-119-500-normal.woff2                    42.91 kB
build/client/assets/noto-sans-jp-15-900-normal.woff2                     42.92 kB
build/client/assets/noto-serif-jp-3-900-normal.woff                      42.92 kB
build/client/assets/noto-serif-jp-36-600-normal.woff2                    42.96 kB
build/client/assets/noto-sans-jp-49-200-normal.woff                      43.00 kB
build/client/assets/noto-serif-jp-3-300-normal.woff                      43.01 kB
build/client/assets/noto-sans-jp-52-100-normal.woff                      43.04 kB
build/client/assets/noto-serif-jp-20-300-normal.woff2                    43.05 kB
build/client/assets/noto-serif-jp-46-900-normal.woff2                    43.05 kB
build/client/assets/noto-serif-jp-40-900-normal.woff2                    43.05 kB
build/client/assets/noto-sans-jp-30-800-normal.woff2                     43.06 kB
build/client/assets/noto-sans-jp-30-700-normal.woff2                     43.07 kB
build/client/assets/noto-sans-jp-49-300-normal.woff                      43.07 kB
build/client/assets/noto-sans-jp-25-600-normal.woff2                     43.09 kB
build/client/assets/noto-sans-jp-24-300-normal.woff2                     43.11 kB
build/client/assets/noto-sans-jp-0-300-normal.woff2                      43.14 kB
build/client/assets/noto-sans-jp-25-700-normal.woff2                     43.14 kB
build/client/assets/noto-sans-jp-7-300-normal.woff2                      43.14 kB
build/client/assets/noto-sans-jp-40-100-normal.woff                      43.16 kB
build/client/assets/noto-sans-jp-20-200-normal.woff                      43.16 kB
build/client/assets/noto-serif-jp-49-500-normal.woff2                    43.18 kB
build/client/assets/noto-sans-jp-49-400-normal.woff                      43.20 kB
build/client/assets/noto-sans-jp-49-600-normal.woff                      43.22 kB
build/client/assets/noto-serif-jp-36-700-normal.woff2                    43.22 kB
build/client/assets/noto-sans-jp-49-500-normal.woff                      43.23 kB
build/client/assets/noto-serif-jp-42-200-normal.woff2                    43.25 kB
build/client/assets/noto-serif-jp-40-500-normal.woff2                    43.26 kB
build/client/assets/noto-sans-jp-25-800-normal.woff2                     43.28 kB
build/client/assets/noto-sans-jp-7-900-normal.woff2                      43.28 kB
build/client/assets/noto-sans-jp-17-500-normal.woff2                     43.30 kB
build/client/assets/noto-sans-jp-36-900-normal.woff                      43.31 kB
build/client/assets/noto-serif-jp-49-600-normal.woff2                    43.32 kB
build/client/assets/noto-sans-jp-49-700-normal.woff                      43.33 kB
build/client/assets/noto-serif-jp-46-500-normal.woff2                    43.34 kB
build/client/assets/noto-sans-jp-15-500-normal.woff2                     43.35 kB
build/client/assets/noto-sans-jp-34-200-normal.woff2                     43.36 kB
build/client/assets/noto-sans-jp-19-100-normal.woff2                     43.37 kB
build/client/assets/noto-sans-jp-20-900-normal.woff                      43.37 kB
build/client/assets/noto-sans-jp-17-600-normal.woff2                     43.38 kB
build/client/assets/noto-serif-jp-3-400-normal.woff                      43.39 kB
build/client/assets/noto-sans-jp-49-800-normal.woff                      43.42 kB
build/client/assets/noto-serif-jp-40-600-normal.woff2                    43.42 kB
build/client/assets/noto-sans-jp-42-100-normal.woff                      43.43 kB
build/client/assets/noto-serif-jp-36-800-normal.woff2                    43.44 kB
build/client/assets/noto-sans-jp-20-300-normal.woff                      43.44 kB
build/client/assets/noto-sans-jp-49-900-normal.woff                      43.44 kB
build/client/assets/noto-sans-jp-33-100-normal.woff                      43.45 kB
build/client/assets/noto-sans-jp-15-600-normal.woff2                     43.49 kB
build/client/assets/noto-sans-jp-17-700-normal.woff2                     43.49 kB
build/client/assets/noto-serif-jp-3-600-normal.woff                      43.54 kB
build/client/assets/noto-sans-jp-20-800-normal.woff                      43.60 kB
build/client/assets/noto-serif-jp-3-500-normal.woff                      43.60 kB
build/client/assets/noto-sans-jp-17-800-normal.woff2                     43.63 kB
build/client/assets/noto-sans-jp-20-400-normal.woff                      43.63 kB
build/client/assets/noto-serif-jp-46-600-normal.woff2                    43.64 kB
build/client/assets/noto-sans-jp-15-700-normal.woff2                     43.64 kB
build/client/assets/noto-sans-jp-36-800-normal.woff                      43.66 kB
build/client/assets/noto-serif-jp-20-400-normal.woff2                    43.66 kB
build/client/assets/noto-sans-jp-36-200-normal.woff                      43.70 kB
build/client/assets/noto-sans-jp-36-400-normal.woff                      43.70 kB
build/client/assets/noto-sans-jp-34-300-normal.woff2                     43.71 kB
build/client/assets/noto-sans-jp-20-700-normal.woff                      43.71 kB
build/client/assets/noto-serif-jp-33-200-normal.woff2                    43.72 kB
build/client/assets/noto-sans-jp-20-500-normal.woff                      43.72 kB
build/client/assets/noto-sans-jp-15-800-normal.woff2                     43.74 kB
build/client/assets/noto-sans-jp-36-600-normal.woff                      43.74 kB
build/client/assets/noto-sans-jp-36-700-normal.woff                      43.76 kB
build/client/assets/noto-sans-jp-36-500-normal.woff                      43.77 kB
build/client/assets/noto-sans-jp-20-600-normal.woff                      43.78 kB
build/client/assets/noto-serif-jp-40-700-normal.woff2                    43.79 kB
build/client/assets/noto-sans-jp-36-300-normal.woff                      43.83 kB
build/client/assets/noto-sans-jp-0-400-normal.woff2                      43.84 kB
build/client/assets/noto-serif-jp-27-200-normal.woff2                    43.90 kB
build/client/assets/noto-serif-jp-49-700-normal.woff2                    44.00 kB
build/client/assets/noto-serif-jp-3-700-normal.woff                      44.04 kB
build/client/assets/noto-serif-jp-20-600-normal.woff2                    44.07 kB
build/client/assets/noto-sans-jp-27-100-normal.woff                      44.07 kB
build/client/assets/noto-serif-jp-20-500-normal.woff2                    44.08 kB
build/client/assets/noto-sans-jp-42-200-normal.woff                      44.08 kB
build/client/assets/noto-serif-jp-40-800-normal.woff2                    44.10 kB
build/client/assets/noto-serif-jp-3-800-normal.woff                      44.11 kB
build/client/assets/noto-sans-jp-24-900-normal.woff2                     44.13 kB
build/client/assets/noto-sans-jp-31-200-normal.woff2                     44.16 kB
build/client/assets/noto-serif-jp-49-800-normal.woff2                    44.23 kB
build/client/assets/noto-serif-jp-12-900-normal.woff2                    44.25 kB
build/client/assets/noto-sans-jp-40-200-normal.woff                      44.28 kB
build/client/assets/noto-serif-jp-46-700-normal.woff2                    44.30 kB
build/client/assets/noto-serif-jp-47-300-normal.woff2                    44.32 kB
build/client/assets/noto-serif-jp-43-200-normal.woff2                    44.35 kB
build/client/assets/noto-serif-jp-13-200-normal.woff2                    44.36 kB
build/client/assets/noto-sans-jp-119-800-normal.woff2                    44.39 kB
build/client/assets/noto-sans-jp-119-700-normal.woff2                    44.42 kB
build/client/assets/noto-sans-jp-42-300-normal.woff                      44.44 kB
build/client/assets/noto-sans-jp-5-200-normal.woff2                      44.44 kB
build/client/assets/noto-sans-jp-42-900-normal.woff                      44.45 kB
build/client/assets/noto-sans-jp-24-400-normal.woff2                     44.49 kB
build/client/assets/noto-sans-jp-7-400-normal.woff2                      44.50 kB
build/client/assets/noto-sans-jp-34-400-normal.woff2                     44.51 kB
build/client/assets/noto-sans-jp-0-500-normal.woff2                      44.55 kB
build/client/assets/noto-serif-jp-46-800-normal.woff2                    44.56 kB
build/client/assets/noto-sans-jp-40-300-normal.woff                      44.59 kB
build/client/assets/noto-sans-jp-42-400-normal.woff                      44.60 kB
build/client/assets/noto-serif-jp-20-700-normal.woff2                    44.61 kB
build/client/assets/noto-serif-jp-20-800-normal.woff2                    44.62 kB
build/client/assets/noto-sans-jp-40-900-normal.woff                      44.64 kB
build/client/assets/noto-sans-jp-42-800-normal.woff                      44.64 kB
build/client/assets/noto-sans-jp-0-900-normal.woff2                      44.68 kB
build/client/assets/noto-sans-jp-19-200-normal.woff2                     44.72 kB
build/client/assets/noto-sans-jp-42-500-normal.woff                      44.73 kB
build/client/assets/noto-sans-jp-0-600-normal.woff2                      44.73 kB
build/client/assets/noto-sans-jp-34-900-normal.woff2                     44.74 kB
build/client/assets/noto-sans-jp-42-600-normal.woff                      44.75 kB
build/client/assets/noto-serif-jp-47-400-normal.woff2                    44.76 kB
build/client/assets/noto-sans-jp-42-700-normal.woff                      44.78 kB
build/client/assets/noto-sans-jp-5-300-normal.woff2                      44.82 kB
build/client/assets/noto-sans-jp-6-900-normal.woff2                      44.82 kB
build/client/assets/noto-sans-jp-31-300-normal.woff2                     44.86 kB
build/client/assets/noto-sans-jp-47-100-normal.woff                      44.90 kB
build/client/assets/noto-serif-jp-119-900-normal.woff2                   44.92 kB
build/client/assets/noto-sans-jp-7-500-normal.woff2                      45.00 kB
build/client/assets/noto-sans-jp-0-700-normal.woff2                      45.02 kB
build/client/assets/noto-sans-jp-0-800-normal.woff2                      45.02 kB
build/client/assets/noto-sans-jp-27-200-normal.woff                      45.03 kB
build/client/assets/noto-serif-jp-16-200-normal.woff2                    45.05 kB
build/client/assets/noto-sans-jp-40-400-normal.woff                      45.10 kB
build/client/assets/noto-sans-jp-24-500-normal.woff2                     45.14 kB
build/client/assets/noto-sans-jp-33-900-normal.woff                      45.14 kB
build/client/assets/noto-sans-jp-27-900-normal.woff                      45.14 kB
build/client/assets/noto-serif-jp-35-900-normal.woff2                    45.16 kB
build/client/assets/noto-sans-jp-33-200-normal.woff                      45.17 kB
build/client/assets/noto-serif-jp-47-900-normal.woff2                    45.21 kB
build/client/assets/noto-sans-jp-19-300-normal.woff2                     45.23 kB
build/client/assets/noto-sans-jp-7-600-normal.woff2                      45.24 kB
build/client/assets/noto-serif-jp-27-900-normal.woff2                    45.26 kB
build/client/assets/noto-sans-jp-40-600-normal.woff                      45.28 kB
build/client/assets/noto-sans-jp-34-500-normal.woff2                     45.29 kB
build/client/assets/noto-serif-jp-47-500-normal.woff2                    45.30 kB
build/client/assets/noto-sans-jp-34-600-normal.woff2                     45.33 kB
build/client/assets/noto-sans-jp-40-500-normal.woff                      45.36 kB
build/client/assets/noto-sans-jp-31-900-normal.woff2                     45.38 kB
build/client/assets/noto-sans-jp-24-600-normal.woff2                     45.39 kB
build/client/assets/noto-serif-jp-28-200-normal.woff2                    45.40 kB
build/client/assets/noto-sans-jp-7-800-normal.woff2                      45.41 kB
build/client/assets/noto-sans-jp-45-100-normal.woff                      45.44 kB
build/client/assets/noto-sans-jp-24-700-normal.woff2                     45.45 kB
build/client/assets/noto-sans-jp-27-300-normal.woff                      45.46 kB
build/client/assets/noto-sans-jp-7-700-normal.woff2                      45.50 kB
build/client/assets/noto-sans-jp-40-700-normal.woff                      45.51 kB
build/client/assets/noto-sans-jp-5-900-normal.woff2                      45.52 kB
build/client/assets/noto-sans-jp-27-400-normal.woff                      45.53 kB
build/client/assets/noto-sans-jp-27-700-normal.woff                      45.55 kB
build/client/assets/noto-sans-jp-40-800-normal.woff                      45.55 kB
build/client/assets/noto-sans-jp-33-300-normal.woff                      45.57 kB
build/client/assets/noto-serif-jp-42-900-normal.woff2                    45.58 kB
build/client/assets/noto-sans-jp-24-800-normal.woff2                     45.63 kB
build/client/assets/noto-serif-jp-42-300-normal.woff2                    45.64 kB
build/client/assets/noto-serif-jp-47-600-normal.woff2                    45.64 kB
build/client/assets/noto-sans-jp-34-800-normal.woff2                     45.66 kB
build/client/assets/noto-sans-jp-27-500-normal.woff                      45.68 kB
build/client/assets/noto-sans-jp-27-800-normal.woff                      45.68 kB
build/client/assets/noto-sans-jp-34-700-normal.woff2                     45.70 kB
build/client/assets/noto-sans-jp-33-400-normal.woff                      45.70 kB
build/client/assets/noto-sans-jp-31-400-normal.woff2                     45.76 kB
build/client/assets/noto-serif-jp-33-900-normal.woff2                    45.81 kB
build/client/assets/noto-sans-jp-27-600-normal.woff                      45.81 kB
build/client/assets/noto-sans-jp-6-200-normal.woff2                      45.84 kB
build/client/assets/noto-sans-jp-5-400-normal.woff2                      45.86 kB
build/client/assets/noto-sans-jp-33-600-normal.woff                      45.87 kB
build/client/assets/noto-sans-jp-33-500-normal.woff                      45.93 kB
build/client/assets/noto-sans-jp-47-200-normal.woff                      45.96 kB
build/client/assets/noto-serif-jp-119-200-normal.woff2                   45.98 kB
build/client/assets/noto-sans-jp-33-700-normal.woff                      46.00 kB
build/client/assets/noto-sans-jp-33-800-normal.woff                      46.04 kB
build/client/assets/noto-serif-jp-47-700-normal.woff2                    46.08 kB
build/client/assets/noto-serif-jp-42-400-normal.woff2                    46.09 kB
build/client/assets/noto-sans-jp-12-100-normal.woff                      46.10 kB
build/client/assets/noto-sans-jp-45-200-normal.woff                      46.16 kB
build/client/assets/noto-sans-jp-47-300-normal.woff                      46.20 kB
build/client/assets/noto-sans-jp-19-400-normal.woff2                     46.21 kB
build/client/assets/noto-serif-jp-35-300-normal.woff2                    46.23 kB
build/client/assets/noto-serif-jp-27-300-normal.woff2                    46.24 kB
build/client/assets/noto-serif-jp-43-300-normal.woff2                    46.24 kB
build/client/assets/noto-sans-jp-5-500-normal.woff2                      46.31 kB
build/client/assets/noto-serif-jp-26-200-normal.woff2                    46.32 kB
build/client/assets/noto-serif-jp-47-800-normal.woff2                    46.41 kB
build/client/assets/noto-sans-jp-45-300-normal.woff                      46.44 kB
build/client/assets/noto-sans-jp-31-500-normal.woff2                     46.46 kB
build/client/assets/noto-sans-jp-47-400-normal.woff                      46.47 kB
build/client/assets/noto-sans-jp-47-600-normal.woff                      46.52 kB
build/client/assets/noto-sans-jp-47-500-normal.woff                      46.53 kB
build/client/assets/noto-sans-jp-6-300-normal.woff2                      46.54 kB
build/client/assets/noto-serif-jp-45-200-normal.woff2                    46.56 kB
build/client/assets/noto-sans-jp-5-600-normal.woff2                      46.56 kB
build/client/assets/noto-sans-jp-26-100-normal.woff                      46.56 kB
build/client/assets/noto-serif-jp-38-200-normal.woff2                    46.57 kB
build/client/assets/noto-sans-jp-47-700-normal.woff                      46.64 kB
build/client/assets/noto-sans-jp-31-600-normal.woff2                     46.65 kB
build/client/assets/noto-serif-jp-42-500-normal.woff2                    46.66 kB
build/client/assets/noto-sans-jp-31-800-normal.woff2                     46.68 kB
build/client/assets/noto-serif-jp-48-200-normal.woff2                    46.70 kB
build/client/assets/noto-serif-jp-16-900-normal.woff2                    46.70 kB
build/client/assets/noto-serif-jp-43-400-normal.woff2                    46.72 kB
build/client/assets/noto-sans-jp-45-600-normal.woff                      46.72 kB
build/client/assets/m-plus-2-55-wght-normal.woff2                        46.73 kB
build/client/assets/noto-sans-jp-5-800-normal.woff2                      46.74 kB
build/client/assets/noto-sans-jp-5-700-normal.woff2                      46.74 kB
build/client/assets/noto-sans-jp-31-700-normal.woff2                     46.74 kB
build/client/assets/noto-serif-jp-22-200-normal.woff2                    46.74 kB
build/client/assets/noto-serif-jp-43-900-normal.woff2                    46.76 kB
build/client/assets/noto-sans-jp-45-500-normal.woff                      46.77 kB
build/client/assets/noto-sans-jp-45-800-normal.woff                      46.78 kB
build/client/assets/noto-sans-jp-19-900-normal.woff2                     46.81 kB
build/client/assets/noto-sans-jp-19-500-normal.woff2                     46.82 kB
build/client/assets/noto-sans-jp-47-900-normal.woff                      46.82 kB
build/client/assets/noto-sans-jp-45-700-normal.woff                      46.84 kB
build/client/assets/noto-serif-jp-27-400-normal.woff2                    46.86 kB
build/client/assets/noto-serif-jp-1-200-normal.woff2                     46.87 kB
build/client/assets/noto-serif-jp-12-300-normal.woff2                    46.89 kB
build/client/assets/noto-sans-jp-45-400-normal.woff                      46.92 kB
build/client/assets/noto-sans-jp-13-100-normal.woff                      46.93 kB
build/client/assets/noto-sans-jp-47-800-normal.woff                      46.93 kB
build/client/assets/noto-serif-jp-35-400-normal.woff2                    46.97 kB
build/client/assets/noto-sans-jp-35-100-normal.woff                      46.97 kB
build/client/assets/noto-sans-jp-45-900-normal.woff                      46.98 kB
build/client/assets/noto-serif-jp-42-600-normal.woff2                    46.98 kB
build/client/assets/noto-sans-jp-19-600-normal.woff2                     47.03 kB
build/client/assets/noto-serif-jp-28-900-normal.woff2                    47.09 kB
build/client/assets/noto-sans-jp-19-700-normal.woff2                     47.26 kB
build/client/assets/noto-serif-jp-43-500-normal.woff2                    47.30 kB
build/client/assets/noto-sans-jp-16-100-normal.woff                      47.30 kB
build/client/assets/noto-serif-jp-27-500-normal.woff2                    47.32 kB
build/client/assets/noto-serif-jp-42-700-normal.woff2                    47.34 kB
build/client/assets/noto-sans-jp-19-800-normal.woff2                     47.38 kB
build/client/assets/noto-serif-jp-12-400-normal.woff2                    47.40 kB
build/client/assets/noto-serif-jp-27-600-normal.woff2                    47.47 kB
build/client/assets/noto-serif-jp-43-600-normal.woff2                    47.48 kB
build/client/assets/noto-sans-jp-6-400-normal.woff2                      47.48 kB
build/client/assets/noto-sans-jp-28-100-normal.woff                      47.50 kB
build/client/assets/noto-sans-jp-35-900-normal.woff                      47.54 kB
build/client/assets/noto-serif-jp-35-600-normal.woff2                    47.58 kB
build/client/assets/noto-serif-jp-21-200-normal.woff2                    47.59 kB
build/client/assets/noto-serif-jp-42-800-normal.woff2                    47.67 kB
build/client/assets/noto-serif-jp-35-500-normal.woff2                    47.76 kB
build/client/assets/noto-sans-jp-26-200-normal.woff                      47.77 kB
build/client/assets/noto-serif-jp-27-700-normal.woff2                    47.85 kB
build/client/assets/noto-serif-jp-33-300-normal.woff2                    47.86 kB
build/client/assets/noto-serif-jp-43-700-normal.woff2                    47.89 kB
build/client/assets/noto-serif-jp-27-800-normal.woff2                    47.99 kB
build/client/assets/noto-serif-jp-28-300-normal.woff2                    48.02 kB
build/client/assets/noto-serif-jp-43-800-normal.woff2                    48.04 kB
build/client/assets/noto-sans-jp-6-500-normal.woff2                      48.09 kB
build/client/assets/noto-serif-jp-39-200-normal.woff2                    48.12 kB
build/client/assets/noto-sans-jp-26-300-normal.woff                      48.12 kB
build/client/assets/noto-serif-jp-13-900-normal.woff2                    48.12 kB
build/client/assets/noto-sans-jp-32-100-normal.woff                      48.13 kB
build/client/assets/noto-sans-jp-6-800-normal.woff2                      48.13 kB
build/client/assets/noto-sans-jp-48-100-normal.woff                      48.15 kB
build/client/assets/noto-sans-jp-35-800-normal.woff                      48.15 kB
build/client/assets/noto-serif-jp-37-200-normal.woff2                    48.16 kB
build/client/assets/noto-serif-jp-26-900-normal.woff2                    48.16 kB
build/client/assets/noto-sans-jp-1-100-normal.woff                       48.16 kB
build/client/assets/noto-serif-jp-33-400-normal.woff2                    48.17 kB
build/client/assets/noto-sans-jp-35-400-normal.woff                      48.20 kB
build/client/assets/noto-serif-jp-12-500-normal.woff2                    48.22 kB
build/client/assets/noto-sans-jp-6-700-normal.woff2                      48.22 kB
build/client/assets/m-plus-rounded-1c-latin-ext-100-normal.woff          48.24 kB
build/client/assets/noto-sans-jp-6-600-normal.woff2                      48.24 kB
build/client/assets/noto-sans-jp-26-900-normal.woff                      48.25 kB
build/client/assets/noto-sans-jp-28-900-normal.woff                      48.26 kB
build/client/assets/noto-serif-jp-35-800-normal.woff2                    48.27 kB
build/client/assets/noto-serif-jp-12-600-normal.woff2                    48.28 kB
build/client/assets/noto-sans-jp-35-700-normal.woff                      48.29 kB
build/client/assets/noto-serif-jp-13-300-normal.woff2                    48.32 kB
build/client/assets/noto-serif-jp-35-700-normal.woff2                    48.34 kB
build/client/assets/noto-sans-jp-35-300-normal.woff                      48.36 kB
build/client/assets/noto-sans-jp-26-400-normal.woff                      48.38 kB
build/client/assets/noto-serif-jp-28-400-normal.woff2                    48.39 kB
build/client/assets/noto-sans-jp-35-200-normal.woff                      48.44 kB
build/client/assets/noto-sans-jp-35-500-normal.woff                      48.46 kB
build/client/assets/noto-serif-jp-44-200-normal.woff2                    48.48 kB
build/client/assets/noto-sans-jp-12-200-normal.woff                      48.50 kB
build/client/assets/noto-serif-jp-12-800-normal.woff2                    48.51 kB
build/client/assets/noto-serif-jp-22-900-normal.woff2                    48.53 kB
build/client/assets/noto-sans-jp-35-600-normal.woff                      48.56 kB
build/client/assets/noto-sans-jp-16-200-normal.woff                      48.59 kB
build/client/assets/noto-serif-jp-18-200-normal.woff2                    48.63 kB
build/client/assets/noto-serif-jp-12-700-normal.woff2                    48.64 kB
build/client/assets/noto-sans-jp-48-200-normal.woff                      48.66 kB
build/client/assets/noto-sans-jp-26-500-normal.woff                      48.68 kB
build/client/assets/noto-sans-jp-38-100-normal.woff                      48.70 kB
build/client/assets/noto-serif-jp-33-600-normal.woff2                    48.70 kB
build/client/assets/noto-serif-jp-33-500-normal.woff2                    48.72 kB
build/client/assets/noto-sans-jp-14-100-normal.woff                      48.75 kB
build/client/assets/noto-sans-jp-26-600-normal.woff                      48.75 kB
build/client/assets/noto-sans-jp-48-400-normal.woff                      48.77 kB
build/client/assets/noto-sans-jp-1-200-normal.woff                       48.77 kB
build/client/assets/noto-sans-jp-16-900-normal.woff                      48.78 kB
build/client/assets/noto-sans-jp-16-300-normal.woff                      48.78 kB
build/client/assets/noto-sans-jp-21-100-normal.woff                      48.80 kB
build/client/assets/noto-sans-jp-48-300-normal.woff                      48.80 kB
build/client/assets/noto-serif-jp-28-500-normal.woff2                    48.83 kB
build/client/assets/noto-sans-jp-26-700-normal.woff                      48.85 kB
build/client/assets/noto-sans-jp-1-900-normal.woff                       48.85 kB
build/client/assets/noto-sans-jp-26-800-normal.woff                      48.86 kB
build/client/assets/noto-sans-jp-1-300-normal.woff                       48.87 kB
build/client/assets/noto-serif-jp-28-600-normal.woff2                    48.88 kB
build/client/assets/noto-sans-jp-48-500-normal.woff                      48.89 kB
build/client/assets/noto-serif-jp-14-200-normal.woff2                    48.90 kB
build/client/assets/noto-serif-jp-45-300-normal.woff2                    48.90 kB
build/client/assets/noto-serif-jp-1-300-normal.woff2                     48.92 kB
build/client/assets/noto-sans-jp-48-900-normal.woff                      48.93 kB
build/client/assets/noto-sans-jp-48-600-normal.woff                      48.98 kB
build/client/assets/noto-sans-jp-1-800-normal.woff                       49.00 kB
build/client/assets/noto-sans-jp-1-700-normal.woff                       49.03 kB
build/client/assets/noto-sans-jp-1-400-normal.woff                       49.05 kB
build/client/assets/noto-sans-jp-16-400-normal.woff                      49.07 kB
build/client/assets/noto-sans-jp-38-300-normal.woff                      49.10 kB
build/client/assets/noto-sans-jp-38-900-normal.woff                      49.10 kB
build/client/assets/noto-serif-jp-13-400-normal.woff2                    49.11 kB
build/client/assets/noto-sans-jp-38-200-normal.woff                      49.12 kB
build/client/assets/noto-serif-jp-16-300-normal.woff2                    49.12 kB
build/client/assets/noto-sans-jp-1-600-normal.woff                       49.13 kB
build/client/assets/noto-sans-jp-1-500-normal.woff                       49.18 kB
build/client/assets/noto-serif-jp-45-900-normal.woff2                    49.22 kB
build/client/assets/noto-sans-jp-16-500-normal.woff                      49.22 kB
build/client/assets/noto-sans-jp-48-800-normal.woff                      49.23 kB
build/client/assets/noto-serif-jp-48-300-normal.woff2                    49.25 kB
build/client/assets/noto-sans-jp-13-200-normal.woff                      49.26 kB
build/client/assets/noto-sans-jp-48-700-normal.woff                      49.29 kB
build/client/assets/noto-sans-jp-38-400-normal.woff                      49.30 kB
build/client/assets/noto-sans-jp-28-200-normal.woff                      49.30 kB
build/client/assets/noto-sans-jp-38-600-normal.woff                      49.30 kB
build/client/assets/noto-serif-jp-33-700-normal.woff2                    49.35 kB
build/client/assets/noto-sans-jp-38-800-normal.woff                      49.37 kB
build/client/assets/noto-serif-jp-51-200-normal.woff                     49.37 kB
build/client/assets/noto-serif-jp-33-800-normal.woff2                    49.39 kB
build/client/assets/noto-serif-jp-21-900-normal.woff2                    49.40 kB
build/client/assets/noto-sans-jp-38-500-normal.woff                      49.41 kB
build/client/assets/noto-sans-jp-16-600-normal.woff                      49.41 kB
build/client/assets/noto-serif-jp-28-700-normal.woff2                    49.42 kB
build/client/assets/noto-serif-jp-25-200-normal.woff2                    49.43 kB
build/client/assets/noto-sans-jp-38-700-normal.woff                      49.44 kB
build/client/assets/noto-sans-jp-12-300-normal.woff                      49.45 kB
build/client/assets/noto-serif-jp-1-400-normal.woff2                     49.46 kB
build/client/assets/noto-sans-jp-10-100-normal.woff                      49.46 kB
build/client/assets/noto-sans-jp-16-800-normal.woff                      49.48 kB
build/client/assets/noto-serif-jp-28-800-normal.woff2                    49.52 kB
build/client/assets/noto-sans-jp-28-700-normal.woff                      49.52 kB
build/client/assets/noto-serif-jp-22-300-normal.woff2                    49.52 kB
build/client/assets/noto-sans-jp-16-700-normal.woff                      49.52 kB
build/client/assets/noto-serif-jp-38-300-normal.woff2                    49.56 kB
build/client/assets/noto-serif-jp-41-200-normal.woff2                    49.60 kB
build/client/assets/noto-serif-jp-45-400-normal.woff2                    49.62 kB
build/client/assets/noto-sans-jp-28-400-normal.woff                      49.64 kB
build/client/assets/noto-sans-jp-12-400-normal.woff                      49.65 kB
build/client/assets/noto-sans-jp-28-300-normal.woff                      49.72 kB
build/client/assets/noto-serif-jp-13-500-normal.woff2                    49.73 kB
build/client/assets/noto-serif-jp-16-400-normal.woff2                    49.76 kB
build/client/assets/noto-sans-jp-13-300-normal.woff                      49.77 kB
build/client/assets/noto-serif-jp-48-400-normal.woff2                    49.85 kB
build/client/assets/noto-sans-jp-37-100-normal.woff                      49.89 kB
build/client/assets/noto-serif-jp-8-200-normal.woff2                     49.89 kB
build/client/assets/noto-serif-jp-26-300-normal.woff2                    49.90 kB
build/client/assets/noto-sans-jp-28-800-normal.woff                      49.92 kB
build/client/assets/noto-serif-jp-13-600-normal.woff2                    49.94 kB
build/client/assets/noto-sans-jp-28-500-normal.woff                      49.94 kB
build/client/assets/noto-sans-jp-28-600-normal.woff                      49.95 kB
build/client/assets/noto-serif-jp-1-900-normal.woff2                     49.96 kB
build/client/assets/noto-sans-jp-41-100-normal.woff                      49.96 kB
build/client/assets/noto-serif-jp-48-900-normal.woff2                    50.05 kB
build/client/assets/noto-serif-jp-22-400-normal.woff2                    50.08 kB
build/client/assets/noto-sans-jp-32-200-normal.woff                      50.08 kB
build/client/assets/noto-serif-jp-38-900-normal.woff2                    50.14 kB
build/client/assets/noto-serif-jp-38-400-normal.woff2                    50.14 kB
build/client/assets/noto-serif-jp-1-500-normal.woff2                     50.16 kB
build/client/assets/noto-sans-jp-21-200-normal.woff                      50.16 kB
build/client/assets/noto-serif-jp-29-200-normal.woff2                    50.20 kB
build/client/assets/noto-serif-jp-45-500-normal.woff2                    50.22 kB
build/client/assets/noto-serif-jp-11-200-normal.woff2                    50.23 kB
build/client/assets/noto-sans-jp-14-200-normal.woff                      50.25 kB
build/client/assets/noto-serif-jp-16-500-normal.woff2                    50.29 kB
build/client/assets/noto-serif-jp-9-200-normal.woff2                     50.29 kB
build/client/assets/noto-sans-jp-44-100-normal.woff                      50.30 kB
build/client/assets/noto-serif-jp-16-600-normal.woff2                    50.35 kB
build/client/assets/noto-serif-jp-1-600-normal.woff2                     50.39 kB
build/client/assets/noto-sans-jp-44-900-normal.woff                      50.39 kB
build/client/assets/noto-sans-jp-43-100-normal.woff                      50.42 kB
build/client/assets/noto-serif-jp-45-600-normal.woff2                    50.42 kB
build/client/assets/noto-sans-jp-32-300-normal.woff                      50.42 kB
build/client/assets/noto-serif-jp-48-500-normal.woff2                    50.44 kB
build/client/assets/noto-serif-jp-51-300-normal.woff                     50.46 kB
build/client/assets/noto-serif-jp-26-400-normal.woff2                    50.47 kB
build/client/assets/noto-sans-jp-13-400-normal.woff                      50.50 kB
build/client/assets/noto-sans-jp-22-100-normal.woff                      50.52 kB
build/client/assets/noto-sans-jp-12-900-normal.woff                      50.58 kB
build/client/assets/noto-serif-jp-22-500-normal.woff2                    50.58 kB
build/client/assets/noto-serif-jp-21-300-normal.woff2                    50.62 kB
build/client/assets/noto-serif-jp-48-600-normal.woff2                    50.66 kB
build/client/assets/noto-sans-jp-13-600-normal.woff                      50.67 kB
build/client/assets/noto-sans-jp-44-800-normal.woff                      50.70 kB
build/client/assets/noto-serif-jp-13-800-normal.woff2                    50.72 kB
build/client/assets/noto-sans-jp-21-300-normal.woff                      50.72 kB
build/client/assets/noto-sans-jp-44-700-normal.woff                      50.72 kB
build/client/assets/noto-sans-jp-13-500-normal.woff                      50.75 kB
build/client/assets/noto-serif-jp-13-700-normal.woff2                    50.76 kB
build/client/assets/noto-serif-jp-16-800-normal.woff2                    50.77 kB
build/client/assets/noto-serif-jp-44-300-normal.woff2                    50.81 kB
build/client/assets/noto-sans-jp-21-900-normal.woff                      50.81 kB
build/client/assets/noto-serif-jp-39-300-normal.woff2                    50.81 kB
build/client/assets/noto-serif-jp-37-300-normal.woff2                    50.82 kB
build/client/assets/noto-sans-jp-44-200-normal.woff                      50.82 kB
build/client/assets/noto-serif-jp-51-400-normal.woff                     50.84 kB
build/client/assets/noto-serif-jp-22-600-normal.woff2                    50.85 kB
build/client/assets/noto-serif-jp-32-200-normal.woff2                    50.86 kB
build/client/assets/noto-sans-jp-52-600-normal.woff                      50.86 kB
build/client/assets/noto-sans-jp-37-900-normal.woff                      50.88 kB
build/client/assets/noto-serif-jp-38-500-normal.woff2                    50.89 kB
build/client/assets/noto-serif-jp-4-200-normal.woff2                     50.89 kB
build/client/assets/noto-serif-jp-14-900-normal.woff2                    50.89 kB
build/client/assets/noto-sans-jp-44-300-normal.woff                      50.90 kB
build/client/assets/noto-serif-jp-10-200-normal.woff2                    50.91 kB
build/client/assets/noto-sans-jp-44-600-normal.woff                      50.91 kB
build/client/assets/noto-sans-jp-41-200-normal.woff                      50.92 kB
build/client/assets/noto-sans-jp-37-200-normal.woff                      50.94 kB
build/client/assets/noto-sans-jp-14-300-normal.woff                      50.94 kB
build/client/assets/noto-sans-jp-13-900-normal.woff                      50.94 kB
build/client/assets/noto-serif-jp-1-700-normal.woff2                     50.98 kB
build/client/assets/noto-serif-jp-37-900-normal.woff2                    51.00 kB
build/client/assets/noto-sans-jp-44-500-normal.woff                      51.00 kB
build/client/assets/noto-sans-jp-13-700-normal.woff                      51.00 kB
build/client/assets/noto-serif-jp-45-700-normal.woff2                    51.01 kB
build/client/assets/noto-serif-jp-26-500-normal.woff2                    51.01 kB
build/client/assets/noto-sans-jp-21-400-normal.woff                      51.04 kB
build/client/assets/noto-serif-jp-1-800-normal.woff2                     51.08 kB
build/client/assets/noto-sans-jp-44-400-normal.woff                      51.08 kB
build/client/assets/noto-serif-jp-30-200-normal.woff2                    51.09 kB
build/client/assets/noto-serif-jp-51-500-normal.woff                     51.10 kB
build/client/assets/noto-serif-jp-44-900-normal.woff2                    51.11 kB
build/client/assets/noto-serif-jp-7-200-normal.woff2                     51.12 kB
build/client/assets/noto-serif-jp-45-800-normal.woff2                    51.13 kB
build/client/assets/noto-sans-jp-10-200-normal.woff                      51.14 kB
build/client/assets/noto-serif-jp-16-700-normal.woff2                    51.15 kB
build/client/assets/noto-sans-jp-12-500-normal.woff                      51.15 kB
build/client/assets/noto-sans-jp-14-900-normal.woff                      51.17 kB
build/client/assets/noto-sans-jp-37-400-normal.woff                      51.18 kB
build/client/assets/noto-sans-jp-41-300-normal.woff                      51.18 kB
build/client/assets/noto-serif-jp-38-600-normal.woff2                    51.19 kB
build/client/assets/noto-sans-jp-37-300-normal.woff                      51.19 kB
build/client/assets/noto-sans-jp-37-700-normal.woff                      51.19 kB
build/client/assets/noto-serif-jp-26-600-normal.woff2                    51.19 kB
build/client/assets/noto-sans-jp-21-800-normal.woff                      51.19 kB
build/client/assets/noto-sans-jp-14-500-normal.woff                      51.20 kB
build/client/assets/noto-sans-jp-43-900-normal.woff                      51.20 kB
build/client/assets/noto-serif-jp-44-400-normal.woff2                    51.21 kB
build/client/assets/noto-sans-jp-37-800-normal.woff                      51.21 kB
build/client/assets/noto-serif-jp-22-800-normal.woff2                    51.23 kB
build/client/assets/noto-sans-jp-21-500-normal.woff                      51.23 kB
build/client/assets/noto-serif-jp-48-700-normal.woff2                    51.25 kB
build/client/assets/noto-sans-jp-37-500-normal.woff                      51.25 kB
build/client/assets/noto-sans-jp-37-600-normal.woff                      51.25 kB
build/client/assets/noto-sans-jp-29-100-normal.woff                      51.28 kB
build/client/assets/noto-sans-jp-21-700-normal.woff                      51.28 kB
build/client/assets/noto-sans-jp-41-900-normal.woff                      51.28 kB
build/client/assets/noto-sans-jp-13-800-normal.woff                      51.28 kB
build/client/assets/noto-serif-jp-51-600-normal.woff                     51.28 kB
build/client/assets/noto-serif-jp-21-400-normal.woff2                    51.29 kB
build/client/assets/noto-serif-jp-36-200-normal.woff                     51.32 kB
build/client/assets/noto-sans-jp-14-600-normal.woff                      51.32 kB
build/client/assets/noto-sans-jp-21-600-normal.woff                      51.32 kB
build/client/assets/noto-serif-jp-18-900-normal.woff2                    51.34 kB
build/client/assets/noto-sans-jp-41-600-normal.woff                      51.36 kB
build/client/assets/noto-sans-jp-41-500-normal.woff                      51.37 kB
build/client/assets/noto-sans-jp-12-800-normal.woff                      51.38 kB
build/client/assets/noto-sans-jp-41-400-normal.woff                      51.38 kB
build/client/assets/noto-serif-jp-22-700-normal.woff2                    51.41 kB
build/client/assets/noto-serif-jp-48-800-normal.woff2                    51.42 kB
build/client/assets/noto-serif-jp-39-400-normal.woff2                    51.43 kB
build/client/assets/noto-sans-jp-52-800-normal.woff                      51.43 kB
build/client/assets/noto-sans-jp-14-400-normal.woff                      51.43 kB
build/client/assets/noto-sans-jp-41-700-normal.woff                      51.46 kB
build/client/assets/noto-serif-jp-51-900-normal.woff                     51.46 kB
build/client/assets/noto-sans-jp-52-200-normal.woff                      51.47 kB
build/client/assets/noto-sans-jp-14-700-normal.woff                      51.47 kB
build/client/assets/noto-sans-jp-12-600-normal.woff                      51.48 kB
build/client/assets/noto-sans-jp-32-900-normal.woff                      51.48 kB
build/client/assets/noto-serif-jp-37-400-normal.woff2                    51.50 kB
build/client/assets/noto-sans-jp-10-300-normal.woff                      51.52 kB
build/client/assets/noto-serif-jp-39-900-normal.woff2                    51.53 kB
build/client/assets/noto-serif-jp-26-800-normal.woff2                    51.54 kB
build/client/assets/noto-sans-jp-32-400-normal.woff                      51.58 kB
build/client/assets/noto-sans-jp-14-800-normal.woff                      51.59 kB
build/client/assets/noto-sans-jp-12-700-normal.woff                      51.59 kB
build/client/assets/noto-serif-jp-26-700-normal.woff2                    51.60 kB
build/client/assets/noto-serif-jp-25-900-normal.woff2                    51.61 kB
build/client/assets/noto-sans-jp-9-100-normal.woff                       51.64 kB
build/client/assets/noto-sans-jp-39-100-normal.woff                      51.64 kB
build/client/assets/noto-sans-jp-41-800-normal.woff                      51.68 kB
build/client/assets/noto-serif-jp-38-800-normal.woff2                    51.70 kB
build/client/assets/noto-serif-jp-38-700-normal.woff2                    51.71 kB
build/client/assets/noto-serif-jp-50-200-normal.woff                     51.72 kB
build/client/assets/noto-serif-jp-44-500-normal.woff2                    51.75 kB
build/client/assets/noto-serif-jp-21-500-normal.woff2                    51.76 kB
build/client/assets/noto-sans-jp-22-200-normal.woff                      51.80 kB
build/client/assets/noto-sans-jp-22-900-normal.woff                      51.82 kB
build/client/assets/noto-serif-jp-51-700-normal.woff                     51.82 kB
build/client/assets/noto-sans-jp-32-500-normal.woff                      51.86 kB
build/client/assets/noto-sans-jp-22-300-normal.woff                      51.90 kB
build/client/assets/noto-sans-jp-32-600-normal.woff                      51.91 kB
build/client/assets/noto-serif-jp-51-800-normal.woff                     51.91 kB
build/client/assets/noto-sans-jp-32-700-normal.woff                      51.93 kB
build/client/assets/noto-sans-jp-52-300-normal.woff                      51.95 kB
build/client/assets/noto-sans-jp-52-700-normal.woff                      51.96 kB
build/client/assets/noto-serif-jp-21-600-normal.woff2                    51.99 kB
build/client/assets/noto-sans-jp-4-100-normal.woff                       52.00 kB
build/client/assets/noto-serif-jp-37-500-normal.woff2                    52.05 kB
build/client/assets/noto-serif-jp-39-500-normal.woff2                    52.05 kB
build/client/assets/noto-serif-jp-18-300-normal.woff2                    52.11 kB
build/client/assets/noto-serif-jp-44-600-normal.woff2                    52.12 kB
build/client/assets/noto-sans-jp-32-800-normal.woff                      52.13 kB
build/client/assets/noto-sans-jp-18-100-normal.woff                      52.18 kB
build/client/assets/noto-serif-jp-37-600-normal.woff2                    52.26 kB
build/client/assets/noto-serif-jp-46-200-normal.woff                     52.26 kB
build/client/assets/noto-sans-jp-52-400-normal.woff                      52.26 kB
build/client/assets/noto-serif-jp-21-800-normal.woff2                    52.27 kB
build/client/assets/noto-serif-jp-39-600-normal.woff2                    52.32 kB
build/client/assets/noto-sans-jp-43-200-normal.woff                      52.36 kB
build/client/assets/noto-serif-jp-21-700-normal.woff2                    52.42 kB
build/client/assets/noto-sans-jp-10-400-normal.woff                      52.42 kB
build/client/assets/noto-sans-jp-22-800-normal.woff                      52.43 kB
build/client/assets/noto-sans-jp-29-200-normal.woff                      52.45 kB
build/client/assets/noto-sans-jp-22-500-normal.woff                      52.46 kB
build/client/assets/noto-sans-jp-39-900-normal.woff                      52.47 kB
build/client/assets/noto-sans-jp-43-800-normal.woff                      52.49 kB
build/client/assets/noto-sans-jp-22-600-normal.woff                      52.52 kB
build/client/assets/noto-serif-jp-44-700-normal.woff2                    52.53 kB
build/client/assets/noto-serif-jp-29-900-normal.woff2                    52.53 kB
build/client/assets/noto-sans-jp-29-300-normal.woff                      52.55 kB
build/client/assets/noto-sans-jp-22-700-normal.woff                      52.56 kB
build/client/assets/noto-sans-jp-22-400-normal.woff                      52.57 kB
build/client/assets/noto-sans-jp-52-500-normal.woff                      52.59 kB
build/client/assets/noto-sans-jp-25-100-normal.woff                      52.60 kB
build/client/assets/noto-serif-jp-41-300-normal.woff2                    52.64 kB
build/client/assets/noto-serif-jp-44-800-normal.woff2                    52.64 kB
build/client/assets/noto-sans-jp-29-400-normal.woff                      52.71 kB
build/client/assets/noto-serif-jp-18-400-normal.woff2                    52.74 kB
build/client/assets/noto-sans-jp-10-500-normal.woff                      52.75 kB
build/client/assets/noto-sans-jp-29-600-normal.woff                      52.76 kB
build/client/assets/noto-sans-jp-29-500-normal.woff                      52.77 kB
build/client/assets/noto-serif-jp-14-300-normal.woff2                    52.78 kB
build/client/assets/noto-serif-jp-37-700-normal.woff2                    52.81 kB
build/client/assets/noto-sans-jp-10-600-normal.woff                      52.81 kB
build/client/assets/noto-sans-jp-43-700-normal.woff                      52.85 kB
build/client/assets/noto-serif-jp-25-300-normal.woff2                    52.86 kB
build/client/assets/noto-sans-jp-4-200-normal.woff                       52.86 kB
build/client/assets/noto-sans-jp-39-200-normal.woff                      52.86 kB
build/client/assets/noto-serif-jp-39-700-normal.woff2                    52.87 kB
build/client/assets/noto-serif-jp-29-300-normal.woff2                    52.89 kB
build/client/assets/noto-serif-jp-8-900-normal.woff2                     52.89 kB
build/client/assets/noto-serif-jp-41-900-normal.woff2                    52.91 kB
build/client/assets/noto-sans-jp-10-900-normal.woff                      52.91 kB
build/client/assets/noto-sans-jp-29-900-normal.woff                      52.94 kB
build/client/assets/noto-serif-jp-37-800-normal.woff2                    52.97 kB
build/client/assets/noto-serif-jp-49-200-normal.woff                     52.98 kB
build/client/assets/noto-sans-jp-43-300-normal.woff                      53.00 kB
build/client/assets/noto-serif-jp-4-300-normal.woff2                     53.03 kB
build/client/assets/noto-serif-jp-39-800-normal.woff2                    53.04 kB
build/client/assets/noto-sans-jp-43-600-normal.woff                      53.06 kB
build/client/assets/noto-sans-jp-4-300-normal.woff                       53.07 kB
build/client/assets/m-plus-rounded-1c-latin-ext-900-normal.woff          53.10 kB
build/client/assets/noto-sans-jp-29-700-normal.woff                      53.12 kB
build/client/assets/noto-sans-jp-4-400-normal.woff                       53.12 kB
build/client/assets/noto-sans-jp-43-500-normal.woff                      53.12 kB
build/client/assets/noto-serif-jp-41-400-normal.woff2                    53.16 kB
build/client/assets/noto-serif-jp-29-400-normal.woff2                    53.22 kB
build/client/assets/noto-sans-jp-43-400-normal.woff                      53.26 kB
build/client/assets/noto-serif-jp-10-900-normal.woff2                    53.28 kB
build/client/assets/noto-sans-jp-39-300-normal.woff                      53.30 kB
build/client/assets/noto-serif-jp-17-200-normal.woff2                    53.32 kB
build/client/assets/noto-sans-jp-10-700-normal.woff                      53.33 kB
build/client/assets/noto-serif-jp-18-500-normal.woff2                    53.36 kB
build/client/assets/noto-serif-jp-50-300-normal.woff                     53.36 kB
build/client/assets/noto-sans-jp-9-200-normal.woff                       53.37 kB
build/client/assets/noto-sans-jp-29-800-normal.woff                      53.38 kB
build/client/assets/noto-sans-jp-4-500-normal.woff                       53.44 kB
build/client/assets/noto-sans-jp-4-900-normal.woff                       53.46 kB
build/client/assets/noto-serif-jp-4-400-normal.woff2                     53.46 kB
build/client/assets/noto-serif-jp-18-600-normal.woff2                    53.48 kB
build/client/assets/noto-serif-jp-23-200-normal.woff2                    53.51 kB
build/client/assets/noto-sans-jp-39-800-normal.woff                      53.51 kB
build/client/assets/noto-sans-jp-18-200-normal.woff                      53.52 kB
build/client/assets/noto-sans-jp-4-600-normal.woff                       53.53 kB
build/client/assets/noto-serif-jp-6-200-normal.woff2                     53.54 kB
build/client/assets/noto-serif-jp-25-400-normal.woff2                    53.54 kB
build/client/assets/noto-sans-jp-39-500-normal.woff                      53.57 kB
build/client/assets/noto-sans-jp-10-800-normal.woff                      53.57 kB
build/client/assets/noto-sans-jp-39-600-normal.woff                      53.58 kB
build/client/assets/noto-sans-jp-4-700-normal.woff                       53.59 kB
build/client/assets/noto-sans-jp-39-700-normal.woff                      53.60 kB
build/client/assets/noto-sans-jp-39-400-normal.woff                      53.60 kB
build/client/assets/noto-sans-jp-119-100-normal.woff                     53.61 kB
build/client/assets/noto-sans-jp-4-800-normal.woff                       53.62 kB
build/client/assets/noto-serif-jp-32-900-normal.woff2                    53.65 kB
build/client/assets/noto-serif-jp-29-500-normal.woff2                    53.66 kB
build/client/assets/noto-serif-jp-50-400-normal.woff                     53.67 kB
build/client/assets/m-plus-rounded-1c-latin-ext-300-normal.woff          53.71 kB
build/client/assets/noto-serif-jp-11-900-normal.woff2                    53.80 kB
build/client/assets/noto-sans-jp-18-300-normal.woff                      53.83 kB
build/client/assets/noto-sans-jp-18-900-normal.woff                      53.85 kB
build/client/assets/noto-serif-jp-25-500-normal.woff2                    53.86 kB
build/client/assets/noto-serif-jp-41-500-normal.woff2                    53.86 kB
build/client/assets/noto-serif-jp-119-400-normal.woff2                   53.88 kB
build/client/assets/noto-serif-jp-50-500-normal.woff                     53.91 kB
build/client/assets/noto-serif-jp-4-500-normal.woff2                     53.96 kB
build/client/assets/noto-serif-jp-18-700-normal.woff2                    53.97 kB
build/client/assets/noto-sans-jp-9-300-normal.woff                       53.99 kB
build/client/assets/noto-serif-jp-41-600-normal.woff2                    54.01 kB
build/client/assets/noto-serif-jp-29-600-normal.woff2                    54.01 kB
build/client/assets/noto-serif-jp-40-200-normal.woff                     54.10 kB
build/client/assets/noto-serif-jp-4-900-normal.woff2                     54.14 kB
build/client/assets/noto-serif-jp-9-900-normal.woff2                     54.16 kB
build/client/assets/noto-serif-jp-50-900-normal.woff                     54.16 kB
build/client/assets/noto-serif-jp-25-600-normal.woff2                    54.16 kB
build/client/assets/noto-serif-jp-14-500-normal.woff2                    54.18 kB
build/client/assets/noto-serif-jp-14-400-normal.woff2                    54.18 kB
build/client/assets/noto-sans-jp-9-900-normal.woff                       54.20 kB
build/client/assets/noto-serif-jp-30-900-normal.woff2                    54.21 kB
build/client/assets/noto-sans-jp-18-600-normal.woff                      54.24 kB
build/client/assets/noto-serif-jp-30-300-normal.woff2                    54.25 kB
build/client/assets/noto-serif-jp-18-800-normal.woff2                    54.26 kB
build/client/assets/noto-serif-jp-50-600-normal.woff                     54.27 kB
build/client/assets/noto-sans-jp-18-400-normal.woff                      54.28 kB
build/client/assets/noto-serif-jp-46-300-normal.woff                     54.30 kB
build/client/assets/m-plus-rounded-1c-latin-ext-400-normal.woff          54.32 kB
build/client/assets/noto-serif-jp-4-600-normal.woff2                     54.34 kB
build/client/assets/noto-sans-jp-7-100-normal.woff                       54.34 kB
build/client/assets/noto-sans-jp-18-700-normal.woff                      54.35 kB
build/client/assets/m-plus-rounded-1c-latin-ext-500-normal.woff          54.36 kB
build/client/assets/noto-sans-jp-18-500-normal.woff                      54.37 kB
build/client/assets/noto-serif-jp-29-700-normal.woff2                    54.38 kB
build/client/assets/noto-serif-jp-14-600-normal.woff2                    54.40 kB
build/client/assets/noto-serif-jp-10-300-normal.woff2                    54.44 kB
build/client/assets/noto-sans-jp-18-800-normal.woff                      54.45 kB
build/client/assets/noto-sans-jp-11-100-normal.woff                      54.48 kB
build/client/assets/noto-serif-jp-36-300-normal.woff                     54.48 kB
build/client/assets/noto-serif-jp-20-200-normal.woff                     54.50 kB
build/client/assets/noto-serif-jp-47-200-normal.woff                     54.50 kB
build/client/assets/noto-serif-jp-24-200-normal.woff2                    54.54 kB
build/client/assets/noto-sans-jp-8-100-normal.woff                       54.60 kB
build/client/assets/noto-serif-jp-41-700-normal.woff2                    54.64 kB
build/client/assets/noto-serif-jp-29-800-normal.woff2                    54.66 kB
build/client/assets/noto-serif-jp-25-700-normal.woff2                    54.66 kB
build/client/assets/noto-serif-jp-0-200-normal.woff2                     54.67 kB
build/client/assets/noto-serif-jp-7-900-normal.woff2                     54.70 kB
build/client/assets/noto-serif-jp-25-800-normal.woff2                    54.71 kB
build/client/assets/noto-sans-jp-9-400-normal.woff                       54.71 kB
build/client/assets/noto-serif-jp-15-200-normal.woff2                    54.74 kB
build/client/assets/noto-sans-jp-9-600-normal.woff                       54.74 kB
build/client/assets/noto-serif-jp-14-800-normal.woff2                    54.75 kB
build/client/assets/noto-sans-jp-23-100-normal.woff                      54.76 kB
build/client/assets/noto-serif-jp-9-300-normal.woff2                     54.82 kB
build/client/assets/noto-serif-jp-50-700-normal.woff                     54.82 kB
build/client/assets/noto-sans-jp-30-100-normal.woff                      54.84 kB
build/client/assets/noto-sans-jp-9-500-normal.woff                       54.86 kB
build/client/assets/noto-serif-jp-41-800-normal.woff2                    54.87 kB
build/client/assets/noto-serif-jp-34-200-normal.woff2                    54.89 kB
build/client/assets/noto-serif-jp-30-400-normal.woff2                    54.94 kB
build/client/assets/noto-serif-jp-4-700-normal.woff2                     54.94 kB
build/client/assets/noto-sans-jp-15-100-normal.woff                      54.94 kB
build/client/assets/noto-serif-jp-14-700-normal.woff2                    55.00 kB
build/client/assets/noto-serif-jp-46-400-normal.woff                     55.02 kB
build/client/assets/noto-sans-jp-25-200-normal.woff                      55.03 kB
build/client/assets/noto-sans-jp-9-800-normal.woff                       55.03 kB
build/client/assets/noto-serif-jp-36-400-normal.woff                     55.04 kB
build/client/assets/noto-serif-jp-50-800-normal.woff                     55.04 kB
build/client/assets/m-plus-rounded-1c-latin-ext-700-normal.woff          55.15 kB
build/client/assets/noto-serif-jp-11-300-normal.woff2                    55.22 kB
build/client/assets/noto-serif-jp-4-800-normal.woff2                     55.28 kB
build/client/assets/noto-sans-jp-9-700-normal.woff                       55.30 kB
build/client/assets/noto-sans-jp-17-100-normal.woff                      55.31 kB
build/client/assets/noto-sans-jp-25-300-normal.woff                      55.33 kB
build/client/assets/noto-serif-jp-119-300-normal.woff2                   55.35 kB
build/client/assets/noto-serif-jp-46-500-normal.woff                     55.36 kB
build/client/assets/noto-serif-jp-10-400-normal.woff2                    55.36 kB
build/client/assets/m-plus-rounded-1c-latin-ext-800-normal.woff          55.42 kB
build/client/assets/noto-sans-jp-23-200-normal.woff                      55.44 kB
build/client/assets/noto-serif-jp-8-300-normal.woff2                     55.48 kB
build/client/assets/noto-serif-jp-30-500-normal.woff2                    55.52 kB
build/client/assets/noto-serif-jp-49-300-normal.woff                     55.54 kB
build/client/assets/noto-serif-jp-10-600-normal.woff2                    55.62 kB
build/client/assets/noto-serif-jp-119-600-normal.woff2                   55.65 kB
build/client/assets/noto-serif-jp-52-600-normal.woff2                    55.66 kB
build/client/assets/noto-serif-jp-46-600-normal.woff                     55.83 kB
build/client/assets/noto-serif-jp-36-900-normal.woff                     55.84 kB
build/client/assets/noto-serif-jp-9-400-normal.woff2                     55.85 kB
build/client/assets/noto-serif-jp-11-400-normal.woff2                    55.92 kB
build/client/assets/noto-serif-jp-36-500-normal.woff                     55.92 kB
build/client/assets/noto-serif-jp-30-600-normal.woff2                    55.94 kB
build/client/assets/noto-serif-jp-119-700-normal.woff2                   55.96 kB
build/client/assets/noto-serif-jp-119-500-normal.woff2                   56.02 kB
build/client/assets/noto-serif-jp-10-500-normal.woff2                    56.02 kB
build/client/assets/noto-sans-jp-23-300-normal.woff                      56.04 kB
build/client/assets/noto-serif-jp-8-400-normal.woff2                     56.13 kB
build/client/assets/noto-serif-jp-36-600-normal.woff                     56.16 kB
build/client/assets/noto-sans-jp-8-200-normal.woff                       56.17 kB
build/client/assets/noto-serif-jp-46-900-normal.woff                     56.19 kB
build/client/assets/noto-serif-jp-49-400-normal.woff                     56.24 kB
build/client/assets/noto-sans-jp-11-200-normal.woff                      56.26 kB
build/client/assets/noto-sans-jp-23-500-normal.woff                      56.30 kB
build/client/assets/noto-sans-jp-24-100-normal.woff                      56.32 kB
build/client/assets/noto-sans-jp-25-400-normal.woff                      56.34 kB
build/client/assets/noto-serif-jp-32-300-normal.woff2                    56.37 kB
build/client/assets/noto-sans-jp-15-200-normal.woff                      56.37 kB
build/client/assets/noto-serif-jp-30-700-normal.woff2                    56.38 kB
build/client/assets/noto-sans-jp-23-400-normal.woff                      56.38 kB
build/client/assets/noto-sans-jp-30-200-normal.woff                      56.45 kB
build/client/assets/noto-serif-jp-30-800-normal.woff2                    56.48 kB
build/client/assets/noto-sans-jp-34-100-normal.woff                      56.50 kB
build/client/assets/noto-sans-jp-0-100-normal.woff                       56.50 kB
build/client/assets/noto-serif-jp-10-800-normal.woff2                    56.52 kB
build/client/assets/noto-serif-jp-9-500-normal.woff2                     56.53 kB
build/client/assets/noto-serif-jp-10-700-normal.woff2                    56.54 kB
build/client/assets/noto-sans-jp-11-300-normal.woff                      56.55 kB
build/client/assets/noto-serif-jp-42-200-normal.woff                     56.56 kB
build/client/assets/noto-sans-jp-25-900-normal.woff                      56.58 kB
build/client/assets/noto-serif-jp-119-800-normal.woff2                   56.58 kB
build/client/assets/noto-sans-jp-23-600-normal.woff                      56.59 kB
build/client/assets/noto-serif-jp-40-300-normal.woff                     56.60 kB
build/client/assets/noto-sans-jp-17-200-normal.woff                      56.61 kB
build/client/assets/noto-serif-jp-46-700-normal.woff                     56.62 kB
build/client/assets/noto-sans-jp-119-900-normal.woff                     56.65 kB
build/client/assets/noto-sans-jp-11-400-normal.woff                      56.69 kB
build/client/assets/noto-serif-jp-20-900-normal.woff                     56.69 kB
build/client/assets/noto-sans-jp-8-300-normal.woff                       56.70 kB
build/client/assets/noto-serif-jp-20-300-normal.woff                     56.71 kB
build/client/assets/noto-sans-jp-30-300-normal.woff                      56.74 kB
build/client/assets/noto-serif-jp-32-400-normal.woff2                    56.78 kB
build/client/assets/noto-sans-jp-15-300-normal.woff                      56.78 kB
build/client/assets/noto-serif-jp-11-500-normal.woff2                    56.80 kB
build/client/assets/noto-sans-jp-30-900-normal.woff                      56.80 kB
build/client/assets/noto-serif-jp-47-300-normal.woff                     56.81 kB
build/client/assets/noto-serif-jp-9-600-normal.woff2                     56.82 kB
build/client/assets/noto-serif-jp-11-600-normal.woff2                    56.82 kB
build/client/assets/noto-sans-jp-17-900-normal.woff                      56.86 kB
build/client/assets/noto-sans-jp-25-500-normal.woff                      56.89 kB
build/client/assets/noto-serif-jp-8-500-normal.woff2                     56.89 kB
build/client/assets/noto-sans-jp-23-900-normal.woff                      56.91 kB
build/client/assets/noto-serif-jp-49-500-normal.woff                     56.93 kB
build/client/assets/noto-serif-jp-46-800-normal.woff                     56.98 kB
build/client/assets/noto-serif-jp-36-700-normal.woff                     56.98 kB
build/client/assets/noto-sans-jp-25-600-normal.woff                      57.01 kB
build/client/assets/noto-serif-jp-8-600-normal.woff2                     57.02 kB
build/client/assets/noto-serif-jp-7-300-normal.woff2                     57.03 kB
build/client/assets/noto-sans-jp-17-300-normal.woff                      57.03 kB
build/client/assets/noto-serif-jp-40-400-normal.woff                     57.04 kB
build/client/assets/noto-serif-jp-24-900-normal.woff2                    57.05 kB
build/client/assets/noto-sans-jp-25-800-normal.woff                      57.11 kB
build/client/assets/noto-serif-jp-15-900-normal.woff2                    57.12 kB
build/client/assets/noto-serif-jp-52-300-normal.woff2                    57.13 kB
build/client/assets/noto-sans-jp-23-700-normal.woff                      57.14 kB
build/client/assets/noto-sans-jp-25-700-normal.woff                      57.16 kB
build/client/assets/noto-serif-jp-23-900-normal.woff2                    57.18 kB
build/client/assets/noto-serif-jp-49-600-normal.woff                     57.18 kB
build/client/assets/noto-sans-jp-8-900-normal.woff                       57.20 kB
build/client/assets/noto-sans-jp-15-900-normal.woff                      57.21 kB
build/client/assets/noto-serif-jp-20-400-normal.woff                     57.22 kB
build/client/assets/noto-serif-jp-33-200-normal.woff                     57.23 kB
build/client/assets/noto-sans-jp-17-600-normal.woff                      57.26 kB
build/client/assets/noto-serif-jp-17-300-normal.woff2                    57.28 kB
build/client/assets/noto-sans-jp-31-100-normal.woff                      57.28 kB
build/client/assets/noto-sans-jp-17-700-normal.woff                      57.29 kB
build/client/assets/noto-sans-jp-30-400-normal.woff                      57.31 kB
build/client/assets/noto-sans-jp-17-500-normal.woff                      57.31 kB
build/client/assets/noto-serif-jp-35-200-normal.woff                     57.31 kB
build/client/assets/noto-serif-jp-0-300-normal.woff2                     57.34 kB
build/client/assets/noto-serif-jp-49-900-normal.woff                     57.35 kB
build/client/assets/noto-sans-jp-0-200-normal.woff                       57.38 kB
build/client/assets/noto-sans-jp-17-800-normal.woff                      57.40 kB
build/client/assets/noto-sans-jp-30-500-normal.woff                      57.40 kB
build/client/assets/noto-serif-jp-32-600-normal.woff2                    57.42 kB
build/client/assets/noto-serif-jp-9-700-normal.woff2                     57.43 kB
build/client/assets/noto-serif-jp-47-400-normal.woff                     57.44 kB
build/client/assets/noto-sans-jp-17-400-normal.woff                      57.45 kB
build/client/assets/noto-sans-jp-0-300-normal.woff                       57.47 kB
build/client/assets/noto-sans-jp-30-600-normal.woff                      57.51 kB
build/client/assets/noto-serif-jp-9-800-normal.woff2                     57.54 kB
build/client/assets/noto-serif-jp-17-900-normal.woff2                    57.55 kB
build/client/assets/noto-sans-jp-15-400-normal.woff                      57.55 kB
build/client/assets/noto-serif-jp-8-800-normal.woff2                     57.57 kB
build/client/assets/noto-serif-jp-36-800-normal.woff                     57.58 kB
build/client/assets/noto-sans-jp-15-500-normal.woff                      57.60 kB
build/client/assets/noto-sans-jp-15-800-normal.woff                      57.61 kB
build/client/assets/noto-serif-jp-6-900-normal.woff2                     57.61 kB
build/client/assets/noto-sans-jp-15-600-normal.woff                      57.62 kB
build/client/assets/noto-serif-jp-27-200-normal.woff                     57.63 kB
build/client/assets/noto-serif-jp-52-400-normal.woff2                    57.64 kB
build/client/assets/noto-serif-jp-32-500-normal.woff2                    57.67 kB
build/client/assets/noto-serif-jp-52-500-normal.woff2                    57.70 kB
build/client/assets/noto-serif-jp-8-700-normal.woff2                     57.72 kB
build/client/assets/noto-sans-jp-7-200-normal.woff                       57.73 kB
build/client/assets/noto-serif-jp-40-500-normal.woff                     57.73 kB
build/client/assets/noto-sans-jp-15-700-normal.woff                      57.74 kB
build/client/assets/noto-serif-jp-20-500-normal.woff                     57.75 kB
build/client/assets/noto-sans-jp-30-700-normal.woff                      57.75 kB
build/client/assets/noto-sans-jp-8-400-normal.woff                       57.78 kB
build/client/assets/noto-sans-jp-30-800-normal.woff                      57.81 kB
build/client/assets/noto-serif-jp-47-500-normal.woff                     57.81 kB
build/client/assets/noto-sans-jp-0-400-normal.woff                       57.83 kB
build/client/assets/noto-serif-jp-20-600-normal.woff                     57.84 kB
build/client/assets/noto-serif-jp-49-700-normal.woff                     57.84 kB
build/client/assets/noto-serif-jp-11-700-normal.woff2                    57.89 kB
build/client/assets/noto-sans-jp-8-800-normal.woff                       57.90 kB
build/client/assets/noto-serif-jp-11-800-normal.woff2                    57.97 kB
build/client/assets/noto-sans-jp-11-900-normal.woff                      57.98 kB
build/client/assets/noto-serif-jp-0-400-normal.woff2                     57.99 kB
build/client/assets/noto-serif-jp-40-600-normal.woff                     58.00 kB
build/client/assets/noto-serif-jp-17-400-normal.woff2                    58.04 kB
build/client/assets/noto-sans-jp-0-500-normal.woff                       58.06 kB
build/client/assets/noto-serif-jp-47-600-normal.woff                     58.06 kB
build/client/assets/noto-sans-jp-0-900-normal.woff                       58.06 kB
build/client/assets/noto-sans-jp-34-200-normal.woff                      58.07 kB
build/client/assets/noto-serif-jp-52-800-normal.woff2                    58.07 kB
build/client/assets/noto-sans-jp-0-600-normal.woff                       58.08 kB
build/client/assets/noto-sans-jp-11-500-normal.woff                      58.10 kB
build/client/assets/noto-sans-jp-34-300-normal.woff                      58.11 kB
build/client/assets/noto-sans-jp-34-900-normal.woff                      58.14 kB
build/client/assets/noto-serif-jp-5-200-normal.woff2                     58.17 kB
build/client/assets/noto-serif-jp-49-800-normal.woff                     58.18 kB
build/client/assets/noto-serif-jp-7-400-normal.woff2                     58.20 kB
build/client/assets/noto-serif-jp-19-200-normal.woff2                    58.24 kB
build/client/assets/noto-sans-jp-8-500-normal.woff                       58.24 kB
build/client/assets/noto-sans-jp-0-700-normal.woff                       58.24 kB
build/client/assets/noto-sans-jp-5-100-normal.woff                       58.25 kB
build/client/assets/noto-sans-jp-8-700-normal.woff                       58.25 kB
build/client/assets/noto-serif-jp-0-900-normal.woff2                     58.27 kB
build/client/assets/noto-sans-jp-0-800-normal.woff                       58.28 kB
build/client/assets/noto-sans-jp-8-600-normal.woff                       58.32 kB
build/client/assets/noto-serif-jp-52-700-normal.woff2                    58.33 kB
build/client/assets/noto-sans-jp-23-800-normal.woff                      58.35 kB
build/client/assets/noto-serif-jp-20-800-normal.woff                     58.50 kB
build/client/assets/noto-serif-jp-32-700-normal.woff2                    58.52 kB
build/client/assets/noto-serif-jp-24-300-normal.woff2                    58.53 kB
build/client/assets/noto-sans-jp-7-300-normal.woff                       58.56 kB
build/client/assets/noto-serif-jp-6-300-normal.woff2                     58.58 kB
build/client/assets/noto-serif-jp-20-700-normal.woff                     58.59 kB
build/client/assets/noto-sans-jp-6-100-normal.woff                       58.62 kB
build/client/assets/noto-serif-jp-32-800-normal.woff2                    58.64 kB
build/client/assets/noto-sans-jp-34-400-normal.woff                      58.64 kB
build/client/assets/noto-serif-jp-23-300-normal.woff2                    58.67 kB
build/client/assets/noto-serif-jp-31-200-normal.woff2                    58.68 kB
build/client/assets/noto-serif-jp-13-200-normal.woff                     58.72 kB
build/client/assets/noto-serif-jp-40-900-normal.woff                     58.74 kB
build/client/assets/noto-serif-jp-15-300-normal.woff2                    58.74 kB
build/client/assets/noto-serif-jp-34-300-normal.woff2                    58.74 kB
build/client/assets/noto-serif-jp-0-500-normal.woff2                     58.76 kB
build/client/assets/noto-sans-jp-34-800-normal.woff                      58.76 kB
build/client/assets/noto-serif-jp-47-900-normal.woff                     58.80 kB
build/client/assets/noto-sans-jp-11-600-normal.woff                      58.82 kB
build/client/assets/noto-sans-jp-119-200-normal.woff                     58.82 kB
build/client/assets/noto-serif-jp-17-500-normal.woff2                    58.84 kB
build/client/assets/noto-sans-jp-34-700-normal.woff                      58.88 kB
build/client/assets/noto-serif-jp-47-700-normal.woff                     58.89 kB
build/client/assets/noto-serif-jp-7-500-normal.woff2                     58.89 kB
build/client/assets/noto-serif-jp-42-300-normal.woff                     58.94 kB
build/client/assets/noto-sans-jp-34-500-normal.woff                      58.96 kB
build/client/assets/noto-sans-jp-34-600-normal.woff                      59.00 kB
build/client/assets/noto-serif-jp-24-400-normal.woff2                    59.01 kB
build/client/assets/noto-sans-jp-24-200-normal.woff                      59.02 kB
build/client/assets/noto-sans-jp-119-600-normal.woff                     59.06 kB
build/client/assets/noto-serif-jp-34-900-normal.woff2                    59.10 kB
build/client/assets/noto-sans-jp-7-900-normal.woff                       59.11 kB
build/client/assets/noto-serif-jp-0-600-normal.woff2                     59.12 kB
build/client/assets/noto-serif-jp-7-600-normal.woff2                     59.12 kB
build/client/assets/noto-serif-jp-40-700-normal.woff                     59.19 kB
build/client/assets/noto-sans-jp-19-100-normal.woff                      59.20 kB
build/client/assets/noto-serif-jp-17-600-normal.woff2                    59.22 kB
build/client/assets/noto-serif-jp-7-800-normal.woff2                     59.29 kB
build/client/assets/noto-serif-jp-47-800-normal.woff                     59.29 kB
build/client/assets/noto-sans-jp-11-800-normal.woff                      59.37 kB
build/client/assets/noto-sans-jp-119-300-normal.woff                     59.39 kB
build/client/assets/noto-serif-jp-15-400-normal.woff2                    59.40 kB
build/client/assets/noto-sans-jp-119-500-normal.woff                     59.46 kB
build/client/assets/noto-sans-jp-11-700-normal.woff                      59.49 kB
build/client/assets/noto-serif-jp-34-400-normal.woff2                    59.50 kB
build/client/assets/noto-sans-jp-119-400-normal.woff                     59.50 kB
build/client/assets/noto-serif-jp-6-400-normal.woff2                     59.54 kB
build/client/assets/noto-serif-jp-42-400-normal.woff                     59.58 kB
build/client/assets/noto-serif-jp-40-800-normal.woff                     59.63 kB
build/client/assets/noto-sans-jp-31-200-normal.woff                      59.64 kB
build/client/assets/noto-serif-jp-24-500-normal.woff2                    59.64 kB
build/client/assets/noto-sans-jp-24-300-normal.woff                      59.72 kB
build/client/assets/noto-serif-jp-0-700-normal.woff2                     59.74 kB
build/client/assets/noto-serif-jp-17-700-normal.woff2                    59.80 kB
build/client/assets/noto-serif-jp-7-700-normal.woff2                     59.81 kB
build/client/assets/noto-serif-jp-24-600-normal.woff2                    59.88 kB
build/client/assets/noto-serif-jp-27-300-normal.woff                     59.89 kB
build/client/assets/noto-serif-jp-12-200-normal.woff                     59.91 kB
build/client/assets/noto-serif-jp-0-800-normal.woff2                     59.92 kB
build/client/assets/noto-serif-jp-23-400-normal.woff2                    59.94 kB
build/client/assets/noto-sans-jp-5-200-normal.woff                       60.02 kB
build/client/assets/noto-serif-jp-17-800-normal.woff2                    60.03 kB
build/client/assets/noto-serif-jp-15-500-normal.woff2                    60.04 kB
build/client/assets/noto-serif-jp-34-500-normal.woff2                    60.22 kB
build/client/assets/noto-serif-jp-15-600-normal.woff2                    60.24 kB
build/client/assets/noto-sans-jp-31-300-normal.woff                      60.26 kB
build/client/assets/noto-serif-jp-6-500-normal.woff2                     60.32 kB
build/client/assets/noto-sans-jp-19-200-normal.woff                      60.32 kB
build/client/assets/noto-serif-jp-42-500-normal.woff                     60.32 kB
build/client/assets/noto-sans-jp-5-300-normal.woff                       60.37 kB
build/client/assets/noto-serif-jp-16-200-normal.woff                     60.42 kB
build/client/assets/noto-sans-jp-119-800-normal.woff                     60.43 kB
build/client/assets/noto-serif-jp-19-900-normal.woff2                    60.44 kB
build/client/assets/noto-sans-jp-7-500-normal.woff                       60.51 kB
build/client/assets/noto-sans-jp-7-800-normal.woff                       60.51 kB
build/client/assets/noto-serif-jp-34-600-normal.woff2                    60.54 kB
build/client/assets/noto-serif-jp-27-400-normal.woff                     60.54 kB
build/client/assets/noto-serif-jp-24-700-normal.woff2                    60.56 kB
build/client/assets/noto-serif-jp-6-600-normal.woff2                     60.58 kB
build/client/assets/noto-serif-jp-23-600-normal.woff2                    60.60 kB
build/client/assets/noto-sans-jp-7-600-normal.woff                       60.60 kB
build/client/assets/noto-serif-jp-24-800-normal.woff2                    60.63 kB
build/client/assets/noto-sans-jp-7-400-normal.woff                       60.63 kB
build/client/assets/noto-serif-jp-23-500-normal.woff2                    60.66 kB
build/client/assets/noto-serif-jp-45-200-normal.woff                     60.66 kB
build/client/assets/noto-serif-jp-33-900-normal.woff                     60.67 kB
build/client/assets/noto-serif-jp-42-600-normal.woff                     60.69 kB
build/client/assets/noto-sans-jp-19-900-normal.woff                      60.71 kB
build/client/assets/noto-serif-jp-48-200-normal.woff                     60.74 kB
build/client/assets/noto-sans-jp-119-700-normal.woff                     60.76 kB
build/client/assets/noto-sans-jp-7-700-normal.woff                       60.80 kB
build/client/assets/noto-sans-jp-19-300-normal.woff                      60.88 kB
build/client/assets/noto-sans-jp-24-400-normal.woff                      60.92 kB
build/client/assets/noto-serif-jp-15-800-normal.woff2                    60.93 kB
build/client/assets/noto-serif-jp-15-700-normal.woff2                    60.96 kB
build/client/assets/noto-serif-jp-34-700-normal.woff2                    60.99 kB
build/client/assets/noto-serif-jp-27-900-normal.woff                     61.00 kB
build/client/assets/noto-sans-jp-24-900-normal.woff                      61.00 kB
build/client/assets/noto-serif-jp-27-500-normal.woff                     61.01 kB
build/client/assets/noto-serif-jp-6-800-normal.woff2                     61.08 kB
build/client/assets/noto-serif-jp-34-800-normal.woff2                    61.10 kB
build/client/assets/noto-serif-jp-28-200-normal.woff                     61.16 kB
build/client/assets/noto-sans-jp-31-900-normal.woff                      61.18 kB
build/client/assets/noto-sans-jp-19-600-normal.woff                      61.18 kB
build/client/assets/noto-sans-jp-19-400-normal.woff                      61.20 kB
build/client/assets/noto-serif-jp-33-300-normal.woff                     61.20 kB
build/client/assets/noto-sans-jp-19-800-normal.woff                      61.22 kB
build/client/assets/noto-serif-jp-6-700-normal.woff2                     61.24 kB
build/client/assets/noto-sans-jp-19-500-normal.woff                      61.25 kB
build/client/assets/noto-sans-jp-19-700-normal.woff                      61.30 kB
build/client/assets/noto-sans-jp-24-500-normal.woff                      61.30 kB
build/client/assets/noto-sans-jp-31-400-normal.woff                      61.31 kB
build/client/assets/noto-serif-jp-27-600-normal.woff                     61.37 kB
build/client/assets/noto-sans-jp-5-400-normal.woff                       61.39 kB
build/client/assets/noto-serif-jp-1-200-normal.woff                      61.41 kB
build/client/assets/noto-serif-jp-19-300-normal.woff2                    61.42 kB
build/client/assets/noto-serif-jp-23-700-normal.woff2                    61.42 kB
build/client/assets/noto-serif-jp-23-800-normal.woff2                    61.47 kB
build/client/assets/noto-serif-jp-42-900-normal.woff                     61.48 kB
build/client/assets/noto-serif-jp-35-300-normal.woff                     61.50 kB
build/client/assets/noto-sans-jp-31-500-normal.woff                      61.58 kB
build/client/assets/noto-sans-jp-31-600-normal.woff                      61.59 kB
build/client/assets/noto-serif-jp-5-900-normal.woff2                     61.61 kB
build/client/assets/noto-sans-jp-24-700-normal.woff                      61.62 kB
build/client/assets/noto-sans-jp-24-600-normal.woff                      61.63 kB
build/client/assets/noto-serif-jp-33-400-normal.woff                     61.79 kB
build/client/assets/noto-serif-jp-42-700-normal.woff                     61.80 kB
build/client/assets/noto-sans-jp-6-200-normal.woff                       61.82 kB
build/client/assets/noto-sans-jp-31-800-normal.woff                      61.89 kB
build/client/assets/noto-sans-jp-31-700-normal.woff                      61.90 kB
build/client/assets/noto-sans-jp-5-600-normal.woff                       61.92 kB
build/client/assets/noto-serif-jp-27-700-normal.woff                     61.92 kB
build/client/assets/noto-sans-jp-5-500-normal.woff                       61.98 kB
build/client/assets/noto-sans-jp-24-800-normal.woff                      62.07 kB
build/client/assets/noto-sans-jp-5-900-normal.woff                       62.11 kB
build/client/assets/noto-serif-jp-33-500-normal.woff                     62.16 kB
build/client/assets/noto-serif-jp-19-400-normal.woff2                    62.20 kB
build/client/assets/noto-serif-jp-27-800-normal.woff                     62.23 kB
build/client/assets/noto-sans-jp-5-800-normal.woff                       62.26 kB
build/client/assets/noto-sans-jp-5-700-normal.woff                       62.27 kB
build/client/assets/noto-serif-jp-26-200-normal.woff                     62.31 kB
build/client/assets/noto-serif-jp-42-800-normal.woff                     62.38 kB
build/client/assets/noto-serif-jp-13-300-normal.woff                     62.39 kB
build/client/assets/noto-serif-jp-33-600-normal.woff                     62.40 kB
build/client/assets/noto-serif-jp-35-400-normal.woff                     62.50 kB
build/client/assets/noto-sans-jp-6-900-normal.woff                       62.64 kB
build/client/assets/noto-serif-jp-19-500-normal.woff2                    62.64 kB
build/client/assets/noto-serif-jp-43-200-normal.woff                     62.66 kB
build/client/assets/noto-sans-jp-6-300-normal.woff                       62.70 kB
build/client/assets/noto-serif-jp-45-300-normal.woff                     62.96 kB
build/client/assets/noto-serif-jp-19-600-normal.woff2                    63.00 kB
build/client/assets/noto-serif-jp-5-300-normal.woff2                     63.01 kB
build/client/assets/noto-serif-jp-22-200-normal.woff                     63.14 kB
build/client/assets/noto-serif-jp-13-400-normal.woff                     63.26 kB
build/client/assets/noto-serif-jp-28-300-normal.woff                     63.30 kB
build/client/assets/noto-serif-jp-35-900-normal.woff                     63.40 kB
build/client/assets/noto-serif-jp-33-700-normal.woff                     63.41 kB
build/client/assets/noto-serif-jp-19-800-normal.woff2                    63.44 kB
build/client/assets/noto-serif-jp-48-300-normal.woff                     63.44 kB
build/client/assets/noto-serif-jp-31-900-normal.woff2                    63.61 kB
build/client/assets/noto-serif-jp-35-500-normal.woff                     63.62 kB
build/client/assets/noto-serif-jp-19-700-normal.woff2                    63.63 kB
build/client/assets/noto-serif-jp-1-300-normal.woff                      63.63 kB
build/client/assets/noto-serif-jp-45-400-normal.woff                     63.68 kB
build/client/assets/noto-serif-jp-12-300-normal.woff                     63.74 kB
build/client/assets/noto-serif-jp-33-800-normal.woff                     63.74 kB
build/client/assets/noto-serif-jp-5-400-normal.woff2                     63.74 kB
build/client/assets/noto-serif-jp-35-600-normal.woff                     63.77 kB
build/client/assets/noto-serif-jp-28-400-normal.woff                     63.82 kB
build/client/assets/noto-serif-jp-21-200-normal.woff                     63.83 kB
build/client/assets/noto-serif-jp-37-200-normal.woff                     63.90 kB
build/client/assets/noto-serif-jp-1-400-normal.woff                      64.03 kB
build/client/assets/noto-serif-jp-31-300-normal.woff2                    64.03 kB
build/client/assets/noto-serif-jp-48-400-normal.woff                     64.09 kB
build/client/assets/noto-serif-jp-13-500-normal.woff                     64.11 kB
build/client/assets/noto-serif-jp-45-500-normal.woff                     64.27 kB
build/client/assets/noto-serif-jp-16-300-normal.woff                     64.36 kB
build/client/assets/noto-serif-jp-13-600-normal.woff                     64.38 kB
build/client/assets/noto-serif-jp-28-500-normal.woff                     64.40 kB
build/client/assets/noto-serif-jp-5-600-normal.woff2                     64.40 kB
build/client/assets/noto-serif-jp-5-500-normal.woff2                     64.42 kB
build/client/assets/noto-sans-jp-6-400-normal.woff                       64.44 kB
build/client/assets/noto-serif-jp-28-900-normal.woff                     64.46 kB
build/client/assets/noto-serif-jp-1-500-normal.woff                      64.55 kB
build/client/assets/noto-serif-jp-45-600-normal.woff                     64.58 kB
build/client/assets/noto-serif-jp-18-200-normal.woff                     64.62 kB
build/client/assets/noto-sans-jp-6-800-normal.woff                       64.63 kB
build/client/assets/noto-serif-jp-41-200-normal.woff                     64.67 kB
build/client/assets/noto-serif-jp-28-600-normal.woff                     64.70 kB
build/client/assets/noto-sans-jp-6-500-normal.woff                       64.71 kB
build/client/assets/noto-serif-jp-44-200-normal.woff                     64.72 kB
build/client/assets/noto-serif-jp-31-400-normal.woff2                    64.75 kB
build/client/assets/noto-serif-jp-12-400-normal.woff                     64.75 kB
build/client/assets/noto-serif-jp-48-500-normal.woff                     64.76 kB
build/client/assets/noto-serif-jp-1-600-normal.woff                      64.80 kB
build/client/assets/noto-serif-jp-35-700-normal.woff                     64.83 kB
build/client/assets/noto-sans-jp-6-600-normal.woff                       64.90 kB
build/client/assets/noto-sans-jp-6-700-normal.woff                       64.93 kB
build/client/assets/noto-serif-jp-43-300-normal.woff                     64.93 kB
build/client/assets/noto-serif-jp-48-600-normal.woff                     64.94 kB
build/client/assets/noto-serif-jp-16-900-normal.woff                     64.96 kB
build/client/assets/noto-serif-jp-38-200-normal.woff                     65.02 kB
build/client/assets/noto-serif-jp-1-900-normal.woff                      65.10 kB
build/client/assets/noto-serif-jp-16-400-normal.woff                     65.18 kB
build/client/assets/noto-serif-jp-13-900-normal.woff                     65.19 kB
build/client/assets/noto-serif-jp-5-700-normal.woff2                     65.39 kB
build/client/assets/noto-serif-jp-14-200-normal.woff                     65.42 kB
build/client/assets/noto-serif-jp-43-400-normal.woff                     65.42 kB
build/client/assets/noto-serif-jp-12-600-normal.woff                     65.49 kB
build/client/assets/noto-serif-jp-26-300-normal.woff                     65.49 kB
build/client/assets/noto-serif-jp-12-500-normal.woff                     65.54 kB
build/client/assets/noto-serif-jp-28-700-normal.woff                     65.54 kB
build/client/assets/noto-serif-jp-119-900-normal.woff                    65.57 kB
build/client/assets/noto-serif-jp-1-700-normal.woff                      65.58 kB
build/client/assets/noto-serif-jp-35-800-normal.woff                     65.59 kB
build/client/assets/noto-serif-jp-48-900-normal.woff                     65.62 kB
build/client/assets/noto-serif-jp-5-800-normal.woff2                     65.67 kB
build/client/assets/noto-serif-jp-45-700-normal.woff                     65.68 kB
build/client/assets/noto-serif-jp-45-900-normal.woff                     65.69 kB
build/client/assets/noto-serif-jp-39-200-normal.woff                     65.85 kB
build/client/assets/noto-serif-jp-31-500-normal.woff2                    65.86 kB
build/client/assets/noto-serif-jp-1-800-normal.woff                      65.88 kB
build/client/assets/noto-serif-jp-28-800-normal.woff                     65.89 kB
build/client/assets/noto-serif-jp-22-300-normal.woff                     65.90 kB
build/client/assets/noto-serif-jp-31-600-normal.woff2                    65.93 kB
build/client/assets/noto-serif-jp-12-900-normal.woff                     65.98 kB
build/client/assets/noto-serif-jp-13-700-normal.woff                     65.99 kB
build/client/assets/noto-serif-jp-45-800-normal.woff                     66.00 kB
build/client/assets/noto-serif-jp-48-700-normal.woff                     66.02 kB
build/client/assets/noto-serif-jp-16-500-normal.woff                     66.03 kB
build/client/assets/noto-serif-jp-52-900-normal.woff                     66.10 kB
build/client/assets/noto-serif-jp-26-400-normal.woff                     66.11 kB
build/client/assets/noto-serif-jp-43-500-normal.woff                     66.22 kB
build/client/assets/noto-serif-jp-16-600-normal.woff                     66.27 kB
build/client/assets/noto-serif-jp-29-200-normal.woff                     66.32 kB
build/client/assets/noto-serif-jp-43-600-normal.woff                     66.33 kB
build/client/assets/noto-serif-jp-48-800-normal.woff                     66.36 kB
build/client/assets/noto-serif-jp-10-200-normal.woff                     66.36 kB
build/client/assets/noto-serif-jp-12-700-normal.woff                     66.40 kB
build/client/assets/noto-serif-jp-25-200-normal.woff                     66.41 kB
build/client/assets/noto-serif-jp-22-400-normal.woff                     66.43 kB
build/client/assets/noto-serif-jp-13-800-normal.woff                     66.59 kB
build/client/assets/noto-serif-jp-37-300-normal.woff                     66.60 kB
build/client/assets/noto-serif-jp-21-300-normal.woff                     66.68 kB
build/client/assets/noto-serif-jp-44-300-normal.woff                     66.76 kB
build/client/assets/noto-serif-jp-26-900-normal.woff                     66.80 kB
build/client/assets/noto-serif-jp-43-900-normal.woff                     66.96 kB
build/client/assets/noto-serif-jp-22-900-normal.woff                     66.99 kB
build/client/assets/noto-serif-jp-26-500-normal.woff                     67.00 kB
build/client/assets/noto-serif-jp-37-400-normal.woff                     67.02 kB
build/client/assets/noto-serif-jp-4-200-normal.woff                      67.02 kB
build/client/assets/noto-serif-jp-52-200-normal.woff                     67.02 kB
build/client/assets/noto-serif-jp-31-700-normal.woff2                    67.02 kB
build/client/assets/noto-serif-jp-12-800-normal.woff                     67.10 kB
build/client/assets/noto-serif-jp-22-500-normal.woff                     67.10 kB
build/client/assets/noto-serif-jp-22-600-normal.woff                     67.11 kB
build/client/assets/noto-serif-jp-31-800-normal.woff2                    67.17 kB
build/client/assets/noto-serif-jp-44-400-normal.woff                     67.18 kB
build/client/assets/noto-serif-jp-18-300-normal.woff                     67.23 kB
build/client/assets/noto-serif-jp-43-700-normal.woff                     67.23 kB
build/client/assets/noto-serif-jp-41-300-normal.woff                     67.27 kB
build/client/assets/noto-serif-jp-21-400-normal.woff                     67.30 kB
build/client/assets/noto-serif-jp-26-600-normal.woff                     67.37 kB
build/client/assets/noto-serif-jp-119-200-normal.woff                    67.52 kB
build/client/assets/noto-serif-jp-43-800-normal.woff                     67.54 kB
build/client/assets/noto-serif-jp-16-700-normal.woff                     67.66 kB
build/client/assets/noto-serif-jp-44-500-normal.woff                     67.71 kB
build/client/assets/noto-serif-jp-32-200-normal.woff                     67.75 kB
build/client/assets/noto-serif-jp-21-900-normal.woff                     67.80 kB
build/client/assets/noto-serif-jp-37-500-normal.woff                     67.84 kB
build/client/assets/noto-serif-jp-21-500-normal.woff                     67.84 kB
build/client/assets/noto-serif-jp-18-400-normal.woff                     67.90 kB
build/client/assets/noto-serif-jp-41-400-normal.woff                     67.94 kB
build/client/assets/noto-serif-jp-38-300-normal.woff                     68.05 kB
build/client/assets/noto-serif-jp-37-600-normal.woff                     68.17 kB
build/client/assets/noto-serif-jp-44-600-normal.woff                     68.21 kB
build/client/assets/noto-serif-jp-16-800-normal.woff                     68.22 kB
build/client/assets/noto-serif-jp-22-700-normal.woff                     68.28 kB
build/client/assets/noto-serif-jp-26-700-normal.woff                     68.36 kB
build/client/assets/noto-serif-jp-21-600-normal.woff                     68.38 kB
build/client/assets/noto-serif-jp-22-800-normal.woff                     68.41 kB
build/client/assets/noto-serif-jp-9-200-normal.woff                      68.48 kB
build/client/assets/noto-serif-jp-37-900-normal.woff                     68.48 kB
build/client/assets/noto-serif-jp-14-300-normal.woff                     68.54 kB
build/client/assets/noto-serif-jp-39-300-normal.woff                     68.61 kB
build/client/assets/noto-serif-jp-18-500-normal.woff                     68.64 kB
build/client/assets/noto-serif-jp-29-300-normal.woff                     68.65 kB
build/client/assets/noto-serif-jp-41-500-normal.woff                     68.67 kB
build/client/assets/noto-serif-jp-26-800-normal.woff                     68.68 kB
build/client/assets/noto-serif-jp-38-400-normal.woff                     68.82 kB
build/client/assets/noto-serif-jp-30-200-normal.woff                     68.96 kB
build/client/assets/noto-serif-jp-18-900-normal.woff                     68.98 kB
build/client/assets/noto-serif-jp-44-900-normal.woff                     69.01 kB
build/client/assets/noto-serif-jp-18-600-normal.woff                     69.02 kB
build/client/assets/noto-serif-jp-37-700-normal.woff                     69.05 kB
build/client/assets/noto-serif-jp-4-300-normal.woff                      69.07 kB
build/client/assets/noto-serif-jp-44-700-normal.woff                     69.08 kB
build/client/assets/noto-serif-jp-21-700-normal.woff                     69.09 kB
build/client/assets/noto-serif-jp-29-400-normal.woff                     69.17 kB
build/client/assets/noto-serif-jp-41-600-normal.woff                     69.26 kB
build/client/assets/noto-serif-jp-39-400-normal.woff                     69.29 kB
build/client/assets/noto-serif-jp-37-800-normal.woff                     69.38 kB
build/client/assets/noto-serif-jp-4-400-normal.woff                      69.47 kB
build/client/assets/noto-serif-jp-38-900-normal.woff                     69.52 kB
build/client/assets/noto-serif-jp-14-400-normal.woff                     69.56 kB
build/client/assets/noto-serif-jp-38-500-normal.woff                     69.56 kB
build/client/assets/noto-serif-jp-44-800-normal.woff                     69.59 kB
build/client/assets/noto-serif-jp-21-800-normal.woff                     69.64 kB
build/client/assets/noto-serif-jp-25-300-normal.woff                     69.71 kB
build/client/assets/noto-serif-jp-18-700-normal.woff                     69.80 kB
build/client/assets/noto-serif-jp-29-500-normal.woff                     69.86 kB
build/client/assets/noto-serif-jp-38-600-normal.woff                     69.86 kB
build/client/assets/noto-serif-jp-39-500-normal.woff                     69.92 kB
build/client/assets/noto-serif-jp-10-300-normal.woff                     69.93 kB
build/client/assets/noto-serif-jp-41-900-normal.woff                     69.95 kB
build/client/assets/noto-serif-jp-4-500-normal.woff                      70.08 kB
build/client/assets/noto-serif-jp-14-500-normal.woff                     70.20 kB
build/client/assets/noto-serif-jp-25-400-normal.woff                     70.29 kB
build/client/assets/noto-serif-jp-29-600-normal.woff                     70.34 kB
build/client/assets/noto-serif-jp-4-600-normal.woff                      70.35 kB
build/client/assets/noto-serif-jp-41-700-normal.woff                     70.40 kB
build/client/assets/noto-serif-jp-39-600-normal.woff                     70.44 kB
build/client/assets/noto-serif-jp-18-800-normal.woff                     70.44 kB
build/client/assets/noto-serif-jp-38-700-normal.woff                     70.59 kB
build/client/assets/noto-serif-jp-8-200-normal.woff                      70.68 kB
build/client/assets/noto-serif-jp-41-800-normal.woff                     70.73 kB
build/client/assets/noto-serif-jp-38-800-normal.woff                     70.75 kB
build/client/assets/noto-serif-jp-10-400-normal.woff                     70.86 kB
build/client/assets/noto-serif-jp-39-900-normal.woff                     70.90 kB
build/client/assets/noto-serif-jp-14-600-normal.woff                     70.92 kB
build/client/assets/noto-serif-jp-25-500-normal.woff                     71.12 kB
build/client/assets/noto-serif-jp-14-900-normal.woff                     71.13 kB
build/client/assets/noto-serif-jp-39-700-normal.woff                     71.30 kB
build/client/assets/noto-serif-jp-17-200-normal.woff                     71.45 kB
build/client/assets/noto-serif-jp-32-900-normal.woff                     71.47 kB
build/client/assets/noto-serif-jp-29-900-normal.woff                     71.47 kB
build/client/assets/noto-serif-jp-29-700-normal.woff                     71.50 kB
build/client/assets/noto-serif-jp-4-700-normal.woff                      71.57 kB
build/client/assets/noto-serif-jp-10-500-normal.woff                     71.64 kB
build/client/assets/noto-serif-jp-4-900-normal.woff                      71.70 kB
build/client/assets/noto-serif-jp-39-800-normal.woff                     71.88 kB
build/client/assets/noto-serif-jp-30-300-normal.woff                     71.91 kB
build/client/assets/noto-serif-jp-7-200-normal.woff                      72.00 kB
build/client/assets/noto-serif-jp-25-600-normal.woff                     72.00 kB
build/client/assets/noto-serif-jp-14-700-normal.woff                     72.00 kB
build/client/assets/noto-serif-jp-4-800-normal.woff                      72.02 kB
build/client/assets/noto-serif-jp-0-200-normal.woff                      72.18 kB
build/client/assets/noto-serif-jp-29-800-normal.woff                     72.32 kB
build/client/assets/noto-serif-jp-25-900-normal.woff                     72.33 kB
build/client/assets/noto-serif-jp-14-800-normal.woff                     72.48 kB
build/client/assets/noto-serif-jp-10-600-normal.woff                     72.52 kB
build/client/assets/noto-serif-jp-34-200-normal.woff                     72.53 kB
build/client/assets/noto-serif-jp-30-400-normal.woff                     72.68 kB
build/client/assets/noto-serif-jp-9-300-normal.woff                      72.77 kB
build/client/assets/noto-serif-jp-32-300-normal.woff                     73.16 kB
build/client/assets/noto-serif-jp-25-700-normal.woff                     73.26 kB
build/client/assets/noto-serif-jp-15-200-normal.woff                     73.41 kB
build/client/assets/noto-serif-jp-30-500-normal.woff                     73.59 kB
build/client/assets/noto-serif-jp-32-400-normal.woff                     73.64 kB
build/client/assets/noto-serif-jp-25-800-normal.woff                     73.80 kB
build/client/assets/noto-serif-jp-9-400-normal.woff                      73.96 kB
build/client/assets/noto-serif-jp-11-200-normal.woff                     74.29 kB
build/client/assets/noto-serif-jp-32-500-normal.woff                     74.32 kB
build/client/assets/noto-serif-jp-10-900-normal.woff                     74.34 kB
build/client/assets/noto-serif-jp-30-900-normal.woff                     74.35 kB
build/client/assets/noto-serif-jp-30-600-normal.woff                     74.40 kB
build/client/assets/noto-serif-jp-32-600-normal.woff                     74.51 kB
build/client/assets/noto-serif-jp-0-300-normal.woff                      74.59 kB
build/client/assets/noto-serif-jp-10-700-normal.woff                     74.62 kB
build/client/assets/noto-serif-jp-17-300-normal.woff                     75.02 kB
build/client/assets/noto-serif-jp-24-200-normal.woff                     75.21 kB
build/client/assets/noto-serif-jp-9-500-normal.woff                      75.28 kB
build/client/assets/noto-serif-jp-0-400-normal.woff                      75.30 kB
build/client/assets/noto-serif-jp-10-800-normal.woff                     75.42 kB
build/client/assets/noto-serif-jp-8-300-normal.woff                      75.57 kB
build/client/assets/noto-serif-jp-6-200-normal.woff                      75.60 kB
build/client/assets/noto-serif-jp-30-700-normal.woff                     75.61 kB
build/client/assets/noto-serif-jp-32-800-normal.woff                     75.65 kB
build/client/assets/noto-serif-jp-23-200-normal.woff                     75.73 kB
build/client/assets/noto-serif-jp-30-800-normal.woff                     75.92 kB
build/client/assets/noto-serif-jp-119-400-normal.woff                    75.97 kB
build/client/assets/noto-serif-jp-9-600-normal.woff                      75.98 kB
build/client/assets/noto-serif-jp-32-700-normal.woff                     76.04 kB
build/client/assets/noto-serif-jp-17-400-normal.woff                     76.13 kB
build/client/assets/noto-serif-jp-0-500-normal.woff                      76.23 kB
build/client/assets/noto-serif-jp-34-300-normal.woff                     76.45 kB
build/client/assets/noto-serif-jp-0-600-normal.woff                      76.71 kB
build/client/assets/noto-serif-jp-8-400-normal.woff                      76.91 kB
build/client/assets/noto-serif-jp-17-500-normal.woff                     77.02 kB
build/client/assets/noto-serif-jp-9-900-normal.woff                      77.12 kB
build/client/assets/noto-serif-jp-15-300-normal.woff                     77.21 kB
build/client/assets/noto-serif-jp-119-700-normal.woff                    77.39 kB
build/client/assets/noto-serif-jp-34-400-normal.woff                     77.55 kB
build/client/assets/noto-serif-jp-119-800-normal.woff                    77.57 kB
build/client/assets/noto-serif-jp-7-300-normal.woff                      77.67 kB
build/client/assets/noto-serif-jp-17-600-normal.woff                     77.72 kB
build/client/assets/noto-serif-jp-119-600-normal.woff                    77.75 kB
build/client/assets/noto-serif-jp-9-700-normal.woff                      77.75 kB
build/client/assets/noto-serif-jp-0-700-normal.woff                      77.91 kB
build/client/assets/noto-serif-jp-119-500-normal.woff                    77.97 kB
build/client/assets/noto-serif-jp-119-300-normal.woff                    78.06 kB
build/client/assets/noto-serif-jp-0-900-normal.woff                      78.07 kB
build/client/assets/noto-serif-jp-15-400-normal.woff                     78.09 kB
build/client/assets/noto-serif-jp-19-200-normal.woff                     78.11 kB
build/client/assets/noto-serif-jp-5-200-normal.woff                      78.36 kB
build/client/assets/noto-serif-jp-0-800-normal.woff                      78.37 kB
build/client/assets/noto-serif-jp-8-500-normal.woff                      78.39 kB
build/client/assets/noto-serif-jp-8-900-normal.woff                      78.46 kB
build/client/assets/noto-serif-jp-9-800-normal.woff                      78.66 kB
build/client/assets/noto-serif-jp-34-500-normal.woff                     78.76 kB
build/client/assets/noto-serif-jp-11-300-normal.woff                     78.95 kB
build/client/assets/noto-serif-jp-24-300-normal.woff                     78.99 kB
build/client/assets/noto-serif-jp-15-500-normal.woff                     79.00 kB
build/client/assets/noto-serif-jp-8-600-normal.woff                      79.04 kB
build/client/assets/noto-serif-jp-31-200-normal.woff                     79.06 kB
build/client/assets/noto-serif-jp-17-900-normal.woff                     79.08 kB
build/client/assets/noto-serif-jp-34-600-normal.woff                     79.08 kB
build/client/assets/noto-serif-jp-17-700-normal.woff                     79.29 kB
build/client/assets/noto-serif-jp-15-600-normal.woff                     79.69 kB
build/client/assets/noto-serif-jp-34-900-normal.woff                     79.77 kB
build/client/assets/noto-serif-jp-15-900-normal.woff                     79.78 kB
build/client/assets/noto-serif-jp-17-800-normal.woff                     80.02 kB
build/client/assets/noto-serif-jp-6-300-normal.woff                      80.11 kB
build/client/assets/noto-serif-jp-24-400-normal.woff                     80.19 kB
build/client/assets/noto-serif-jp-8-700-normal.woff                      80.36 kB
build/client/assets/noto-serif-jp-7-400-normal.woff                      80.37 kB
build/client/assets/noto-serif-jp-11-400-normal.woff                     80.60 kB
build/client/assets/noto-serif-jp-34-700-normal.woff                     80.61 kB
build/client/assets/noto-serif-jp-15-700-normal.woff                     80.99 kB
build/client/assets/noto-serif-jp-34-800-normal.woff                     81.07 kB
build/client/assets/noto-serif-jp-19-300-normal.woff                     81.14 kB
build/client/assets/noto-serif-jp-23-300-normal.woff                     81.21 kB
build/client/assets/noto-serif-jp-8-800-normal.woff                      81.21 kB
build/client/assets/noto-serif-jp-24-500-normal.woff                     81.36 kB
build/client/assets/noto-serif-jp-6-400-normal.woff                      81.60 kB
build/client/assets/noto-serif-jp-7-500-normal.woff                      81.62 kB
build/client/assets/noto-serif-jp-15-800-normal.woff                     81.63 kB
build/client/assets/noto-serif-jp-19-400-normal.woff                     81.82 kB
build/client/assets/noto-serif-jp-11-500-normal.woff                     82.05 kB
build/client/assets/noto-serif-jp-24-600-normal.woff                     82.08 kB
build/client/assets/noto-serif-jp-24-900-normal.woff                     82.16 kB
build/client/assets/noto-serif-jp-11-600-normal.woff                     82.36 kB
build/client/assets/noto-serif-jp-7-600-normal.woff                      82.46 kB
build/client/assets/noto-serif-jp-52-600-normal.woff                     82.50 kB
build/client/assets/noto-serif-jp-7-900-normal.woff                      82.52 kB
build/client/assets/noto-serif-jp-23-400-normal.woff                     82.72 kB
build/client/assets/noto-serif-jp-19-500-normal.woff                     82.76 kB
build/client/assets/noto-serif-jp-5-300-normal.woff                      83.02 kB
build/client/assets/noto-serif-jp-19-600-normal.woff                     83.04 kB
build/client/assets/noto-serif-jp-24-700-normal.woff                     83.20 kB
build/client/assets/noto-serif-jp-6-500-normal.woff                      83.26 kB
build/client/assets/noto-serif-jp-23-900-normal.woff                     83.39 kB
build/client/assets/noto-serif-jp-52-800-normal.woff                     83.60 kB
build/client/assets/noto-serif-jp-19-900-normal.woff                     83.76 kB
build/client/assets/noto-serif-jp-24-800-normal.woff                     83.77 kB
build/client/assets/noto-serif-jp-31-300-normal.woff                     84.04 kB
build/client/assets/noto-serif-jp-52-300-normal.woff                     84.10 kB
build/client/assets/noto-serif-jp-23-500-normal.woff                     84.17 kB
build/client/assets/noto-serif-jp-5-400-normal.woff                      84.26 kB
build/client/assets/noto-serif-jp-19-700-normal.woff                     84.31 kB
build/client/assets/noto-serif-jp-11-700-normal.woff                     84.42 kB
build/client/assets/noto-serif-jp-23-600-normal.woff                     84.43 kB
build/client/assets/noto-serif-jp-7-700-normal.woff                      84.43 kB
build/client/assets/noto-serif-jp-52-500-normal.woff                     84.58 kB
build/client/assets/noto-serif-jp-6-600-normal.woff                      84.69 kB
build/client/assets/noto-serif-jp-7-800-normal.woff                      84.70 kB
build/client/assets/noto-serif-jp-52-400-normal.woff                     84.78 kB
build/client/assets/noto-serif-jp-52-700-normal.woff                     84.92 kB
build/client/assets/noto-serif-jp-19-800-normal.woff                     84.93 kB
build/client/assets/noto-serif-jp-31-400-normal.woff                     85.19 kB
build/client/assets/noto-serif-jp-11-900-normal.woff                     85.32 kB
build/client/assets/noto-serif-jp-5-500-normal.woff                      85.47 kB
build/client/assets/noto-serif-jp-23-700-normal.woff                     85.61 kB
build/client/assets/noto-serif-jp-31-900-normal.woff                     85.74 kB
build/client/assets/noto-serif-jp-23-800-normal.woff                     85.90 kB
build/client/assets/noto-serif-jp-5-600-normal.woff                      86.08 kB
build/client/assets/noto-serif-jp-31-500-normal.woff                     86.19 kB
build/client/assets/noto-serif-jp-11-800-normal.woff                     86.34 kB
build/client/assets/noto-serif-jp-6-900-normal.woff                      86.53 kB
build/client/assets/noto-serif-jp-31-600-normal.woff                     86.64 kB
build/client/assets/noto-serif-jp-6-700-normal.woff                      86.94 kB
build/client/assets/noto-serif-jp-5-900-normal.woff                      87.70 kB
build/client/assets/noto-serif-jp-6-800-normal.woff                      87.91 kB
build/client/assets/noto-serif-jp-5-700-normal.woff                      88.08 kB
build/client/assets/noto-serif-jp-31-700-normal.woff                     88.23 kB
build/client/assets/noto-serif-jp-31-800-normal.woff                     88.30 kB
build/client/assets/noto-serif-jp-5-800-normal.woff                      89.46 kB
build/client/assets/ort.bundle.min.mjs                                  390.74 kB
build/client/.vite/manifest.json                                      2,286.56 kB │ gzip:   110.03 kB
build/client/assets/ort-wasm-simd-threaded.jsep.wasm                 21,412.98 kB
build/client/assets/rows.css                                              1.13 kB │ gzip:     0.37 kB
build/client/assets/app-markdown.css                                      9.51 kB │ gzip:     2.76 kB
build/client/assets/root.css                                            115.55 kB │ gzip:    47.96 kB
build/client/assets/tailwind.css                                        369.76 kB │ gzip:    42.76 kB
build/client/assets/route.css                                         2,873.34 kB │ gzip: 1,034.88 kB
build/client/assets/route.js                                              0.00 kB │ gzip:     0.02 kB
build/client/assets/route214.js                                           0.00 kB │ gzip:     0.02 kB
build/client/assets/route215.js                                           0.00 kB │ gzip:     0.02 kB
build/client/assets/route216.js                                           0.00 kB │ gzip:     0.02 kB
build/client/assets/route217.js                                           0.00 kB │ gzip:     0.02 kB
build/client/assets/route218.js                                           0.00 kB │ gzip:     0.02 kB
build/client/assets/route219.js                                           0.00 kB │ gzip:     0.02 kB
build/client/assets/route220.js                                           0.00 kB │ gzip:     0.02 kB
build/client/assets/route221.js                                           0.00 kB │ gzip:     0.02 kB
build/client/assets/route222.js                                           0.00 kB │ gzip:     0.02 kB
build/client/assets/route223.js                                           0.00 kB │ gzip:     0.02 kB
build/client/assets/route224.js                                           0.00 kB │ gzip:     0.02 kB
build/client/assets/route225.js                                           0.00 kB │ gzip:     0.02 kB
build/client/assets/route226.js                                           0.00 kB │ gzip:     0.02 kB
build/client/assets/route227.js                                           0.00 kB │ gzip:     0.02 kB
build/client/assets/route228.js                                           0.00 kB │ gzip:     0.02 kB
build/client/assets/route229.js                                           0.00 kB │ gzip:     0.02 kB
build/client/assets/route230.js                                           0.00 kB │ gzip:     0.02 kB
build/client/assets/route231.js                                           0.00 kB │ gzip:     0.02 kB
build/client/assets/delete-uploaded-image.js                              0.04 kB │ gzip:     0.06 kB
build/client/assets/route2.js                                             0.05 kB │ gzip:     0.07 kB
build/client/assets/route3.js                                             0.05 kB │ gzip:     0.07 kB
build/client/assets/route16.js                                            0.05 kB │ gzip:     0.07 kB
build/client/assets/route17.js                                            0.05 kB │ gzip:     0.07 kB
build/client/assets/route18.js                                            0.05 kB │ gzip:     0.07 kB
build/client/assets/route19.js                                            0.05 kB │ gzip:     0.07 kB
build/client/assets/route20.js                                            0.05 kB │ gzip:     0.07 kB
build/client/assets/route21.js                                            0.05 kB │ gzip:     0.07 kB
build/client/assets/route47.js                                            0.05 kB │ gzip:     0.07 kB
build/client/assets/route89.js                                            0.05 kB │ gzip:     0.07 kB
build/client/assets/index23.js                                            0.06 kB │ gzip:     0.08 kB
build/client/assets/params-error.js                                       0.09 kB │ gzip:     0.10 kB
build/client/assets/with-icon-url-fallback.js                             0.09 kB │ gzip:     0.10 kB
build/client/assets/collapsible.js                                        0.10 kB │ gzip:     0.10 kB
build/client/assets/reset-cookie-login-token.js                           0.11 kB │ gzip:     0.11 kB
build/client/assets/to-date-text.js                                       0.11 kB │ gzip:     0.13 kB
build/client/assets/get-default-negative-prompt.js                        0.12 kB │ gzip:     0.11 kB
build/client/assets/jst-date.js                                           0.12 kB │ gzip:     0.13 kB
build/client/assets/wrapHook.js                                           0.13 kB │ gzip:     0.14 kB
build/client/assets/use-locale.js                                         0.14 kB │ gzip:     0.13 kB
build/client/assets/startOfMonth.js                                       0.14 kB │ gzip:     0.14 kB
build/client/assets/index22.js                                            0.14 kB │ gzip:     0.13 kB
build/client/assets/use-update-query-params.js                            0.16 kB │ gzip:     0.14 kB
build/client/assets/index9.js                                             0.16 kB │ gzip:     0.14 kB
build/client/assets/dropped-image-files.js                                0.16 kB │ gzip:     0.14 kB
build/client/assets/create-calendar-cells.js                              0.17 kB │ gzip:     0.14 kB
build/client/assets/video-upload-limit.js                                 0.17 kB │ gzip:     0.16 kB
build/client/assets/route58.js                                            0.18 kB │ gzip:     0.16 kB
build/client/assets/differenceInCalendarMonths.js                         0.18 kB │ gzip:     0.16 kB
build/client/assets/addDays.js                                            0.18 kB │ gzip:     0.16 kB
build/client/assets/endOfMonth.js                                         0.18 kB │ gzip:     0.17 kB
build/client/assets/skeleton.js                                           0.19 kB │ gzip:     0.16 kB
build/client/assets/create-random-string.js                               0.20 kB │ gzip:     0.20 kB
build/client/assets/to-rating-text.js                                     0.20 kB │ gzip:     0.20 kB
build/client/assets/index16.js                                            0.20 kB │ gzip:     0.17 kB
build/client/assets/route49.js                                            0.21 kB │ gzip:     0.17 kB
build/client/assets/auth-context.js                                       0.22 kB │ gzip:     0.18 kB
build/client/assets/route53.js                                            0.22 kB │ gzip:     0.21 kB
build/client/assets/index24.js                                            0.23 kB │ gzip:     0.17 kB
build/client/assets/app-loading-page.js                                   0.24 kB │ gzip:     0.19 kB
build/client/assets/index10.js                                            0.24 kB │ gzip:     0.21 kB
build/client/assets/to-date-time-text.js                                  0.25 kB │ gzip:     0.20 kB
build/client/assets/get-weeks-in-month.js                                 0.25 kB │ gzip:     0.17 kB
build/client/assets/to-work-type-text.js                                  0.27 kB │ gzip:     0.20 kB
build/client/assets/debug-logger.js                                       0.29 kB │ gzip:     0.17 kB
build/client/assets/minus.js                                              0.29 kB │ gzip:     0.24 kB
build/client/assets/route140.js                                           0.29 kB │ gzip:     0.21 kB
build/client/assets/route136.js                                           0.29 kB │ gzip:     0.20 kB
build/client/assets/check.js                                              0.29 kB │ gzip:     0.24 kB
build/client/assets/route134.js                                           0.30 kB │ gzip:     0.22 kB
build/client/assets/circle.js                                             0.30 kB │ gzip:     0.24 kB
build/client/assets/use-focus-timeout.js                                  0.30 kB │ gzip:     0.23 kB
build/client/assets/chevron-up.js                                         0.30 kB │ gzip:     0.25 kB
build/client/assets/chevron-down.js                                       0.30 kB │ gzip:     0.24 kB
build/client/assets/route25.js                                            0.30 kB │ gzip:     0.25 kB
build/client/assets/chevron-right.js                                      0.31 kB │ gzip:     0.25 kB
build/client/assets/chevron-left.js                                       0.31 kB │ gzip:     0.25 kB
build/client/assets/to-access-type-text.js                                0.31 kB │ gzip:     0.26 kB
build/client/assets/route24.js                                            0.31 kB │ gzip:     0.26 kB
build/client/assets/app-jsonld-script.js                                  0.31 kB │ gzip:     0.19 kB
build/client/assets/loader-circle.js                                      0.31 kB │ gzip:     0.25 kB
build/client/assets/route135.js                                           0.32 kB │ gzip:     0.21 kB
build/client/assets/use-infinite-scroll.js                                0.33 kB │ gzip:     0.25 kB
build/client/assets/route23.js                                            0.33 kB │ gzip:     0.30 kB
build/client/assets/plus.js                                               0.33 kB │ gzip:     0.25 kB
build/client/assets/x.js                                                  0.33 kB │ gzip:     0.25 kB
build/client/assets/to-omission-number-text.js                            0.33 kB │ gzip:     0.24 kB
build/client/assets/clock.js                                              0.34 kB │ gzip:     0.27 kB
build/client/assets/arrow-left.js                                         0.34 kB │ gzip:     0.26 kB
build/client/assets/route50.js                                            0.34 kB │ gzip:     0.19 kB
build/client/assets/route87.js                                            0.34 kB │ gzip:     0.19 kB
build/client/assets/search.js                                             0.34 kB │ gzip:     0.27 kB
build/client/assets/reply.js                                              0.35 kB │ gzip:     0.27 kB
build/client/assets/trending-up.js                                        0.35 kB │ gzip:     0.27 kB
build/client/assets/mergeOptions.js                                       0.35 kB │ gzip:     0.25 kB
build/client/assets/menu.js                                               0.36 kB │ gzip:     0.26 kB
build/client/assets/circle-check-big.js                                   0.36 kB │ gzip:     0.28 kB
build/client/assets/user.js                                               0.37 kB │ gzip:     0.28 kB
build/client/assets/info.js                                               0.37 kB │ gzip:     0.28 kB
build/client/assets/rotate-ccw.js                                         0.38 kB │ gzip:     0.29 kB
build/client/assets/index15.js                                            0.39 kB │ gzip:     0.29 kB
build/client/assets/mail.js                                               0.39 kB │ gzip:     0.30 kB
build/client/assets/type.js                                               0.40 kB │ gzip:     0.28 kB
build/client/assets/ellipsis.js                                           0.40 kB │ gzip:     0.26 kB
build/client/assets/route137.js                                           0.40 kB │ gzip:     0.28 kB
build/client/assets/folder.js                                             0.40 kB │ gzip:     0.29 kB
build/client/assets/ellipsis-vertical.js                                  0.41 kB │ gzip:     0.27 kB
build/client/assets/upload.js                                             0.41 kB │ gzip:     0.29 kB
build/client/assets/copy.js                                               0.41 kB │ gzip:     0.31 kB
build/client/assets/download.js                                           0.41 kB │ gzip:     0.30 kB
build/client/assets/pen.js                                                0.41 kB │ gzip:     0.30 kB
build/client/assets/message-circle.js                                     0.42 kB │ gzip:     0.31 kB
build/client/assets/circle-question-mark.js                               0.42 kB │ gzip:     0.31 kB
build/client/assets/route22.js                                            0.42 kB │ gzip:     0.28 kB
build/client/assets/video.js                                              0.42 kB │ gzip:     0.32 kB
build/client/assets/funnel.js                                             0.43 kB │ gzip:     0.31 kB
build/client/assets/external-link.js                                      0.43 kB │ gzip:     0.30 kB
build/client/assets/eye.js                                                0.43 kB │ gzip:     0.30 kB
build/client/assets/trash.js                                              0.43 kB │ gzip:     0.29 kB
build/client/assets/flag.js                                               0.43 kB │ gzip:     0.31 kB
build/client/assets/map-pin.js                                            0.43 kB │ gzip:     0.32 kB
build/client/assets/calendar.js                                           0.43 kB │ gzip:     0.30 kB
build/client/assets/heart.js                                              0.43 kB │ gzip:     0.32 kB
build/client/assets/use-scroll-restoration.js                             0.43 kB │ gzip:     0.29 kB
build/client/assets/isBefore.js                                           0.43 kB │ gzip:     0.27 kB
build/client/assets/user-biography.js                                     0.44 kB │ gzip:     0.31 kB
build/client/assets/zap.js                                                0.44 kB │ gzip:     0.31 kB
build/client/assets/triangle-alert.js                                     0.44 kB │ gzip:     0.31 kB
build/client/assets/shield.js                                             0.44 kB │ gzip:     0.32 kB
build/client/assets/image.js                                              0.44 kB │ gzip:     0.32 kB
build/client/assets/award.js                                              0.44 kB │ gzip:     0.33 kB
build/client/assets/book-text.js                                          0.45 kB │ gzip:     0.31 kB
build/client/assets/pencil.js                                             0.45 kB │ gzip:     0.33 kB
build/client/assets/house.js                                              0.46 kB │ gzip:     0.32 kB
build/client/assets/settings-header.js                                    0.46 kB │ gzip:     0.27 kB
build/client/assets/send.js                                               0.47 kB │ gzip:     0.33 kB
build/client/assets/bell.js                                               0.47 kB │ gzip:     0.34 kB
build/client/assets/route52.js                                            0.47 kB │ gzip:     0.22 kB
build/client/assets/grid-3x3.js                                           0.47 kB │ gzip:     0.31 kB
build/client/assets/frown.js                                              0.47 kB │ gzip:     0.32 kB
build/client/assets/hash.js                                               0.47 kB │ gzip:     0.30 kB
build/client/assets/thumbs-up.js                                          0.48 kB │ gzip:     0.34 kB
build/client/assets/list.js                                               0.48 kB │ gzip:     0.29 kB
build/client/assets/user-x.js                                             0.48 kB │ gzip:     0.33 kB
build/client/assets/users.js                                              0.48 kB │ gzip:     0.32 kB
build/client/assets/message-square-off.js                                 0.49 kB │ gzip:     0.34 kB
build/client/assets/shield-check.js                                       0.49 kB │ gzip:     0.35 kB
build/client/assets/message-square-warning.js                             0.49 kB │ gzip:     0.34 kB
build/client/assets/sticker-list.js                                       0.49 kB │ gzip:     0.31 kB
build/client/assets/stamp.js                                              0.50 kB │ gzip:     0.33 kB
build/client/assets/refresh-cw.js                                         0.50 kB │ gzip:     0.33 kB
build/client/assets/tag.js                                                0.50 kB │ gzip:     0.35 kB
build/client/assets/refresh-ccw.js                                        0.50 kB │ gzip:     0.33 kB
build/client/assets/trash-2.js                                            0.50 kB │ gzip:     0.32 kB
build/client/assets/textarea.js                                           0.51 kB │ gzip:     0.32 kB
build/client/assets/carousel-with-gradation.js                            0.51 kB │ gzip:     0.31 kB
build/client/assets/shield-alert.js                                       0.53 kB │ gzip:     0.36 kB
build/client/assets/gift.js                                               0.53 kB │ gzip:     0.35 kB
build/client/assets/index17.js                                            0.53 kB │ gzip:     0.34 kB
build/client/assets/route57.js                                            0.54 kB │ gzip:     0.28 kB
build/client/assets/grip-vertical.js                                      0.54 kB │ gzip:     0.30 kB
build/client/assets/index13.js                                            0.54 kB │ gzip:     0.38 kB
build/client/assets/images.js                                             0.55 kB │ gzip:     0.38 kB
build/client/assets/file-text.js                                          0.56 kB │ gzip:     0.35 kB
build/client/assets/user-badges-list.js                                   0.56 kB │ gzip:     0.35 kB
build/client/assets/cloudflare-stream.js                                  0.57 kB │ gzip:     0.35 kB
build/client/assets/route60.js                                            0.57 kB │ gzip:     0.28 kB
build/client/assets/route84.js                                            0.58 kB │ gzip:     0.29 kB
build/client/assets/home-video-works-section.js                           0.59 kB │ gzip:     0.38 kB
build/client/assets/sticker.js                                            0.59 kB │ gzip:     0.36 kB
build/client/assets/mouse-pointer-click.js                                0.59 kB │ gzip:     0.39 kB
build/client/assets/input.js                                              0.59 kB │ gzip:     0.35 kB
build/client/assets/route65.js                                            0.59 kB │ gzip:     0.34 kB
build/client/assets/eye-off.js                                            0.61 kB │ gzip:     0.38 kB
build/client/assets/event-wakiaiai-image.js                               0.61 kB │ gzip:     0.35 kB
build/client/assets/route93.js                                            0.61 kB │ gzip:     0.33 kB
build/client/assets/get-base64-from-image-url.js                          0.61 kB │ gzip:     0.46 kB
build/client/assets/label.js                                              0.63 kB │ gzip:     0.39 kB
build/client/assets/rocket.js                                             0.63 kB │ gzip:     0.41 kB
build/client/assets/use-ip-address.js                                     0.64 kB │ gzip:     0.52 kB
build/client/assets/route62.js                                            0.65 kB │ gzip:     0.37 kB
build/client/assets/route92.js                                            0.65 kB │ gzip:     0.37 kB
build/client/assets/star.js                                               0.65 kB │ gzip:     0.40 kB
build/client/assets/route145.js                                           0.65 kB │ gzip:     0.50 kB
build/client/assets/trophy.js                                             0.65 kB │ gzip:     0.38 kB
build/client/assets/settings.js                                           0.66 kB │ gzip:     0.36 kB
build/client/assets/collection-list.js                                    0.66 kB │ gzip:     0.33 kB
build/client/assets/route94.js                                            0.66 kB │ gzip:     0.36 kB
build/client/assets/sparkles.js                                           0.67 kB │ gzip:     0.39 kB
build/client/assets/calendar-days.js                                      0.67 kB │ gzip:     0.37 kB
build/client/assets/expansion-transition.js                               0.68 kB │ gzip:     0.42 kB
build/client/assets/route5.js                                             0.68 kB │ gzip:     0.36 kB
build/client/assets/palette.js                                            0.68 kB │ gzip:     0.38 kB
build/client/assets/user-sticker-list.js                                  0.70 kB │ gzip:     0.37 kB
build/client/assets/separator.js                                          0.72 kB │ gzip:     0.41 kB
build/client/assets/lock.js                                               0.72 kB │ gzip:     0.33 kB
build/client/assets/privacy.js                                            0.72 kB │ gzip:     0.91 kB
build/client/assets/building.js                                           0.74 kB │ gzip:     0.39 kB
build/client/assets/badge.js                                              0.76 kB │ gzip:     0.37 kB
build/client/assets/auto-resize-textarea.js                               0.76 kB │ gzip:     0.47 kB
build/client/assets/login-page.js                                         0.78 kB │ gzip:     0.42 kB
build/client/assets/home-tag-list.js                                      0.78 kB │ gzip:     0.49 kB
build/client/assets/index4.js                                             0.79 kB │ gzip:     0.43 kB
build/client/assets/use-persistent-state.js                               0.79 kB │ gzip:     0.42 kB
build/client/assets/cross-platform-tooltip.js                             0.79 kB │ gzip:     0.50 kB
build/client/assets/route114.js                                           0.80 kB │ gzip:     0.44 kB
build/client/assets/route66.js                                            0.84 kB │ gzip:     0.49 kB
build/client/assets/use-translation.js                                    0.85 kB │ gzip:     0.48 kB
build/client/assets/crown.js                                              0.86 kB │ gzip:     0.43 kB
build/client/assets/work-action-share-x.js                                0.87 kB │ gzip:     0.51 kB
build/client/assets/search-route.js                                       0.87 kB │ gzip:     0.49 kB
build/client/assets/video-work-preview-item.js                            0.89 kB │ gzip:     0.46 kB
build/client/assets/lightbulb.js                                          0.90 kB │ gzip:     0.46 kB
build/client/assets/route91.js                                            0.90 kB │ gzip:     0.41 kB
build/client/assets/route80.js                                            0.91 kB │ gzip:     0.50 kB
build/client/assets/route79.js                                            0.92 kB │ gzip:     0.51 kB
build/client/assets/blockString.js                                        0.93 kB │ gzip:     0.54 kB
build/client/assets/alert.js                                              0.96 kB │ gzip:     0.47 kB
build/client/assets/networkStatus.js                                      0.98 kB │ gzip:     0.55 kB
build/client/assets/performance-monitor.js                                0.99 kB │ gzip:     0.45 kB
build/client/assets/app-page-header.js                                    0.99 kB │ gzip:     0.47 kB
build/client/assets/route141.js                                           0.99 kB │ gzip:     0.57 kB
build/client/assets/sun.js                                                0.99 kB │ gzip:     0.46 kB
build/client/assets/message-input.js                                      1.00 kB │ gzip:     0.64 kB
build/client/assets/card.js                                               1.02 kB │ gzip:     0.38 kB
build/client/assets/preload-helper.js                                     1.02 kB │ gzip:     0.62 kB
build/client/assets/route76.js                                            1.02 kB │ gzip:     0.42 kB
build/client/assets/route78.js                                            1.02 kB │ gzip:     0.42 kB
build/client/assets/sticker-card.js                                       1.03 kB │ gzip:     0.46 kB
build/client/assets/route159.js                                           1.04 kB │ gzip:     0.52 kB
build/client/assets/index14.js                                            1.04 kB │ gzip:     0.57 kB
build/client/assets/store.js                                              1.07 kB │ gzip:     0.47 kB
build/client/assets/index31.js                                            1.08 kB │ gzip:     0.60 kB
build/client/assets/index28.js                                            1.10 kB │ gzip:     0.58 kB
build/client/assets/index8.js                                             1.11 kB │ gzip:     0.56 kB
build/client/assets/app-animated-tabs.js                                  1.11 kB │ gzip:     0.58 kB
build/client/assets/user-about-card.js                                    1.13 kB │ gzip:     0.60 kB
build/client/assets/mosaic-canvas.js                                      1.15 kB │ gzip:     0.65 kB
build/client/assets/work-list.js                                          1.16 kB │ gzip:     0.53 kB
build/client/assets/index33.js                                            1.18 kB │ gzip:     0.66 kB
build/client/assets/download-image-file-as-png.js                         1.20 kB │ gzip:     0.77 kB
build/client/assets/user-collection-list.js                               1.21 kB │ gzip:     0.59 kB
build/client/assets/use-toast.js                                          1.21 kB │ gzip:     0.64 kB
build/client/assets/index25.js                                            1.22 kB │ gzip:     0.60 kB
build/client/assets/sticker-info-dialog.js                                1.23 kB │ gzip:     0.69 kB
build/client/assets/plus-about.js                                         1.24 kB │ gzip:     0.74 kB
build/client/assets/recommended-works-list-table-row.js                   1.25 kB │ gzip:     0.56 kB
build/client/assets/route63.js                                            1.25 kB │ gzip:     0.61 kB
build/client/assets/app-footer.js                                         1.25 kB │ gzip:     0.70 kB
build/client/assets/breadcrumb.js                                         1.26 kB │ gzip:     0.55 kB
build/client/assets/button.js                                             1.28 kB │ gzip:     0.62 kB
build/client/assets/home-work-list.js                                     1.28 kB │ gzip:     0.60 kB
build/client/assets/tag-button.js                                         1.31 kB │ gzip:     0.71 kB
build/client/assets/route38.js                                            1.37 kB │ gzip:     0.54 kB
build/client/assets/work-action-copy-url.js                               1.37 kB │ gzip:     0.85 kB
build/client/assets/toggle.js                                             1.37 kB │ gzip:     0.68 kB
build/client/assets/route232.js                                           1.39 kB │ gzip:     0.41 kB
build/client/assets/route36.js                                            1.40 kB │ gzip:     0.56 kB
build/client/assets/sns-icon.js                                           1.44 kB │ gzip:     0.65 kB
build/client/assets/route48.js                                            1.44 kB │ gzip:     0.46 kB
build/client/assets/login-dialog-button.js                                1.47 kB │ gzip:     0.82 kB
build/client/assets/user-name-badge.js                                    1.49 kB │ gzip:     0.61 kB
build/client/assets/table.js                                              1.51 kB │ gzip:     0.52 kB
build/client/assets/index11.js                                            1.51 kB │ gzip:     0.69 kB
build/client/assets/route10.js                                            1.54 kB │ gzip:     0.94 kB
build/client/assets/route11.js                                            1.54 kB │ gzip:     0.63 kB
build/client/assets/route237.js                                           1.55 kB │ gzip:     0.49 kB
build/client/assets/user-album-list.js                                    1.65 kB │ gzip:     0.79 kB
build/client/assets/user-avatar-with-frame.js                             1.68 kB │ gzip:     0.74 kB
build/client/assets/user-videos-list.js                                   1.76 kB │ gzip:     0.91 kB
build/client/assets/route115.js                                           1.79 kB │ gzip:     0.75 kB
build/client/assets/useLazyQuery.js                                       1.80 kB │ gzip:     0.92 kB
build/client/assets/route67.js                                            1.83 kB │ gzip:     0.70 kB
build/client/assets/createLucideIcon.js                                   1.85 kB │ gzip:     0.79 kB
build/client/assets/create-meta.js                                        1.88 kB │ gzip:     1.02 kB
build/client/assets/route14.js                                            1.88 kB │ gzip:     0.69 kB
build/client/assets/useMutation.js                                        1.89 kB │ gzip:     0.78 kB
build/client/assets/route109.js                                           1.91 kB │ gzip:     0.93 kB
build/client/assets/route68.js                                            1.92 kB │ gzip:     0.73 kB
build/client/assets/route69.js                                            1.97 kB │ gzip:     0.74 kB
build/client/assets/progress.js                                           1.97 kB │ gzip:     0.96 kB
build/client/assets/to-elapsed-time-en-text.js                            1.98 kB │ gzip:     0.89 kB
build/client/assets/upload-public-image.js                                1.99 kB │ gzip:     1.11 kB
build/client/assets/index3.js                                             1.99 kB │ gzip:     0.91 kB
build/client/assets/route104.js                                           2.02 kB │ gzip:     1.06 kB
build/client/assets/follower-user-item.js                                 2.03 kB │ gzip:     0.93 kB
build/client/assets/route12.js                                            2.04 kB │ gzip:     0.77 kB
build/client/assets/route46.js                                            2.05 kB │ gzip:     0.78 kB
build/client/assets/user-post-list.js                                     2.14 kB │ gzip:     1.02 kB
build/client/assets/index12.js                                            2.14 kB │ gzip:     0.93 kB
build/client/assets/route103.js                                           2.16 kB │ gzip:     1.10 kB
build/client/assets/route13.js                                            2.16 kB │ gzip:     0.83 kB
build/client/assets/release-tag-badge.js                                  2.18 kB │ gzip:     1.01 kB
build/client/assets/dialog.js                                             2.20 kB │ gzip:     0.86 kB
build/client/assets/sheet.js                                              2.27 kB │ gzip:     0.88 kB
build/client/assets/avatar.js                                             2.30 kB │ gzip:     1.02 kB
build/client/assets/route187.js                                           2.33 kB │ gzip:     1.05 kB
build/client/assets/home-works-users-recommended-section.js               2.33 kB │ gzip:     1.14 kB
build/client/assets/index19.js                                            2.34 kB │ gzip:     0.99 kB
build/client/assets/home-award-works.js                                   2.38 kB │ gzip:     0.98 kB
build/client/assets/route28.js                                            2.39 kB │ gzip:     0.72 kB
build/client/assets/route26.js                                            2.41 kB │ gzip:     0.76 kB
build/client/assets/route64.js                                            2.43 kB │ gzip:     0.95 kB
build/client/assets/user-note-list.js                                     2.43 kB │ gzip:     1.17 kB
build/client/assets/route130.js                                           2.45 kB │ gzip:     1.25 kB
build/client/assets/route6.js                                             2.46 kB │ gzip:     0.77 kB
build/client/assets/route7.js                                             2.46 kB │ gzip:     0.77 kB
build/client/assets/route8.js                                             2.46 kB │ gzip:     0.77 kB
build/client/assets/use-paged-infinite.js                                 2.48 kB │ gzip:     1.00 kB
build/client/assets/route44.js                                            2.50 kB │ gzip:     0.85 kB
build/client/assets/route41.js                                            2.51 kB │ gzip:     0.85 kB
build/client/assets/route85.js                                            2.52 kB │ gzip:     0.87 kB
build/client/assets/route40.js                                            2.53 kB │ gzip:     0.87 kB
build/client/assets/route39.js                                            2.58 kB │ gzip:     0.82 kB
build/client/assets/switch.js                                             2.65 kB │ gzip:     1.26 kB
build/client/assets/route110.js                                           2.65 kB │ gzip:     1.34 kB
build/client/assets/home-new-comments.js                                  2.65 kB │ gzip:     1.16 kB
build/client/assets/route151.js                                           2.65 kB │ gzip:     1.12 kB
build/client/assets/route35.js                                            2.67 kB │ gzip:     1.31 kB
build/client/assets/route194.js                                           2.67 kB │ gzip:     1.38 kB
build/client/assets/route88.js                                            2.68 kB │ gzip:     1.13 kB
build/client/assets/responsive-pagination.js                              2.68 kB │ gzip:     0.96 kB
build/client/assets/tslib.es6.js                                          2.70 kB │ gzip:     1.23 kB
build/client/assets/image-slider-animation.js                             2.72 kB │ gzip:     1.23 kB
build/client/assets/route166.js                                           2.76 kB │ gzip:     1.23 kB
build/client/assets/app-canvas.js                                         2.79 kB │ gzip:     1.33 kB
build/client/assets/route150.js                                           2.81 kB │ gzip:     1.14 kB
build/client/assets/route144.js                                           2.84 kB │ gzip:     1.95 kB
build/client/assets/route9.js                                             2.85 kB │ gzip:     0.90 kB
build/client/assets/create-base64-from-image-url.js                       2.85 kB │ gzip:     1.31 kB
build/client/assets/route168.js                                           2.86 kB │ gzip:     1.27 kB
build/client/assets/app-event-card.js                                     2.89 kB │ gzip:     1.40 kB
build/client/assets/route148.js                                           2.90 kB │ gzip:     1.15 kB
build/client/assets/route171.js                                           2.92 kB │ gzip:     1.96 kB
build/client/assets/route82.js                                            3.01 kB │ gzip:     1.17 kB
build/client/assets/user-novel-list.js                                    3.05 kB │ gzip:     1.38 kB
build/client/assets/follow-button.js                                      3.06 kB │ gzip:     1.38 kB
build/client/assets/route235.js                                           3.06 kB │ gzip:     0.88 kB
build/client/assets/bookmark-works-list.js                                3.07 kB │ gzip:     1.14 kB
build/client/assets/route185.js                                           3.15 kB │ gzip:     1.29 kB
build/client/assets/route32.js                                            3.18 kB │ gzip:     1.56 kB
build/client/assets/route70.js                                            3.25 kB │ gzip:     1.09 kB
build/client/assets/route186.js                                           3.26 kB │ gzip:     1.24 kB
build/client/assets/support-message-list.js                               3.30 kB │ gzip:     1.21 kB
build/client/assets/route146.js                                           3.31 kB │ gzip:     1.54 kB
build/client/assets/route106.js                                           3.40 kB │ gzip:     1.34 kB
build/client/assets/route161.js                                           3.41 kB │ gzip:     1.33 kB
build/client/assets/tabs.js                                               3.42 kB │ gzip:     1.38 kB
build/client/assets/route43.js                                            3.46 kB │ gzip:     1.08 kB
build/client/assets/route90.js                                            3.47 kB │ gzip:     1.12 kB
build/client/assets/route193.js                                           3.47 kB │ gzip:     1.38 kB
build/client/assets/route189.js                                           3.49 kB │ gzip:     1.45 kB
build/client/assets/route45.js                                            3.50 kB │ gzip:     1.12 kB
build/client/assets/route59.js                                            3.50 kB │ gzip:     1.13 kB
build/client/assets/route167.js                                           3.51 kB │ gzip:     1.54 kB
build/client/assets/route83.js                                            3.52 kB │ gzip:     1.10 kB
build/client/assets/route86.js                                            3.53 kB │ gzip:     1.13 kB
build/client/assets/route111.js                                           3.56 kB │ gzip:     1.51 kB
build/client/assets/sensitive-keyword-helpers.js                          3.56 kB │ gzip:     2.03 kB
build/client/assets/home-works-tag-section.js                             3.66 kB │ gzip:     1.64 kB
build/client/assets/index26.js                                            3.68 kB │ gzip:     1.61 kB
build/client/assets/plus-note-list.js                                     3.69 kB │ gzip:     2.44 kB
build/client/assets/setting-fcm-form.js                                   3.69 kB │ gzip:     1.56 kB
build/client/assets/route42.js                                            3.79 kB │ gzip:     1.82 kB
build/client/assets/pass-plan-list.js                                     3.80 kB │ gzip:     1.64 kB
build/client/assets/entry.client.js                                       3.83 kB │ gzip:     1.43 kB
build/client/assets/crop-image-field.js                                   3.84 kB │ gzip:     1.51 kB
build/client/assets/index20.js                                            3.85 kB │ gzip:     1.38 kB
build/client/assets/route160.js                                           3.89 kB │ gzip:     1.52 kB
build/client/assets/route233.js                                           3.96 kB │ gzip:     1.12 kB
build/client/assets/route55.js                                            3.97 kB │ gzip:     1.73 kB
build/client/assets/route162.js                                           4.03 kB │ gzip:     1.56 kB
build/client/assets/route4.js                                             4.03 kB │ gzip:     1.23 kB
build/client/assets/route234.js                                           4.04 kB │ gzip:     1.12 kB
build/client/assets/route31.js                                            4.04 kB │ gzip:     1.72 kB
build/client/assets/checkbox.js                                           4.08 kB │ gzip:     1.73 kB
build/client/assets/route169.js                                           4.10 kB │ gzip:     1.75 kB
build/client/assets/theme-provider.js                                     4.11 kB │ gzip:     1.53 kB
build/client/assets/radio-group.js                                        4.26 kB │ gzip:     1.83 kB
build/client/assets/route75.js                                            4.29 kB │ gzip:     1.78 kB
build/client/assets/route128.js                                           4.31 kB │ gzip:     1.79 kB
build/client/assets/works-pagination-mode.js                              4.31 kB │ gzip:     1.95 kB
build/client/assets/route81.js                                            4.32 kB │ gzip:     1.96 kB
build/client/assets/post-form-item-video.js                               4.37 kB │ gzip:     2.14 kB
build/client/assets/terms2.js                                             4.38 kB │ gzip:     4.61 kB
build/client/assets/route125.js                                           4.39 kB │ gzip:     1.74 kB
build/client/assets/event-works-list-sortable-setting.js                  4.45 kB │ gzip:     1.00 kB
build/client/assets/masonry-work-grid.js                                  4.46 kB │ gzip:     1.65 kB
build/client/assets/select-created-works-dialog.js                        4.56 kB │ gzip:     1.87 kB
build/client/assets/create-album-dialog.js                                4.64 kB │ gzip:     1.91 kB
build/client/assets/route236.js                                           4.67 kB │ gzip:     1.28 kB
build/client/assets/route112.js                                           4.73 kB │ gzip:     1.96 kB
build/client/assets/route72.js                                            4.76 kB │ gzip:     1.33 kB
build/client/assets/route77.js                                            4.76 kB │ gzip:     1.33 kB
build/client/assets/route54.js                                            4.77 kB │ gzip:     1.33 kB
build/client/assets/route51.js                                            4.77 kB │ gzip:     1.33 kB
build/client/assets/embla-carousel-autoplay.esm.js                        4.77 kB │ gzip:     2.19 kB
build/client/assets/hover-card.js                                         4.82 kB │ gzip:     1.83 kB
build/client/assets/accordion.js                                          4.82 kB │ gzip:     1.85 kB
build/client/assets/sticker-search-form.js                                4.86 kB │ gzip:     1.74 kB
build/client/assets/like-button.js                                        4.87 kB │ gzip:     1.92 kB
build/client/assets/setting-notification-form.js                          4.89 kB │ gzip:     2.36 kB
build/client/assets/alert-dialog.js                                       4.89 kB │ gzip:     1.77 kB
build/client/assets/terms.js                                              4.90 kB │ gzip:     5.07 kB
build/client/assets/ja.js                                                 4.91 kB │ gzip:     2.08 kB
build/client/assets/event-wakiaiai-header.js                              5.01 kB │ gzip:     1.87 kB
build/client/assets/home-sensitive-works-section.js                       5.02 kB │ gzip:     2.09 kB
build/client/assets/route183.js                                           5.06 kB │ gzip:     2.18 kB
build/client/assets/works-list-sortable-setting.js                        5.07 kB │ gzip:     1.09 kB
build/client/assets/gallery-search-filters.js                             5.11 kB │ gzip:     1.96 kB
build/client/assets/theme-article.js                                      5.13 kB │ gzip:     2.05 kB
build/client/assets/route163.js                                           5.16 kB │ gzip:     1.82 kB
build/client/assets/route153.js                                           5.16 kB │ gzip:     1.89 kB
build/client/assets/route240.js                                           5.17 kB │ gzip:     2.20 kB
build/client/assets/route113.js                                           5.19 kB │ gzip:     2.06 kB
build/client/assets/route15.js                                            5.20 kB │ gzip:     1.89 kB
build/client/assets/login-dialog-content.js                               5.27 kB │ gzip:     2.34 kB
build/client/assets/inspect.js                                            5.37 kB │ gzip:     1.78 kB
build/client/assets/responsive-photo-video-works-album.js                 5.37 kB │ gzip:     1.85 kB
build/client/assets/route116.js                                           5.37 kB │ gzip:     1.97 kB
build/client/assets/route201.js                                           5.39 kB │ gzip:     2.10 kB
build/client/assets/route158.js                                           5.39 kB │ gzip:     1.84 kB
build/client/assets/index18.js                                            5.44 kB │ gzip:     2.02 kB
build/client/assets/public-album-list.js                                  5.51 kB │ gzip:     2.06 kB
build/client/assets/route149.js                                           5.52 kB │ gzip:     2.13 kB
build/client/assets/gallery-header.js                                     5.55 kB │ gzip:     2.11 kB
build/client/assets/popover.js                                            5.55 kB │ gzip:     1.96 kB
build/client/assets/route71.js                                            5.60 kB │ gzip:     1.36 kB
build/client/assets/route117.js                                           5.64 kB │ gzip:     3.12 kB
build/client/assets/route142.js                                           5.78 kB │ gzip:     1.94 kB
build/client/assets/useQuery.js                                           5.78 kB │ gzip:     2.30 kB
build/client/assets/route157.js                                           5.83 kB │ gzip:     2.34 kB
build/client/assets/sensitive-theme-container.js                          5.97 kB │ gzip:     2.38 kB
build/client/assets/route184.js                                           6.08 kB │ gzip:     2.15 kB
build/client/assets/home-novels-works-section.js                          6.09 kB │ gzip:     1.87 kB
build/client/assets/settings-navigation.js                                6.13 kB │ gzip:     1.80 kB
build/client/assets/post-image-form-reducer.js                            6.20 kB │ gzip:     1.65 kB
build/client/assets/sticker-recent.js                                     6.36 kB │ gzip:     3.26 kB
build/client/assets/route147.js                                           6.49 kB │ gzip:     1.87 kB
build/client/assets/route172.js                                           6.67 kB │ gzip:     2.91 kB
build/client/assets/route108.js                                           6.70 kB │ gzip:     2.96 kB
build/client/assets/route164.js                                           6.73 kB │ gzip:     2.64 kB
build/client/assets/fast-user-navigation-menu.js                          6.73 kB │ gzip:     2.49 kB
build/client/assets/event-award-work-list.js                              6.75 kB │ gzip:     2.51 kB
build/client/assets/admin-page-shell.js                                   6.77 kB │ gzip:     2.85 kB
build/client/assets/route27.js                                            6.80 kB │ gzip:     2.69 kB
build/client/assets/route56.js                                            6.83 kB │ gzip:     2.56 kB
build/client/assets/route175.js                                           6.85 kB │ gzip:     2.64 kB
build/client/assets/route129.js                                           6.88 kB │ gzip:     2.75 kB
build/client/assets/route122.js                                           6.91 kB │ gzip:     2.26 kB
build/client/assets/route174.js                                           6.94 kB │ gzip:     2.62 kB
build/client/assets/gql-tada.js                                           6.94 kB │ gzip:     2.47 kB
build/client/assets/home-menu-route-list.js                               7.12 kB │ gzip:     2.66 kB
build/client/assets/route95.js                                            7.22 kB │ gzip:     2.54 kB
build/client/assets/add-sticker-dialog.js                                 7.33 kB │ gzip:     2.90 kB
build/client/assets/route73.js                                            7.37 kB │ gzip:     2.58 kB
build/client/assets/route100.js                                           7.46 kB │ gzip:     2.84 kB
build/client/assets/route154.js                                           7.46 kB │ gzip:     2.68 kB
build/client/assets/route119.js                                           7.64 kB │ gzip:     2.77 kB
build/client/assets/route132.js                                           7.67 kB │ gzip:     2.75 kB
build/client/assets/route156.js                                           7.73 kB │ gzip:     2.84 kB
build/client/assets/route74.js                                            7.91 kB │ gzip:     2.91 kB
build/client/assets/route96.js                                            7.93 kB │ gzip:     2.91 kB
build/client/assets/route188.js                                           8.01 kB │ gzip:     3.10 kB
build/client/assets/route190.js                                           8.02 kB │ gzip:     2.97 kB
build/client/assets/route165.js                                           8.04 kB │ gzip:     2.64 kB
build/client/assets/route204.js                                           8.11 kB │ gzip:     2.71 kB
build/client/assets/route152.js                                           8.15 kB │ gzip:     2.97 kB
build/client/assets/tooltip.js                                            8.16 kB │ gzip:     2.98 kB
build/client/assets/route107.js                                           8.17 kB │ gzip:     3.33 kB
build/client/assets/jsx-runtime.js                                        8.24 kB │ gzip:     3.10 kB
build/client/assets/home-notifications-content-reply-item.js              8.25 kB │ gzip:     2.15 kB
build/client/assets/images-preview.js                                     8.32 kB │ gzip:     2.56 kB
build/client/assets/route182.js                                           8.36 kB │ gzip:     2.69 kB
build/client/assets/rows.js                                               8.44 kB │ gzip:     3.68 kB
build/client/assets/cropped-work-square.js                                8.63 kB │ gzip:     2.88 kB
build/client/assets/route198.js                                           8.68 kB │ gzip:     3.18 kB
build/client/assets/route173.js                                           8.69 kB │ gzip:     3.07 kB
build/client/assets/route102.js                                           8.73 kB │ gzip:     3.23 kB
build/client/assets/my-stickers-list.js                                   8.91 kB │ gzip:     3.08 kB
build/client/assets/route191.js                                           9.00 kB │ gzip:     3.01 kB
build/client/assets/route97.js                                            9.02 kB │ gzip:     3.18 kB
build/client/assets/select-created-works-dialog-with-ids.js               9.17 kB │ gzip:     3.49 kB
build/client/assets/download-zip-file.js                                  9.35 kB │ gzip:     4.86 kB
build/client/assets/theme-container.js                                    9.40 kB │ gzip:     3.47 kB
build/client/assets/slider.js                                             9.43 kB │ gzip:     3.79 kB
build/client/assets/route131.js                                           9.84 kB │ gzip:     3.94 kB
build/client/assets/route123.js                                           9.95 kB │ gzip:     3.34 kB
build/client/assets/route181.js                                          10.01 kB │ gzip:     2.96 kB
build/client/assets/route155.js                                          10.04 kB │ gzip:     3.37 kB
build/client/assets/useSuspenseQuery.js                                  10.07 kB │ gzip:     2.90 kB
build/client/assets/route30.js                                           10.23 kB │ gzip:     4.89 kB
build/client/assets/route178.js                                          10.39 kB │ gzip:     4.43 kB
build/client/assets/sensitive-toggle.js                                  10.52 kB │ gzip:     3.41 kB
build/client/assets/route124.js                                          10.57 kB │ gzip:     3.18 kB
build/client/assets/route213.js                                          10.60 kB │ gzip:     3.79 kB
build/client/assets/home-notifications-menu.js                           10.78 kB │ gzip:     3.27 kB
build/client/assets/route197.js                                          11.08 kB │ gzip:     4.46 kB
build/client/assets/route127.js                                          11.65 kB │ gzip:     4.16 kB
build/client/assets/route138.js                                          11.75 kB │ gzip:     3.71 kB
build/client/assets/route179.js                                          12.11 kB │ gzip:     3.81 kB
build/client/assets/route37.js                                           12.42 kB │ gzip:     4.40 kB
build/client/assets/ranking-sensitive-header.js                          12.56 kB │ gzip:     4.07 kB
build/client/assets/scroll-area.js                                       12.68 kB │ gzip:     3.94 kB
build/client/assets/route202.js                                          12.75 kB │ gzip:     3.32 kB
build/client/assets/route98.js                                           13.24 kB │ gzip:     4.11 kB
build/client/assets/index27.js                                           13.47 kB │ gzip:     4.97 kB
build/client/assets/ranking-work-list.js                                 13.59 kB │ gzip:     3.96 kB
build/client/assets/index5.js                                            13.61 kB │ gzip:     4.82 kB
build/client/assets/route192.js                                          13.62 kB │ gzip:     4.76 kB
build/client/assets/index.js                                             14.00 kB │ gzip:     5.30 kB
build/client/assets/route180.js                                          14.32 kB │ gzip:     4.82 kB
build/client/assets/index.esm2017.js                                     14.37 kB │ gzip:     4.22 kB
build/client/assets/route101.js                                          14.46 kB │ gzip:     4.86 kB
build/client/assets/route33.js                                           14.79 kB │ gzip:     5.05 kB
build/client/assets/post-form-item-draggable-images.js                   14.92 kB │ gzip:     6.26 kB
build/client/assets/user-event-editor-page.js                            15.01 kB │ gzip:     5.52 kB
build/client/assets/route176.js                                          15.47 kB │ gzip:     5.16 kB
build/client/assets/route209.js                                          15.67 kB │ gzip:     4.76 kB
build/client/assets/app-common-layout.js                                 15.94 kB │ gzip:     5.28 kB
build/client/assets/route118.js                                          16.09 kB │ gzip:     5.10 kB
build/client/assets/index21.js                                           16.11 kB │ gzip:     6.06 kB
build/client/assets/user-navigation-menu-content.js                      16.15 kB │ gzip:     4.44 kB
build/client/assets/route126.js                                          16.18 kB │ gzip:     4.87 kB
build/client/assets/responsive-photo-works-album.js                      16.30 kB │ gzip:     4.12 kB
build/client/assets/route241.js                                          16.58 kB │ gzip:     5.65 kB
build/client/assets/route143.js                                          17.56 kB │ gzip:     6.02 kB
build/client/assets/route99.js                                           17.69 kB │ gzip:     6.52 kB
build/client/assets/route203.js                                          17.90 kB │ gzip:     7.13 kB
build/client/assets/index.esm20173.js                                    18.15 kB │ gzip:     3.37 kB
build/client/assets/route34.js                                           18.31 kB │ gzip:     5.89 kB
build/client/assets/setting-profile-form.js                              18.42 kB │ gzip:     5.60 kB
build/client/assets/route199.js                                          18.45 kB │ gzip:     6.57 kB
build/client/assets/make-navigate-callback.js                            19.61 kB │ gzip:     6.10 kB
build/client/assets/work-comment.js                                      20.47 kB │ gzip:     7.61 kB
build/client/assets/format.js                                            20.94 kB │ gzip:     5.95 kB
build/client/assets/route170.js                                          21.17 kB │ gzip:     6.00 kB
build/client/assets/tag-input.js                                         21.49 kB │ gzip:     7.78 kB
build/client/assets/select.js                                            21.49 kB │ gzip:     7.35 kB
build/client/assets/dropdown-menu.js                                     21.80 kB │ gzip:     6.26 kB
build/client/assets/route121.js                                          21.89 kB │ gzip:     6.09 kB
build/client/assets/route133.js                                          21.91 kB │ gzip:     7.08 kB
build/client/assets/work-comment-list.js                                 22.86 kB │ gzip:     6.20 kB
build/client/assets/route208.js                                          23.01 kB │ gzip:     6.54 kB
build/client/assets/carousel.js                                          23.05 kB │ gzip:     9.31 kB
build/client/assets/route238.js                                          23.74 kB │ gzip:     7.34 kB
build/client/assets/sidebar-provider.js                                  24.28 kB │ gzip:     8.28 kB
build/client/assets/upload-text-file.js                                  24.39 kB │ gzip:     8.26 kB
build/client/assets/utils.js                                             24.87 kB │ gzip:     7.94 kB
build/client/assets/modal-image-cropper.js                               25.60 kB │ gzip:     7.89 kB
build/client/assets/index.esm20174.js                                    25.64 kB │ gzip:     4.96 kB
build/client/assets/route207.js                                          25.89 kB │ gzip:     7.53 kB
build/client/assets/route120.js                                          25.92 kB │ gzip:     7.28 kB
build/client/assets/route195.js                                          26.71 kB │ gzip:     7.94 kB
build/client/assets/index30.js                                           26.81 kB │ gzip:    10.26 kB
build/client/assets/route196.js                                          27.65 kB │ gzip:     9.44 kB
build/client/assets/react-resizable-panels.browser.js                    27.76 kB │ gzip:     9.71 kB
build/client/assets/route139.js                                          27.94 kB │ gzip:     8.93 kB
build/client/assets/route61.js                                           29.01 kB │ gzip:     9.20 kB
build/client/assets/config.js                                            29.21 kB │ gzip:     9.68 kB
build/client/assets/post-image-form-input.js                             29.24 kB │ gzip:     9.12 kB
build/client/assets/index29.js                                           29.40 kB │ gzip:     7.78 kB
build/client/assets/paint-canvas.js                                      29.93 kB │ gzip:     9.02 kB
build/client/assets/route29.js                                           31.22 kB │ gzip:     7.96 kB
build/client/assets/sort-list-selector.js                                31.31 kB │ gzip:     9.57 kB
build/client/assets/route200.js                                          31.36 kB │ gzip:     9.08 kB
build/client/assets/index7.js                                            32.89 kB │ gzip:     9.42 kB
build/client/assets/ObservableQuery.js                                   33.47 kB │ gzip:    10.70 kB
build/client/assets/route206.js                                          33.92 kB │ gzip:    10.21 kB
build/client/assets/use-work-dialog-url.js                               34.44 kB │ gzip:    10.67 kB
build/client/assets/route177.js                                          37.34 kB │ gzip:    12.00 kB
build/client/assets/components.js                                        40.27 kB │ gzip:    13.33 kB
build/client/assets/app-markdown.js                                      41.05 kB │ gzip:    12.70 kB
build/client/assets/index.esm20172.js                                    42.78 kB │ gzip:     9.77 kB
build/client/assets/sortable.esm.js                                      48.44 kB │ gzip:    16.07 kB
build/client/assets/route210.js                                          56.39 kB │ gzip:    13.64 kB
build/client/assets/work-article.js                                      59.55 kB │ gzip:    16.69 kB
build/client/assets/route211.js                                          59.70 kB │ gzip:    13.63 kB
build/client/assets/index2.js                                            61.13 kB │ gzip:    20.91 kB
build/client/assets/route242.js                                          68.87 kB │ gzip:    20.96 kB
build/client/assets/use-generation-context.js                            72.22 kB │ gzip:    20.49 kB
build/client/assets/route239.js                                          83.65 kB │ gzip:    20.01 kB
build/client/assets/post-form-permission-setting.js                      86.69 kB │ gzip:    27.72 kB
build/client/assets/route212.js                                         101.34 kB │ gzip:    28.12 kB
build/client/assets/index-68039fd7.js                                   115.03 kB │ gzip:    23.33 kB
build/client/assets/generation-submit-operation-parts.js                123.89 kB │ gzip:    33.42 kB
build/client/assets/route205.js                                         126.12 kB │ gzip:    40.31 kB
build/client/assets/index6.js                                           134.40 kB │ gzip:    43.36 kB
build/client/assets/root.js                                             239.40 kB │ gzip:    78.65 kB
build/client/assets/route105.js                                         390.15 kB │ gzip:   107.30 kB
build/client/assets/index32.js                                          421.73 kB │ gzip:   145.01 kB
build/client/assets/stream-preview-video.js                             524.59 kB │ gzip:   162.33 kB

(!) Some chunks are larger than 500 kB after minification. Consider:
- Using dynamic import() to code-split the application
- Use build.rollupOptions.output.manualChunks to improve chunking: https://rollupjs.org/configuration-options/#output-manualchunks
- Adjust chunk size limit for this warning via build.chunkSizeWarningLimit.
✓ built in 9.66s
vite v5.4.19 building SSR bundle for production...
transforming...
app/components/button/follow-button.tsx (1:0): Error when using sourcemap for reporting an error: Can't resolve original location of error.
app/routes/($lang)._main.posts.$post._index/components/delete-sticker-confirm-dialog.tsx (1:0): Error when using sourcemap for reporting an error: Can't resolve original location of error.
app/routes/($lang)._main.posts.$post._index/components/delete-work-confirm-dialog.tsx (1:0): Error when using sourcemap for reporting an error: Can't resolve original location of error.
✓ 1118 modules transformed.
rendering chunks...
[plugin:vite:reporter] [plugin vite:reporter] 
(!) /Users/nakatsuka-k/Documents/GitHub/aipictors-all/aipictors/app/components/ui/resizable.tsx is dynamically imported by /Users/nakatsuka-k/Documents/GitHub/aipictors-all/aipictors/app/components/resizable-panel-with-memory.tsx but also statically imported by /Users/nakatsuka-k/Documents/GitHub/aipictors-all/aipictors/app/routes/($lang).generation._index/components/generation-view/generation-main-view.tsx, /Users/nakatsuka-k/Documents/GitHub/aipictors-all/aipictors/app/routes/($lang).generation._index/components/generation-view/generation-view.tsx, /Users/nakatsuka-k/Documents/GitHub/aipictors-all/aipictors/app/routes/($lang).generation.demonstration/components/generation-view/generation-demo-view.tsx, dynamic import will not move module into another chunk.

build/server/assets/m-plus-rounded-1c-53-300-normal.woff2                4.13 kB
build/server/assets/m-plus-2-54-wght-normal.woff2                        4.16 kB
build/server/assets/m-plus-rounded-1c-53-400-normal.woff2                4.22 kB
build/server/assets/m-plus-rounded-1c-53-500-normal.woff2                4.24 kB
build/server/assets/m-plus-rounded-1c-hebrew-100-normal.woff2            4.33 kB
build/server/assets/noto-sans-jp-latin-ext-100-normal.woff2              4.39 kB
build/server/assets/m-plus-rounded-1c-53-800-normal.woff2                4.42 kB
build/server/assets/m-plus-rounded-1c-53-700-normal.woff2                4.43 kB
build/server/assets/noto-sans-jp-latin-ext-200-normal.woff2              4.43 kB
build/server/assets/noto-sans-jp-latin-ext-300-normal.woff2              4.45 kB
build/server/assets/noto-sans-jp-latin-ext-400-normal.woff2              4.46 kB
build/server/assets/m-plus-rounded-1c-53-900-normal.woff2                4.47 kB
build/server/assets/noto-sans-jp-latin-ext-700-normal.woff2              4.48 kB
build/server/assets/noto-sans-jp-latin-ext-900-normal.woff2              4.49 kB
build/server/assets/noto-sans-jp-latin-ext-600-normal.woff2              4.50 kB
build/server/assets/noto-sans-jp-vietnamese-100-normal.woff2             4.51 kB
build/server/assets/noto-sans-jp-latin-ext-500-normal.woff2              4.56 kB
build/server/assets/noto-sans-jp-latin-ext-800-normal.woff2              4.60 kB
build/server/assets/noto-sans-jp-vietnamese-900-normal.woff2             4.62 kB
build/server/assets/noto-sans-jp-vietnamese-400-normal.woff2             4.69 kB
build/server/assets/noto-sans-jp-vietnamese-200-normal.woff2             4.73 kB
build/server/assets/noto-sans-jp-vietnamese-300-normal.woff2             4.73 kB
build/server/assets/m-plus-rounded-1c-hebrew-900-normal.woff2            4.75 kB
build/server/assets/noto-sans-jp-vietnamese-700-normal.woff2             4.78 kB
build/server/assets/noto-sans-jp-vietnamese-600-normal.woff2             4.79 kB
build/server/assets/m-plus-rounded-1c-53-100-normal.woff                 4.80 kB
build/server/assets/noto-sans-jp-vietnamese-800-normal.woff2             4.81 kB
build/server/assets/noto-sans-jp-vietnamese-500-normal.woff2             4.83 kB
build/server/assets/m-plus-rounded-1c-hebrew-300-normal.woff2            4.87 kB
build/server/assets/yomogi-vietnamese-400-normal.woff2                   4.90 kB
build/server/assets/m-plus-rounded-1c-53-300-normal.woff                 4.93 kB
build/server/assets/m-plus-rounded-1c-hebrew-500-normal.woff2            4.94 kB
build/server/assets/m-plus-rounded-1c-hebrew-400-normal.woff2            4.95 kB
build/server/assets/m-plus-rounded-1c-hebrew-800-normal.woff2            4.98 kB
build/server/assets/m-plus-rounded-1c-hebrew-700-normal.woff2            5.02 kB
build/server/assets/m-plus-rounded-1c-53-400-normal.woff                 5.08 kB
build/server/assets/m-plus-rounded-1c-53-500-normal.woff                 5.08 kB
build/server/assets/noto-sans-jp-cyrillic-100-normal.woff2               5.18 kB
build/server/assets/m-plus-rounded-1c-53-700-normal.woff                 5.27 kB
build/server/assets/m-plus-rounded-1c-53-800-normal.woff                 5.28 kB
build/server/assets/noto-sans-jp-cyrillic-300-normal.woff2               5.29 kB
build/server/assets/noto-sans-jp-cyrillic-400-normal.woff2               5.30 kB
build/server/assets/noto-sans-jp-cyrillic-500-normal.woff2               5.32 kB
build/server/assets/noto-sans-jp-cyrillic-200-normal.woff2               5.34 kB
build/server/assets/noto-sans-jp-cyrillic-600-normal.woff2               5.34 kB
build/server/assets/noto-sans-jp-cyrillic-700-normal.woff2               5.35 kB
build/server/assets/m-plus-rounded-1c-53-900-normal.woff                 5.36 kB
build/server/assets/noto-sans-jp-cyrillic-900-normal.woff2               5.36 kB
build/server/assets/m-plus-rounded-1c-vietnamese-100-normal.woff2        5.37 kB
build/server/assets/noto-sans-jp-cyrillic-800-normal.woff2               5.37 kB
build/server/assets/m-plus-rounded-1c-hebrew-100-normal.woff             5.53 kB
build/server/assets/noto-serif-jp-latin-ext-200-normal.woff2             5.59 kB
build/server/assets/noto-serif-jp-latin-ext-300-normal.woff2             5.73 kB
build/server/assets/m-plus-rounded-1c-57-100-normal.woff2                5.74 kB
build/server/assets/noto-serif-jp-latin-ext-400-normal.woff2             5.74 kB
build/server/assets/noto-serif-jp-vietnamese-200-normal.woff2            5.75 kB
build/server/assets/noto-serif-jp-latin-ext-900-normal.woff2             5.77 kB
build/server/assets/noto-serif-jp-latin-ext-600-normal.woff2             5.78 kB
build/server/assets/noto-serif-jp-latin-ext-700-normal.woff2             5.78 kB
build/server/assets/noto-serif-jp-latin-ext-500-normal.woff2             5.79 kB
build/server/assets/noto-serif-jp-vietnamese-500-normal.woff2            5.82 kB
build/server/assets/noto-serif-jp-latin-ext-800-normal.woff2             5.83 kB
build/server/assets/m-plus-rounded-1c-50-100-normal.woff2                5.86 kB
build/server/assets/noto-serif-jp-vietnamese-900-normal.woff2            5.88 kB
build/server/assets/noto-sans-jp-latin-ext-100-normal.woff               5.90 kB
build/server/assets/noto-serif-jp-vietnamese-600-normal.woff2            5.91 kB
build/server/assets/noto-sans-jp-latin-ext-200-normal.woff               5.93 kB
build/server/assets/m-plus-rounded-1c-hebrew-900-normal.woff             5.97 kB
build/server/assets/noto-serif-jp-vietnamese-700-normal.woff2            5.97 kB
build/server/assets/noto-sans-jp-latin-ext-400-normal.woff               5.98 kB
build/server/assets/noto-serif-jp-vietnamese-400-normal.woff2            5.98 kB
build/server/assets/noto-sans-jp-latin-ext-500-normal.woff               5.99 kB
build/server/assets/m-plus-rounded-1c-vietnamese-300-normal.woff2        5.99 kB
build/server/assets/m-plus-rounded-1c-57-900-normal.woff2                5.99 kB
build/server/assets/noto-serif-jp-vietnamese-800-normal.woff2            6.00 kB
build/server/assets/noto-sans-jp-latin-ext-300-normal.woff               6.00 kB
build/server/assets/noto-sans-jp-latin-ext-600-normal.woff               6.02 kB
build/server/assets/noto-serif-jp-vietnamese-300-normal.woff2            6.02 kB
build/server/assets/m-plus-rounded-1c-57-500-normal.woff2                6.03 kB
build/server/assets/noto-sans-jp-latin-ext-900-normal.woff               6.04 kB
build/server/assets/m-plus-rounded-1c-57-300-normal.woff2                6.04 kB
build/server/assets/noto-sans-jp-latin-ext-700-normal.woff               6.05 kB
build/server/assets/noto-sans-jp-latin-ext-800-normal.woff               6.06 kB
build/server/assets/m-plus-rounded-1c-hebrew-400-normal.woff             6.11 kB
build/server/assets/m-plus-rounded-1c-57-700-normal.woff2                6.12 kB
build/server/assets/m-plus-rounded-1c-hebrew-300-normal.woff             6.16 kB
build/server/assets/m-plus-rounded-1c-57-400-normal.woff2                6.17 kB
build/server/assets/m-plus-rounded-1c-57-800-normal.woff2                6.17 kB
build/server/assets/yomogi-vietnamese-400-normal.woff                    6.18 kB
build/server/assets/m-plus-rounded-1c-hebrew-500-normal.woff             6.22 kB
build/server/assets/m-plus-rounded-1c-hebrew-700-normal.woff             6.24 kB
build/server/assets/m-plus-rounded-1c-hebrew-800-normal.woff             6.25 kB
build/server/assets/m-plus-rounded-1c-vietnamese-400-normal.woff2        6.27 kB
build/server/assets/m-plus-rounded-1c-vietnamese-500-normal.woff2        6.28 kB
build/server/assets/noto-sans-jp-vietnamese-100-normal.woff              6.30 kB
build/server/assets/m-plus-rounded-1c-vietnamese-900-normal.woff2        6.33 kB
build/server/assets/m-plus-rounded-1c-cyrillic-100-normal.woff2          6.36 kB
build/server/assets/m-plus-rounded-1c-vietnamese-700-normal.woff2        6.39 kB
build/server/assets/noto-sans-jp-57-100-normal.woff2                     6.40 kB
build/server/assets/noto-sans-jp-vietnamese-400-normal.woff              6.47 kB
build/server/assets/noto-sans-jp-57-300-normal.woff2                     6.48 kB
build/server/assets/noto-sans-jp-vietnamese-200-normal.woff              6.49 kB
build/server/assets/noto-sans-jp-vietnamese-300-normal.woff              6.50 kB
build/server/assets/noto-sans-jp-57-400-normal.woff2                     6.50 kB
build/server/assets/noto-sans-jp-cyrillic-100-normal.woff                6.52 kB
build/server/assets/noto-sans-jp-vietnamese-500-normal.woff              6.52 kB
build/server/assets/noto-sans-jp-57-900-normal.woff2                     6.53 kB
build/server/assets/m-plus-rounded-1c-20-100-normal.woff2                6.53 kB
build/server/assets/noto-sans-jp-57-500-normal.woff2                     6.54 kB
build/server/assets/m-plus-rounded-1c-vietnamese-800-normal.woff2        6.54 kB
build/server/assets/noto-sans-jp-vietnamese-600-normal.woff              6.55 kB
build/server/assets/noto-sans-jp-57-200-normal.woff2                     6.56 kB
build/server/assets/noto-sans-jp-57-700-normal.woff2                     6.56 kB
build/server/assets/noto-sans-jp-117-100-normal.woff2                    6.57 kB
build/server/assets/noto-sans-jp-57-800-normal.woff2                     6.57 kB
build/server/assets/m-plus-rounded-1c-greek-ext-100-normal.woff2         6.58 kB
build/server/assets/noto-sans-jp-vietnamese-900-normal.woff              6.58 kB
build/server/assets/noto-sans-jp-vietnamese-700-normal.woff              6.58 kB
build/server/assets/noto-sans-jp-57-600-normal.woff2                     6.58 kB
build/server/assets/noto-sans-jp-vietnamese-800-normal.woff              6.63 kB
build/server/assets/noto-sans-jp-cyrillic-200-normal.woff                6.64 kB
build/server/assets/noto-sans-jp-117-200-normal.woff2                    6.68 kB
build/server/assets/noto-sans-jp-cyrillic-500-normal.woff                6.68 kB
build/server/assets/noto-sans-jp-cyrillic-900-normal.woff                6.68 kB
build/server/assets/noto-sans-jp-cyrillic-400-normal.woff                6.68 kB
build/server/assets/noto-sans-jp-cyrillic-600-normal.woff                6.69 kB
build/server/assets/noto-sans-jp-cyrillic-800-normal.woff                6.70 kB
build/server/assets/m-plus-rounded-1c-cyrillic-900-normal.woff2          6.70 kB
build/server/assets/noto-sans-jp-cyrillic-700-normal.woff                6.70 kB
build/server/assets/noto-sans-jp-117-300-normal.woff2                    6.71 kB
build/server/assets/noto-sans-jp-cyrillic-300-normal.woff                6.72 kB
build/server/assets/noto-sans-jp-117-400-normal.woff2                    6.75 kB
build/server/assets/m-plus-rounded-1c-50-300-normal.woff2                6.78 kB
build/server/assets/noto-sans-jp-117-500-normal.woff2                    6.78 kB
build/server/assets/noto-sans-jp-117-600-normal.woff2                    6.78 kB
build/server/assets/noto-sans-jp-117-700-normal.woff2                    6.80 kB
build/server/assets/noto-sans-jp-117-900-normal.woff2                    6.91 kB
build/server/assets/m-plus-rounded-1c-13-100-normal.woff2                6.92 kB
build/server/assets/noto-sans-jp-117-800-normal.woff2                    6.94 kB
build/server/assets/m-plus-rounded-1c-cyrillic-300-normal.woff2          6.95 kB
build/server/assets/noto-serif-jp-latin-ext-200-normal.woff              6.97 kB
build/server/assets/noto-serif-jp-latin-ext-400-normal.woff              7.02 kB
build/server/assets/m-plus-rounded-1c-50-400-normal.woff2                7.04 kB
build/server/assets/noto-serif-jp-latin-ext-300-normal.woff              7.04 kB
build/server/assets/m-plus-rounded-1c-cyrillic-800-normal.woff2          7.06 kB
build/server/assets/noto-serif-jp-latin-ext-600-normal.woff              7.08 kB
build/server/assets/m-plus-rounded-1c-greek-100-normal.woff2             7.09 kB
build/server/assets/noto-serif-jp-latin-ext-500-normal.woff              7.10 kB
build/server/assets/m-plus-rounded-1c-cyrillic-700-normal.woff2          7.11 kB
build/server/assets/m-plus-rounded-1c-50-100-normal.woff                 7.11 kB
build/server/assets/m-plus-rounded-1c-cyrillic-400-normal.woff2          7.12 kB
build/server/assets/m-plus-rounded-1c-117-100-normal.woff2               7.12 kB
build/server/assets/m-plus-rounded-1c-50-500-normal.woff2                7.12 kB
build/server/assets/m-plus-rounded-1c-50-900-normal.woff2                7.12 kB
build/server/assets/noto-serif-jp-latin-ext-900-normal.woff              7.12 kB
build/server/assets/noto-serif-jp-latin-ext-800-normal.woff              7.13 kB
build/server/assets/noto-serif-jp-latin-ext-700-normal.woff              7.14 kB
build/server/assets/m-plus-rounded-1c-cyrillic-500-normal.woff2          7.21 kB
build/server/assets/m-plus-rounded-1c-vietnamese-100-normal.woff         7.27 kB
build/server/assets/m-plus-rounded-1c-50-800-normal.woff2                7.32 kB
build/server/assets/m-plus-rounded-1c-50-700-normal.woff2                7.34 kB
build/server/assets/noto-serif-jp-57-200-normal.woff2                    7.37 kB
build/server/assets/noto-serif-jp-vietnamese-200-normal.woff             7.37 kB
build/server/assets/m-plus-rounded-1c-5-100-normal.woff2                 7.38 kB
build/server/assets/noto-serif-jp-57-300-normal.woff2                    7.40 kB
build/server/assets/noto-serif-jp-57-500-normal.woff2                    7.40 kB
build/server/assets/noto-serif-jp-57-600-normal.woff2                    7.41 kB
build/server/assets/noto-serif-jp-57-700-normal.woff2                    7.42 kB
build/server/assets/noto-serif-jp-57-900-normal.woff2                    7.42 kB
build/server/assets/noto-serif-jp-57-400-normal.woff2                    7.43 kB
build/server/assets/noto-serif-jp-vietnamese-900-normal.woff             7.44 kB
build/server/assets/noto-serif-jp-57-800-normal.woff2                    7.44 kB
build/server/assets/noto-serif-jp-vietnamese-400-normal.woff             7.46 kB
build/server/assets/noto-serif-jp-vietnamese-500-normal.woff             7.48 kB
build/server/assets/noto-serif-jp-vietnamese-300-normal.woff             7.50 kB
build/server/assets/noto-serif-jp-vietnamese-600-normal.woff             7.52 kB
build/server/assets/noto-serif-jp-vietnamese-700-normal.woff             7.58 kB
build/server/assets/noto-serif-jp-vietnamese-800-normal.woff             7.59 kB
build/server/assets/m-plus-rounded-1c-greek-900-normal.woff2             7.68 kB
build/server/assets/m-plus-rounded-1c-greek-ext-300-normal.woff2         7.73 kB
build/server/assets/m-plus-rounded-1c-58-100-normal.woff2                7.75 kB
build/server/assets/m-plus-rounded-1c-greek-300-normal.woff2             7.76 kB
build/server/assets/m-plus-rounded-1c-20-100-normal.woff                 7.76 kB
build/server/assets/m-plus-rounded-1c-57-100-normal.woff                 7.77 kB
build/server/assets/yomogi-cyrillic-400-normal.woff2                     7.80 kB
build/server/assets/noto-sans-jp-114-100-normal.woff2                    7.81 kB
build/server/assets/noto-serif-jp-cyrillic-200-normal.woff2              7.85 kB
build/server/assets/m-plus-rounded-1c-greek-400-normal.woff2             7.89 kB
build/server/assets/m-plus-rounded-1c-20-300-normal.woff2                7.90 kB
build/server/assets/noto-sans-jp-114-200-normal.woff2                    7.91 kB
build/server/assets/m-plus-rounded-1c-greek-500-normal.woff2             7.93 kB
build/server/assets/noto-serif-jp-cyrillic-300-normal.woff2              7.94 kB
build/server/assets/m-plus-rounded-1c-greek-ext-400-normal.woff2         7.94 kB
build/server/assets/noto-sans-jp-114-300-normal.woff2                    7.96 kB
build/server/assets/m-plus-rounded-1c-greek-800-normal.woff2             7.97 kB
build/server/assets/m-plus-rounded-1c-greek-700-normal.woff2             8.00 kB
build/server/assets/m-plus-rounded-1c-117-300-normal.woff2               8.02 kB
build/server/assets/noto-sans-jp-113-100-normal.woff2                    8.03 kB
build/server/assets/noto-serif-jp-cyrillic-500-normal.woff2              8.03 kB
build/server/assets/noto-serif-jp-cyrillic-400-normal.woff2              8.04 kB
build/server/assets/noto-serif-jp-cyrillic-600-normal.woff2              8.05 kB
build/server/assets/m-plus-rounded-1c-57-900-normal.woff                 8.06 kB
build/server/assets/noto-sans-jp-114-400-normal.woff2                    8.08 kB
build/server/assets/noto-serif-jp-cyrillic-800-normal.woff2              8.08 kB
build/server/assets/m-plus-rounded-1c-57-500-normal.woff                 8.09 kB
build/server/assets/noto-serif-jp-cyrillic-700-normal.woff2              8.10 kB
build/server/assets/noto-serif-jp-cyrillic-900-normal.woff2              8.10 kB
build/server/assets/m-plus-rounded-1c-50-300-normal.woff                 8.11 kB
build/server/assets/noto-sans-jp-113-200-normal.woff2                    8.11 kB
build/server/assets/noto-sans-jp-113-300-normal.woff2                    8.13 kB
build/server/assets/m-plus-rounded-1c-13-100-normal.woff                 8.13 kB
build/server/assets/m-plus-rounded-1c-57-300-normal.woff                 8.14 kB
build/server/assets/m-plus-rounded-1c-vietnamese-300-normal.woff         8.14 kB
build/server/assets/noto-sans-jp-114-600-normal.woff2                    8.14 kB
build/server/assets/m-plus-rounded-1c-57-800-normal.woff                 8.16 kB
build/server/assets/m-plus-rounded-1c-57-400-normal.woff                 8.18 kB
build/server/assets/m-plus-rounded-1c-57-700-normal.woff                 8.18 kB
build/server/assets/noto-sans-jp-114-700-normal.woff2                    8.21 kB
build/server/assets/noto-sans-jp-114-800-normal.woff2                    8.22 kB
build/server/assets/noto-sans-jp-114-900-normal.woff2                    8.22 kB
build/server/assets/noto-sans-jp-114-500-normal.woff2                    8.22 kB
build/server/assets/noto-serif-jp-117-200-normal.woff2                   8.23 kB
build/server/assets/noto-sans-jp-109-100-normal.woff2                    8.25 kB
build/server/assets/noto-sans-jp-113-400-normal.woff2                    8.26 kB
build/server/assets/m-plus-rounded-1c-20-400-normal.woff2                8.27 kB
build/server/assets/noto-sans-jp-113-500-normal.woff2                    8.28 kB
build/server/assets/m-plus-rounded-1c-vietnamese-400-normal.woff         8.28 kB
build/server/assets/m-plus-rounded-1c-20-900-normal.woff2                8.28 kB
build/server/assets/m-plus-rounded-1c-cyrillic-100-normal.woff           8.28 kB
build/server/assets/m-plus-rounded-1c-greek-ext-900-normal.woff2         8.30 kB
build/server/assets/noto-sans-jp-113-600-normal.woff2                    8.32 kB
build/server/assets/m-plus-rounded-1c-vietnamese-500-normal.woff         8.32 kB
build/server/assets/m-plus-rounded-1c-117-400-normal.woff2               8.33 kB
build/server/assets/noto-sans-jp-109-200-normal.woff2                    8.33 kB
build/server/assets/noto-sans-jp-113-700-normal.woff2                    8.36 kB
build/server/assets/m-plus-2-vietnamese-wght-normal.woff2                8.38 kB
build/server/assets/m-plus-rounded-1c-50-900-normal.woff                 8.38 kB
build/server/assets/m-plus-rounded-1c-50-400-normal.woff                 8.38 kB
build/server/assets/noto-sans-jp-109-300-normal.woff2                    8.40 kB
build/server/assets/noto-sans-jp-113-900-normal.woff2                    8.40 kB
build/server/assets/m-plus-rounded-1c-13-300-normal.woff2                8.43 kB
build/server/assets/noto-sans-jp-110-100-normal.woff2                    8.43 kB
build/server/assets/noto-serif-jp-117-300-normal.woff2                   8.43 kB
build/server/assets/m-plus-rounded-1c-vietnamese-900-normal.woff         8.43 kB
build/server/assets/m-plus-rounded-1c-20-500-normal.woff2                8.44 kB
build/server/assets/noto-sans-jp-113-800-normal.woff2                    8.44 kB
build/server/assets/m-plus-rounded-1c-58-500-normal.woff2                8.45 kB
build/server/assets/m-plus-rounded-1c-greek-ext-500-normal.woff2         8.45 kB
build/server/assets/m-plus-rounded-1c-vietnamese-700-normal.woff         8.46 kB
build/server/assets/m-plus-rounded-1c-50-500-normal.woff                 8.47 kB
build/server/assets/yomogi-57-400-normal.woff2                           8.47 kB
build/server/assets/m-plus-rounded-1c-cyrillic-900-normal.woff           8.48 kB
build/server/assets/noto-sans-jp-112-100-normal.woff2                    8.48 kB
build/server/assets/noto-sans-jp-109-400-normal.woff2                    8.50 kB
build/server/assets/noto-sans-jp-101-100-normal.woff2                    8.50 kB
build/server/assets/noto-serif-jp-117-400-normal.woff2                   8.50 kB
build/server/assets/m-plus-rounded-1c-117-500-normal.woff2               8.53 kB
build/server/assets/m-plus-rounded-1c-5-300-normal.woff2                 8.55 kB
build/server/assets/m-plus-rounded-1c-58-300-normal.woff2                8.55 kB
build/server/assets/noto-serif-jp-117-500-normal.woff2                   8.55 kB
build/server/assets/noto-serif-jp-cyrillic-200-normal.woff               8.55 kB
build/server/assets/m-plus-rounded-1c-58-900-normal.woff2                8.57 kB
build/server/assets/m-plus-rounded-1c-117-900-normal.woff2               8.57 kB
build/server/assets/m-plus-rounded-1c-6-100-normal.woff2                 8.57 kB
build/server/assets/m-plus-rounded-1c-13-400-normal.woff2                8.58 kB
build/server/assets/m-plus-rounded-1c-greek-ext-700-normal.woff2         8.58 kB
build/server/assets/noto-sans-jp-109-500-normal.woff2                    8.58 kB
build/server/assets/m-plus-rounded-1c-58-700-normal.woff2                8.59 kB
build/server/assets/m-plus-rounded-1c-117-100-normal.woff                8.59 kB
build/server/assets/noto-sans-jp-109-600-normal.woff2                    8.61 kB
build/server/assets/noto-sans-jp-112-200-normal.woff2                    8.62 kB
build/server/assets/noto-sans-jp-109-700-normal.woff2                    8.62 kB
build/server/assets/m-plus-rounded-1c-50-800-normal.woff                 8.62 kB
build/server/assets/m-plus-rounded-1c-58-400-normal.woff2                8.65 kB
build/server/assets/m-plus-rounded-1c-50-700-normal.woff                 8.65 kB
build/server/assets/noto-sans-jp-115-100-normal.woff2                    8.66 kB
build/server/assets/noto-sans-jp-101-200-normal.woff2                    8.66 kB
build/server/assets/noto-serif-jp-117-700-normal.woff2                   8.66 kB
build/server/assets/noto-sans-jp-117-100-normal.woff                     8.67 kB
build/server/assets/m-plus-rounded-1c-vietnamese-800-normal.woff         8.67 kB
build/server/assets/noto-serif-jp-cyrillic-800-normal.woff               8.67 kB
build/server/assets/noto-serif-jp-cyrillic-900-normal.woff               8.67 kB
build/server/assets/noto-sans-jp-101-300-normal.woff2                    8.68 kB
build/server/assets/noto-serif-jp-117-900-normal.woff2                   8.68 kB
build/server/assets/noto-serif-jp-117-600-normal.woff2                   8.68 kB
build/server/assets/noto-sans-jp-117-600-normal.woff                     8.69 kB
build/server/assets/noto-sans-jp-117-200-normal.woff                     8.70 kB
build/server/assets/m-plus-rounded-1c-114-100-normal.woff2               8.70 kB
build/server/assets/noto-sans-jp-112-300-normal.woff2                    8.70 kB
build/server/assets/noto-sans-jp-117-400-normal.woff                     8.70 kB
build/server/assets/noto-sans-jp-117-500-normal.woff                     8.71 kB
build/server/assets/noto-serif-jp-cyrillic-300-normal.woff               8.71 kB
build/server/assets/noto-serif-jp-117-800-normal.woff2                   8.71 kB
build/server/assets/noto-serif-jp-cyrillic-400-normal.woff               8.71 kB
build/server/assets/noto-sans-jp-110-200-normal.woff2                    8.72 kB
build/server/assets/noto-sans-jp-109-800-normal.woff2                    8.72 kB
build/server/assets/noto-sans-jp-117-300-normal.woff                     8.72 kB
build/server/assets/m-plus-rounded-1c-5-100-normal.woff                  8.74 kB
build/server/assets/noto-sans-jp-117-900-normal.woff                     8.74 kB
build/server/assets/noto-serif-jp-cyrillic-600-normal.woff               8.76 kB
build/server/assets/noto-sans-jp-110-300-normal.woff2                    8.76 kB
build/server/assets/noto-sans-jp-117-700-normal.woff                     8.77 kB
build/server/assets/m-plus-rounded-1c-13-500-normal.woff2                8.77 kB
build/server/assets/noto-sans-jp-117-800-normal.woff                     8.77 kB
build/server/assets/m-plus-rounded-1c-13-900-normal.woff2                8.78 kB
build/server/assets/noto-sans-jp-109-900-normal.woff2                    8.78 kB
build/server/assets/noto-serif-jp-cyrillic-700-normal.woff               8.78 kB
build/server/assets/noto-sans-jp-115-200-normal.woff2                    8.79 kB
build/server/assets/noto-serif-jp-cyrillic-500-normal.woff               8.79 kB
build/server/assets/noto-sans-jp-112-400-normal.woff2                    8.81 kB
build/server/assets/m-plus-rounded-1c-58-800-normal.woff2                8.81 kB
build/server/assets/m-plus-rounded-1c-cyrillic-800-normal.woff           8.82 kB
build/server/assets/noto-sans-jp-101-400-normal.woff2                    8.82 kB
build/server/assets/noto-sans-jp-115-300-normal.woff2                    8.82 kB
build/server/assets/noto-sans-jp-101-600-normal.woff2                    8.85 kB
build/server/assets/m-plus-rounded-1c-113-100-normal.woff2               8.86 kB
build/server/assets/noto-sans-jp-112-500-normal.woff2                    8.86 kB
build/server/assets/noto-sans-jp-110-400-normal.woff2                    8.87 kB
build/server/assets/m-plus-rounded-1c-greek-ext-800-normal.woff2         8.87 kB
build/server/assets/noto-sans-jp-107-100-normal.woff2                    8.87 kB
build/server/assets/noto-sans-jp-101-500-normal.woff2                    8.87 kB
build/server/assets/noto-sans-jp-101-700-normal.woff2                    8.88 kB
build/server/assets/m-plus-rounded-1c-cyrillic-300-normal.woff           8.88 kB
build/server/assets/m-plus-rounded-1c-117-700-normal.woff2               8.88 kB
build/server/assets/noto-sans-jp-112-600-normal.woff2                    8.90 kB
build/server/assets/noto-sans-jp-112-700-normal.woff2                    8.90 kB
build/server/assets/m-plus-rounded-1c-20-800-normal.woff2                8.92 kB
build/server/assets/noto-sans-jp-115-400-normal.woff2                    8.93 kB
build/server/assets/m-plus-rounded-1c-117-800-normal.woff2               8.93 kB
build/server/assets/noto-sans-jp-101-900-normal.woff2                    8.93 kB
build/server/assets/noto-sans-jp-116-100-normal.woff2                    8.94 kB
build/server/assets/noto-sans-jp-101-800-normal.woff2                    8.94 kB
build/server/assets/noto-sans-jp-112-800-normal.woff2                    8.95 kB
build/server/assets/m-plus-rounded-1c-cyrillic-700-normal.woff           8.95 kB
build/server/assets/m-plus-rounded-1c-20-700-normal.woff2                8.96 kB
build/server/assets/noto-sans-jp-110-700-normal.woff2                    8.96 kB
build/server/assets/noto-sans-jp-107-200-normal.woff2                    8.98 kB
build/server/assets/noto-sans-jp-112-900-normal.woff2                    8.98 kB
build/server/assets/m-plus-rounded-1c-29-100-normal.woff2                8.99 kB
build/server/assets/noto-sans-jp-103-100-normal.woff2                    8.99 kB
build/server/assets/noto-sans-jp-107-300-normal.woff2                    8.99 kB
build/server/assets/noto-sans-jp-110-600-normal.woff2                    9.00 kB
build/server/assets/noto-sans-jp-110-500-normal.woff2                    9.01 kB
build/server/assets/noto-sans-jp-115-500-normal.woff2                    9.01 kB
build/server/assets/noto-sans-jp-110-900-normal.woff2                    9.01 kB
build/server/assets/noto-sans-jp-110-800-normal.woff2                    9.01 kB
build/server/assets/noto-sans-jp-115-700-normal.woff2                    9.03 kB
build/server/assets/m-plus-rounded-1c-cyrillic-400-normal.woff           9.03 kB
build/server/assets/noto-sans-jp-115-600-normal.woff2                    9.04 kB
build/server/assets/m-plus-rounded-1c-5-400-normal.woff2                 9.04 kB
build/server/assets/noto-sans-jp-96-100-normal.woff2                     9.06 kB
build/server/assets/noto-sans-jp-116-200-normal.woff2                    9.06 kB
build/server/assets/noto-sans-jp-57-900-normal.woff                      9.06 kB
build/server/assets/noto-sans-jp-111-100-normal.woff2                    9.08 kB
build/server/assets/noto-sans-jp-115-900-normal.woff2                    9.08 kB
build/server/assets/m-plus-rounded-1c-greek-100-normal.woff              9.10 kB
build/server/assets/noto-sans-jp-57-100-normal.woff                      9.10 kB
build/server/assets/noto-sans-jp-86-100-normal.woff2                     9.10 kB
build/server/assets/m-plus-rounded-1c-cyrillic-500-normal.woff           9.10 kB
build/server/assets/noto-sans-jp-115-800-normal.woff2                    9.10 kB
build/server/assets/noto-sans-jp-103-200-normal.woff2                    9.11 kB
build/server/assets/noto-sans-jp-57-500-normal.woff                      9.12 kB
build/server/assets/noto-sans-jp-57-200-normal.woff                      9.12 kB
build/server/assets/noto-sans-jp-57-400-normal.woff                      9.13 kB
build/server/assets/noto-sans-jp-57-300-normal.woff                      9.13 kB
build/server/assets/noto-sans-jp-116-300-normal.woff2                    9.14 kB
build/server/assets/noto-sans-jp-103-300-normal.woff2                    9.14 kB
build/server/assets/noto-sans-jp-57-800-normal.woff                      9.14 kB
build/server/assets/m-plus-rounded-1c-13-700-normal.woff2                9.16 kB
build/server/assets/noto-sans-jp-57-700-normal.woff                      9.17 kB
build/server/assets/noto-sans-jp-57-600-normal.woff                      9.18 kB
build/server/assets/noto-sans-jp-107-400-normal.woff2                    9.18 kB
build/server/assets/noto-sans-jp-96-200-normal.woff2                     9.19 kB
build/server/assets/noto-sans-jp-88-100-normal.woff2                     9.20 kB
build/server/assets/noto-sans-jp-107-500-normal.woff2                    9.24 kB
build/server/assets/noto-sans-jp-116-400-normal.woff2                    9.25 kB
build/server/assets/noto-sans-jp-107-700-normal.woff2                    9.25 kB
build/server/assets/m-plus-rounded-1c-5-900-normal.woff2                 9.26 kB
build/server/assets/noto-sans-jp-111-200-normal.woff2                    9.28 kB
build/server/assets/noto-sans-jp-111-300-normal.woff2                    9.28 kB
build/server/assets/noto-sans-jp-85-100-normal.woff2                     9.28 kB
build/server/assets/m-plus-rounded-1c-115-100-normal.woff2               9.29 kB
build/server/assets/noto-sans-jp-93-100-normal.woff2                     9.30 kB
build/server/assets/noto-sans-jp-107-600-normal.woff2                    9.30 kB
build/server/assets/noto-sans-jp-96-300-normal.woff2                     9.31 kB
build/server/assets/noto-sans-jp-107-800-normal.woff2                    9.31 kB
build/server/assets/noto-sans-jp-107-900-normal.woff2                    9.31 kB
build/server/assets/noto-sans-jp-103-400-normal.woff2                    9.31 kB
build/server/assets/noto-sans-jp-95-100-normal.woff2                     9.31 kB
build/server/assets/noto-sans-jp-86-200-normal.woff2                     9.32 kB
build/server/assets/noto-sans-jp-118-100-normal.woff2                    9.32 kB
build/server/assets/noto-sans-jp-86-300-normal.woff2                     9.32 kB
build/server/assets/noto-sans-jp-116-500-normal.woff2                    9.32 kB
build/server/assets/m-plus-rounded-1c-110-100-normal.woff2               9.33 kB
build/server/assets/noto-sans-jp-116-600-normal.woff2                    9.33 kB
build/server/assets/m-plus-rounded-1c-116-100-normal.woff2               9.34 kB
build/server/assets/m-plus-rounded-1c-12-100-normal.woff2                9.36 kB
build/server/assets/noto-sans-jp-102-100-normal.woff2                    9.36 kB
build/server/assets/noto-sans-jp-105-100-normal.woff2                    9.36 kB
build/server/assets/m-plus-rounded-1c-5-500-normal.woff2                 9.36 kB
build/server/assets/m-plus-rounded-1c-13-800-normal.woff2                9.36 kB
build/server/assets/noto-sans-jp-97-100-normal.woff2                     9.36 kB
build/server/assets/noto-sans-jp-103-500-normal.woff2                    9.38 kB
build/server/assets/noto-sans-jp-103-700-normal.woff2                    9.38 kB
build/server/assets/noto-sans-jp-93-200-normal.woff2                     9.39 kB
build/server/assets/noto-sans-jp-103-600-normal.woff2                    9.39 kB
build/server/assets/noto-sans-jp-116-700-normal.woff2                    9.41 kB
build/server/assets/noto-sans-jp-103-800-normal.woff2                    9.41 kB
build/server/assets/noto-sans-jp-96-400-normal.woff2                     9.42 kB
build/server/assets/yomogi-cyrillic-400-normal.woff                      9.42 kB
build/server/assets/m-plus-rounded-1c-20-300-normal.woff                 9.42 kB
build/server/assets/noto-sans-jp-81-100-normal.woff2                     9.44 kB
build/server/assets/noto-sans-jp-116-900-normal.woff2                    9.45 kB
build/server/assets/noto-sans-jp-116-800-normal.woff2                    9.46 kB
build/server/assets/noto-sans-jp-93-300-normal.woff2                     9.46 kB
build/server/assets/noto-sans-jp-111-400-normal.woff2                    9.46 kB
build/server/assets/m-plus-rounded-1c-47-100-normal.woff2                9.47 kB
build/server/assets/noto-sans-jp-104-100-normal.woff2                    9.47 kB
build/server/assets/noto-sans-jp-95-200-normal.woff2                     9.47 kB
build/server/assets/noto-sans-jp-86-400-normal.woff2                     9.49 kB
build/server/assets/noto-sans-jp-97-200-normal.woff2                     9.50 kB
build/server/assets/noto-sans-jp-88-200-normal.woff2                     9.50 kB
build/server/assets/noto-sans-jp-111-500-normal.woff2                    9.50 kB
build/server/assets/noto-sans-jp-85-200-normal.woff2                     9.51 kB
build/server/assets/noto-sans-jp-96-500-normal.woff2                     9.51 kB
build/server/assets/noto-sans-jp-86-500-normal.woff2                     9.52 kB
build/server/assets/noto-sans-jp-103-900-normal.woff2                    9.52 kB
build/server/assets/noto-sans-jp-76-100-normal.woff2                     9.52 kB
build/server/assets/noto-sans-jp-86-600-normal.woff2                     9.52 kB
build/server/assets/noto-sans-jp-95-300-normal.woff2                     9.53 kB
build/server/assets/m-plus-rounded-1c-11-100-normal.woff2                9.54 kB
build/server/assets/noto-sans-jp-105-200-normal.woff2                    9.54 kB
build/server/assets/m-plus-rounded-1c-109-100-normal.woff2               9.54 kB
build/server/assets/noto-sans-jp-102-200-normal.woff2                    9.55 kB
build/server/assets/noto-sans-jp-97-300-normal.woff2                     9.56 kB
build/server/assets/noto-sans-jp-96-700-normal.woff2                     9.56 kB
build/server/assets/m-plus-rounded-1c-19-100-normal.woff2                9.56 kB
build/server/assets/m-plus-rounded-1c-cyrillic-ext-100-normal.woff2      9.56 kB
build/server/assets/noto-sans-jp-85-300-normal.woff2                     9.56 kB
build/server/assets/m-plus-rounded-1c-45-100-normal.woff2                9.58 kB
build/server/assets/noto-sans-jp-81-200-normal.woff2                     9.58 kB
build/server/assets/yomogi-57-400-normal.woff                            9.58 kB
build/server/assets/noto-sans-jp-105-300-normal.woff2                    9.58 kB
build/server/assets/m-plus-rounded-1c-5-700-normal.woff2                 9.58 kB
build/server/assets/noto-sans-jp-81-300-normal.woff2                     9.58 kB
build/server/assets/noto-sans-jp-88-300-normal.woff2                     9.58 kB
build/server/assets/noto-sans-jp-86-700-normal.woff2                     9.58 kB
build/server/assets/noto-sans-jp-111-900-normal.woff2                    9.59 kB
build/server/assets/noto-sans-jp-89-100-normal.woff2                     9.60 kB
build/server/assets/noto-sans-jp-104-200-normal.woff2                    9.60 kB
build/server/assets/noto-sans-jp-111-600-normal.woff2                    9.60 kB
build/server/assets/noto-sans-jp-111-700-normal.woff2                    9.60 kB
build/server/assets/m-plus-rounded-1c-5-800-normal.woff2                 9.60 kB
build/server/assets/noto-sans-jp-96-600-normal.woff2                     9.60 kB
build/server/assets/yomogi-52-400-normal.woff2                           9.60 kB
build/server/assets/noto-sans-jp-93-400-normal.woff2                     9.62 kB
build/server/assets/noto-sans-jp-95-400-normal.woff2                     9.62 kB
build/server/assets/noto-sans-jp-102-300-normal.woff2                    9.62 kB
build/server/assets/noto-sans-jp-74-100-normal.woff2                     9.62 kB
build/server/assets/noto-sans-jp-96-900-normal.woff2                     9.62 kB
build/server/assets/noto-sans-jp-111-800-normal.woff2                    9.63 kB
build/server/assets/noto-sans-jp-118-900-normal.woff2                    9.63 kB
build/server/assets/noto-sans-jp-118-200-normal.woff2                    9.63 kB
build/server/assets/noto-sans-jp-96-800-normal.woff2                     9.64 kB
build/server/assets/noto-sans-jp-86-900-normal.woff2                     9.64 kB
build/server/assets/m-plus-rounded-1c-117-300-normal.woff                9.65 kB
build/server/assets/m-plus-rounded-1c-112-100-normal.woff2               9.66 kB
build/server/assets/m-plus-rounded-1c-greek-ext-100-normal.woff          9.68 kB
build/server/assets/noto-sans-jp-97-400-normal.woff2                     9.68 kB
build/server/assets/noto-sans-jp-93-500-normal.woff2                     9.68 kB
build/server/assets/m-plus-rounded-1c-28-100-normal.woff2                9.69 kB
build/server/assets/noto-sans-jp-102-400-normal.woff2                    9.69 kB
build/server/assets/noto-sans-jp-104-300-normal.woff2                    9.69 kB
build/server/assets/noto-sans-jp-86-800-normal.woff2                     9.69 kB
build/server/assets/m-plus-rounded-1c-greek-900-normal.woff              9.70 kB
build/server/assets/noto-sans-jp-95-500-normal.woff2                     9.70 kB
build/server/assets/noto-sans-jp-94-100-normal.woff2                     9.70 kB
build/server/assets/noto-sans-jp-85-400-normal.woff2                     9.71 kB
build/server/assets/m-plus-rounded-1c-101-100-normal.woff2               9.72 kB
build/server/assets/noto-sans-jp-118-300-normal.woff2                    9.72 kB
build/server/assets/noto-sans-jp-118-500-normal.woff2                    9.72 kB
build/server/assets/noto-sans-jp-93-600-normal.woff2                     9.72 kB
build/server/assets/noto-serif-jp-57-200-normal.woff                     9.72 kB
build/server/assets/noto-sans-jp-88-400-normal.woff2                     9.73 kB
build/server/assets/noto-sans-jp-118-400-normal.woff2                    9.73 kB
build/server/assets/noto-sans-jp-81-400-normal.woff2                     9.74 kB
build/server/assets/m-plus-rounded-1c-13-300-normal.woff                 9.74 kB
build/server/assets/noto-sans-jp-83-100-normal.woff2                     9.75 kB
build/server/assets/noto-sans-jp-76-200-normal.woff2                     9.75 kB
build/server/assets/noto-sans-jp-118-700-normal.woff2                    9.75 kB
build/server/assets/m-plus-rounded-1c-20-400-normal.woff                 9.75 kB
build/server/assets/noto-sans-jp-105-400-normal.woff2                    9.76 kB
build/server/assets/noto-sans-jp-97-500-normal.woff2                     9.76 kB
build/server/assets/noto-sans-jp-93-700-normal.woff2                     9.76 kB
build/server/assets/noto-sans-jp-93-900-normal.woff2                     9.76 kB
build/server/assets/noto-sans-jp-80-100-normal.woff2                     9.77 kB
build/server/assets/m-plus-rounded-1c-58-100-normal.woff                 9.77 kB
build/server/assets/m-plus-rounded-1c-20-900-normal.woff                 9.77 kB
build/server/assets/noto-sans-jp-89-200-normal.woff2                     9.78 kB
build/server/assets/noto-sans-jp-95-600-normal.woff2                     9.78 kB
build/server/assets/noto-serif-jp-57-300-normal.woff                     9.78 kB
build/server/assets/m-plus-rounded-1c-8-100-normal.woff2                 9.78 kB
build/server/assets/noto-sans-jp-66-100-normal.woff2                     9.78 kB
build/server/assets/noto-serif-jp-57-900-normal.woff                     9.78 kB
build/server/assets/noto-sans-jp-59-100-normal.woff2                     9.79 kB
build/server/assets/noto-serif-jp-57-500-normal.woff                     9.79 kB
build/server/assets/noto-sans-jp-95-700-normal.woff2                     9.80 kB
build/server/assets/noto-sans-jp-81-500-normal.woff2                     9.80 kB
build/server/assets/noto-sans-jp-102-600-normal.woff2                    9.80 kB
build/server/assets/noto-sans-jp-76-300-normal.woff2                     9.80 kB
build/server/assets/noto-sans-jp-89-300-normal.woff2                     9.80 kB
build/server/assets/noto-sans-jp-97-600-normal.woff2                     9.81 kB
build/server/assets/noto-sans-jp-95-800-normal.woff2                     9.81 kB
build/server/assets/m-plus-rounded-1c-9-100-normal.woff2                 9.81 kB
build/server/assets/noto-sans-jp-85-900-normal.woff2                     9.81 kB
build/server/assets/noto-sans-jp-81-700-normal.woff2                     9.82 kB
build/server/assets/noto-sans-jp-93-800-normal.woff2                     9.82 kB
build/server/assets/noto-serif-jp-57-600-normal.woff                     9.82 kB
build/server/assets/noto-sans-jp-91-100-normal.woff2                     9.82 kB
build/server/assets/noto-sans-jp-118-800-normal.woff2                    9.82 kB
build/server/assets/noto-sans-jp-95-900-normal.woff2                     9.83 kB
build/server/assets/noto-sans-jp-104-400-normal.woff2                    9.83 kB
build/server/assets/noto-serif-jp-57-400-normal.woff                     9.83 kB
build/server/assets/noto-sans-jp-88-500-normal.woff2                     9.84 kB
build/server/assets/noto-sans-jp-88-600-normal.woff2                     9.84 kB
build/server/assets/noto-sans-jp-118-600-normal.woff2                    9.84 kB
build/server/assets/noto-sans-jp-102-700-normal.woff2                    9.84 kB
build/server/assets/noto-sans-jp-85-600-normal.woff2                     9.84 kB
build/server/assets/noto-sans-jp-85-800-normal.woff2                     9.84 kB
build/server/assets/noto-serif-jp-57-800-normal.woff                     9.84 kB
build/server/assets/noto-sans-jp-102-500-normal.woff2                    9.85 kB
build/server/assets/m-plus-rounded-1c-greek-300-normal.woff              9.85 kB
build/server/assets/noto-sans-jp-81-600-normal.woff2                     9.85 kB
build/server/assets/noto-sans-jp-88-700-normal.woff2                     9.85 kB
build/server/assets/noto-sans-jp-74-200-normal.woff2                     9.86 kB
build/server/assets/noto-sans-jp-85-500-normal.woff2                     9.86 kB
build/server/assets/noto-sans-jp-85-700-normal.woff2                     9.86 kB
build/server/assets/noto-serif-jp-57-700-normal.woff                     9.86 kB
build/server/assets/m-plus-rounded-1c-59-100-normal.woff2                9.87 kB
build/server/assets/noto-sans-jp-97-900-normal.woff2                     9.87 kB
build/server/assets/noto-sans-jp-102-900-normal.woff2                    9.87 kB
build/server/assets/noto-sans-jp-74-300-normal.woff2                     9.88 kB
build/server/assets/noto-sans-jp-105-700-normal.woff2                    9.88 kB
build/server/assets/noto-sans-jp-105-500-normal.woff2                    9.88 kB
build/server/assets/m-plus-rounded-1c-20-500-normal.woff                 9.88 kB
build/server/assets/noto-sans-jp-63-100-normal.woff2                     9.88 kB
build/server/assets/noto-sans-jp-94-200-normal.woff2                     9.89 kB
build/server/assets/noto-sans-jp-105-600-normal.woff2                    9.89 kB
build/server/assets/noto-sans-jp-88-900-normal.woff2                     9.89 kB
build/server/assets/noto-sans-jp-81-900-normal.woff2                     9.89 kB
build/server/assets/noto-sans-jp-97-700-normal.woff2                     9.90 kB
build/server/assets/noto-sans-jp-108-100-normal.woff2                    9.90 kB
build/server/assets/noto-sans-jp-105-900-normal.woff2                    9.91 kB
build/server/assets/noto-sans-jp-76-400-normal.woff2                     9.91 kB
build/server/assets/noto-sans-jp-81-800-normal.woff2                     9.91 kB
build/server/assets/noto-sans-jp-98-100-normal.woff2                     9.92 kB
build/server/assets/noto-sans-jp-67-100-normal.woff2                     9.93 kB
build/server/assets/noto-sans-jp-83-200-normal.woff2                     9.93 kB
build/server/assets/noto-sans-jp-97-800-normal.woff2                     9.94 kB
build/server/assets/noto-sans-jp-80-200-normal.woff2                     9.94 kB
build/server/assets/noto-sans-jp-104-500-normal.woff2                    9.94 kB
build/server/assets/noto-sans-jp-104-600-normal.woff2                    9.95 kB
build/server/assets/noto-sans-jp-105-800-normal.woff2                    9.95 kB
build/server/assets/noto-sans-jp-66-200-normal.woff2                     9.96 kB
build/server/assets/noto-sans-jp-102-800-normal.woff2                    9.96 kB
build/server/assets/noto-serif-jp-114-200-normal.woff2                   9.96 kB
build/server/assets/m-plus-rounded-1c-13-400-normal.woff                 9.96 kB
build/server/assets/noto-sans-jp-83-300-normal.woff2                     9.96 kB
build/server/assets/noto-sans-jp-88-800-normal.woff2                     9.96 kB
build/server/assets/noto-sans-jp-89-400-normal.woff2                     9.96 kB
build/server/assets/noto-sans-jp-66-300-normal.woff2                     9.96 kB
build/server/assets/noto-sans-jp-76-500-normal.woff2                     9.97 kB
build/server/assets/noto-sans-jp-94-300-normal.woff2                     9.97 kB
build/server/assets/noto-sans-jp-74-400-normal.woff2                     9.98 kB
build/server/assets/noto-sans-jp-92-100-normal.woff2                     9.98 kB
build/server/assets/m-plus-rounded-1c-117-400-normal.woff                9.98 kB
build/server/assets/noto-sans-jp-104-700-normal.woff2                    9.98 kB
build/server/assets/m-plus-rounded-1c-5-300-normal.woff                  9.99 kB
build/server/assets/noto-sans-jp-80-300-normal.woff2                     9.99 kB
build/server/assets/noto-sans-jp-82-100-normal.woff2                    10.00 kB
build/server/assets/m-plus-rounded-1c-56-100-normal.woff2               10.00 kB
build/server/assets/m-plus-rounded-1c-greek-800-normal.woff             10.00 kB
build/server/assets/m-plus-rounded-1c-33-100-normal.woff2               10.00 kB
build/server/assets/m-plus-rounded-1c-greek-500-normal.woff             10.00 kB
build/server/assets/noto-sans-jp-89-500-normal.woff2                    10.01 kB
build/server/assets/noto-sans-jp-76-600-normal.woff2                    10.01 kB
build/server/assets/noto-sans-jp-59-900-normal.woff2                    10.01 kB
build/server/assets/noto-sans-jp-104-800-normal.woff2                   10.03 kB
build/server/assets/noto-sans-jp-76-700-normal.woff2                    10.03 kB
build/server/assets/noto-sans-jp-104-900-normal.woff2                   10.06 kB
build/server/assets/noto-sans-jp-75-100-normal.woff2                    10.06 kB
build/server/assets/noto-sans-jp-77-100-normal.woff2                    10.06 kB
build/server/assets/noto-sans-jp-98-200-normal.woff2                    10.06 kB
build/server/assets/m-plus-rounded-1c-greek-400-normal.woff             10.06 kB
build/server/assets/m-plus-rounded-1c-greek-700-normal.woff             10.06 kB
build/server/assets/noto-sans-jp-63-200-normal.woff2                    10.07 kB
build/server/assets/noto-sans-jp-76-900-normal.woff2                    10.07 kB
build/server/assets/m-plus-rounded-1c-117-900-normal.woff               10.07 kB
build/server/assets/noto-sans-jp-108-300-normal.woff2                   10.08 kB
build/server/assets/noto-sans-jp-74-500-normal.woff2                    10.08 kB
build/server/assets/noto-sans-jp-74-900-normal.woff2                    10.08 kB
build/server/assets/noto-sans-jp-76-800-normal.woff2                    10.09 kB
build/server/assets/m-plus-rounded-1c-111-100-normal.woff2              10.09 kB
build/server/assets/m-plus-rounded-1c-114-300-normal.woff2              10.10 kB
build/server/assets/noto-sans-jp-94-400-normal.woff2                    10.10 kB
build/server/assets/noto-sans-jp-84-100-normal.woff2                    10.10 kB
build/server/assets/noto-sans-jp-108-200-normal.woff2                   10.10 kB
build/server/assets/noto-sans-jp-89-600-normal.woff2                    10.11 kB
build/server/assets/noto-sans-jp-90-100-normal.woff2                    10.12 kB
build/server/assets/noto-sans-jp-67-200-normal.woff2                    10.12 kB
build/server/assets/noto-sans-jp-91-200-normal.woff2                    10.12 kB
build/server/assets/m-plus-rounded-1c-86-100-normal.woff2               10.12 kB
build/server/assets/noto-sans-jp-99-100-normal.woff2                    10.13 kB
build/server/assets/noto-sans-jp-74-800-normal.woff2                    10.13 kB
build/server/assets/noto-sans-jp-83-400-normal.woff2                    10.13 kB
build/server/assets/noto-sans-jp-89-900-normal.woff2                    10.14 kB
build/server/assets/m-plus-rounded-1c-107-100-normal.woff2              10.14 kB
build/server/assets/m-plus-rounded-1c-113-300-normal.woff2              10.14 kB
build/server/assets/noto-sans-jp-74-700-normal.woff2                    10.14 kB
build/server/assets/noto-sans-jp-98-300-normal.woff2                    10.14 kB
build/server/assets/noto-sans-jp-74-600-normal.woff2                    10.15 kB
build/server/assets/noto-sans-jp-66-500-normal.woff2                    10.16 kB
build/server/assets/noto-sans-jp-114-900-normal.woff                    10.16 kB
build/server/assets/noto-sans-jp-67-300-normal.woff2                    10.17 kB
build/server/assets/noto-sans-jp-66-400-normal.woff2                    10.17 kB
build/server/assets/m-plus-rounded-1c-117-500-normal.woff               10.18 kB
build/server/assets/noto-sans-jp-63-300-normal.woff2                    10.18 kB
build/server/assets/noto-sans-jp-82-200-normal.woff2                    10.19 kB
build/server/assets/noto-sans-jp-87-100-normal.woff2                    10.19 kB
build/server/assets/m-plus-rounded-1c-13-900-normal.woff                10.19 kB
build/server/assets/noto-sans-jp-114-800-normal.woff                    10.20 kB
build/server/assets/noto-sans-jp-59-200-normal.woff2                    10.21 kB
build/server/assets/noto-sans-jp-75-200-normal.woff2                    10.21 kB
build/server/assets/noto-sans-jp-89-700-normal.woff2                    10.21 kB
build/server/assets/noto-sans-jp-89-800-normal.woff2                    10.21 kB
build/server/assets/noto-sans-jp-80-400-normal.woff2                    10.21 kB
build/server/assets/m-plus-rounded-1c-93-100-normal.woff2               10.22 kB
build/server/assets/noto-sans-jp-92-200-normal.woff2                    10.22 kB
build/server/assets/noto-sans-jp-66-600-normal.woff2                    10.22 kB
build/server/assets/m-plus-rounded-1c-13-500-normal.woff                10.22 kB
build/server/assets/noto-sans-jp-91-300-normal.woff2                    10.22 kB
build/server/assets/noto-sans-jp-94-500-normal.woff2                    10.23 kB
build/server/assets/noto-sans-jp-82-300-normal.woff2                    10.23 kB
build/server/assets/noto-sans-jp-77-200-normal.woff2                    10.24 kB
build/server/assets/noto-serif-jp-114-300-normal.woff2                  10.24 kB
build/server/assets/noto-sans-jp-114-600-normal.woff                    10.24 kB
build/server/assets/m-plus-rounded-1c-85-100-normal.woff2               10.24 kB
build/server/assets/noto-sans-jp-90-200-normal.woff2                    10.24 kB
build/server/assets/noto-sans-jp-94-600-normal.woff2                    10.24 kB
build/server/assets/noto-sans-jp-94-700-normal.woff2                    10.25 kB
build/server/assets/noto-sans-jp-108-400-normal.woff2                   10.25 kB
build/server/assets/noto-sans-jp-83-500-normal.woff2                    10.26 kB
build/server/assets/noto-sans-jp-66-700-normal.woff2                    10.26 kB
build/server/assets/noto-sans-jp-59-400-normal.woff2                    10.26 kB
build/server/assets/noto-sans-jp-59-300-normal.woff2                    10.26 kB
build/server/assets/m-plus-rounded-1c-20-700-normal.woff                10.26 kB
build/server/assets/noto-sans-jp-84-200-normal.woff2                    10.27 kB
build/server/assets/noto-sans-jp-92-300-normal.woff2                    10.27 kB
build/server/assets/noto-sans-jp-83-600-normal.woff2                    10.27 kB
build/server/assets/noto-sans-jp-66-900-normal.woff2                    10.27 kB
build/server/assets/noto-sans-jp-114-700-normal.woff                    10.27 kB
build/server/assets/m-plus-rounded-1c-95-100-normal.woff2               10.27 kB
build/server/assets/noto-sans-jp-84-300-normal.woff2                    10.27 kB
build/server/assets/m-plus-rounded-1c-6-100-normal.woff                 10.27 kB
build/server/assets/noto-sans-jp-99-200-normal.woff2                    10.28 kB
build/server/assets/noto-sans-jp-106-100-normal.woff2                   10.29 kB
build/server/assets/noto-sans-jp-94-900-normal.woff2                    10.29 kB
build/server/assets/noto-sans-jp-114-100-normal.woff                    10.29 kB
build/server/assets/noto-sans-jp-80-600-normal.woff2                    10.29 kB
build/server/assets/noto-serif-jp-117-200-normal.woff                   10.30 kB
build/server/assets/noto-sans-jp-114-200-normal.woff                    10.30 kB
build/server/assets/noto-sans-jp-77-300-normal.woff2                    10.31 kB
build/server/assets/m-plus-rounded-1c-88-100-normal.woff2               10.31 kB
build/server/assets/m-plus-rounded-1c-97-100-normal.woff2               10.31 kB
build/server/assets/noto-sans-jp-98-400-normal.woff2                    10.31 kB
build/server/assets/noto-sans-jp-75-300-normal.woff2                    10.31 kB
build/server/assets/noto-sans-jp-67-400-normal.woff2                    10.32 kB
build/server/assets/noto-sans-jp-94-800-normal.woff2                    10.32 kB
build/server/assets/noto-sans-jp-114-500-normal.woff                    10.32 kB
build/server/assets/noto-sans-jp-63-400-normal.woff2                    10.32 kB
build/server/assets/noto-sans-jp-80-500-normal.woff2                    10.32 kB
build/server/assets/noto-sans-jp-114-300-normal.woff                    10.32 kB
build/server/assets/noto-sans-jp-59-600-normal.woff2                    10.32 kB
build/server/assets/noto-sans-jp-66-800-normal.woff2                    10.32 kB
build/server/assets/noto-sans-jp-59-500-normal.woff2                    10.33 kB
build/server/assets/noto-sans-jp-80-700-normal.woff2                    10.34 kB
build/server/assets/noto-sans-jp-90-300-normal.woff2                    10.34 kB
build/server/assets/noto-sans-jp-83-900-normal.woff2                    10.34 kB
build/server/assets/noto-sans-jp-108-500-normal.woff2                   10.35 kB
build/server/assets/noto-sans-jp-83-700-normal.woff2                    10.35 kB
build/server/assets/noto-serif-jp-114-400-normal.woff2                  10.35 kB
build/server/assets/noto-sans-jp-114-400-normal.woff                    10.35 kB
build/server/assets/noto-sans-jp-99-300-normal.woff2                    10.36 kB
build/server/assets/noto-sans-jp-59-700-normal.woff2                    10.36 kB
build/server/assets/m-plus-rounded-1c-96-100-normal.woff2               10.36 kB
build/server/assets/noto-sans-jp-63-900-normal.woff2                    10.36 kB
build/server/assets/noto-sans-jp-67-500-normal.woff2                    10.37 kB
build/server/assets/noto-sans-jp-80-900-normal.woff2                    10.38 kB
build/server/assets/yomogi-59-400-normal.woff2                          10.38 kB
build/server/assets/m-plus-rounded-1c-20-800-normal.woff                10.38 kB
build/server/assets/m-plus-rounded-1c-48-100-normal.woff2               10.38 kB
build/server/assets/m-plus-rounded-1c-103-100-normal.woff2              10.38 kB
build/server/assets/noto-sans-jp-108-700-normal.woff2                   10.38 kB
build/server/assets/noto-sans-jp-59-800-normal.woff2                    10.38 kB
build/server/assets/m-plus-rounded-1c-114-400-normal.woff2              10.39 kB
build/server/assets/noto-sans-jp-63-700-normal.woff2                    10.39 kB
build/server/assets/noto-sans-jp-83-800-normal.woff2                    10.39 kB
build/server/assets/noto-serif-jp-113-200-normal.woff2                  10.39 kB
build/server/assets/noto-sans-jp-92-400-normal.woff2                    10.39 kB
build/server/assets/noto-sans-jp-73-100-normal.woff2                    10.39 kB
build/server/assets/noto-sans-jp-87-200-normal.woff2                    10.39 kB
build/server/assets/noto-sans-jp-63-500-normal.woff2                    10.39 kB
build/server/assets/noto-sans-jp-108-600-normal.woff2                   10.39 kB
build/server/assets/noto-sans-jp-67-700-normal.woff2                    10.39 kB
build/server/assets/noto-sans-jp-91-400-normal.woff2                    10.40 kB
build/server/assets/m-plus-rounded-1c-5-400-normal.woff                 10.40 kB
build/server/assets/m-plus-rounded-1c-58-900-normal.woff                10.41 kB
build/server/assets/noto-sans-jp-63-800-normal.woff2                    10.42 kB
build/server/assets/noto-sans-jp-98-500-normal.woff2                    10.42 kB
build/server/assets/yomogi-50-400-normal.woff2                          10.42 kB
build/server/assets/m-plus-rounded-1c-117-700-normal.woff               10.42 kB
build/server/assets/m-plus-rounded-1c-cyrillic-ext-900-normal.woff2     10.43 kB
build/server/assets/noto-sans-jp-98-600-normal.woff2                    10.43 kB
build/server/assets/noto-serif-jp-114-600-normal.woff2                  10.43 kB
build/server/assets/m-plus-rounded-1c-58-500-normal.woff                10.43 kB
build/server/assets/m-plus-rounded-1c-42-100-normal.woff2               10.44 kB
build/server/assets/noto-sans-jp-91-500-normal.woff2                    10.44 kB
build/server/assets/m-plus-rounded-1c-89-100-normal.woff2               10.44 kB
build/server/assets/noto-sans-jp-79-100-normal.woff2                    10.44 kB
build/server/assets/noto-serif-jp-109-200-normal.woff2                  10.44 kB
build/server/assets/noto-sans-jp-75-400-normal.woff2                    10.45 kB
build/server/assets/noto-sans-jp-63-600-normal.woff2                    10.45 kB
build/server/assets/noto-sans-jp-91-900-normal.woff2                    10.45 kB
build/server/assets/noto-sans-jp-80-800-normal.woff2                    10.45 kB
build/server/assets/m-plus-rounded-1c-75-100-normal.woff2               10.46 kB
build/server/assets/noto-sans-jp-82-400-normal.woff2                    10.46 kB
build/server/assets/noto-sans-jp-67-600-normal.woff2                    10.46 kB
build/server/assets/noto-sans-jp-113-100-normal.woff                    10.46 kB
build/server/assets/noto-sans-jp-67-800-normal.woff2                    10.46 kB
build/server/assets/noto-sans-jp-84-400-normal.woff2                    10.47 kB
build/server/assets/noto-sans-jp-69-100-normal.woff2                    10.47 kB
build/server/assets/m-plus-rounded-1c-13-700-normal.woff                10.47 kB
build/server/assets/noto-serif-jp-114-500-normal.woff2                  10.48 kB
build/server/assets/noto-sans-jp-77-400-normal.woff2                    10.48 kB
build/server/assets/noto-sans-jp-92-500-normal.woff2                    10.48 kB
build/server/assets/noto-sans-jp-108-800-normal.woff2                   10.48 kB
build/server/assets/noto-sans-jp-90-400-normal.woff2                    10.48 kB
build/server/assets/noto-sans-jp-87-300-normal.woff2                    10.48 kB
build/server/assets/noto-sans-jp-108-900-normal.woff2                   10.48 kB
build/server/assets/m-plus-rounded-1c-102-100-normal.woff2              10.49 kB
build/server/assets/noto-sans-jp-99-400-normal.woff2                    10.49 kB
build/server/assets/m-plus-rounded-1c-63-100-normal.woff2               10.50 kB
build/server/assets/noto-sans-jp-91-600-normal.woff2                    10.50 kB
build/server/assets/noto-sans-jp-67-900-normal.woff2                    10.50 kB
build/server/assets/m-plus-rounded-1c-58-700-normal.woff                10.50 kB
build/server/assets/noto-sans-jp-113-400-normal.woff                    10.50 kB
build/server/assets/noto-sans-jp-106-200-normal.woff2                   10.50 kB
build/server/assets/noto-sans-jp-113-500-normal.woff                    10.50 kB
build/server/assets/noto-sans-jp-62-100-normal.woff2                    10.50 kB
build/server/assets/noto-sans-jp-91-700-normal.woff2                    10.50 kB
build/server/assets/noto-sans-jp-113-600-normal.woff                    10.50 kB
build/server/assets/noto-sans-jp-82-500-normal.woff2                    10.51 kB
build/server/assets/noto-sans-jp-92-700-normal.woff2                    10.51 kB
build/server/assets/noto-sans-jp-113-300-normal.woff                    10.51 kB
build/server/assets/noto-sans-jp-113-700-normal.woff                    10.51 kB
build/server/assets/noto-sans-jp-98-700-normal.woff2                    10.51 kB
build/server/assets/noto-sans-jp-92-900-normal.woff2                    10.51 kB
build/server/assets/noto-sans-jp-113-900-normal.woff                    10.51 kB
build/server/assets/noto-serif-jp-114-700-normal.woff2                  10.52 kB
build/server/assets/m-plus-rounded-1c-113-400-normal.woff2              10.52 kB
build/server/assets/noto-sans-jp-70-100-normal.woff2                    10.53 kB
build/server/assets/noto-sans-jp-82-700-normal.woff2                    10.53 kB
build/server/assets/noto-sans-jp-91-800-normal.woff2                    10.53 kB
build/server/assets/m-plus-rounded-1c-71-100-normal.woff2               10.53 kB
build/server/assets/noto-sans-jp-106-300-normal.woff2                   10.53 kB
build/server/assets/m-plus-rounded-1c-27-100-normal.woff2               10.54 kB
build/server/assets/noto-sans-jp-82-600-normal.woff2                    10.54 kB
build/server/assets/m-plus-rounded-1c-6-300-normal.woff2                10.54 kB
build/server/assets/noto-sans-jp-92-600-normal.woff2                    10.54 kB
build/server/assets/noto-sans-jp-98-900-normal.woff2                    10.54 kB
build/server/assets/m-plus-rounded-1c-114-100-normal.woff               10.54 kB
build/server/assets/noto-sans-jp-75-500-normal.woff2                    10.55 kB
build/server/assets/noto-sans-jp-77-500-normal.woff2                    10.55 kB
build/server/assets/noto-serif-jp-114-900-normal.woff2                  10.55 kB
build/server/assets/noto-sans-jp-113-200-normal.woff                    10.55 kB
build/server/assets/noto-serif-jp-117-300-normal.woff                   10.55 kB
build/server/assets/noto-sans-jp-90-500-normal.woff2                    10.56 kB
build/server/assets/noto-sans-jp-98-800-normal.woff2                    10.56 kB
build/server/assets/noto-sans-jp-77-900-normal.woff2                    10.56 kB
build/server/assets/m-plus-rounded-1c-117-800-normal.woff               10.56 kB
build/server/assets/noto-sans-jp-84-500-normal.woff2                    10.56 kB
build/server/assets/noto-sans-jp-113-800-normal.woff                    10.56 kB
build/server/assets/m-plus-rounded-1c-7-100-normal.woff2                10.57 kB
build/server/assets/noto-sans-jp-90-700-normal.woff2                    10.58 kB
build/server/assets/noto-sans-jp-82-900-normal.woff2                    10.58 kB
build/server/assets/m-plus-rounded-1c-66-100-normal.woff2               10.58 kB
build/server/assets/m-plus-rounded-1c-74-100-normal.woff2               10.59 kB
build/server/assets/m-plus-rounded-1c-84-100-normal.woff2               10.59 kB
build/server/assets/noto-sans-jp-82-800-normal.woff2                    10.59 kB
build/server/assets/m-plus-rounded-1c-105-100-normal.woff2              10.59 kB
build/server/assets/noto-sans-jp-100-100-normal.woff2                   10.59 kB
build/server/assets/noto-sans-jp-92-800-normal.woff2                    10.60 kB
build/server/assets/noto-serif-jp-113-300-normal.woff2                  10.60 kB
build/server/assets/noto-sans-jp-77-600-normal.woff2                    10.61 kB
build/server/assets/noto-sans-jp-84-600-normal.woff2                    10.61 kB
build/server/assets/m-plus-rounded-1c-58-400-normal.woff                10.61 kB
build/server/assets/m-plus-rounded-1c-113-100-normal.woff               10.61 kB
build/server/assets/m-plus-rounded-1c-58-300-normal.woff                10.61 kB
build/server/assets/noto-sans-jp-90-600-normal.woff2                    10.62 kB
build/server/assets/noto-sans-jp-75-700-normal.woff2                    10.62 kB
build/server/assets/noto-sans-jp-75-800-normal.woff2                    10.62 kB
build/server/assets/noto-sans-jp-75-600-normal.woff2                    10.62 kB
build/server/assets/noto-sans-jp-75-900-normal.woff2                    10.62 kB
build/server/assets/m-plus-rounded-1c-80-100-normal.woff2               10.62 kB
build/server/assets/noto-sans-jp-73-200-normal.woff2                    10.62 kB
build/server/assets/noto-sans-jp-77-700-normal.woff2                    10.63 kB
build/server/assets/noto-sans-jp-99-700-normal.woff2                    10.63 kB
build/server/assets/m-plus-rounded-1c-104-100-normal.woff2              10.64 kB
build/server/assets/noto-sans-jp-87-400-normal.woff2                    10.64 kB
build/server/assets/noto-sans-jp-106-400-normal.woff2                   10.64 kB
build/server/assets/noto-sans-jp-99-600-normal.woff2                    10.64 kB
build/server/assets/noto-serif-jp-113-400-normal.woff2                  10.64 kB
build/server/assets/m-plus-rounded-1c-115-300-normal.woff2              10.64 kB
build/server/assets/noto-serif-jp-109-300-normal.woff2                  10.64 kB
build/server/assets/noto-serif-jp-114-800-normal.woff2                  10.64 kB
build/server/assets/noto-serif-jp-117-400-normal.woff                   10.64 kB
build/server/assets/noto-sans-jp-79-200-normal.woff2                    10.66 kB
build/server/assets/noto-sans-jp-90-900-normal.woff2                    10.66 kB
build/server/assets/noto-sans-jp-99-900-normal.woff2                    10.66 kB
build/server/assets/noto-sans-jp-90-800-normal.woff2                    10.66 kB
build/server/assets/m-plus-rounded-1c-13-800-normal.woff                10.66 kB
build/server/assets/m-plus-rounded-1c-58-800-normal.woff                10.66 kB
build/server/assets/noto-sans-jp-84-700-normal.woff2                    10.67 kB
build/server/assets/noto-serif-jp-117-500-normal.woff                   10.67 kB
build/server/assets/noto-sans-jp-99-500-normal.woff2                    10.67 kB
build/server/assets/noto-sans-jp-84-900-normal.woff2                    10.67 kB
build/server/assets/noto-sans-jp-69-200-normal.woff2                    10.68 kB
build/server/assets/noto-sans-jp-77-800-normal.woff2                    10.68 kB
build/server/assets/m-plus-rounded-1c-81-100-normal.woff2               10.68 kB
build/server/assets/m-plus-rounded-1c-36-100-normal.woff2               10.68 kB
build/server/assets/m-plus-rounded-1c-98-100-normal.woff2               10.69 kB
build/server/assets/noto-sans-jp-69-300-normal.woff2                    10.69 kB
build/server/assets/noto-sans-jp-73-300-normal.woff2                    10.69 kB
build/server/assets/noto-sans-jp-87-500-normal.woff2                    10.69 kB
build/server/assets/m-plus-rounded-1c-5-500-normal.woff                 10.69 kB
build/server/assets/noto-sans-jp-99-800-normal.woff2                    10.69 kB
build/server/assets/noto-serif-jp-109-400-normal.woff2                  10.69 kB
build/server/assets/noto-sans-jp-71-100-normal.woff2                    10.70 kB
build/server/assets/m-plus-rounded-1c-114-500-normal.woff2              10.70 kB
build/server/assets/noto-sans-jp-70-200-normal.woff2                    10.71 kB
build/server/assets/m-plus-rounded-1c-113-900-normal.woff2              10.72 kB
build/server/assets/noto-sans-jp-84-800-normal.woff2                    10.72 kB
build/server/assets/m-plus-rounded-1c-113-500-normal.woff2              10.72 kB
build/server/assets/noto-sans-jp-79-300-normal.woff2                    10.72 kB
build/server/assets/noto-serif-jp-117-600-normal.woff                   10.72 kB
build/server/assets/noto-sans-jp-78-100-normal.woff2                    10.73 kB
build/server/assets/m-plus-rounded-1c-44-100-normal.woff2               10.73 kB
build/server/assets/m-plus-rounded-1c-116-300-normal.woff2              10.73 kB
build/server/assets/m-plus-rounded-1c-114-900-normal.woff2              10.74 kB
build/server/assets/noto-sans-jp-62-200-normal.woff2                    10.74 kB
build/server/assets/m-plus-rounded-1c-29-100-normal.woff                10.74 kB
build/server/assets/m-plus-rounded-1c-43-100-normal.woff2               10.75 kB
build/server/assets/m-plus-rounded-1c-110-300-normal.woff2              10.75 kB
build/server/assets/noto-serif-jp-113-600-normal.woff2                  10.75 kB
build/server/assets/noto-sans-jp-70-300-normal.woff2                    10.76 kB
build/server/assets/m-plus-rounded-1c-31-100-normal.woff2               10.76 kB
build/server/assets/noto-serif-jp-113-500-normal.woff2                  10.76 kB
build/server/assets/noto-serif-jp-113-900-normal.woff2                  10.78 kB
build/server/assets/noto-serif-jp-109-500-normal.woff2                  10.78 kB
build/server/assets/m-plus-rounded-1c-76-100-normal.woff2               10.79 kB
build/server/assets/m-plus-rounded-1c-5-900-normal.woff                 10.80 kB
build/server/assets/noto-sans-jp-87-600-normal.woff2                    10.80 kB
build/server/assets/noto-sans-jp-100-200-normal.woff2                   10.81 kB
build/server/assets/noto-sans-jp-73-400-normal.woff2                    10.82 kB
build/server/assets/noto-serif-jp-109-600-normal.woff2                  10.82 kB
build/server/assets/noto-serif-jp-113-800-normal.woff2                  10.82 kB
build/server/assets/noto-serif-jp-117-700-normal.woff                   10.82 kB
build/server/assets/noto-sans-jp-106-500-normal.woff2                   10.82 kB
build/server/assets/noto-sans-jp-87-700-normal.woff2                    10.82 kB
build/server/assets/m-plus-rounded-1c-92-100-normal.woff2               10.82 kB
build/server/assets/noto-sans-jp-62-300-normal.woff2                    10.83 kB
build/server/assets/noto-serif-jp-113-700-normal.woff2                  10.83 kB
build/server/assets/m-plus-rounded-1c-91-100-normal.woff2               10.84 kB
build/server/assets/m-plus-rounded-1c-49-100-normal.woff2               10.84 kB
build/server/assets/noto-sans-jp-87-800-normal.woff2                    10.84 kB
build/server/assets/noto-sans-jp-78-200-normal.woff2                    10.85 kB
build/server/assets/noto-sans-jp-87-900-normal.woff2                    10.85 kB
build/server/assets/noto-serif-jp-117-900-normal.woff                   10.85 kB
build/server/assets/noto-sans-jp-109-800-normal.woff                    10.86 kB
build/server/assets/noto-sans-jp-106-700-normal.woff2                   10.86 kB
build/server/assets/noto-sans-jp-106-600-normal.woff2                   10.86 kB
build/server/assets/noto-serif-jp-115-200-normal.woff2                  10.87 kB
build/server/assets/noto-sans-jp-109-900-normal.woff                    10.87 kB
build/server/assets/noto-sans-jp-79-400-normal.woff2                    10.87 kB
build/server/assets/noto-sans-jp-106-900-normal.woff2                   10.87 kB
build/server/assets/noto-serif-jp-117-800-normal.woff                   10.87 kB
build/server/assets/noto-sans-jp-100-300-normal.woff2                   10.88 kB
build/server/assets/noto-serif-jp-101-200-normal.woff2                  10.88 kB
build/server/assets/noto-sans-jp-69-400-normal.woff2                    10.90 kB
build/server/assets/m-plus-rounded-1c-6-900-normal.woff2                10.90 kB
build/server/assets/noto-sans-jp-106-800-normal.woff2                   10.90 kB
build/server/assets/noto-serif-jp-109-900-normal.woff2                  10.90 kB
build/server/assets/noto-sans-jp-109-500-normal.woff                    10.90 kB
build/server/assets/noto-sans-jp-109-700-normal.woff                    10.90 kB
build/server/assets/m-plus-rounded-1c-cyrillic-ext-300-normal.woff2     10.91 kB
build/server/assets/noto-sans-jp-73-500-normal.woff2                    10.91 kB
build/server/assets/noto-serif-jp-109-700-normal.woff2                  10.92 kB
build/server/assets/m-plus-rounded-1c-cyrillic-ext-700-normal.woff2     10.94 kB
build/server/assets/noto-sans-jp-109-600-normal.woff                    10.94 kB
build/server/assets/m-plus-rounded-1c-82-100-normal.woff2               10.94 kB
build/server/assets/m-plus-rounded-1c-25-100-normal.woff2               10.94 kB
build/server/assets/m-plus-rounded-1c-5-700-normal.woff                 10.94 kB
build/server/assets/m-plus-rounded-1c-16-100-normal.woff2               10.95 kB
build/server/assets/m-plus-rounded-1c-109-300-normal.woff2              10.95 kB
build/server/assets/noto-sans-jp-71-200-normal.woff2                    10.95 kB
build/server/assets/noto-sans-jp-78-300-normal.woff2                    10.95 kB
build/server/assets/noto-sans-jp-109-400-normal.woff                    10.97 kB
build/server/assets/noto-sans-jp-109-100-normal.woff                    10.97 kB
build/server/assets/m-plus-rounded-1c-62-100-normal.woff2               10.98 kB
build/server/assets/noto-serif-jp-109-800-normal.woff2                  10.98 kB
build/server/assets/m-plus-rounded-1c-29-300-normal.woff2               10.98 kB
build/server/assets/noto-sans-jp-73-600-normal.woff2                    10.98 kB
build/server/assets/m-plus-rounded-1c-83-100-normal.woff2               10.99 kB
build/server/assets/noto-sans-jp-62-400-normal.woff2                    10.99 kB
build/server/assets/m-plus-rounded-1c-cyrillic-ext-500-normal.woff2     11.00 kB
build/server/assets/noto-sans-jp-73-700-normal.woff2                    11.00 kB
build/server/assets/m-plus-rounded-1c-94-100-normal.woff2               11.00 kB
build/server/assets/m-plus-rounded-1c-cyrillic-ext-400-normal.woff2     11.01 kB
build/server/assets/noto-sans-jp-71-300-normal.woff2                    11.02 kB
build/server/assets/noto-sans-jp-79-500-normal.woff2                    11.02 kB
build/server/assets/noto-sans-jp-109-300-normal.woff                    11.02 kB
build/server/assets/noto-sans-jp-109-200-normal.woff                    11.03 kB
build/server/assets/m-plus-rounded-1c-56-300-normal.woff2               11.03 kB
build/server/assets/m-plus-rounded-1c-47-300-normal.woff2               11.04 kB
build/server/assets/m-plus-rounded-1c-cyrillic-ext-800-normal.woff2     11.04 kB
build/server/assets/m-plus-rounded-1c-46-100-normal.woff2               11.04 kB
build/server/assets/noto-sans-jp-65-100-normal.woff2                    11.04 kB
build/server/assets/noto-sans-jp-70-400-normal.woff2                    11.05 kB
build/server/assets/m-plus-rounded-1c-115-400-normal.woff2              11.05 kB
build/server/assets/noto-sans-jp-73-900-normal.woff2                    11.05 kB
build/server/assets/m-plus-rounded-1c-67-100-normal.woff2               11.06 kB
build/server/assets/m-plus-rounded-1c-90-100-normal.woff2               11.06 kB
build/server/assets/yomogi-58-400-normal.woff2                          11.06 kB
build/server/assets/m-plus-rounded-1c-5-800-normal.woff                 11.06 kB
build/server/assets/noto-sans-jp-69-600-normal.woff2                    11.06 kB
build/server/assets/noto-sans-jp-69-500-normal.woff2                    11.06 kB
build/server/assets/m-plus-rounded-1c-108-100-normal.woff2              11.07 kB
build/server/assets/m-plus-rounded-1c-114-700-normal.woff2              11.07 kB
build/server/assets/noto-sans-jp-62-500-normal.woff2                    11.08 kB
build/server/assets/noto-serif-jp-115-400-normal.woff2                  11.08 kB
build/server/assets/noto-sans-jp-73-800-normal.woff2                    11.08 kB
build/server/assets/m-plus-rounded-1c-116-400-normal.woff2              11.09 kB
build/server/assets/noto-sans-jp-100-400-normal.woff2                   11.09 kB
build/server/assets/noto-sans-jp-69-700-normal.woff2                    11.09 kB
build/server/assets/m-plus-rounded-1c-59-900-normal.woff2               11.09 kB
build/server/assets/noto-sans-jp-69-900-normal.woff2                    11.09 kB
build/server/assets/noto-serif-jp-115-300-normal.woff2                  11.09 kB
build/server/assets/noto-sans-jp-65-200-normal.woff2                    11.10 kB
build/server/assets/m-plus-rounded-1c-59-300-normal.woff2               11.10 kB
build/server/assets/noto-sans-jp-62-900-normal.woff2                    11.10 kB
build/server/assets/noto-serif-jp-112-200-normal.woff2                  11.10 kB
build/server/assets/noto-sans-jp-101-900-normal.woff                    11.10 kB
build/server/assets/noto-sans-jp-78-400-normal.woff2                    11.11 kB
build/server/assets/noto-sans-jp-79-900-normal.woff2                    11.12 kB
build/server/assets/noto-sans-jp-101-500-normal.woff                    11.12 kB
build/server/assets/noto-sans-jp-70-600-normal.woff2                    11.12 kB
build/server/assets/noto-sans-jp-70-500-normal.woff2                    11.13 kB
build/server/assets/m-plus-rounded-1c-114-800-normal.woff2              11.13 kB
build/server/assets/noto-sans-jp-79-600-normal.woff2                    11.13 kB
build/server/assets/noto-sans-jp-112-900-normal.woff                    11.13 kB
build/server/assets/m-plus-rounded-1c-6-400-normal.woff2                11.14 kB
build/server/assets/noto-sans-jp-61-100-normal.woff2                    11.14 kB
build/server/assets/noto-sans-jp-79-700-normal.woff2                    11.14 kB
build/server/assets/noto-sans-jp-79-800-normal.woff2                    11.14 kB
build/server/assets/m-plus-rounded-1c-greek-ext-300-normal.woff         11.14 kB
build/server/assets/noto-sans-jp-101-600-normal.woff                    11.14 kB
build/server/assets/noto-sans-jp-62-600-normal.woff2                    11.14 kB
build/server/assets/noto-sans-jp-71-400-normal.woff2                    11.15 kB
build/server/assets/noto-sans-jp-65-300-normal.woff2                    11.15 kB
build/server/assets/m-plus-rounded-1c-112-300-normal.woff2              11.15 kB
build/server/assets/noto-sans-jp-101-700-normal.woff                    11.15 kB
build/server/assets/noto-sans-jp-101-800-normal.woff                    11.16 kB
build/server/assets/noto-sans-jp-70-900-normal.woff2                    11.16 kB
build/server/assets/noto-sans-jp-70-700-normal.woff2                    11.16 kB
build/server/assets/noto-sans-jp-69-800-normal.woff2                    11.16 kB
build/server/assets/noto-sans-jp-112-100-normal.woff                    11.16 kB
build/server/assets/noto-sans-jp-100-500-normal.woff2                   11.17 kB
build/server/assets/noto-serif-jp-115-500-normal.woff2                  11.17 kB
build/server/assets/m-plus-rounded-1c-101-300-normal.woff2              11.18 kB
build/server/assets/noto-serif-jp-116-200-normal.woff2                  11.18 kB
build/server/assets/noto-sans-jp-112-300-normal.woff                    11.18 kB
build/server/assets/m-plus-rounded-1c-113-700-normal.woff2              11.19 kB
build/server/assets/noto-sans-jp-62-700-normal.woff2                    11.20 kB
build/server/assets/noto-serif-jp-110-200-normal.woff2                  11.20 kB
build/server/assets/noto-sans-jp-101-400-normal.woff                    11.20 kB
build/server/assets/m-plus-rounded-1c-18-100-normal.woff2               11.21 kB
build/server/assets/noto-sans-jp-112-800-normal.woff                    11.21 kB
build/server/assets/noto-sans-jp-115-900-normal.woff                    11.21 kB
build/server/assets/noto-sans-jp-70-800-normal.woff2                    11.21 kB
build/server/assets/noto-serif-jp-101-300-normal.woff2                  11.21 kB
build/server/assets/m-plus-rounded-1c-100-100-normal.woff2              11.22 kB
build/server/assets/noto-sans-jp-78-500-normal.woff2                    11.22 kB
build/server/assets/noto-sans-jp-101-100-normal.woff                    11.22 kB
build/server/assets/noto-sans-jp-112-200-normal.woff                    11.22 kB
build/server/assets/noto-sans-jp-115-500-normal.woff                    11.22 kB
build/server/assets/noto-sans-jp-101-300-normal.woff                    11.22 kB
build/server/assets/m-plus-rounded-1c-113-800-normal.woff2              11.23 kB
build/server/assets/m-plus-rounded-1c-116-100-normal.woff               11.23 kB
build/server/assets/noto-sans-jp-71-500-normal.woff2                    11.23 kB
build/server/assets/noto-serif-jp-107-200-normal.woff2                  11.23 kB
build/server/assets/noto-sans-jp-101-200-normal.woff                    11.23 kB
build/server/assets/m-plus-rounded-1c-99-100-normal.woff2               11.24 kB
build/server/assets/noto-sans-jp-112-400-normal.woff                    11.24 kB
build/server/assets/noto-sans-jp-100-600-normal.woff2                   11.24 kB
build/server/assets/noto-sans-jp-62-800-normal.woff2                    11.24 kB
build/server/assets/noto-sans-jp-115-100-normal.woff                    11.24 kB
build/server/assets/noto-sans-jp-115-800-normal.woff                    11.24 kB
build/server/assets/noto-sans-jp-115-600-normal.woff                    11.25 kB
build/server/assets/noto-sans-jp-100-900-normal.woff2                   11.25 kB
build/server/assets/m-plus-rounded-1c-115-100-normal.woff               11.25 kB
build/server/assets/noto-sans-jp-115-700-normal.woff                    11.25 kB
build/server/assets/noto-serif-jp-101-400-normal.woff2                  11.26 kB
build/server/assets/noto-sans-jp-110-900-normal.woff                    11.26 kB
build/server/assets/m-plus-rounded-1c-110-400-normal.woff2              11.26 kB
build/server/assets/noto-sans-jp-71-600-normal.woff2                    11.26 kB
build/server/assets/noto-serif-jp-115-600-normal.woff2                  11.26 kB
build/server/assets/noto-sans-jp-115-400-normal.woff                    11.26 kB
build/server/assets/noto-sans-jp-112-700-normal.woff                    11.26 kB
build/server/assets/noto-sans-jp-110-100-normal.woff                    11.26 kB
build/server/assets/noto-sans-jp-78-600-normal.woff2                    11.28 kB
build/server/assets/noto-sans-jp-112-500-normal.woff                    11.28 kB
build/server/assets/noto-sans-jp-112-600-normal.woff                    11.28 kB
build/server/assets/noto-serif-jp-112-300-normal.woff2                  11.29 kB
build/server/assets/noto-serif-jp-115-700-normal.woff2                  11.30 kB
build/server/assets/noto-sans-jp-78-900-normal.woff2                    11.31 kB
build/server/assets/m-plus-rounded-1c-109-400-normal.woff2              11.31 kB
build/server/assets/noto-serif-jp-101-500-normal.woff2                  11.31 kB
build/server/assets/noto-sans-jp-115-300-normal.woff                    11.31 kB
build/server/assets/noto-sans-jp-100-700-normal.woff2                   11.32 kB
build/server/assets/noto-sans-jp-115-200-normal.woff                    11.32 kB
build/server/assets/m-plus-rounded-1c-73-100-normal.woff2               11.32 kB
build/server/assets/m-plus-rounded-1c-115-500-normal.woff2              11.32 kB
build/server/assets/noto-sans-jp-71-700-normal.woff2                    11.32 kB
build/server/assets/m-plus-rounded-1c-69-100-normal.woff2               11.33 kB
build/server/assets/noto-sans-jp-78-800-normal.woff2                    11.33 kB
build/server/assets/noto-serif-jp-115-900-normal.woff2                  11.33 kB
build/server/assets/m-plus-rounded-1c-29-400-normal.woff2               11.33 kB
build/server/assets/m-plus-rounded-1c-116-500-normal.woff2              11.33 kB
build/server/assets/m-plus-rounded-1c-87-100-normal.woff2               11.34 kB
build/server/assets/m-plus-rounded-1c-45-300-normal.woff2               11.34 kB
build/server/assets/m-plus-rounded-1c-79-100-normal.woff2               11.34 kB
build/server/assets/noto-sans-jp-65-400-normal.woff2                    11.34 kB
build/server/assets/noto-sans-jp-72-100-normal.woff2                    11.34 kB
build/server/assets/m-plus-rounded-1c-59-400-normal.woff2               11.34 kB
build/server/assets/m-plus-rounded-1c-6-500-normal.woff2                11.34 kB
build/server/assets/noto-sans-jp-78-700-normal.woff2                    11.34 kB
build/server/assets/noto-sans-jp-71-900-normal.woff2                    11.34 kB
build/server/assets/noto-serif-jp-112-400-normal.woff2                  11.34 kB
build/server/assets/particle.avif                                       11.35 kB
build/server/assets/noto-serif-jp-115-800-normal.woff2                  11.35 kB
build/server/assets/noto-serif-jp-116-300-normal.woff2                  11.36 kB
build/server/assets/m-plus-rounded-1c-28-300-normal.woff2               11.36 kB
build/server/assets/m-plus-rounded-1c-59-500-normal.woff2               11.36 kB
build/server/assets/noto-sans-jp-100-800-normal.woff2                   11.37 kB
build/server/assets/noto-sans-jp-61-200-normal.woff2                    11.38 kB
build/server/assets/m-plus-rounded-1c-17-100-normal.woff2               11.38 kB
build/server/assets/m-plus-rounded-1c-47-100-normal.woff                11.38 kB
build/server/assets/m-plus-rounded-1c-110-100-normal.woff               11.38 kB
build/server/assets/noto-sans-jp-110-600-normal.woff                    11.38 kB
build/server/assets/noto-serif-jp-101-600-normal.woff2                  11.39 kB
build/server/assets/noto-sans-jp-110-800-normal.woff                    11.40 kB
build/server/assets/noto-sans-jp-110-700-normal.woff                    11.40 kB
build/server/assets/m-plus-rounded-1c-56-400-normal.woff2               11.41 kB
build/server/assets/noto-serif-jp-116-400-normal.woff2                  11.41 kB
build/server/assets/noto-sans-jp-110-500-normal.woff                    11.42 kB
build/server/assets/m-plus-rounded-1c-115-900-normal.woff2              11.43 kB
build/server/assets/noto-sans-jp-71-800-normal.woff2                    11.43 kB
build/server/assets/noto-serif-jp-101-700-normal.woff2                  11.43 kB
build/server/assets/noto-sans-jp-61-300-normal.woff2                    11.45 kB
build/server/assets/m-plus-rounded-1c-greek-ext-400-normal.woff         11.45 kB
build/server/assets/noto-sans-jp-110-300-normal.woff                    11.45 kB
build/server/assets/noto-serif-jp-107-300-normal.woff2                  11.45 kB
build/server/assets/noto-sans-jp-110-200-normal.woff                    11.45 kB
build/server/assets/noto-serif-jp-101-900-normal.woff2                  11.46 kB
build/server/assets/noto-sans-jp-110-400-normal.woff                    11.46 kB
build/server/assets/m-plus-rounded-1c-106-100-normal.woff2              11.46 kB
build/server/assets/yomogi-52-400-normal.woff                           11.47 kB
build/server/assets/noto-sans-jp-65-600-normal.woff2                    11.48 kB
build/server/assets/noto-serif-jp-112-500-normal.woff2                  11.48 kB
build/server/assets/m-plus-rounded-1c-12-100-normal.woff                11.48 kB
build/server/assets/noto-sans-jp-65-500-normal.woff2                    11.49 kB
build/server/assets/noto-serif-jp-101-800-normal.woff2                  11.49 kB
build/server/assets/m-plus-rounded-1c-40-100-normal.woff2               11.50 kB
build/server/assets/noto-sans-jp-65-900-normal.woff2                    11.50 kB
build/server/assets/noto-serif-jp-111-200-normal.woff2                  11.50 kB
build/server/assets/m-plus-rounded-1c-70-100-normal.woff2               11.50 kB
build/server/assets/m-plus-rounded-1c-6-700-normal.woff2                11.50 kB
build/server/assets/m-plus-rounded-1c-45-100-normal.woff                11.51 kB
build/server/assets/m-plus-rounded-1c-109-100-normal.woff               11.51 kB
build/server/assets/m-plus-rounded-1c-19-100-normal.woff                11.51 kB
build/server/assets/m-plus-rounded-1c-38-100-normal.woff2               11.52 kB
build/server/assets/m-plus-rounded-1c-6-800-normal.woff2                11.52 kB
build/server/assets/noto-sans-jp-72-200-normal.woff2                    11.52 kB
build/server/assets/m-plus-rounded-1c-77-100-normal.woff2               11.53 kB
build/server/assets/noto-sans-jp-65-700-normal.woff2                    11.53 kB
build/server/assets/m-plus-rounded-1c-56-500-normal.woff2               11.54 kB
build/server/assets/m-plus-rounded-1c-24-100-normal.woff2               11.56 kB
build/server/assets/m-plus-rounded-1c-110-500-normal.woff2              11.57 kB
build/server/assets/m-plus-rounded-1c-101-400-normal.woff2              11.57 kB
build/server/assets/noto-sans-jp-72-300-normal.woff2                    11.57 kB
build/server/assets/noto-serif-jp-116-500-normal.woff2                  11.57 kB
build/server/assets/m-plus-rounded-1c-47-400-normal.woff2               11.58 kB
build/server/assets/m-plus-rounded-1c-32-100-normal.woff2               11.58 kB
build/server/assets/m-plus-rounded-1c-116-900-normal.woff2              11.58 kB
build/server/assets/noto-sans-jp-65-800-normal.woff2                    11.58 kB
build/server/assets/noto-serif-jp-112-600-normal.woff2                  11.58 kB
build/server/assets/noto-sans-jp-68-100-normal.woff2                    11.58 kB
build/server/assets/noto-serif-jp-107-400-normal.woff2                  11.58 kB
build/server/assets/m-plus-rounded-1c-112-400-normal.woff2              11.58 kB
build/server/assets/noto-sans-jp-116-900-normal.woff                    11.59 kB
build/server/assets/noto-sans-jp-107-900-normal.woff                    11.59 kB
build/server/assets/noto-serif-jp-112-900-normal.woff2                  11.60 kB
build/server/assets/noto-serif-jp-116-900-normal.woff2                  11.60 kB
build/server/assets/noto-serif-jp-103-200-normal.woff2                  11.60 kB
build/server/assets/m-plus-rounded-1c-56-900-normal.woff2               11.62 kB
build/server/assets/noto-serif-jp-112-800-normal.woff2                  11.63 kB
build/server/assets/m-plus-rounded-1c-112-100-normal.woff               11.63 kB
build/server/assets/noto-sans-jp-61-400-normal.woff2                    11.64 kB
build/server/assets/m-plus-rounded-1c-29-500-normal.woff2               11.64 kB
build/server/assets/m-plus-rounded-1c-111-300-normal.woff2              11.65 kB
build/server/assets/noto-sans-jp-116-500-normal.woff                    11.65 kB
build/server/assets/noto-serif-jp-110-300-normal.woff2                  11.66 kB
build/server/assets/m-plus-rounded-1c-86-300-normal.woff2               11.66 kB
build/server/assets/noto-serif-jp-110-400-normal.woff2                  11.66 kB
build/server/assets/noto-serif-jp-112-700-normal.woff2                  11.66 kB
build/server/assets/noto-sans-jp-116-600-normal.woff                    11.66 kB
build/server/assets/noto-sans-jp-107-800-normal.woff                    11.66 kB
build/server/assets/m-plus-rounded-1c-115-700-normal.woff2              11.67 kB
build/server/assets/noto-sans-jp-107-600-normal.woff                    11.67 kB
build/server/assets/m-plus-rounded-1c-109-500-normal.woff2              11.68 kB
build/server/assets/noto-sans-jp-107-700-normal.woff                    11.68 kB
build/server/assets/m-plus-rounded-1c-59-700-normal.woff2               11.68 kB
build/server/assets/noto-serif-jp-116-600-normal.woff2                  11.69 kB
build/server/assets/noto-sans-jp-107-200-normal.woff                    11.69 kB
build/server/assets/noto-sans-jp-116-800-normal.woff                    11.69 kB
build/server/assets/m-plus-rounded-1c-19-300-normal.woff2               11.70 kB
build/server/assets/m-plus-rounded-1c-28-100-normal.woff                11.70 kB
build/server/assets/noto-serif-jp-107-600-normal.woff2                  11.70 kB
build/server/assets/noto-sans-jp-68-200-normal.woff2                    11.70 kB
build/server/assets/noto-serif-jp-116-700-normal.woff2                  11.70 kB
build/server/assets/noto-sans-jp-61-500-normal.woff2                    11.71 kB
build/server/assets/m-plus-rounded-1c-116-700-normal.woff2              11.71 kB
build/server/assets/noto-sans-jp-107-300-normal.woff                    11.72 kB
build/server/assets/noto-sans-jp-72-400-normal.woff2                    11.72 kB
build/server/assets/noto-sans-jp-107-100-normal.woff                    11.72 kB
build/server/assets/noto-sans-jp-107-500-normal.woff                    11.72 kB
build/server/assets/m-plus-rounded-1c-9-100-normal.woff                 11.72 kB
build/server/assets/noto-sans-jp-116-100-normal.woff                    11.73 kB
build/server/assets/m-plus-rounded-1c-110-900-normal.woff2              11.74 kB
build/server/assets/noto-sans-jp-116-700-normal.woff                    11.74 kB
build/server/assets/m-plus-rounded-1c-45-400-normal.woff2               11.75 kB
build/server/assets/noto-serif-jp-111-300-normal.woff2                  11.75 kB
build/server/assets/m-plus-rounded-1c-11-100-normal.woff                11.75 kB
build/server/assets/m-plus-rounded-1c-29-900-normal.woff2               11.76 kB
build/server/assets/noto-serif-jp-107-500-normal.woff2                  11.76 kB
build/server/assets/noto-sans-jp-107-400-normal.woff                    11.76 kB
build/server/assets/noto-sans-jp-116-400-normal.woff                    11.76 kB
build/server/assets/noto-sans-jp-116-200-normal.woff                    11.76 kB
build/server/assets/m-plus-rounded-1c-118-100-normal.woff2              11.77 kB
build/server/assets/m-plus-rounded-1c-115-800-normal.woff2              11.77 kB
build/server/assets/m-plus-rounded-1c-101-100-normal.woff               11.77 kB
build/server/assets/m-plus-rounded-1c-59-800-normal.woff2               11.77 kB
build/server/assets/noto-serif-jp-116-800-normal.woff2                  11.78 kB
build/server/assets/m-plus-rounded-1c-56-700-normal.woff2               11.78 kB
build/server/assets/noto-serif-jp-107-900-normal.woff2                  11.78 kB
build/server/assets/noto-sans-jp-72-900-normal.woff2                    11.78 kB
build/server/assets/m-plus-rounded-1c-12-300-normal.woff2               11.79 kB
build/server/assets/noto-sans-jp-116-300-normal.woff                    11.80 kB
build/server/assets/m-plus-rounded-1c-97-300-normal.woff2               11.82 kB
build/server/assets/noto-serif-jp-103-300-normal.woff2                  11.82 kB
build/server/assets/noto-sans-jp-68-300-normal.woff2                    11.82 kB
build/server/assets/noto-serif-jp-111-400-normal.woff2                  11.82 kB
build/server/assets/m-plus-rounded-1c-9-300-normal.woff2                11.82 kB
build/server/assets/noto-serif-jp-110-500-normal.woff2                  11.82 kB
build/server/assets/noto-sans-jp-61-600-normal.woff2                    11.84 kB
build/server/assets/noto-serif-jp-110-900-normal.woff2                  11.84 kB
build/server/assets/m-plus-rounded-1c-56-800-normal.woff2               11.84 kB
build/server/assets/noto-sans-jp-61-700-normal.woff2                    11.84 kB
build/server/assets/noto-serif-jp-102-200-normal.woff2                  11.84 kB
build/server/assets/noto-serif-jp-107-700-normal.woff2                  11.84 kB
build/server/assets/noto-sans-jp-72-500-normal.woff2                    11.85 kB
build/server/assets/m-plus-rounded-1c-101-500-normal.woff2              11.86 kB
build/server/assets/m-plus-rounded-1c-107-300-normal.woff2              11.87 kB
build/server/assets/noto-sans-jp-72-700-normal.woff2                    11.87 kB
build/server/assets/m-plus-rounded-1c-95-300-normal.woff2               11.88 kB
build/server/assets/noto-sans-jp-64-100-normal.woff2                    11.88 kB
build/server/assets/noto-serif-jp-95-200-normal.woff2                   11.88 kB
build/server/assets/m-plus-rounded-1c-85-300-normal.woff2               11.88 kB
build/server/assets/noto-sans-jp-72-800-normal.woff2                    11.88 kB
build/server/assets/noto-sans-jp-61-900-normal.woff2                    11.88 kB
build/server/assets/m-plus-rounded-1c-8-100-normal.woff                 11.88 kB
build/server/assets/noto-serif-jp-107-800-normal.woff2                  11.88 kB
build/server/assets/m-plus-rounded-1c-78-100-normal.woff2               11.89 kB
build/server/assets/m-plus-rounded-1c-11-300-normal.woff2               11.90 kB
build/server/assets/m-plus-rounded-1c-greek-ext-900-normal.woff         11.90 kB
build/server/assets/m-plus-rounded-1c-28-400-normal.woff2               11.91 kB
build/server/assets/noto-serif-jp-103-400-normal.woff2                  11.91 kB
build/server/assets/noto-serif-jp-110-600-normal.woff2                  11.91 kB
build/server/assets/m-plus-rounded-1c-47-500-normal.woff2               11.92 kB
build/server/assets/noto-sans-jp-103-700-normal.woff                    11.92 kB
build/server/assets/noto-serif-jp-111-500-normal.woff2                  11.93 kB
build/server/assets/noto-sans-jp-72-600-normal.woff2                    11.94 kB
build/server/assets/noto-sans-jp-61-800-normal.woff2                    11.94 kB
build/server/assets/noto-sans-jp-103-600-normal.woff                    11.94 kB
build/server/assets/m-plus-rounded-1c-112-900-normal.woff2              11.94 kB
build/server/assets/noto-sans-jp-103-500-normal.woff                    11.95 kB
build/server/assets/noto-serif-jp-110-700-normal.woff2                  11.95 kB
build/server/assets/m-plus-rounded-1c-104-300-normal.woff2              11.96 kB
build/server/assets/m-plus-rounded-1c-116-800-normal.woff2              11.96 kB
build/server/assets/noto-serif-jp-111-600-normal.woff2                  11.96 kB
build/server/assets/m-plus-rounded-1c-28-500-normal.woff2               11.96 kB
build/server/assets/m-plus-rounded-1c-101-900-normal.woff2              11.96 kB
build/server/assets/noto-sans-jp-86-600-normal.woff                     11.97 kB
build/server/assets/noto-sans-jp-86-100-normal.woff                     11.98 kB
build/server/assets/m-plus-rounded-1c-28-900-normal.woff2               11.99 kB
build/server/assets/noto-serif-jp-104-200-normal.woff2                  11.99 kB
build/server/assets/m-plus-rounded-1c-greek-ext-500-normal.woff         11.99 kB
build/server/assets/noto-sans-jp-103-800-normal.woff                    12.00 kB
build/server/assets/noto-serif-jp-111-700-normal.woff2                  12.00 kB
build/server/assets/noto-serif-jp-110-800-normal.woff2                  12.00 kB
build/server/assets/m-plus-rounded-1c-88-300-normal.woff2               12.00 kB
build/server/assets/noto-serif-jp-95-300-normal.woff2                   12.02 kB
build/server/assets/noto-sans-jp-86-900-normal.woff                     12.02 kB
build/server/assets/noto-sans-jp-86-400-normal.woff                     12.02 kB
build/server/assets/noto-sans-jp-68-400-normal.woff2                    12.03 kB
build/server/assets/noto-serif-jp-96-200-normal.woff2                   12.03 kB
build/server/assets/noto-serif-jp-97-200-normal.woff2                   12.03 kB
build/server/assets/noto-serif-jp-103-500-normal.woff2                  12.03 kB
build/server/assets/noto-sans-jp-103-900-normal.woff                    12.03 kB
build/server/assets/m-plus-rounded-1c-86-400-normal.woff2               12.03 kB
build/server/assets/noto-serif-jp-102-300-normal.woff2                  12.03 kB
build/server/assets/noto-sans-jp-103-400-normal.woff                    12.04 kB
build/server/assets/m-plus-rounded-1c-109-900-normal.woff2              12.04 kB
build/server/assets/noto-sans-jp-86-300-normal.woff                     12.04 kB
build/server/assets/noto-sans-jp-86-800-normal.woff                     12.04 kB
build/server/assets/noto-sans-jp-111-600-normal.woff                    12.04 kB
build/server/assets/noto-sans-jp-81-900-normal.woff                     12.04 kB
build/server/assets/m-plus-rounded-1c-22-100-normal.woff2               12.05 kB
build/server/assets/m-plus-rounded-1c-72-100-normal.woff2               12.05 kB
build/server/assets/m-plus-rounded-1c-112-500-normal.woff2              12.05 kB
build/server/assets/noto-sans-jp-86-200-normal.woff                     12.05 kB
build/server/assets/noto-sans-jp-81-100-normal.woff                     12.06 kB
build/server/assets/noto-sans-jp-96-100-normal.woff                     12.06 kB
build/server/assets/noto-sans-jp-103-200-normal.woff                    12.06 kB
build/server/assets/noto-sans-jp-86-500-normal.woff                     12.06 kB
build/server/assets/m-plus-rounded-1c-29-700-normal.woff2               12.06 kB
build/server/assets/noto-serif-jp-95-400-normal.woff2                   12.06 kB
build/server/assets/noto-serif-jp-103-600-normal.woff2                  12.06 kB
build/server/assets/noto-serif-jp-111-900-normal.woff2                  12.06 kB
build/server/assets/noto-sans-jp-86-700-normal.woff                     12.06 kB
build/server/assets/noto-sans-jp-111-900-normal.woff                    12.06 kB
build/server/assets/noto-sans-jp-64-200-normal.woff2                    12.07 kB
build/server/assets/yomogi-117-400-normal.woff2                         12.07 kB
build/server/assets/noto-sans-jp-96-200-normal.woff                     12.07 kB
build/server/assets/noto-sans-jp-103-300-normal.woff                    12.07 kB
build/server/assets/noto-sans-jp-111-700-normal.woff                    12.07 kB
build/server/assets/noto-sans-jp-103-100-normal.woff                    12.08 kB
build/server/assets/noto-sans-jp-102-900-normal.woff                    12.08 kB
build/server/assets/noto-serif-jp-102-400-normal.woff2                  12.09 kB
build/server/assets/noto-serif-jp-88-200-normal.woff2                   12.09 kB
build/server/assets/noto-serif-jp-111-800-normal.woff2                  12.09 kB
build/server/assets/noto-sans-jp-95-200-normal.woff                     12.09 kB
build/server/assets/noto-sans-jp-111-800-normal.woff                    12.09 kB
build/server/assets/m-plus-rounded-1c-102-300-normal.woff2              12.09 kB
build/server/assets/noto-sans-jp-95-100-normal.woff                     12.09 kB
build/server/assets/noto-sans-jp-111-100-normal.woff                    12.10 kB
build/server/assets/noto-serif-jp-105-200-normal.woff2                  12.10 kB
build/server/assets/noto-sans-jp-95-300-normal.woff                     12.10 kB
build/server/assets/m-plus-rounded-1c-110-700-normal.woff2              12.10 kB
build/server/assets/noto-sans-jp-81-800-normal.woff                     12.10 kB
build/server/assets/noto-sans-jp-68-500-normal.woff2                    12.11 kB
build/server/assets/noto-sans-jp-95-400-normal.woff                     12.11 kB
build/server/assets/noto-sans-jp-96-400-normal.woff                     12.11 kB
build/server/assets/m-plus-rounded-1c-114-300-normal.woff               12.11 kB
build/server/assets/m-plus-rounded-1c-113-300-normal.woff               12.11 kB
build/server/assets/m-plus-rounded-1c-110-800-normal.woff2              12.12 kB
build/server/assets/noto-serif-jp-89-200-normal.woff2                   12.12 kB
build/server/assets/noto-sans-jp-81-200-normal.woff                     12.12 kB
build/server/assets/noto-sans-jp-111-200-normal.woff                    12.12 kB
build/server/assets/noto-sans-jp-111-300-normal.woff                    12.12 kB
build/server/assets/noto-sans-jp-111-500-normal.woff                    12.12 kB
build/server/assets/noto-sans-jp-96-300-normal.woff                     12.12 kB
build/server/assets/noto-serif-jp-103-700-normal.woff2                  12.13 kB
build/server/assets/noto-sans-jp-68-700-normal.woff2                    12.13 kB
build/server/assets/noto-sans-jp-81-600-normal.woff                     12.13 kB
build/server/assets/m-plus-rounded-1c-47-900-normal.woff2               12.14 kB
build/server/assets/m-plus-rounded-1c-109-700-normal.woff2              12.14 kB
build/server/assets/noto-sans-jp-96-500-normal.woff                     12.14 kB
build/server/assets/noto-sans-jp-96-600-normal.woff                     12.14 kB
build/server/assets/noto-sans-jp-96-800-normal.woff                     12.14 kB
build/server/assets/noto-sans-jp-96-900-normal.woff                     12.14 kB
build/server/assets/m-plus-rounded-1c-105-300-normal.woff2              12.15 kB
build/server/assets/m-plus-rounded-1c-111-400-normal.woff2              12.15 kB
build/server/assets/m-plus-rounded-1c-61-100-normal.woff2               12.15 kB
build/server/assets/noto-sans-jp-64-300-normal.woff2                    12.15 kB
build/server/assets/noto-serif-jp-95-500-normal.woff2                   12.15 kB
build/server/assets/noto-sans-jp-111-400-normal.woff                    12.15 kB
build/server/assets/noto-sans-jp-93-100-normal.woff                     12.15 kB
build/server/assets/m-plus-rounded-1c-42-300-normal.woff2               12.16 kB
build/server/assets/noto-sans-jp-105-100-normal.woff                    12.16 kB
build/server/assets/noto-sans-jp-96-700-normal.woff                     12.16 kB
build/server/assets/noto-sans-jp-102-800-normal.woff                    12.16 kB
build/server/assets/m-plus-rounded-1c-96-300-normal.woff2               12.16 kB
build/server/assets/noto-serif-jp-102-500-normal.woff2                  12.16 kB
build/server/assets/noto-sans-jp-81-500-normal.woff                     12.16 kB
build/server/assets/noto-serif-jp-103-800-normal.woff2                  12.17 kB
build/server/assets/noto-sans-jp-81-300-normal.woff                     12.17 kB
build/server/assets/noto-sans-jp-95-500-normal.woff                     12.17 kB
build/server/assets/noto-sans-jp-68-900-normal.woff2                    12.17 kB
build/server/assets/noto-sans-jp-102-600-normal.woff                    12.17 kB
build/server/assets/noto-sans-jp-68-600-normal.woff2                    12.18 kB
build/server/assets/noto-sans-jp-81-700-normal.woff                     12.18 kB
build/server/assets/m-plus-rounded-1c-89-300-normal.woff2               12.18 kB
build/server/assets/noto-sans-jp-95-700-normal.woff                     12.18 kB
build/server/assets/noto-serif-jp-86-200-normal.woff2                   12.19 kB
build/server/assets/m-plus-rounded-1c-95-400-normal.woff2               12.19 kB
build/server/assets/m-plus-rounded-1c-103-300-normal.woff2              12.19 kB
build/server/assets/noto-sans-jp-81-400-normal.woff                     12.19 kB
build/server/assets/noto-sans-jp-105-500-normal.woff                    12.19 kB
build/server/assets/m-plus-rounded-1c-66-300-normal.woff2               12.20 kB
build/server/assets/m-plus-rounded-1c-45-500-normal.woff2               12.20 kB
build/server/assets/noto-sans-jp-95-600-normal.woff                     12.20 kB
build/server/assets/noto-sans-jp-105-900-normal.woff                    12.20 kB
build/server/assets/noto-sans-jp-105-200-normal.woff                    12.20 kB
build/server/assets/m-plus-rounded-1c-47-700-normal.woff2               12.20 kB
build/server/assets/m-plus-rounded-1c-86-100-normal.woff                12.20 kB
build/server/assets/noto-sans-jp-95-800-normal.woff                     12.20 kB
build/server/assets/noto-sans-jp-105-800-normal.woff                    12.20 kB
build/server/assets/noto-sans-jp-95-900-normal.woff                     12.20 kB
build/server/assets/m-plus-rounded-1c-63-300-normal.woff2               12.21 kB
build/server/assets/m-plus-rounded-1c-74-300-normal.woff2               12.21 kB
build/server/assets/m-plus-rounded-1c-93-300-normal.woff2               12.21 kB
build/server/assets/m-plus-rounded-1c-greek-ext-700-normal.woff         12.21 kB
build/server/assets/noto-sans-jp-105-400-normal.woff                    12.21 kB
build/server/assets/noto-sans-jp-105-600-normal.woff                    12.21 kB
build/server/assets/m-plus-rounded-1c-111-100-normal.woff               12.21 kB
build/server/assets/noto-serif-jp-103-900-normal.woff2                  12.21 kB
build/server/assets/noto-sans-jp-93-200-normal.woff                     12.22 kB
build/server/assets/noto-sans-jp-105-300-normal.woff                    12.22 kB
build/server/assets/noto-sans-jp-93-900-normal.woff                     12.22 kB
build/server/assets/noto-serif-jp-95-600-normal.woff2                   12.22 kB
build/server/assets/noto-sans-jp-68-800-normal.woff2                    12.22 kB
build/server/assets/noto-serif-jp-93-200-normal.woff2                   12.22 kB
build/server/assets/noto-sans-jp-93-300-normal.woff                     12.23 kB
build/server/assets/noto-sans-jp-93-600-normal.woff                     12.23 kB
build/server/assets/noto-serif-jp-81-200-normal.woff2                   12.23 kB
build/server/assets/noto-sans-jp-102-700-normal.woff                    12.23 kB
build/server/assets/m-plus-rounded-1c-45-900-normal.woff2               12.24 kB
build/server/assets/m-plus-rounded-1c-107-100-normal.woff               12.24 kB
build/server/assets/noto-sans-jp-93-400-normal.woff                     12.24 kB
build/server/assets/noto-sans-jp-105-700-normal.woff                    12.24 kB
build/server/assets/m-plus-rounded-1c-33-100-normal.woff                12.25 kB
build/server/assets/noto-sans-jp-102-400-normal.woff                    12.25 kB
build/server/assets/noto-serif-jp-102-600-normal.woff2                  12.25 kB
build/server/assets/noto-sans-jp-102-100-normal.woff                    12.26 kB
build/server/assets/noto-serif-jp-104-300-normal.woff2                  12.26 kB
build/server/assets/m-plus-rounded-1c-68-100-normal.woff2               12.26 kB
build/server/assets/m-plus-rounded-1c-60-100-normal.woff2               12.27 kB
build/server/assets/noto-serif-jp-95-900-normal.woff2                   12.27 kB
build/server/assets/noto-sans-jp-93-500-normal.woff                     12.27 kB
build/server/assets/noto-sans-jp-102-500-normal.woff                    12.27 kB
build/server/assets/noto-sans-jp-93-700-normal.woff                     12.27 kB
build/server/assets/noto-sans-jp-97-900-normal.woff                     12.27 kB
build/server/assets/noto-serif-jp-95-700-normal.woff2                   12.28 kB
build/server/assets/m-plus-rounded-1c-37-100-normal.woff2               12.28 kB
build/server/assets/yomogi-3-400-normal.woff2                           12.28 kB
build/server/assets/noto-sans-jp-102-300-normal.woff                    12.28 kB
build/server/assets/m-plus-rounded-1c-101-700-normal.woff2              12.29 kB
build/server/assets/m-plus-rounded-1c-48-300-normal.woff2               12.29 kB
build/server/assets/noto-serif-jp-97-300-normal.woff2                   12.29 kB
build/server/assets/noto-sans-jp-85-100-normal.woff                     12.29 kB
build/server/assets/noto-sans-jp-97-100-normal.woff                     12.29 kB
build/server/assets/noto-sans-jp-102-200-normal.woff                    12.30 kB
build/server/assets/m-plus-rounded-1c-107-400-normal.woff2              12.31 kB
build/server/assets/m-plus-rounded-1c-65-100-normal.woff2               12.31 kB
build/server/assets/m-plus-rounded-1c-111-500-normal.woff2              12.31 kB
build/server/assets/m-plus-rounded-1c-85-100-normal.woff                12.31 kB
build/server/assets/noto-sans-jp-76-100-normal.woff                     12.31 kB
build/server/assets/noto-sans-jp-97-500-normal.woff                     12.31 kB
build/server/assets/m-plus-rounded-1c-8-300-normal.woff2                12.32 kB
build/server/assets/m-plus-rounded-1c-29-800-normal.woff2               12.32 kB
build/server/assets/noto-serif-jp-97-400-normal.woff2                   12.32 kB
build/server/assets/yomogi-latin-ext-400-normal.woff2                   12.33 kB
build/server/assets/m-plus-rounded-1c-27-300-normal.woff2               12.33 kB
build/server/assets/m-plus-rounded-1c-75-300-normal.woff2               12.33 kB
build/server/assets/m-plus-rounded-1c-84-300-normal.woff2               12.33 kB
build/server/assets/noto-sans-jp-60-100-normal.woff2                    12.33 kB
build/server/assets/noto-serif-jp-95-800-normal.woff2                   12.33 kB
build/server/assets/noto-sans-jp-97-800-normal.woff                     12.33 kB
build/server/assets/noto-serif-jp-104-400-normal.woff2                  12.34 kB
build/server/assets/noto-sans-jp-93-800-normal.woff                     12.34 kB
build/server/assets/m-plus-rounded-1c-85-400-normal.woff2               12.34 kB
build/server/assets/m-plus-rounded-1c-97-400-normal.woff2               12.34 kB
build/server/assets/m-plus-rounded-1c-71-300-normal.woff2               12.35 kB
build/server/assets/m-plus-rounded-1c-80-300-normal.woff2               12.35 kB
build/server/assets/m-plus-rounded-1c-109-800-normal.woff2              12.35 kB
build/server/assets/m-plus-rounded-1c-9-400-normal.woff2                12.35 kB
build/server/assets/m-plus-rounded-1c-88-400-normal.woff2               12.35 kB
build/server/assets/m-plus-rounded-1c-93-100-normal.woff                12.35 kB
build/server/assets/noto-sans-jp-97-600-normal.woff                     12.35 kB
build/server/assets/m-plus-rounded-1c-112-700-normal.woff2              12.36 kB
build/server/assets/noto-serif-jp-102-900-normal.woff2                  12.36 kB
build/server/assets/noto-serif-jp-97-900-normal.woff2                   12.36 kB
build/server/assets/noto-sans-jp-64-400-normal.woff2                    12.36 kB
build/server/assets/noto-serif-jp-108-200-normal.woff2                  12.36 kB
build/server/assets/m-plus-rounded-1c-97-100-normal.woff                12.36 kB
build/server/assets/m-plus-rounded-1c-28-700-normal.woff2               12.37 kB
build/server/assets/noto-sans-jp-74-100-normal.woff                     12.37 kB
build/server/assets/m-plus-rounded-1c-81-300-normal.woff2               12.37 kB
build/server/assets/noto-serif-jp-86-300-normal.woff2                   12.37 kB
build/server/assets/noto-serif-jp-96-300-normal.woff2                   12.37 kB
build/server/assets/noto-sans-jp-97-400-normal.woff                     12.37 kB
build/server/assets/m-plus-rounded-1c-86-500-normal.woff2               12.38 kB
build/server/assets/m-plus-rounded-1c-95-100-normal.woff                12.38 kB
build/server/assets/noto-sans-jp-74-900-normal.woff                     12.38 kB
build/server/assets/noto-sans-jp-97-200-normal.woff                     12.38 kB
build/server/assets/m-plus-rounded-1c-30-100-normal.woff2               12.38 kB
build/server/assets/m-plus-rounded-1c-101-800-normal.woff2              12.38 kB
build/server/assets/m-plus-rounded-1c-47-800-normal.woff2               12.39 kB
build/server/assets/noto-serif-jp-74-200-normal.woff2                   12.39 kB
build/server/assets/noto-serif-jp-96-400-normal.woff2                   12.39 kB
build/server/assets/noto-serif-jp-97-500-normal.woff2                   12.39 kB
build/server/assets/m-plus-rounded-1c-6-300-normal.woff                 12.40 kB
build/server/assets/noto-sans-jp-85-900-normal.woff                     12.40 kB
build/server/assets/m-plus-rounded-1c-19-900-normal.woff2               12.40 kB
build/server/assets/m-plus-rounded-1c-19-400-normal.woff2               12.40 kB
build/server/assets/m-plus-rounded-1c-112-800-normal.woff2              12.40 kB
build/server/assets/noto-sans-jp-118-100-normal.woff                    12.40 kB
build/server/assets/noto-sans-jp-88-100-normal.woff                     12.41 kB
build/server/assets/noto-sans-jp-85-300-normal.woff                     12.41 kB
build/server/assets/m-plus-rounded-1c-102-400-normal.woff2              12.41 kB
build/server/assets/m-plus-rounded-1c-104-400-normal.woff2              12.42 kB
build/server/assets/noto-sans-jp-97-700-normal.woff                     12.42 kB
build/server/assets/m-plus-rounded-1c-28-800-normal.woff2               12.42 kB
build/server/assets/m-plus-rounded-1c-88-100-normal.woff                12.42 kB
build/server/assets/noto-sans-jp-85-200-normal.woff                     12.42 kB
build/server/assets/noto-serif-jp-89-300-normal.woff2                   12.42 kB
build/server/assets/noto-serif-jp-102-700-normal.woff2                  12.42 kB
build/server/assets/noto-sans-jp-88-900-normal.woff                     12.42 kB
build/server/assets/noto-sans-jp-76-200-normal.woff                     12.43 kB
build/server/assets/noto-sans-jp-76-900-normal.woff                     12.44 kB
build/server/assets/m-plus-rounded-1c-97-500-normal.woff2               12.45 kB
build/server/assets/noto-serif-jp-102-800-normal.woff2                  12.45 kB
build/server/assets/m-plus-rounded-1c-86-900-normal.woff2               12.45 kB
build/server/assets/noto-sans-jp-85-400-normal.woff                     12.45 kB
build/server/assets/noto-sans-jp-104-100-normal.woff                    12.45 kB
build/server/assets/noto-sans-jp-74-700-normal.woff                     12.45 kB
build/server/assets/noto-serif-jp-93-300-normal.woff2                   12.46 kB
build/server/assets/noto-sans-jp-97-300-normal.woff                     12.46 kB
build/server/assets/noto-sans-jp-85-600-normal.woff                     12.46 kB
build/server/assets/noto-sans-jp-74-800-normal.woff                     12.46 kB
build/server/assets/noto-sans-jp-76-800-normal.woff                     12.46 kB
build/server/assets/noto-sans-jp-74-200-normal.woff                     12.46 kB
build/server/assets/noto-sans-jp-76-300-normal.woff                     12.46 kB
build/server/assets/m-plus-rounded-1c-98-300-normal.woff2               12.46 kB
build/server/assets/noto-serif-jp-105-300-normal.woff2                  12.46 kB
build/server/assets/m-plus-rounded-1c-76-300-normal.woff2               12.47 kB
build/server/assets/noto-serif-jp-81-300-normal.woff2                   12.47 kB
build/server/assets/noto-serif-jp-104-500-normal.woff2                  12.47 kB
build/server/assets/m-plus-rounded-1c-114-400-normal.woff               12.47 kB
build/server/assets/noto-sans-jp-74-300-normal.woff                     12.47 kB
build/server/assets/noto-sans-jp-104-900-normal.woff                    12.47 kB
build/server/assets/m-plus-rounded-1c-56-100-normal.woff                12.48 kB
build/server/assets/noto-sans-jp-74-400-normal.woff                     12.48 kB
build/server/assets/noto-serif-jp-85-200-normal.woff2                   12.49 kB
build/server/assets/m-plus-rounded-1c-96-100-normal.woff                12.49 kB
build/server/assets/noto-serif-jp-104-600-normal.woff2                  12.49 kB
build/server/assets/noto-sans-jp-64-500-normal.woff2                    12.50 kB
build/server/assets/noto-serif-jp-94-200-normal.woff2                   12.50 kB
build/server/assets/m-plus-rounded-1c-89-100-normal.woff                12.50 kB
build/server/assets/noto-sans-jp-76-700-normal.woff                     12.50 kB
build/server/assets/noto-serif-jp-88-300-normal.woff2                   12.50 kB
build/server/assets/noto-sans-jp-76-400-normal.woff                     12.50 kB
build/server/assets/noto-sans-jp-85-500-normal.woff                     12.50 kB
build/server/assets/noto-sans-jp-85-700-normal.woff                     12.50 kB
build/server/assets/noto-serif-jp-86-400-normal.woff2                   12.50 kB
build/server/assets/noto-sans-jp-76-500-normal.woff                     12.50 kB
build/server/assets/noto-sans-jp-76-600-normal.woff                     12.50 kB
build/server/assets/noto-sans-jp-74-500-normal.woff                     12.51 kB
build/server/assets/m-plus-rounded-1c-greek-ext-800-normal.woff         12.51 kB
build/server/assets/noto-serif-jp-114-200-normal.woff                   12.51 kB
build/server/assets/noto-sans-jp-88-600-normal.woff                     12.51 kB
build/server/assets/m-plus-rounded-1c-92-300-normal.woff2               12.52 kB
build/server/assets/noto-sans-jp-latin-100-normal.woff2                 12.52 kB
build/server/assets/noto-serif-jp-105-400-normal.woff2                  12.52 kB
build/server/assets/m-plus-rounded-1c-63-100-normal.woff                12.52 kB
build/server/assets/noto-sans-jp-74-600-normal.woff                     12.52 kB
build/server/assets/noto-sans-jp-85-800-normal.woff                     12.52 kB
build/server/assets/yomogi-50-400-normal.woff                           12.52 kB
build/server/assets/noto-serif-jp-89-400-normal.woff2                   12.52 kB
build/server/assets/noto-serif-jp-97-700-normal.woff2                   12.52 kB
build/server/assets/noto-serif-jp-93-400-normal.woff2                   12.53 kB
build/server/assets/noto-sans-jp-88-500-normal.woff                     12.53 kB
build/server/assets/noto-sans-jp-60-200-normal.woff2                    12.54 kB
build/server/assets/noto-sans-jp-64-600-normal.woff2                    12.54 kB
build/server/assets/noto-sans-jp-64-900-normal.woff2                    12.54 kB
build/server/assets/noto-serif-jp-76-200-normal.woff2                   12.54 kB
build/server/assets/noto-serif-jp-97-600-normal.woff2                   12.54 kB
build/server/assets/noto-serif-jp-98-200-normal.woff2                   12.54 kB
build/server/assets/noto-serif-jp-104-700-normal.woff2                  12.54 kB
build/server/assets/noto-sans-jp-88-300-normal.woff                     12.54 kB
build/server/assets/noto-serif-jp-86-500-normal.woff2                   12.55 kB
build/server/assets/noto-serif-jp-81-400-normal.woff2                   12.55 kB
build/server/assets/noto-serif-jp-108-300-normal.woff2                  12.55 kB
build/server/assets/m-plus-rounded-1c-102-100-normal.woff               12.55 kB
build/server/assets/noto-sans-jp-88-700-normal.woff                     12.55 kB
build/server/assets/noto-sans-jp-104-800-normal.woff                    12.55 kB
build/server/assets/m-plus-rounded-1c-103-100-normal.woff               12.56 kB
build/server/assets/noto-sans-jp-104-200-normal.woff                    12.56 kB
build/server/assets/noto-sans-jp-104-500-normal.woff                    12.56 kB
build/server/assets/noto-serif-jp-93-500-normal.woff2                   12.56 kB
build/server/assets/noto-sans-jp-104-300-normal.woff                    12.56 kB
build/server/assets/m-plus-rounded-1c-23-100-normal.woff2               12.56 kB
build/server/assets/m-plus-rounded-1c-10-100-normal.woff2               12.57 kB
build/server/assets/m-plus-rounded-1c-14-100-normal.woff2               12.57 kB
build/server/assets/m-plus-rounded-1c-107-500-normal.woff2              12.57 kB
build/server/assets/noto-sans-jp-89-100-normal.woff                     12.57 kB
build/server/assets/noto-serif-jp-88-400-normal.woff2                   12.58 kB
build/server/assets/noto-sans-jp-104-400-normal.woff                    12.58 kB
build/server/assets/noto-serif-jp-89-500-normal.woff2                   12.58 kB
build/server/assets/m-plus-rounded-1c-74-100-normal.woff                12.58 kB
build/server/assets/noto-sans-jp-88-800-normal.woff                     12.58 kB
build/server/assets/noto-sans-jp-88-200-normal.woff                     12.59 kB
build/server/assets/noto-sans-jp-88-400-normal.woff                     12.59 kB
build/server/assets/m-plus-rounded-1c-63-400-normal.woff2               12.60 kB
build/server/assets/m-plus-rounded-1c-48-100-normal.woff                12.60 kB
build/server/assets/noto-serif-jp-97-800-normal.woff2                   12.60 kB
build/server/assets/noto-serif-jp-93-900-normal.woff2                   12.60 kB
build/server/assets/noto-serif-jp-93-600-normal.woff2                   12.60 kB
build/server/assets/noto-sans-jp-104-600-normal.woff                    12.60 kB
build/server/assets/noto-sans-jp-104-700-normal.woff                    12.60 kB
build/server/assets/m-plus-rounded-1c-97-900-normal.woff2               12.61 kB
build/server/assets/m-plus-rounded-1c-113-900-normal.woff               12.61 kB
build/server/assets/m-plus-rounded-1c-89-400-normal.woff2               12.61 kB
build/server/assets/m-plus-rounded-1c-67-300-normal.woff2               12.61 kB
build/server/assets/m-plus-rounded-1c-45-700-normal.woff2               12.61 kB
build/server/assets/noto-sans-jp-60-300-normal.woff2                    12.61 kB
build/server/assets/noto-serif-jp-105-500-normal.woff2                  12.61 kB
build/server/assets/noto-serif-jp-96-900-normal.woff2                   12.61 kB
build/server/assets/noto-sans-jp-89-600-normal.woff                     12.61 kB
build/server/assets/noto-sans-jp-64-700-normal.woff2                    12.62 kB
build/server/assets/noto-serif-jp-80-200-normal.woff2                   12.62 kB
build/server/assets/m-plus-rounded-1c-93-400-normal.woff2               12.62 kB
build/server/assets/noto-sans-jp-118-200-normal.woff                    12.62 kB
build/server/assets/noto-sans-jp-64-800-normal.woff2                    12.63 kB
build/server/assets/noto-sans-jp-83-900-normal.woff                     12.63 kB
build/server/assets/m-plus-rounded-1c-12-500-normal.woff2               12.64 kB
build/server/assets/noto-serif-jp-83-200-normal.woff2                   12.64 kB
build/server/assets/noto-serif-jp-86-600-normal.woff2                   12.64 kB
build/server/assets/noto-serif-jp-89-600-normal.woff2                   12.64 kB
build/server/assets/noto-sans-jp-89-200-normal.woff                     12.64 kB
build/server/assets/noto-sans-jp-89-900-normal.woff                     12.64 kB
build/server/assets/noto-serif-jp-108-400-normal.woff2                  12.64 kB
build/server/assets/noto-serif-jp-96-500-normal.woff2                   12.64 kB
build/server/assets/noto-sans-jp-89-300-normal.woff                     12.64 kB
build/server/assets/noto-serif-jp-104-900-normal.woff2                  12.64 kB
build/server/assets/m-plus-rounded-1c-19-500-normal.woff2               12.65 kB
build/server/assets/noto-serif-jp-63-200-normal.woff2                   12.65 kB
build/server/assets/m-plus-rounded-1c-113-400-normal.woff               12.65 kB
build/server/assets/m-plus-rounded-1c-105-100-normal.woff               12.65 kB
build/server/assets/noto-sans-jp-89-500-normal.woff                     12.65 kB
build/server/assets/m-plus-rounded-1c-105-400-normal.woff2              12.65 kB
build/server/assets/noto-serif-jp-81-500-normal.woff2                   12.65 kB
build/server/assets/noto-serif-jp-105-600-normal.woff2                  12.66 kB
build/server/assets/noto-serif-jp-96-700-normal.woff2                   12.66 kB
build/server/assets/noto-sans-jp-83-500-normal.woff                     12.66 kB
build/server/assets/yomogi-59-400-normal.woff                           12.66 kB
build/server/assets/m-plus-rounded-1c-cyrillic-ext-100-normal.woff      12.66 kB
build/server/assets/noto-serif-jp-105-900-normal.woff2                  12.66 kB
build/server/assets/noto-sans-jp-94-900-normal.woff                     12.67 kB
build/server/assets/m-plus-rounded-1c-26-100-normal.woff2               12.67 kB
build/server/assets/noto-serif-jp-91-200-normal.woff2                   12.67 kB
build/server/assets/m-plus-rounded-1c-34-100-normal.woff2               12.68 kB
build/server/assets/noto-serif-jp-86-700-normal.woff2                   12.68 kB
build/server/assets/m-plus-rounded-1c-66-100-normal.woff                12.68 kB
build/server/assets/noto-sans-jp-89-400-normal.woff                     12.68 kB
build/server/assets/noto-sans-jp-118-900-normal.woff                    12.68 kB
build/server/assets/m-plus-rounded-1c-12-400-normal.woff2               12.68 kB
build/server/assets/noto-serif-jp-90-200-normal.woff2                   12.68 kB
build/server/assets/m-plus-rounded-1c-91-300-normal.woff2               12.69 kB
build/server/assets/noto-serif-jp-88-500-normal.woff2                   12.69 kB
build/server/assets/m-plus-rounded-1c-75-100-normal.woff                12.69 kB
build/server/assets/noto-serif-jp-104-800-normal.woff2                  12.69 kB
build/server/assets/noto-serif-jp-89-900-normal.woff2                   12.69 kB
build/server/assets/noto-sans-jp-66-900-normal.woff                     12.69 kB
build/server/assets/noto-serif-jp-93-700-normal.woff2                   12.69 kB
build/server/assets/m-plus-rounded-1c-42-100-normal.woff                12.69 kB
build/server/assets/noto-serif-jp-86-900-normal.woff2                   12.69 kB
build/server/assets/yomogi-95-400-normal.woff2                          12.69 kB
build/server/assets/m-plus-rounded-1c-27-100-normal.woff                12.70 kB
build/server/assets/noto-sans-jp-83-600-normal.woff                     12.70 kB
build/server/assets/m-plus-rounded-1c-64-100-normal.woff2               12.70 kB
build/server/assets/m-plus-rounded-1c-85-500-normal.woff2               12.70 kB
build/server/assets/m-plus-rounded-1c-45-800-normal.woff2               12.70 kB
build/server/assets/noto-sans-jp-89-800-normal.woff                     12.70 kB
build/server/assets/m-plus-rounded-1c-7-100-normal.woff                 12.71 kB
build/server/assets/noto-sans-jp-83-100-normal.woff                     12.71 kB
build/server/assets/noto-serif-jp-88-600-normal.woff2                   12.72 kB
build/server/assets/noto-sans-jp-83-300-normal.woff                     12.72 kB
build/server/assets/noto-sans-jp-83-800-normal.woff                     12.72 kB
build/server/assets/noto-sans-jp-94-800-normal.woff                     12.72 kB
build/server/assets/noto-serif-jp-74-300-normal.woff2                   12.72 kB
build/server/assets/m-plus-rounded-1c-84-100-normal.woff                12.72 kB
build/server/assets/noto-sans-jp-94-700-normal.woff                     12.72 kB
build/server/assets/m-plus-rounded-1c-33-400-normal.woff2               12.72 kB
build/server/assets/m-plus-rounded-1c-113-500-normal.woff               12.72 kB
build/server/assets/noto-sans-jp-66-100-normal.woff                     12.72 kB
build/server/assets/noto-sans-jp-89-700-normal.woff                     12.72 kB
build/server/assets/m-plus-rounded-1c-111-900-normal.woff2              12.73 kB
build/server/assets/noto-serif-jp-81-700-normal.woff2                   12.73 kB
build/server/assets/m-plus-rounded-1c-114-900-normal.woff               12.73 kB
build/server/assets/m-plus-rounded-1c-71-400-normal.woff2               12.73 kB
build/server/assets/noto-serif-jp-108-500-normal.woff2                  12.73 kB
build/server/assets/noto-sans-jp-118-400-normal.woff                    12.73 kB
build/server/assets/m-plus-rounded-1c-93-500-normal.woff2               12.74 kB
build/server/assets/noto-serif-jp-96-600-normal.woff2                   12.74 kB
build/server/assets/m-plus-rounded-1c-114-500-normal.woff               12.74 kB
build/server/assets/m-plus-rounded-1c-88-500-normal.woff2               12.74 kB
build/server/assets/noto-serif-jp-93-800-normal.woff2                   12.74 kB
build/server/assets/noto-sans-jp-83-400-normal.woff                     12.74 kB
build/server/assets/noto-sans-jp-83-700-normal.woff                     12.74 kB
build/server/assets/m-plus-rounded-1c-74-400-normal.woff2               12.74 kB
build/server/assets/m-plus-rounded-1c-88-900-normal.woff2               12.74 kB
build/server/assets/noto-serif-jp-74-400-normal.woff2                   12.74 kB
build/server/assets/noto-sans-jp-118-500-normal.woff                    12.74 kB
build/server/assets/noto-serif-jp-89-700-normal.woff2                   12.75 kB
build/server/assets/m-plus-rounded-1c-71-100-normal.woff                12.75 kB
build/server/assets/noto-serif-jp-81-600-normal.woff2                   12.75 kB
build/server/assets/noto-sans-jp-83-200-normal.woff                     12.75 kB
build/server/assets/m-plus-rounded-1c-90-300-normal.woff2               12.76 kB
build/server/assets/noto-serif-jp-105-700-normal.woff2                  12.76 kB
build/server/assets/m-plus-rounded-1c-96-400-normal.woff2               12.76 kB
build/server/assets/m-plus-rounded-1c-118-900-normal.woff2              12.76 kB
build/server/assets/noto-sans-jp-66-400-normal.woff                     12.76 kB
build/server/assets/noto-serif-jp-76-300-normal.woff2                   12.76 kB
build/server/assets/noto-serif-jp-88-900-normal.woff2                   12.76 kB
build/server/assets/m-plus-rounded-1c-102-500-normal.woff2              12.77 kB
build/server/assets/noto-serif-jp-98-300-normal.woff2                   12.77 kB
build/server/assets/m-plus-rounded-1c-80-100-normal.woff                12.77 kB
build/server/assets/noto-serif-jp-81-900-normal.woff2                   12.77 kB
build/server/assets/noto-sans-jp-108-600-normal.woff                    12.77 kB
build/server/assets/m-plus-rounded-1c-48-400-normal.woff2               12.77 kB
build/server/assets/noto-sans-jp-58-100-normal.woff2                    12.77 kB
build/server/assets/noto-sans-jp-66-600-normal.woff                     12.77 kB
build/server/assets/noto-sans-jp-108-700-normal.woff                    12.77 kB
build/server/assets/noto-sans-jp-108-800-normal.woff                    12.77 kB
build/server/assets/m-plus-rounded-1c-44-300-normal.woff2               12.78 kB
build/server/assets/m-plus-rounded-1c-115-300-normal.woff               12.78 kB
build/server/assets/noto-sans-jp-94-100-normal.woff                     12.78 kB
build/server/assets/noto-sans-jp-118-300-normal.woff                    12.78 kB
build/server/assets/noto-sans-jp-94-400-normal.woff                     12.78 kB
build/server/assets/noto-sans-jp-66-500-normal.woff                     12.78 kB
build/server/assets/m-plus-rounded-1c-116-300-normal.woff               12.78 kB
build/server/assets/noto-serif-jp-86-800-normal.woff2                   12.78 kB
build/server/assets/noto-serif-jp-96-800-normal.woff2                   12.78 kB
build/server/assets/noto-sans-jp-108-100-normal.woff                    12.79 kB
build/server/assets/noto-sans-jp-108-900-normal.woff                    12.79 kB
build/server/assets/m-plus-rounded-1c-9-500-normal.woff2                12.79 kB
build/server/assets/m-plus-rounded-1c-43-100-normal.woff                12.79 kB
build/server/assets/noto-serif-jp-105-800-normal.woff2                  12.79 kB
build/server/assets/noto-sans-jp-94-500-normal.woff                     12.80 kB
build/server/assets/noto-sans-jp-118-700-normal.woff                    12.80 kB
build/server/assets/noto-serif-jp-114-300-normal.woff                   12.80 kB
build/server/assets/m-plus-rounded-1c-108-300-normal.woff2              12.80 kB
build/server/assets/noto-sans-jp-66-300-normal.woff                     12.80 kB
build/server/assets/noto-sans-jp-94-600-normal.woff                     12.80 kB
build/server/assets/m-plus-rounded-1c-21-100-normal.woff2               12.80 kB
build/server/assets/noto-serif-jp-94-400-normal.woff2                   12.80 kB
build/server/assets/m-plus-rounded-1c-104-100-normal.woff               12.80 kB
build/server/assets/noto-sans-jp-94-200-normal.woff                     12.81 kB
build/server/assets/m-plus-rounded-1c-86-700-normal.woff2               12.81 kB
build/server/assets/noto-serif-jp-80-300-normal.woff2                   12.81 kB
build/server/assets/noto-sans-jp-118-800-normal.woff                    12.81 kB
build/server/assets/noto-serif-jp-108-600-normal.woff2                  12.82 kB
build/server/assets/noto-sans-jp-63-900-normal.woff                     12.82 kB
build/server/assets/m-plus-rounded-1c-84-400-normal.woff2               12.82 kB
build/server/assets/noto-serif-jp-94-300-normal.woff2                   12.82 kB
build/server/assets/noto-sans-jp-118-600-normal.woff                    12.82 kB
build/server/assets/noto-sans-jp-63-700-normal.woff                     12.82 kB
build/server/assets/noto-sans-jp-66-700-normal.woff                     12.82 kB
build/server/assets/noto-sans-jp-66-800-normal.woff                     12.82 kB
build/server/assets/noto-sans-jp-67-900-normal.woff                     12.82 kB
build/server/assets/m-plus-rounded-1c-6-900-normal.woff                 12.82 kB
build/server/assets/noto-sans-jp-66-200-normal.woff                     12.82 kB
build/server/assets/noto-serif-jp-108-700-normal.woff2                  12.83 kB
build/server/assets/noto-sans-jp-108-500-normal.woff                    12.83 kB
build/server/assets/m-plus-rounded-1c-46-300-normal.woff2               12.83 kB
build/server/assets/noto-sans-jp-60-400-normal.woff2                    12.83 kB
build/server/assets/noto-sans-jp-latin-900-normal.woff2                 12.83 kB
build/server/assets/noto-serif-jp-76-400-normal.woff2                   12.83 kB
build/server/assets/m-plus-rounded-1c-9-900-normal.woff2                12.84 kB
build/server/assets/m-plus-rounded-1c-81-100-normal.woff                12.84 kB
build/server/assets/noto-sans-jp-94-300-normal.woff                     12.84 kB
build/server/assets/m-plus-rounded-1c-94-300-normal.woff2               12.84 kB
build/server/assets/m-plus-rounded-1c-107-900-normal.woff2              12.84 kB
build/server/assets/noto-serif-jp-98-400-normal.woff2                   12.84 kB
build/server/assets/m-plus-rounded-1c-118-300-normal.woff2              12.84 kB
build/server/assets/noto-serif-jp-108-900-normal.woff2                  12.84 kB
build/server/assets/noto-sans-jp-108-200-normal.woff                    12.84 kB
build/server/assets/noto-sans-jp-108-400-normal.woff                    12.85 kB
build/server/assets/m-plus-rounded-1c-95-500-normal.woff2               12.85 kB
build/server/assets/noto-serif-jp-83-300-normal.woff2                   12.85 kB
build/server/assets/noto-serif-jp-81-800-normal.woff2                   12.85 kB
build/server/assets/noto-serif-jp-89-800-normal.woff2                   12.85 kB
build/server/assets/noto-sans-jp-80-100-normal.woff                     12.86 kB
build/server/assets/m-plus-rounded-1c-80-400-normal.woff2               12.86 kB
build/server/assets/m-plus-rounded-1c-103-400-normal.woff2              12.86 kB
build/server/assets/noto-sans-jp-63-800-normal.woff                     12.86 kB
build/server/assets/m-plus-rounded-1c-92-400-normal.woff2               12.86 kB
build/server/assets/yomogi-63-400-normal.woff2                          12.86 kB
build/server/assets/noto-sans-jp-67-100-normal.woff                     12.86 kB
build/server/assets/noto-sans-jp-108-300-normal.woff                    12.86 kB
build/server/assets/m-plus-rounded-1c-33-500-normal.woff2               12.87 kB
build/server/assets/noto-serif-jp-74-500-normal.woff2                   12.87 kB
build/server/assets/noto-serif-jp-74-900-normal.woff2                   12.87 kB
build/server/assets/m-plus-rounded-1c-11-400-normal.woff2               12.87 kB
build/server/assets/m-plus-rounded-1c-42-400-normal.woff2               12.87 kB
build/server/assets/m-plus-rounded-1c-82-300-normal.woff2               12.87 kB
build/server/assets/noto-sans-jp-67-400-normal.woff                     12.87 kB
build/server/assets/noto-sans-jp-67-800-normal.woff                     12.87 kB
build/server/assets/m-plus-rounded-1c-15-100-normal.woff2               12.88 kB
build/server/assets/noto-serif-jp-88-700-normal.woff2                   12.88 kB
build/server/assets/noto-serif-jp-76-500-normal.woff2                   12.88 kB
build/server/assets/m-plus-rounded-1c-97-700-normal.woff2               12.88 kB
build/server/assets/noto-serif-jp-80-400-normal.woff2                   12.88 kB
build/server/assets/m-plus-rounded-1c-98-100-normal.woff                12.88 kB
build/server/assets/m-plus-rounded-1c-104-500-normal.woff2              12.89 kB
build/server/assets/noto-serif-jp-108-800-normal.woff2                  12.89 kB
build/server/assets/noto-serif-jp-114-400-normal.woff                   12.89 kB
build/server/assets/noto-serif-jp-59-200-normal.woff2                   12.89 kB
build/server/assets/m-plus-rounded-1c-42-900-normal.woff2               12.90 kB
build/server/assets/noto-sans-jp-63-100-normal.woff                     12.90 kB
build/server/assets/noto-sans-jp-67-700-normal.woff                     12.90 kB
build/server/assets/m-plus-rounded-1c-66-400-normal.woff2               12.90 kB
build/server/assets/m-plus-rounded-1c-62-300-normal.woff2               12.90 kB
build/server/assets/m-plus-rounded-1c-83-300-normal.woff2               12.90 kB
build/server/assets/noto-sans-jp-67-200-normal.woff                     12.90 kB
build/server/assets/noto-sans-jp-63-500-normal.woff                     12.90 kB
build/server/assets/noto-sans-jp-91-100-normal.woff                     12.90 kB
build/server/assets/noto-sans-jp-67-300-normal.woff                     12.91 kB
build/server/assets/noto-sans-jp-90-900-normal.woff                     12.91 kB
build/server/assets/m-plus-rounded-1c-86-800-normal.woff2               12.91 kB
build/server/assets/noto-serif-jp-88-800-normal.woff2                   12.92 kB
build/server/assets/noto-sans-jp-63-600-normal.woff                     12.92 kB
build/server/assets/noto-sans-jp-98-600-normal.woff                     12.92 kB
build/server/assets/noto-serif-jp-114-500-normal.woff                   12.92 kB
build/server/assets/noto-sans-jp-latin-200-normal.woff2                 12.93 kB
build/server/assets/m-plus-rounded-1c-12-900-normal.woff2               12.93 kB
build/server/assets/m-plus-rounded-1c-66-900-normal.woff2               12.93 kB
build/server/assets/noto-serif-jp-74-600-normal.woff2                   12.93 kB
build/server/assets/noto-serif-jp-85-300-normal.woff2                   12.94 kB
build/server/assets/noto-serif-jp-90-300-normal.woff2                   12.94 kB
build/server/assets/noto-sans-jp-67-600-normal.woff                     12.94 kB
build/server/assets/noto-serif-jp-113-200-normal.woff                   12.94 kB
build/server/assets/m-plus-rounded-1c-89-500-normal.woff2               12.94 kB
build/server/assets/m-plus-rounded-1c-111-700-normal.woff2              12.94 kB
build/server/assets/noto-serif-jp-83-400-normal.woff2                   12.94 kB
build/server/assets/m-plus-rounded-1c-98-400-normal.woff2               12.94 kB
build/server/assets/m-plus-rounded-1c-95-900-normal.woff2               12.94 kB
build/server/assets/m-plus-rounded-1c-29-300-normal.woff                12.94 kB
build/server/assets/m-plus-rounded-1c-85-900-normal.woff2               12.95 kB
build/server/assets/noto-serif-jp-63-300-normal.woff2                   12.95 kB
build/server/assets/noto-sans-jp-91-900-normal.woff                     12.95 kB
build/server/assets/m-plus-rounded-1c-8-400-normal.woff2                12.96 kB
build/server/assets/m-plus-rounded-1c-7-300-normal.woff2                12.96 kB
build/server/assets/noto-sans-jp-60-900-normal.woff2                    12.96 kB
build/server/assets/noto-sans-jp-63-400-normal.woff                     12.96 kB
build/server/assets/noto-serif-jp-94-600-normal.woff2                   12.96 kB
build/server/assets/noto-sans-jp-98-100-normal.woff                     12.96 kB
build/server/assets/m-plus-rounded-1c-118-500-normal.woff2              12.96 kB
build/server/assets/noto-sans-jp-67-500-normal.woff                     12.96 kB
build/server/assets/m-plus-rounded-1c-48-500-normal.woff2               12.97 kB
build/server/assets/m-plus-rounded-1c-97-800-normal.woff2               12.97 kB
build/server/assets/noto-serif-jp-98-500-normal.woff2                   12.97 kB
build/server/assets/noto-sans-jp-98-400-normal.woff                     12.97 kB
build/server/assets/noto-sans-jp-63-300-normal.woff                     12.97 kB
build/server/assets/noto-serif-jp-94-500-normal.woff2                   12.98 kB
build/server/assets/noto-serif-jp-74-700-normal.woff2                   12.98 kB
build/server/assets/m-plus-rounded-1c-27-400-normal.woff2               12.98 kB
build/server/assets/noto-sans-jp-90-800-normal.woff                     12.98 kB
build/server/assets/noto-sans-jp-63-200-normal.woff                     12.98 kB
build/server/assets/noto-serif-jp-114-600-normal.woff                   12.98 kB
build/server/assets/m-plus-rounded-1c-118-400-normal.woff2              12.99 kB
build/server/assets/noto-serif-jp-90-400-normal.woff2                   12.99 kB
build/server/assets/noto-serif-jp-84-200-normal.woff2                   12.99 kB
build/server/assets/noto-sans-jp-80-200-normal.woff                     12.99 kB
build/server/assets/noto-sans-jp-60-600-normal.woff2                    12.99 kB
build/server/assets/noto-sans-jp-90-600-normal.woff                     12.99 kB
build/server/assets/m-plus-rounded-1c-19-700-normal.woff2               13.00 kB
build/server/assets/m-plus-rounded-1c-76-100-normal.woff                13.00 kB
build/server/assets/noto-serif-jp-98-600-normal.woff2                   13.00 kB
build/server/assets/noto-sans-jp-80-300-normal.woff                     13.00 kB
build/server/assets/yomogi-58-400-normal.woff                           13.00 kB
build/server/assets/noto-sans-jp-60-500-normal.woff2                    13.00 kB
build/server/assets/noto-sans-jp-60-700-normal.woff2                    13.00 kB
build/server/assets/noto-serif-jp-87-200-normal.woff2                   13.00 kB
build/server/assets/noto-serif-jp-74-800-normal.woff2                   13.00 kB
build/server/assets/m-plus-rounded-1c-96-500-normal.woff2               13.00 kB
build/server/assets/m-plus-rounded-1c-92-100-normal.woff                13.00 kB
build/server/assets/noto-serif-jp-80-500-normal.woff2                   13.01 kB
build/server/assets/noto-sans-jp-80-500-normal.woff                     13.01 kB
build/server/assets/m-plus-rounded-1c-114-800-normal.woff               13.01 kB
build/server/assets/noto-sans-jp-60-800-normal.woff2                    13.02 kB
build/server/assets/noto-sans-jp-80-400-normal.woff                     13.02 kB
build/server/assets/noto-sans-jp-90-700-normal.woff                     13.02 kB
build/server/assets/noto-sans-jp-77-900-normal.woff                     13.02 kB
build/server/assets/noto-serif-jp-63-400-normal.woff2                   13.02 kB
build/server/assets/noto-sans-jp-98-300-normal.woff                     13.02 kB
build/server/assets/noto-sans-jp-98-500-normal.woff                     13.02 kB
build/server/assets/m-plus-rounded-1c-48-900-normal.woff2               13.03 kB
build/server/assets/m-plus-rounded-1c-6-400-normal.woff                 13.03 kB
build/server/assets/noto-serif-jp-98-700-normal.woff2                   13.03 kB
build/server/assets/m-plus-rounded-1c-114-700-normal.woff               13.03 kB
build/server/assets/noto-sans-jp-82-100-normal.woff                     13.03 kB
build/server/assets/m-plus-rounded-1c-111-800-normal.woff2              13.03 kB
build/server/assets/yomogi-114-400-normal.woff2                         13.03 kB
build/server/assets/noto-sans-jp-98-200-normal.woff                     13.03 kB
build/server/assets/noto-sans-jp-latin-300-normal.woff2                 13.04 kB
build/server/assets/m-plus-rounded-1c-16-300-normal.woff2               13.04 kB
build/server/assets/noto-serif-jp-63-900-normal.woff2                   13.04 kB
build/server/assets/noto-sans-jp-75-100-normal.woff                     13.04 kB
build/server/assets/noto-sans-jp-90-400-normal.woff                     13.04 kB
build/server/assets/noto-serif-jp-76-600-normal.woff2                   13.05 kB
build/server/assets/noto-sans-jp-75-800-normal.woff                     13.05 kB
build/server/assets/m-plus-rounded-1c-81-400-normal.woff2               13.05 kB
build/server/assets/noto-serif-jp-85-400-normal.woff2                   13.05 kB
build/server/assets/noto-sans-jp-98-700-normal.woff                     13.05 kB
build/server/assets/m-plus-rounded-1c-11-500-normal.woff2               13.06 kB
build/server/assets/yomogi-86-400-normal.woff2                          13.06 kB
build/server/assets/noto-sans-jp-90-500-normal.woff                     13.06 kB
build/server/assets/noto-sans-jp-80-600-normal.woff                     13.06 kB
build/server/assets/noto-sans-jp-75-900-normal.woff                     13.06 kB
build/server/assets/m-plus-rounded-1c-39-100-normal.woff2               13.06 kB
build/server/assets/m-plus-rounded-1c-93-900-normal.woff2               13.06 kB
build/server/assets/m-plus-rounded-1c-110-300-normal.woff               13.06 kB
build/server/assets/m-plus-rounded-1c-66-500-normal.woff2               13.06 kB
build/server/assets/m-plus-rounded-1c-91-100-normal.woff                13.06 kB
build/server/assets/yomogi-101-400-normal.woff2                         13.06 kB
build/server/assets/noto-sans-jp-91-700-normal.woff                     13.06 kB
build/server/assets/noto-sans-jp-98-900-normal.woff                     13.06 kB
build/server/assets/noto-serif-jp-114-900-normal.woff                   13.06 kB
build/server/assets/noto-serif-jp-118-200-normal.woff2                  13.07 kB
build/server/assets/noto-serif-jp-94-900-normal.woff2                   13.07 kB
build/server/assets/noto-sans-jp-80-700-normal.woff                     13.07 kB
build/server/assets/m-plus-rounded-1c-33-300-normal.woff2               13.07 kB
build/server/assets/noto-sans-jp-latin-400-normal.woff2                 13.07 kB
build/server/assets/noto-serif-jp-98-900-normal.woff2                   13.07 kB
build/server/assets/noto-sans-jp-75-400-normal.woff                     13.08 kB
build/server/assets/noto-sans-jp-75-200-normal.woff                     13.08 kB
build/server/assets/noto-sans-jp-91-800-normal.woff                     13.08 kB
build/server/assets/noto-sans-jp-98-800-normal.woff                     13.08 kB
build/server/assets/noto-serif-jp-114-700-normal.woff                   13.08 kB
build/server/assets/m-plus-rounded-1c-76-400-normal.woff2               13.08 kB
build/server/assets/noto-sans-jp-latin-700-normal.woff2                 13.08 kB
build/server/assets/noto-serif-jp-83-500-normal.woff2                   13.08 kB
build/server/assets/noto-sans-jp-91-600-normal.woff                     13.08 kB
build/server/assets/noto-sans-jp-80-800-normal.woff                     13.08 kB
build/server/assets/noto-sans-jp-80-900-normal.woff                     13.08 kB
build/server/assets/m-plus-rounded-1c-43-300-normal.woff2               13.08 kB
build/server/assets/m-plus-rounded-1c-70-300-normal.woff2               13.09 kB
build/server/assets/noto-sans-jp-91-200-normal.woff                     13.09 kB
build/server/assets/noto-sans-jp-82-300-normal.woff                     13.09 kB
build/server/assets/noto-sans-jp-91-300-normal.woff                     13.09 kB
build/server/assets/noto-sans-jp-91-500-normal.woff                     13.09 kB
build/server/assets/noto-sans-jp-82-600-normal.woff                     13.09 kB
build/server/assets/m-plus-rounded-1c-8-500-normal.woff2                13.09 kB
build/server/assets/noto-sans-jp-latin-500-normal.woff2                 13.09 kB
build/server/assets/noto-serif-jp-76-700-normal.woff2                   13.09 kB
build/server/assets/noto-serif-jp-59-900-normal.woff2                   13.09 kB
build/server/assets/m-plus-rounded-1c-63-900-normal.woff2               13.10 kB
build/server/assets/noto-serif-jp-76-900-normal.woff2                   13.10 kB
build/server/assets/yomogi-85-400-normal.woff2                          13.10 kB
build/server/assets/noto-sans-jp-75-600-normal.woff                     13.10 kB
build/server/assets/noto-serif-jp-63-500-normal.woff2                   13.10 kB
build/server/assets/m-plus-rounded-1c-63-500-normal.woff2               13.10 kB
build/server/assets/m-plus-rounded-1c-33-900-normal.woff2               13.10 kB
build/server/assets/noto-serif-jp-94-700-normal.woff2                   13.10 kB
build/server/assets/noto-sans-jp-87-100-normal.woff                     13.10 kB
build/server/assets/noto-sans-jp-92-100-normal.woff                     13.10 kB
build/server/assets/m-plus-rounded-1c-49-300-normal.woff2               13.11 kB
build/server/assets/m-plus-rounded-1c-42-500-normal.woff2               13.11 kB
build/server/assets/m-plus-rounded-1c-71-500-normal.woff2               13.11 kB
build/server/assets/m-plus-rounded-1c-105-500-normal.woff2              13.11 kB
build/server/assets/noto-serif-jp-82-200-normal.woff2                   13.11 kB
build/server/assets/m-plus-rounded-1c-109-300-normal.woff               13.11 kB
build/server/assets/noto-serif-jp-98-800-normal.woff2                   13.11 kB
build/server/assets/yomogi-76-400-normal.woff2                          13.11 kB
build/server/assets/noto-sans-jp-90-100-normal.woff                     13.11 kB
build/server/assets/noto-sans-jp-75-700-normal.woff                     13.11 kB
build/server/assets/noto-serif-jp-92-200-normal.woff2                   13.11 kB
build/server/assets/noto-serif-jp-94-800-normal.woff2                   13.11 kB
build/server/assets/noto-sans-jp-90-200-normal.woff                     13.11 kB
build/server/assets/noto-sans-jp-75-300-normal.woff                     13.11 kB
build/server/assets/m-plus-rounded-1c-113-800-normal.woff               13.11 kB
build/server/assets/m-plus-rounded-1c-47-300-normal.woff                13.12 kB
build/server/assets/noto-sans-jp-75-500-normal.woff                     13.12 kB
build/server/assets/noto-serif-jp-80-600-normal.woff2                   13.12 kB
build/server/assets/m-plus-rounded-1c-36-100-normal.woff                13.12 kB
build/server/assets/noto-serif-jp-63-600-normal.woff2                   13.12 kB
build/server/assets/noto-serif-jp-90-500-normal.woff2                   13.13 kB
build/server/assets/noto-sans-jp-91-400-normal.woff                     13.13 kB
build/server/assets/noto-sans-jp-90-300-normal.woff                     13.13 kB
build/server/assets/noto-sans-jp-latin-600-normal.woff2                 13.13 kB
build/server/assets/noto-sans-jp-latin-800-normal.woff2                 13.14 kB
build/server/assets/noto-serif-jp-76-800-normal.woff2                   13.14 kB
build/server/assets/noto-sans-jp-82-200-normal.woff                     13.14 kB
build/server/assets/yomogi-93-400-normal.woff2                          13.14 kB
build/server/assets/noto-sans-jp-82-500-normal.woff                     13.14 kB
build/server/assets/m-plus-rounded-1c-49-100-normal.woff                13.14 kB
build/server/assets/noto-sans-jp-82-400-normal.woff                     13.14 kB
build/server/assets/noto-serif-jp-114-800-normal.woff                   13.14 kB
build/server/assets/m-plus-rounded-1c-31-100-normal.woff                13.15 kB
build/server/assets/m-plus-rounded-1c-6-500-normal.woff                 13.15 kB
build/server/assets/m-plus-rounded-1c-103-500-normal.woff2              13.16 kB
build/server/assets/noto-serif-jp-83-600-normal.woff2                   13.16 kB
build/server/assets/m-plus-rounded-1c-8-900-normal.woff2                13.16 kB
build/server/assets/m-plus-rounded-1c-96-900-normal.woff2               13.16 kB
build/server/assets/noto-serif-jp-67-200-normal.woff2                   13.16 kB
build/server/assets/m-plus-rounded-1c-75-400-normal.woff2               13.17 kB
build/server/assets/m-plus-rounded-1c-95-700-normal.woff2               13.18 kB
build/server/assets/m-plus-rounded-1c-107-800-normal.woff2              13.18 kB
build/server/assets/noto-serif-jp-91-300-normal.woff2                   13.18 kB
build/server/assets/noto-serif-jp-83-900-normal.woff2                   13.18 kB
build/server/assets/m-plus-rounded-1c-113-700-normal.woff               13.18 kB
build/server/assets/m-plus-rounded-1c-92-500-normal.woff2               13.18 kB
build/server/assets/m-plus-rounded-1c-102-900-normal.woff2              13.18 kB
build/server/assets/m-plus-rounded-1c-44-100-normal.woff                13.18 kB
build/server/assets/noto-serif-jp-90-600-normal.woff2                   13.18 kB
build/server/assets/m-plus-rounded-1c-85-700-normal.woff2               13.18 kB
build/server/assets/m-plus-rounded-1c-36-300-normal.woff2               13.19 kB
build/server/assets/noto-serif-jp-83-700-normal.woff2                   13.19 kB
build/server/assets/m-plus-rounded-1c-90-100-normal.woff                13.19 kB
build/server/assets/noto-sans-jp-92-200-normal.woff                     13.19 kB
build/server/assets/m-plus-rounded-1c-27-900-normal.woff2               13.19 kB
build/server/assets/m-plus-rounded-1c-118-800-normal.woff2              13.19 kB
build/server/assets/noto-sans-jp-82-700-normal.woff                     13.19 kB
build/server/assets/m-plus-rounded-1c-92-900-normal.woff2               13.20 kB
build/server/assets/noto-serif-jp-66-200-normal.woff2                   13.20 kB
build/server/assets/noto-serif-jp-80-800-normal.woff2                   13.20 kB
build/server/assets/m-plus-rounded-1c-105-900-normal.woff2              13.20 kB
build/server/assets/m-plus-rounded-1c-19-800-normal.woff2               13.20 kB
build/server/assets/m-plus-rounded-1c-88-800-normal.woff2               13.20 kB
build/server/assets/noto-serif-jp-109-200-normal.woff                   13.20 kB
build/server/assets/noto-serif-jp-113-300-normal.woff                   13.20 kB
build/server/assets/noto-serif-jp-59-500-normal.woff2                   13.20 kB
build/server/assets/noto-serif-jp-80-700-normal.woff2                   13.20 kB
build/server/assets/noto-sans-jp-77-800-normal.woff                     13.20 kB
build/server/assets/m-plus-rounded-1c-84-500-normal.woff2               13.21 kB
build/server/assets/m-plus-rounded-1c-94-100-normal.woff                13.21 kB
build/server/assets/noto-sans-jp-92-300-normal.woff                     13.21 kB
build/server/assets/noto-sans-jp-84-900-normal.woff                     13.21 kB
build/server/assets/m-plus-rounded-1c-107-700-normal.woff2              13.21 kB
build/server/assets/noto-serif-jp-85-500-normal.woff2                   13.21 kB
build/server/assets/m-plus-rounded-1c-115-400-normal.woff               13.21 kB
build/server/assets/m-plus-rounded-1c-81-500-normal.woff2               13.22 kB
build/server/assets/noto-serif-jp-80-900-normal.woff2                   13.22 kB
build/server/assets/m-plus-rounded-1c-81-900-normal.woff2               13.22 kB
build/server/assets/m-plus-rounded-1c-104-900-normal.woff2              13.22 kB
build/server/assets/noto-serif-jp-63-700-normal.woff2                   13.23 kB
build/server/assets/m-plus-rounded-1c-87-300-normal.woff2               13.23 kB
build/server/assets/m-plus-rounded-1c-106-300-normal.woff2              13.24 kB
build/server/assets/m-plus-rounded-1c-74-500-normal.woff2               13.24 kB
build/server/assets/noto-sans-jp-58-900-normal.woff2                    13.24 kB
build/server/assets/m-plus-rounded-1c-67-400-normal.woff2               13.24 kB
build/server/assets/noto-sans-jp-84-800-normal.woff                     13.25 kB
build/server/assets/noto-sans-jp-82-900-normal.woff                     13.25 kB
build/server/assets/m-plus-rounded-1c-100-300-normal.woff2              13.25 kB
build/server/assets/noto-serif-jp-90-700-normal.woff2                   13.25 kB
build/server/assets/noto-serif-jp-90-900-normal.woff2                   13.25 kB
build/server/assets/noto-sans-jp-84-500-normal.woff                     13.25 kB
build/server/assets/noto-sans-jp-84-700-normal.woff                     13.25 kB
build/server/assets/noto-serif-jp-113-400-normal.woff                   13.25 kB
build/server/assets/m-plus-rounded-1c-99-300-normal.woff2               13.26 kB
build/server/assets/noto-sans-jp-99-900-normal.woff                     13.26 kB
build/server/assets/m-plus-rounded-1c-74-900-normal.woff2               13.26 kB
build/server/assets/m-plus-rounded-1c-116-400-normal.woff               13.26 kB
build/server/assets/noto-serif-jp-85-900-normal.woff2                   13.26 kB
build/server/assets/noto-sans-jp-84-100-normal.woff                     13.26 kB
build/server/assets/noto-sans-jp-99-600-normal.woff                     13.26 kB
build/server/assets/m-plus-rounded-1c-71-900-normal.woff2               13.26 kB
build/server/assets/m-plus-rounded-1c-25-100-normal.woff                13.26 kB
build/server/assets/noto-sans-jp-99-100-normal.woff                     13.26 kB
build/server/assets/noto-sans-jp-77-700-normal.woff                     13.26 kB
build/server/assets/m-plus-rounded-1c-16-100-normal.woff                13.27 kB
build/server/assets/noto-serif-jp-83-800-normal.woff2                   13.27 kB
build/server/assets/m-plus-rounded-1c-29-400-normal.woff                13.27 kB
build/server/assets/noto-sans-jp-84-600-normal.woff                     13.27 kB
build/server/assets/noto-serif-jp-75-200-normal.woff2                   13.28 kB
build/server/assets/m-plus-rounded-1c-67-100-normal.woff                13.28 kB
build/server/assets/noto-serif-jp-90-800-normal.woff2                   13.28 kB
build/server/assets/noto-sans-jp-92-900-normal.woff                     13.28 kB
build/server/assets/m-plus-rounded-1c-98-500-normal.woff2               13.28 kB
build/server/assets/noto-sans-jp-77-100-normal.woff                     13.28 kB
build/server/assets/m-plus-rounded-1c-69-300-normal.woff2               13.28 kB
build/server/assets/m-plus-rounded-1c-79-300-normal.woff2               13.28 kB
build/server/assets/m-plus-rounded-1c-73-300-normal.woff2               13.29 kB
build/server/assets/m-plus-rounded-1c-88-700-normal.woff2               13.29 kB
build/server/assets/m-plus-rounded-1c-118-700-normal.woff2              13.29 kB
build/server/assets/m-plus-rounded-1c-103-900-normal.woff2              13.29 kB
build/server/assets/noto-serif-jp-85-600-normal.woff2                   13.29 kB
build/server/assets/noto-sans-jp-77-500-normal.woff                     13.29 kB
build/server/assets/noto-sans-jp-82-800-normal.woff                     13.29 kB
build/server/assets/noto-sans-jp-99-800-normal.woff                     13.29 kB
build/server/assets/noto-serif-jp-87-300-normal.woff2                   13.29 kB
build/server/assets/noto-sans-jp-99-700-normal.woff                     13.29 kB
build/server/assets/noto-serif-jp-63-800-normal.woff2                   13.30 kB
build/server/assets/m-plus-rounded-1c-25-300-normal.woff2               13.30 kB
build/server/assets/noto-sans-jp-87-200-normal.woff                     13.30 kB
build/server/assets/yomogi-89-400-normal.woff2                          13.30 kB
build/server/assets/noto-sans-jp-92-400-normal.woff                     13.30 kB
build/server/assets/noto-sans-jp-84-300-normal.woff                     13.30 kB
build/server/assets/noto-sans-jp-92-500-normal.woff                     13.30 kB
build/server/assets/noto-sans-jp-99-500-normal.woff                     13.30 kB
build/server/assets/noto-sans-jp-77-600-normal.woff                     13.30 kB
build/server/assets/m-plus-rounded-1c-82-100-normal.woff                13.31 kB
build/server/assets/m-plus-rounded-1c-83-100-normal.woff                13.31 kB
build/server/assets/noto-sans-jp-77-400-normal.woff                     13.32 kB
build/server/assets/noto-sans-jp-84-400-normal.woff                     13.32 kB
build/server/assets/m-plus-rounded-1c-104-700-normal.woff2              13.32 kB
build/server/assets/m-plus-rounded-1c-84-900-normal.woff2               13.32 kB
build/server/assets/m-plus-rounded-1c-89-900-normal.woff2               13.32 kB
build/server/assets/noto-serif-jp-99-200-normal.woff2                   13.32 kB
build/server/assets/noto-serif-jp-84-300-normal.woff2                   13.32 kB
build/server/assets/m-plus-rounded-1c-116-500-normal.woff               13.32 kB
build/server/assets/noto-sans-jp-92-700-normal.woff                     13.33 kB
build/server/assets/noto-serif-jp-113-500-normal.woff                   13.33 kB
build/server/assets/m-plus-rounded-1c-91-400-normal.woff2               13.33 kB
build/server/assets/m-plus-rounded-1c-108-400-normal.woff2              13.33 kB
build/server/assets/m-plus-rounded-1c-63-700-normal.woff2               13.33 kB
build/server/assets/noto-sans-jp-87-300-normal.woff                     13.33 kB
build/server/assets/m-plus-rounded-1c-6-800-normal.woff                 13.33 kB
build/server/assets/noto-serif-jp-59-400-normal.woff2                   13.34 kB
build/server/assets/noto-serif-jp-106-200-normal.woff2                  13.34 kB
build/server/assets/m-plus-rounded-1c-108-100-normal.woff               13.34 kB
build/server/assets/m-plus-rounded-1c-6-700-normal.woff                 13.34 kB
build/server/assets/noto-sans-jp-84-200-normal.woff                     13.34 kB
build/server/assets/noto-sans-jp-92-600-normal.woff                     13.34 kB
build/server/assets/m-plus-rounded-1c-112-300-normal.woff               13.35 kB
build/server/assets/noto-sans-jp-87-500-normal.woff                     13.35 kB
build/server/assets/noto-serif-jp-113-600-normal.woff                   13.35 kB
build/server/assets/noto-sans-jp-99-400-normal.woff                     13.35 kB
build/server/assets/m-plus-rounded-1c-49-400-normal.woff2               13.36 kB
build/server/assets/noto-serif-jp-91-500-normal.woff2                   13.36 kB
build/server/assets/yomogi-80-400-normal.woff2                          13.36 kB
build/server/assets/noto-sans-jp-87-600-normal.woff                     13.36 kB
build/server/assets/noto-serif-jp-91-400-normal.woff2                   13.36 kB
build/server/assets/noto-sans-jp-87-400-normal.woff                     13.36 kB
build/server/assets/noto-sans-jp-99-200-normal.woff                     13.36 kB
build/server/assets/m-plus-rounded-1c-94-400-normal.woff2               13.37 kB
build/server/assets/noto-serif-jp-84-400-normal.woff2                   13.37 kB
build/server/assets/noto-sans-jp-77-200-normal.woff                     13.37 kB
build/server/assets/noto-sans-jp-92-800-normal.woff                     13.37 kB
build/server/assets/m-plus-rounded-1c-62-100-normal.woff                13.38 kB
build/server/assets/noto-sans-jp-87-700-normal.woff                     13.38 kB
build/server/assets/m-plus-rounded-1c-75-500-normal.woff2               13.38 kB
build/server/assets/m-plus-rounded-1c-80-500-normal.woff2               13.38 kB
build/server/assets/noto-serif-jp-85-700-normal.woff2                   13.38 kB
build/server/assets/m-plus-rounded-1c-95-800-normal.woff2               13.38 kB
build/server/assets/noto-serif-jp-59-700-normal.woff2                   13.38 kB
build/server/assets/noto-serif-jp-59-300-normal.woff2                   13.39 kB
build/server/assets/noto-serif-jp-109-300-normal.woff                   13.39 kB
build/server/assets/m-plus-rounded-1c-90-400-normal.woff2               13.39 kB
build/server/assets/noto-sans-jp-77-300-normal.woff                     13.39 kB
build/server/assets/m-plus-rounded-1c-46-400-normal.woff2               13.40 kB
build/server/assets/m-plus-rounded-1c-82-400-normal.woff2               13.40 kB
build/server/assets/noto-sans-jp-87-900-normal.woff                     13.40 kB
build/server/assets/yomogi-74-400-normal.woff2                          13.40 kB
build/server/assets/m-plus-rounded-1c-102-700-normal.woff2              13.41 kB
build/server/assets/m-plus-rounded-1c-115-500-normal.woff               13.41 kB
build/server/assets/m-plus-rounded-1c-27-500-normal.woff2               13.42 kB
build/server/assets/noto-serif-jp-87-400-normal.woff2                   13.42 kB
build/server/assets/noto-serif-jp-67-300-normal.woff2                   13.42 kB
build/server/assets/noto-serif-jp-59-600-normal.woff2                   13.42 kB
build/server/assets/m-plus-rounded-1c-41-100-normal.woff2               13.42 kB
build/server/assets/noto-serif-jp-77-200-normal.woff2                   13.42 kB
build/server/assets/noto-sans-jp-69-100-normal.woff                     13.43 kB
build/server/assets/m-plus-rounded-1c-101-300-normal.woff               13.44 kB
build/server/assets/noto-serif-jp-85-800-normal.woff2                   13.44 kB
build/server/assets/noto-sans-jp-87-800-normal.woff                     13.44 kB
build/server/assets/noto-serif-jp-113-700-normal.woff                   13.44 kB
build/server/assets/noto-sans-jp-99-300-normal.woff                     13.44 kB
build/server/assets/m-plus-rounded-1c-93-700-normal.woff2               13.45 kB
build/server/assets/noto-serif-jp-91-900-normal.woff2                   13.45 kB
build/server/assets/m-plus-rounded-1c-9-700-normal.woff2                13.45 kB
build/server/assets/m-plus-rounded-1c-45-300-normal.woff                13.45 kB
build/server/assets/noto-serif-jp-109-400-normal.woff                   13.45 kB
build/server/assets/m-plus-rounded-1c-71-700-normal.woff2               13.46 kB
build/server/assets/m-plus-rounded-1c-46-100-normal.woff                13.46 kB
build/server/assets/yomogi-84-400-normal.woff2                          13.46 kB
build/server/assets/noto-serif-jp-115-200-normal.woff                   13.46 kB
build/server/assets/noto-serif-jp-82-300-normal.woff2                   13.46 kB
build/server/assets/m-plus-rounded-1c-115-900-normal.woff               13.46 kB
build/server/assets/yomogi-96-400-normal.woff2                          13.47 kB
build/server/assets/noto-serif-jp-101-200-normal.woff                   13.47 kB
build/server/assets/m-plus-rounded-1c-76-900-normal.woff2               13.48 kB
build/server/assets/m-plus-rounded-1c-67-500-normal.woff2               13.48 kB
build/server/assets/m-plus-rounded-1c-77-300-normal.woff2               13.48 kB
build/server/assets/m-plus-rounded-1c-96-700-normal.woff2               13.48 kB
build/server/assets/m-plus-rounded-1c-105-700-normal.woff2              13.49 kB
build/server/assets/m-plus-rounded-1c-12-700-normal.woff2               13.50 kB
build/server/assets/m-plus-rounded-1c-66-800-normal.woff2               13.50 kB
build/server/assets/noto-serif-jp-67-400-normal.woff2                   13.50 kB
build/server/assets/noto-serif-jp-82-400-normal.woff2                   13.50 kB
build/server/assets/yomogi-81-400-normal.woff2                          13.50 kB
build/server/assets/m-plus-rounded-1c-76-500-normal.woff2               13.51 kB
build/server/assets/m-plus-rounded-1c-67-900-normal.woff2               13.51 kB
build/server/assets/m-plus-rounded-1c-85-800-normal.woff2               13.51 kB
build/server/assets/noto-sans-jp-59-100-normal.woff                     13.51 kB
build/server/assets/m-plus-rounded-1c-44-400-normal.woff2               13.52 kB
build/server/assets/m-plus-rounded-1c-28-300-normal.woff                13.52 kB
build/server/assets/noto-serif-jp-59-800-normal.woff2                   13.52 kB
build/server/assets/noto-sans-jp-106-900-normal.woff                    13.52 kB
build/server/assets/noto-serif-jp-113-900-normal.woff                   13.52 kB
build/server/assets/noto-serif-jp-84-500-normal.woff2                   13.52 kB
build/server/assets/m-plus-rounded-1c-66-700-normal.woff2               13.52 kB
build/server/assets/m-plus-rounded-1c-63-800-normal.woff2               13.52 kB
build/server/assets/m-plus-rounded-1c-75-900-normal.woff2               13.53 kB
build/server/assets/noto-serif-jp-87-500-normal.woff2                   13.53 kB
build/server/assets/m-plus-rounded-1c-18-100-normal.woff                13.53 kB
build/server/assets/m-plus-rounded-1c-59-100-normal.woff                13.53 kB
build/server/assets/noto-sans-jp-106-600-normal.woff                    13.53 kB
build/server/assets/m-plus-rounded-1c-83-400-normal.woff2               13.54 kB
build/server/assets/m-plus-rounded-1c-18-300-normal.woff2               13.54 kB
build/server/assets/noto-serif-jp-75-300-normal.woff2                   13.54 kB
build/server/assets/m-plus-rounded-1c-116-900-normal.woff               13.54 kB
build/server/assets/m-plus-rounded-1c-109-400-normal.woff               13.54 kB
build/server/assets/m-plus-rounded-1c-79-100-normal.woff                13.54 kB
build/server/assets/noto-sans-jp-69-300-normal.woff                     13.54 kB
build/server/assets/m-plus-rounded-1c-93-800-normal.woff2               13.54 kB
build/server/assets/noto-serif-jp-73-200-normal.woff2                   13.54 kB
build/server/assets/m-plus-rounded-1c-87-100-normal.woff                13.54 kB
build/server/assets/m-plus-rounded-1c-69-100-normal.woff                13.55 kB
build/server/assets/m-plus-rounded-1c-100-100-normal.woff               13.55 kB
build/server/assets/m-plus-rounded-1c-89-700-normal.woff2               13.55 kB
build/server/assets/noto-serif-jp-109-500-normal.woff                   13.55 kB
build/server/assets/m-plus-rounded-1c-42-800-normal.woff2               13.56 kB
build/server/assets/noto-serif-jp-118-900-normal.woff2                  13.56 kB
build/server/assets/noto-serif-jp-109-900-normal.woff                   13.56 kB
build/server/assets/yomogi-107-400-normal.woff2                         13.56 kB
build/server/assets/m-plus-2-56-wght-normal.woff2                       13.56 kB
build/server/assets/m-plus-rounded-1c-43-500-normal.woff2               13.56 kB
build/server/assets/noto-serif-jp-118-300-normal.woff2                  13.57 kB
build/server/assets/noto-sans-jp-106-700-normal.woff                    13.57 kB
build/server/assets/m-plus-rounded-1c-91-500-normal.woff2               13.58 kB
build/server/assets/yomogi-97-400-normal.woff2                          13.58 kB
build/server/assets/noto-serif-jp-79-200-normal.woff2                   13.58 kB
build/server/assets/noto-serif-jp-91-600-normal.woff2                   13.58 kB
build/server/assets/m-plus-rounded-1c-56-300-normal.woff                13.58 kB
build/server/assets/m-plus-rounded-1c-74-700-normal.woff2               13.59 kB
build/server/assets/noto-sans-jp-58-400-normal.woff2                    13.59 kB
build/server/assets/noto-serif-jp-87-600-normal.woff2                   13.59 kB
build/server/assets/m-plus-rounded-1c-103-700-normal.woff2              13.59 kB
build/server/assets/m-plus-rounded-1c-110-400-normal.woff               13.59 kB
build/server/assets/noto-sans-jp-69-200-normal.woff                     13.59 kB
build/server/assets/m-plus-rounded-1c-42-700-normal.woff2               13.60 kB
build/server/assets/m-plus-rounded-1c-91-900-normal.woff2               13.60 kB
build/server/assets/m-plus-rounded-1c-105-800-normal.woff2              13.60 kB
build/server/assets/noto-serif-jp-92-300-normal.woff2                   13.60 kB
build/server/assets/m-plus-rounded-1c-29-500-normal.woff                13.60 kB
build/server/assets/noto-sans-jp-69-900-normal.woff                     13.60 kB
build/server/assets/noto-serif-jp-109-600-normal.woff                   13.60 kB
build/server/assets/noto-sans-jp-58-300-normal.woff2                    13.60 kB
build/server/assets/noto-serif-jp-87-900-normal.woff2                   13.60 kB
build/server/assets/noto-sans-jp-106-500-normal.woff                    13.60 kB
build/server/assets/m-plus-rounded-1c-102-800-normal.woff2              13.60 kB
build/server/assets/noto-serif-jp-109-700-normal.woff                   13.60 kB
build/server/assets/m-plus-rounded-1c-84-700-normal.woff2               13.61 kB
build/server/assets/noto-sans-jp-106-800-normal.woff                    13.61 kB
build/server/assets/noto-serif-jp-106-300-normal.woff2                  13.61 kB
build/server/assets/noto-serif-jp-91-700-normal.woff2                   13.61 kB
build/server/assets/m-plus-rounded-1c-73-100-normal.woff                13.61 kB
build/server/assets/noto-serif-jp-84-900-normal.woff2                   13.61 kB
build/server/assets/m-plus-rounded-1c-100-400-normal.woff2              13.62 kB
build/server/assets/m-plus-rounded-1c-80-900-normal.woff2               13.62 kB
build/server/assets/noto-serif-jp-75-400-normal.woff2                   13.62 kB
build/server/assets/noto-serif-jp-118-400-normal.woff2                  13.62 kB
build/server/assets/noto-serif-jp-67-500-normal.woff2                   13.62 kB
build/server/assets/noto-sans-jp-106-100-normal.woff                    13.62 kB
build/server/assets/noto-sans-jp-58-500-normal.woff2                    13.62 kB
build/server/assets/noto-serif-jp-82-600-normal.woff2                   13.62 kB
build/server/assets/noto-sans-jp-58-200-normal.woff2                    13.63 kB
build/server/assets/m-plus-rounded-1c-99-100-normal.woff                13.63 kB
build/server/assets/m-plus-rounded-1c-cyrillic-ext-900-normal.woff      13.63 kB
build/server/assets/yomogi-88-400-normal.woff2                          13.63 kB
build/server/assets/noto-serif-jp-100-200-normal.woff2                  13.64 kB
build/server/assets/noto-serif-jp-66-300-normal.woff2                   13.64 kB
build/server/assets/noto-serif-jp-118-500-normal.woff2                  13.64 kB
build/server/assets/noto-serif-jp-113-800-normal.woff                   13.64 kB
build/server/assets/m-plus-rounded-1c-43-400-normal.woff2               13.64 kB
build/server/assets/m-plus-rounded-1c-9-800-normal.woff2                13.64 kB
build/server/assets/noto-serif-jp-82-500-normal.woff2                   13.64 kB
build/server/assets/noto-serif-jp-84-600-normal.woff2                   13.64 kB
build/server/assets/yomogi-102-400-normal.woff2                         13.64 kB
build/server/assets/noto-sans-jp-69-500-normal.woff                     13.64 kB
build/server/assets/noto-sans-jp-69-700-normal.woff                     13.64 kB
build/server/assets/m-plus-rounded-1c-92-700-normal.woff2               13.65 kB
build/server/assets/noto-serif-jp-87-700-normal.woff2                   13.65 kB
build/server/assets/yomogi-92-400-normal.woff2                          13.65 kB
build/server/assets/noto-sans-jp-69-800-normal.woff                     13.65 kB
build/server/assets/noto-serif-jp-99-300-normal.woff2                   13.65 kB
build/server/assets/m-plus-rounded-1c-62-400-normal.woff2               13.66 kB
build/server/assets/m-plus-rounded-1c-78-300-normal.woff2               13.66 kB
build/server/assets/m-plus-rounded-1c-108-500-normal.woff2              13.67 kB
build/server/assets/noto-serif-jp-92-400-normal.woff2                   13.67 kB
build/server/assets/noto-serif-jp-78-200-normal.woff2                   13.67 kB
build/server/assets/noto-serif-jp-67-600-normal.woff2                   13.67 kB
build/server/assets/noto-sans-jp-106-400-normal.woff                    13.67 kB
build/server/assets/m-plus-rounded-1c-49-500-normal.woff2               13.67 kB
build/server/assets/noto-sans-jp-69-400-normal.woff                     13.67 kB
build/server/assets/m-plus-rounded-1c-104-800-normal.woff2              13.68 kB
build/server/assets/noto-serif-jp-115-300-normal.woff                   13.68 kB
build/server/assets/m-plus-rounded-1c-116-700-normal.woff               13.68 kB
build/server/assets/m-plus-rounded-1c-71-800-normal.woff2               13.69 kB
build/server/assets/m-plus-rounded-1c-29-900-normal.woff                13.69 kB
build/server/assets/noto-sans-jp-79-100-normal.woff                     13.69 kB
build/server/assets/noto-serif-jp-109-800-normal.woff                   13.69 kB
build/server/assets/m-plus-rounded-1c-48-700-normal.woff2               13.70 kB
build/server/assets/m-plus-rounded-1c-44-900-normal.woff2               13.70 kB
build/server/assets/noto-serif-jp-66-400-normal.woff2                   13.70 kB
build/server/assets/noto-serif-jp-118-700-normal.woff2                  13.70 kB
build/server/assets/noto-serif-jp-118-600-normal.woff2                  13.70 kB
build/server/assets/m-plus-rounded-1c-87-400-normal.woff2               13.70 kB
build/server/assets/m-plus-rounded-1c-81-700-normal.woff2               13.70 kB
build/server/assets/m-plus-rounded-1c-17-100-normal.woff                13.70 kB
build/server/assets/m-plus-rounded-1c-70-100-normal.woff                13.70 kB
build/server/assets/noto-sans-jp-69-600-normal.woff                     13.71 kB
build/server/assets/noto-serif-jp-99-400-normal.woff2                   13.72 kB
build/server/assets/noto-sans-jp-106-200-normal.woff                    13.72 kB
build/server/assets/m-plus-rounded-1c-7-400-normal.woff2                13.72 kB
build/server/assets/noto-sans-jp-73-200-normal.woff                     13.72 kB
build/server/assets/m-plus-rounded-1c-82-500-normal.woff2               13.72 kB
build/server/assets/noto-serif-jp-75-500-normal.woff2                   13.72 kB
build/server/assets/noto-serif-jp-67-700-normal.woff2                   13.72 kB
build/server/assets/m-plus-rounded-1c-115-700-normal.woff               13.72 kB
build/server/assets/noto-serif-jp-77-300-normal.woff2                   13.73 kB
build/server/assets/m-plus-rounded-1c-48-800-normal.woff2               13.73 kB
build/server/assets/m-plus-rounded-1c-89-800-normal.woff2               13.73 kB
build/server/assets/noto-serif-jp-67-900-normal.woff2                   13.73 kB
build/server/assets/m-plus-rounded-1c-47-400-normal.woff                13.74 kB
build/server/assets/noto-serif-jp-87-800-normal.woff2                   13.74 kB
build/server/assets/noto-sans-jp-70-100-normal.woff                     13.74 kB
build/server/assets/noto-serif-jp-115-400-normal.woff                   13.74 kB
build/server/assets/noto-serif-jp-91-800-normal.woff2                   13.74 kB
build/server/assets/noto-sans-jp-73-100-normal.woff                     13.74 kB
build/server/assets/m-plus-rounded-1c-96-800-normal.woff2               13.75 kB
build/server/assets/noto-sans-jp-58-700-normal.woff2                    13.75 kB
build/server/assets/noto-sans-jp-58-800-normal.woff2                    13.75 kB
build/server/assets/noto-serif-jp-69-200-normal.woff2                   13.75 kB
build/server/assets/noto-serif-jp-84-700-normal.woff2                   13.75 kB
build/server/assets/noto-serif-jp-75-900-normal.woff2                   13.75 kB
build/server/assets/noto-sans-jp-106-300-normal.woff                    13.75 kB
build/server/assets/m-plus-rounded-1c-44-500-normal.woff2               13.76 kB
build/server/assets/m-plus-rounded-1c-94-500-normal.woff2               13.76 kB
build/server/assets/noto-serif-jp-106-400-normal.woff2                  13.76 kB
build/server/assets/yomogi-109-400-normal.woff2                         13.76 kB
build/server/assets/noto-sans-jp-73-900-normal.woff                     13.76 kB
build/server/assets/noto-sans-jp-79-200-normal.woff                     13.76 kB
build/server/assets/noto-sans-jp-73-300-normal.woff                     13.76 kB
build/server/assets/noto-serif-jp-67-800-normal.woff2                   13.76 kB
build/server/assets/noto-sans-jp-73-700-normal.woff                     13.77 kB
build/server/assets/noto-serif-jp-77-400-normal.woff2                   13.77 kB
build/server/assets/noto-serif-jp-82-900-normal.woff2                   13.77 kB
build/server/assets/m-plus-rounded-1c-7-500-normal.woff2                13.78 kB
build/server/assets/noto-serif-jp-82-700-normal.woff2                   13.78 kB
build/server/assets/yomogi-91-400-normal.woff2                          13.78 kB
build/server/assets/m-plus-rounded-1c-98-900-normal.woff2               13.78 kB
build/server/assets/noto-sans-jp-70-200-normal.woff                     13.78 kB
build/server/assets/noto-sans-jp-73-500-normal.woff                     13.78 kB
build/server/assets/m-plus-rounded-1c-8-700-normal.woff2                13.79 kB
build/server/assets/noto-sans-jp-58-600-normal.woff2                    13.79 kB
build/server/assets/m-plus-rounded-1c-110-900-normal.woff               13.79 kB
build/server/assets/m-plus-rounded-1c-31-300-normal.woff2               13.79 kB
build/server/assets/m-plus-rounded-1c-36-400-normal.woff2               13.80 kB
build/server/assets/noto-serif-jp-118-800-normal.woff2                  13.80 kB
build/server/assets/noto-sans-jp-70-400-normal.woff                     13.80 kB
build/server/assets/m-plus-rounded-1c-17-300-normal.woff2               13.80 kB
build/server/assets/m-plus-rounded-1c-90-500-normal.woff2               13.80 kB
build/server/assets/yomogi-98-400-normal.woff2                          13.80 kB
build/server/assets/noto-sans-jp-73-600-normal.woff                     13.80 kB
build/server/assets/noto-serif-jp-115-500-normal.woff                   13.80 kB
build/server/assets/noto-serif-jp-66-500-normal.woff2                   13.80 kB
build/server/assets/m-plus-rounded-1c-101-400-normal.woff               13.80 kB
build/server/assets/noto-sans-jp-73-800-normal.woff                     13.80 kB
build/server/assets/m-plus-rounded-1c-81-800-normal.woff2               13.81 kB
build/server/assets/m-plus-rounded-1c-109-500-normal.woff               13.81 kB
build/server/assets/m-plus-rounded-1c-74-800-normal.woff2               13.82 kB
build/server/assets/m-plus-rounded-1c-56-400-normal.woff                13.82 kB
build/server/assets/m-plus-rounded-1c-86-300-normal.woff                13.82 kB
build/server/assets/m-plus-rounded-1c-110-500-normal.woff               13.82 kB
build/server/assets/noto-serif-jp-92-500-normal.woff2                   13.82 kB
build/server/assets/m-plus-rounded-1c-99-400-normal.woff2               13.83 kB
build/server/assets/m-plus-rounded-1c-92-800-normal.woff2               13.83 kB
build/server/assets/noto-serif-jp-99-500-normal.woff2                   13.83 kB
build/server/assets/noto-sans-jp-70-500-normal.woff                     13.83 kB
build/server/assets/noto-serif-jp-75-600-normal.woff2                   13.83 kB
build/server/assets/yomogi-94-400-normal.woff2                          13.83 kB
build/server/assets/noto-sans-jp-70-300-normal.woff                     13.83 kB
build/server/assets/m-plus-rounded-1c-115-800-normal.woff               13.83 kB
build/server/assets/m-plus-rounded-1c-106-100-normal.woff               13.84 kB
build/server/assets/noto-sans-jp-59-200-normal.woff                     13.84 kB
build/server/assets/m-plus-rounded-1c-70-400-normal.woff2               13.84 kB
build/server/assets/noto-serif-jp-106-500-normal.woff2                  13.84 kB
build/server/assets/noto-serif-jp-82-800-normal.woff2                   13.84 kB
build/server/assets/noto-serif-jp-75-700-normal.woff2                   13.84 kB
build/server/assets/m-plus-rounded-1c-77-100-normal.woff                13.84 kB
build/server/assets/noto-serif-jp-84-800-normal.woff2                   13.84 kB
build/server/assets/noto-sans-jp-79-300-normal.woff                     13.84 kB
build/server/assets/m-plus-rounded-1c-79-400-normal.woff2               13.85 kB
build/server/assets/noto-serif-jp-115-900-normal.woff                   13.85 kB
build/server/assets/m-plus-rounded-1c-27-700-normal.woff2               13.85 kB
build/server/assets/noto-serif-jp-112-200-normal.woff                   13.85 kB
build/server/assets/noto-serif-jp-73-300-normal.woff2                   13.86 kB
build/server/assets/noto-sans-jp-73-400-normal.woff                     13.86 kB
build/server/assets/noto-sans-jp-79-500-normal.woff                     13.86 kB
build/server/assets/m-plus-rounded-1c-67-700-normal.woff2               13.86 kB
build/server/assets/m-plus-rounded-1c-69-400-normal.woff2               13.86 kB
build/server/assets/m-plus-rounded-1c-46-500-normal.woff2               13.86 kB
build/server/assets/m-plus-rounded-1c-98-700-normal.woff2               13.86 kB
build/server/assets/yomogi-67-400-normal.woff2                          13.87 kB
build/server/assets/noto-sans-jp-78-500-normal.woff                     13.87 kB
build/server/assets/noto-sans-jp-79-600-normal.woff                     13.87 kB
build/server/assets/m-plus-rounded-1c-16-400-normal.woff2               13.87 kB
build/server/assets/m-plus-rounded-1c-112-400-normal.woff               13.87 kB
build/server/assets/m-plus-rounded-1c-19-300-normal.woff                13.87 kB
build/server/assets/noto-serif-jp-101-400-normal.woff                   13.87 kB
build/server/assets/noto-serif-jp-115-600-normal.woff                   13.87 kB
build/server/assets/m-plus-rounded-1c-111-300-normal.woff               13.88 kB
build/server/assets/noto-sans-jp-70-600-normal.woff                     13.88 kB
build/server/assets/m-plus-rounded-1c-83-500-normal.woff2               13.88 kB
build/server/assets/m-plus-rounded-1c-27-800-normal.woff2               13.88 kB
build/server/assets/yomogi-69-400-normal.woff2                          13.88 kB
build/server/assets/noto-serif-jp-101-300-normal.woff                   13.88 kB
build/server/assets/m-plus-rounded-1c-103-800-normal.woff2              13.89 kB
build/server/assets/noto-sans-jp-78-700-normal.woff                     13.89 kB
build/server/assets/m-plus-rounded-1c-11-900-normal.woff2               13.90 kB
build/server/assets/m-plus-rounded-1c-12-800-normal.woff2               13.90 kB
build/server/assets/noto-serif-jp-70-200-normal.woff2                   13.90 kB
build/server/assets/noto-serif-jp-66-600-normal.woff2                   13.90 kB
build/server/assets/noto-serif-jp-92-600-normal.woff2                   13.90 kB
build/server/assets/noto-sans-jp-70-700-normal.woff                     13.90 kB
build/server/assets/noto-serif-jp-62-200-normal.woff2                   13.90 kB
build/server/assets/noto-sans-jp-59-400-normal.woff                     13.90 kB
build/server/assets/noto-sans-jp-78-600-normal.woff                     13.90 kB
build/server/assets/m-plus-rounded-1c-76-700-normal.woff2               13.91 kB
build/server/assets/m-plus-rounded-1c-108-900-normal.woff2              13.91 kB
build/server/assets/noto-serif-jp-79-300-normal.woff2                   13.91 kB
build/server/assets/noto-sans-jp-78-400-normal.woff                     13.91 kB
build/server/assets/noto-sans-jp-79-700-normal.woff                     13.91 kB
build/server/assets/m-plus-rounded-1c-84-800-normal.woff2               13.91 kB
build/server/assets/noto-sans-jp-70-900-normal.woff                     13.91 kB
build/server/assets/noto-sans-jp-79-400-normal.woff                     13.92 kB
build/server/assets/noto-sans-jp-70-800-normal.woff                     13.92 kB
build/server/assets/m-plus-rounded-1c-45-400-normal.woff                13.92 kB
build/server/assets/noto-serif-jp-75-800-normal.woff2                   13.92 kB
build/server/assets/noto-serif-jp-99-600-normal.woff2                   13.92 kB
build/server/assets/noto-sans-jp-78-100-normal.woff                     13.92 kB
build/server/assets/noto-serif-jp-73-400-normal.woff2                   13.93 kB
build/server/assets/noto-serif-jp-115-700-normal.woff                   13.93 kB
build/server/assets/m-plus-rounded-1c-116-800-normal.woff               13.93 kB
build/server/assets/noto-sans-jp-79-900-normal.woff                     13.94 kB
build/server/assets/noto-serif-jp-92-900-normal.woff2                   13.94 kB
build/server/assets/m-plus-rounded-1c-106-400-normal.woff2              13.94 kB
build/server/assets/m-plus-rounded-1c-36-500-normal.woff2               13.94 kB
build/server/assets/m-plus-rounded-1c-33-700-normal.woff2               13.94 kB
build/server/assets/noto-sans-jp-79-800-normal.woff                     13.94 kB
build/server/assets/m-plus-rounded-1c-35-100-normal.woff2               13.95 kB
build/server/assets/noto-serif-jp-106-600-normal.woff2                  13.95 kB
build/server/assets/noto-serif-jp-106-900-normal.woff2                  13.95 kB
build/server/assets/noto-sans-jp-78-800-normal.woff                     13.95 kB
build/server/assets/m-plus-rounded-1c-80-700-normal.woff2               13.95 kB
build/server/assets/m-plus-rounded-1c-38-100-normal.woff                13.95 kB
build/server/assets/noto-sans-jp-62-100-normal.woff                     13.95 kB
build/server/assets/noto-sans-jp-78-200-normal.woff                     13.95 kB
build/server/assets/yomogi-117-400-normal.woff                          13.95 kB
build/server/assets/m-plus-rounded-1c-49-900-normal.woff2               13.96 kB
build/server/assets/m-plus-rounded-1c-16-900-normal.woff2               13.96 kB
build/server/assets/noto-serif-jp-79-400-normal.woff2                   13.96 kB
build/server/assets/m-plus-rounded-1c-47-500-normal.woff                13.96 kB
build/server/assets/m-plus-rounded-1c-87-500-normal.woff2               13.97 kB
build/server/assets/noto-sans-jp-78-300-normal.woff                     13.97 kB
build/server/assets/noto-sans-jp-78-900-normal.woff                     13.97 kB
build/server/assets/noto-serif-jp-101-500-normal.woff                   13.97 kB
build/server/assets/m-plus-rounded-1c-56-900-normal.woff                13.98 kB
build/server/assets/noto-sans-jp-59-300-normal.woff                     13.98 kB
build/server/assets/noto-serif-jp-115-800-normal.woff                   13.98 kB
build/server/assets/m-plus-rounded-1c-29-700-normal.woff                13.98 kB
build/server/assets/m-plus-rounded-1c-101-900-normal.woff               13.98 kB
build/server/assets/m-plus-rounded-1c-75-700-normal.woff2               13.99 kB
build/server/assets/noto-serif-jp-66-900-normal.woff2                   13.99 kB
build/server/assets/noto-serif-jp-77-500-normal.woff2                   13.99 kB
build/server/assets/noto-serif-jp-77-600-normal.woff2                   13.99 kB
build/server/assets/yomogi-62-400-normal.woff2                          13.99 kB
build/server/assets/noto-sans-jp-100-100-normal.woff                    13.99 kB
build/server/assets/noto-serif-jp-66-700-normal.woff2                   14.00 kB
build/server/assets/m-plus-rounded-1c-7-900-normal.woff2                14.00 kB
build/server/assets/m-plus-rounded-1c-77-400-normal.woff2               14.00 kB
build/server/assets/m-plus-rounded-1c-67-800-normal.woff2               14.00 kB
build/server/assets/noto-sans-jp-59-500-normal.woff                     14.00 kB
build/server/assets/noto-sans-jp-100-600-normal.woff                    14.01 kB
build/server/assets/noto-sans-jp-59-900-normal.woff                     14.01 kB
build/server/assets/noto-sans-jp-100-900-normal.woff                    14.01 kB
build/server/assets/noto-serif-jp-71-200-normal.woff2                   14.02 kB
build/server/assets/m-plus-rounded-1c-56-500-normal.woff                14.02 kB
build/server/assets/noto-sans-jp-62-800-normal.woff                     14.02 kB
build/server/assets/noto-sans-jp-62-900-normal.woff                     14.02 kB
build/server/assets/m-plus-rounded-1c-75-800-normal.woff2               14.02 kB
build/server/assets/noto-serif-jp-100-300-normal.woff2                  14.02 kB
build/server/assets/m-plus-rounded-1c-28-500-normal.woff                14.02 kB
build/server/assets/m-plus-rounded-1c-69-500-normal.woff2               14.03 kB
build/server/assets/noto-serif-jp-78-400-normal.woff2                   14.03 kB
build/server/assets/m-plus-rounded-1c-101-500-normal.woff               14.03 kB
build/server/assets/noto-serif-jp-78-300-normal.woff2                   14.03 kB
build/server/assets/noto-sans-jp-100-500-normal.woff                    14.04 kB
build/server/assets/m-plus-rounded-1c-100-500-normal.woff2              14.04 kB
build/server/assets/m-plus-rounded-1c-94-900-normal.woff2               14.04 kB
build/server/assets/noto-serif-jp-92-700-normal.woff2                   14.04 kB
build/server/assets/noto-serif-jp-77-700-normal.woff2                   14.04 kB
build/server/assets/noto-serif-jp-66-800-normal.woff2                   14.04 kB
build/server/assets/noto-sans-jp-62-200-normal.woff                     14.04 kB
build/server/assets/m-plus-rounded-1c-91-700-normal.woff2               14.05 kB
build/server/assets/m-plus-rounded-1c-109-900-normal.woff               14.05 kB
build/server/assets/noto-sans-jp-62-700-normal.woff                     14.05 kB
build/server/assets/noto-serif-jp-99-700-normal.woff2                   14.05 kB
build/server/assets/m-plus-rounded-1c-32-100-normal.woff                14.05 kB
build/server/assets/m-plus-rounded-1c-25-400-normal.woff2               14.06 kB
build/server/assets/m-plus-rounded-1c-112-900-normal.woff               14.06 kB
build/server/assets/noto-serif-jp-106-700-normal.woff2                  14.06 kB
build/server/assets/noto-sans-jp-62-400-normal.woff                     14.06 kB
build/server/assets/noto-sans-jp-100-400-normal.woff                    14.06 kB
build/server/assets/noto-sans-jp-100-300-normal.woff                    14.07 kB
build/server/assets/noto-sans-jp-100-700-normal.woff                    14.07 kB
build/server/assets/noto-serif-jp-110-200-normal.woff                   14.07 kB
build/server/assets/m-plus-rounded-1c-36-900-normal.woff2               14.07 kB
build/server/assets/m-plus-rounded-1c-46-900-normal.woff2               14.07 kB
build/server/assets/noto-serif-jp-79-500-normal.woff2                   14.07 kB
build/server/assets/m-plus-rounded-1c-28-400-normal.woff                14.07 kB
build/server/assets/noto-serif-jp-106-800-normal.woff2                  14.07 kB
build/server/assets/noto-sans-jp-100-200-normal.woff                    14.07 kB
build/server/assets/noto-sans-jp-100-800-normal.woff                    14.07 kB
build/server/assets/noto-serif-jp-99-900-normal.woff2                   14.08 kB
build/server/assets/m-plus-rounded-1c-97-300-normal.woff                14.08 kB
build/server/assets/noto-serif-jp-77-900-normal.woff2                   14.08 kB
build/server/assets/noto-sans-jp-62-600-normal.woff                     14.08 kB
build/server/assets/noto-serif-jp-73-500-normal.woff2                   14.09 kB
build/server/assets/m-plus-rounded-1c-9-300-normal.woff                 14.09 kB
build/server/assets/noto-sans-jp-71-100-normal.woff                     14.09 kB
build/server/assets/noto-sans-jp-62-300-normal.woff                     14.09 kB
build/server/assets/noto-serif-jp-112-300-normal.woff                   14.09 kB
build/server/assets/m-plus-rounded-1c-76-800-normal.woff2               14.09 kB
build/server/assets/m-plus-rounded-1c-40-100-normal.woff                14.09 kB
build/server/assets/noto-sans-jp-62-500-normal.woff                     14.09 kB
build/server/assets/noto-serif-jp-101-600-normal.woff                   14.10 kB
build/server/assets/m-plus-rounded-1c-16-500-normal.woff2               14.10 kB
build/server/assets/m-plus-rounded-1c-33-800-normal.woff2               14.10 kB
build/server/assets/m-plus-2-117-wght-normal.woff2                      14.11 kB
build/server/assets/m-plus-rounded-1c-83-900-normal.woff2               14.11 kB
build/server/assets/m-plus-rounded-1c-95-300-normal.woff                14.11 kB
build/server/assets/m-plus-rounded-1c-24-100-normal.woff                14.11 kB
build/server/assets/noto-serif-jp-92-800-normal.woff2                   14.12 kB
build/server/assets/m-plus-rounded-1c-62-500-normal.woff2               14.12 kB
build/server/assets/yomogi-66-400-normal.woff2                          14.12 kB
build/server/assets/m-plus-rounded-1c-82-900-normal.woff2               14.12 kB
build/server/assets/m-plus-rounded-1c-98-800-normal.woff2               14.13 kB
build/server/assets/m-plus-rounded-1c-107-300-normal.woff               14.13 kB
build/server/assets/yomogi-83-400-normal.woff2                          14.13 kB
build/server/assets/noto-sans-jp-59-600-normal.woff                     14.13 kB
build/server/assets/m-plus-rounded-1c-61-300-normal.woff2               14.13 kB
build/server/assets/m-plus-rounded-1c-28-900-normal.woff                14.14 kB
build/server/assets/m-plus-rounded-1c-80-800-normal.woff2               14.14 kB
build/server/assets/yomogi-104-400-normal.woff2                         14.14 kB
build/server/assets/noto-serif-jp-112-400-normal.woff                   14.14 kB
build/server/assets/m-plus-rounded-1c-85-300-normal.woff                14.14 kB
build/server/assets/noto-serif-jp-77-800-normal.woff2                   14.15 kB
build/server/assets/m-plus-rounded-1c-112-500-normal.woff               14.15 kB
build/server/assets/noto-serif-jp-79-600-normal.woff2                   14.16 kB
build/server/assets/m-plus-rounded-1c-110-800-normal.woff               14.16 kB
build/server/assets/m-plus-rounded-1c-45-500-normal.woff                14.16 kB
build/server/assets/m-plus-rounded-1c-78-400-normal.woff2               14.16 kB
build/server/assets/m-plus-rounded-1c-99-500-normal.woff2               14.16 kB
build/server/assets/m-plus-rounded-1c-91-800-normal.woff2               14.16 kB
build/server/assets/noto-serif-jp-100-900-normal.woff2                  14.16 kB
build/server/assets/noto-sans-jp-71-900-normal.woff                     14.16 kB
build/server/assets/m-plus-rounded-1c-106-900-normal.woff2              14.17 kB
build/server/assets/noto-serif-jp-78-500-normal.woff2                   14.17 kB
build/server/assets/m-plus-rounded-1c-108-700-normal.woff2              14.17 kB
build/server/assets/m-plus-rounded-1c-8-800-normal.woff2                14.17 kB
build/server/assets/noto-serif-jp-107-200-normal.woff                   14.17 kB
build/server/assets/noto-serif-jp-99-800-normal.woff2                   14.18 kB
build/server/assets/m-plus-rounded-1c-69-900-normal.woff2               14.18 kB
build/server/assets/noto-serif-jp-79-900-normal.woff2                   14.18 kB
build/server/assets/yomogi-90-400-normal.woff2                          14.18 kB
build/server/assets/m-plus-rounded-1c-73-400-normal.woff2               14.18 kB
build/server/assets/m-plus-rounded-1c-11-700-normal.woff2               14.18 kB
build/server/assets/m-plus-rounded-1c-cyrillic-ext-700-normal.woff      14.18 kB
build/server/assets/noto-sans-jp-59-700-normal.woff                     14.18 kB
build/server/assets/noto-serif-jp-101-700-normal.woff                   14.18 kB
build/server/assets/noto-serif-jp-100-400-normal.woff2                  14.19 kB
build/server/assets/noto-serif-jp-73-900-normal.woff2                   14.19 kB
build/server/assets/m-plus-rounded-1c-47-900-normal.woff                14.19 kB
build/server/assets/m-plus-rounded-1c-29-800-normal.woff                14.19 kB
build/server/assets/noto-sans-jp-71-800-normal.woff                     14.19 kB
build/server/assets/noto-serif-jp-112-500-normal.woff                   14.19 kB
build/server/assets/m-plus-rounded-1c-12-300-normal.woff                14.20 kB
build/server/assets/m-plus-rounded-1c-47-700-normal.woff                14.20 kB
build/server/assets/m-plus-rounded-1c-109-700-normal.woff               14.20 kB
build/server/assets/noto-serif-jp-73-600-normal.woff2                   14.20 kB
build/server/assets/yomogi-79-400-normal.woff2                          14.20 kB
build/server/assets/noto-sans-jp-59-800-normal.woff                     14.21 kB
build/server/assets/m-plus-rounded-1c-cyrillic-ext-300-normal.woff      14.21 kB
build/server/assets/noto-serif-jp-73-700-normal.woff2                   14.22 kB
build/server/assets/m-plus-rounded-1c-110-700-normal.woff               14.22 kB
build/server/assets/yomogi-82-400-normal.woff2                          14.22 kB
build/server/assets/noto-sans-jp-65-100-normal.woff                     14.22 kB
build/server/assets/m-plus-rounded-1c-100-900-normal.woff2              14.22 kB
build/server/assets/noto-sans-jp-71-300-normal.woff                     14.22 kB
build/server/assets/noto-serif-jp-116-200-normal.woff                   14.22 kB
build/server/assets/noto-serif-jp-62-300-normal.woff2                   14.22 kB
build/server/assets/yomogi-113-400-normal.woff2                         14.22 kB
build/server/assets/noto-sans-jp-71-700-normal.woff                     14.22 kB
build/server/assets/m-plus-rounded-1c-79-500-normal.woff2               14.23 kB
build/server/assets/m-plus-rounded-1c-106-500-normal.woff2              14.23 kB
build/server/assets/m-plus-rounded-1c-43-900-normal.woff2               14.23 kB
build/server/assets/noto-sans-jp-71-600-normal.woff                     14.23 kB
build/server/assets/m-plus-rounded-1c-72-300-normal.woff2               14.24 kB
build/server/assets/yomogi-115-400-normal.woff2                         14.24 kB
build/server/assets/noto-sans-jp-65-900-normal.woff                     14.24 kB
build/server/assets/noto-serif-jp-78-600-normal.woff2                   14.25 kB
build/server/assets/m-plus-rounded-1c-cyrillic-ext-500-normal.woff      14.25 kB
build/server/assets/m-plus-rounded-1c-68-300-normal.woff2               14.25 kB
build/server/assets/m-plus-rounded-1c-25-500-normal.woff2               14.25 kB
build/server/assets/m-plus-rounded-1c-87-900-normal.woff2               14.25 kB
build/server/assets/noto-serif-jp-70-300-normal.woff2                   14.25 kB
build/server/assets/noto-sans-jp-71-200-normal.woff                     14.26 kB
build/server/assets/noto-serif-jp-112-900-normal.woff                   14.26 kB
build/server/assets/m-plus-rounded-1c-86-400-normal.woff                14.26 kB
build/server/assets/m-plus-rounded-1c-78-100-normal.woff                14.26 kB
build/server/assets/noto-serif-jp-78-900-normal.woff2                   14.26 kB
build/server/assets/m-plus-rounded-1c-56-700-normal.woff                14.26 kB
build/server/assets/noto-sans-jp-71-400-normal.woff                     14.26 kB
build/server/assets/yomogi-116-400-normal.woff2                         14.26 kB
build/server/assets/m-plus-rounded-1c-cyrillic-ext-800-normal.woff      14.26 kB
build/server/assets/m-plus-rounded-1c-56-800-normal.woff                14.27 kB
build/server/assets/m-plus-rounded-1c-90-900-normal.woff2               14.27 kB
build/server/assets/yomogi-103-400-normal.woff2                         14.28 kB
build/server/assets/noto-serif-jp-100-500-normal.woff2                  14.28 kB
build/server/assets/noto-serif-jp-100-600-normal.woff2                  14.29 kB
build/server/assets/noto-serif-jp-112-600-normal.woff                   14.29 kB
build/server/assets/m-plus-rounded-1c-90-700-normal.woff2               14.30 kB
build/server/assets/noto-sans-jp-65-800-normal.woff                     14.30 kB
build/server/assets/yomogi-99-400-normal.woff2                          14.30 kB
build/server/assets/m-plus-rounded-1c-18-400-normal.woff2               14.30 kB
build/server/assets/m-plus-rounded-1c-70-500-normal.woff2               14.30 kB
build/server/assets/noto-serif-jp-78-700-normal.woff2                   14.31 kB
build/server/assets/noto-serif-jp-79-800-normal.woff2                   14.31 kB
build/server/assets/m-plus-rounded-1c-44-700-normal.woff2               14.31 kB
build/server/assets/noto-serif-jp-69-300-normal.woff2                   14.31 kB
build/server/assets/noto-serif-jp-73-800-normal.woff2                   14.31 kB
build/server/assets/noto-serif-jp-101-800-normal.woff                   14.32 kB
build/server/assets/m-plus-rounded-1c-49-700-normal.woff2               14.32 kB
build/server/assets/m-plus-rounded-1c-94-700-normal.woff2               14.32 kB
build/server/assets/m-plus-rounded-1c-102-300-normal.woff               14.32 kB
build/server/assets/noto-serif-jp-79-700-normal.woff2                   14.33 kB
build/server/assets/noto-serif-jp-101-900-normal.woff                   14.33 kB
build/server/assets/m-plus-rounded-1c-83-700-normal.woff2               14.33 kB
build/server/assets/m-plus-rounded-1c-18-900-normal.woff2               14.33 kB
build/server/assets/noto-sans-jp-65-200-normal.woff                     14.33 kB
build/server/assets/noto-serif-jp-62-400-normal.woff2                   14.34 kB
build/server/assets/m-plus-rounded-1c-45-900-normal.woff                14.34 kB
build/server/assets/noto-sans-jp-65-700-normal.woff                     14.34 kB
build/server/assets/m-plus-rounded-1c-62-900-normal.woff2               14.34 kB
build/server/assets/noto-serif-jp-69-400-normal.woff2                   14.35 kB
build/server/assets/m-plus-rounded-1c-104-300-normal.woff               14.35 kB
build/server/assets/m-plus-rounded-1c-101-700-normal.woff               14.35 kB
build/server/assets/m-plus-rounded-1c-88-300-normal.woff                14.35 kB
build/server/assets/noto-sans-jp-65-300-normal.woff                     14.36 kB
build/server/assets/noto-serif-jp-112-700-normal.woff                   14.36 kB
build/server/assets/m-plus-rounded-1c-22-300-normal.woff2               14.36 kB
build/server/assets/noto-sans-jp-71-500-normal.woff                     14.36 kB
build/server/assets/m-plus-rounded-1c-109-800-normal.woff               14.36 kB
build/server/assets/m-plus-rounded-1c-46-700-normal.woff2               14.36 kB
build/server/assets/noto-serif-jp-70-400-normal.woff2                   14.36 kB
build/server/assets/yomogi-87-400-normal.woff2                          14.36 kB
build/server/assets/m-plus-rounded-1c-47-800-normal.woff                14.36 kB
build/server/assets/noto-sans-jp-65-600-normal.woff                     14.38 kB
build/server/assets/m-plus-rounded-1c-7-700-normal.woff2                14.38 kB
build/server/assets/noto-serif-jp-110-300-normal.woff                   14.38 kB
build/server/assets/noto-serif-jp-100-700-normal.woff2                  14.39 kB
build/server/assets/yomogi-3-400-normal.woff                            14.39 kB
build/server/assets/m-plus-rounded-1c-37-300-normal.woff2               14.39 kB
build/server/assets/m-plus-rounded-1c-60-300-normal.woff2               14.40 kB
build/server/assets/m-plus-rounded-1c-63-300-normal.woff                14.40 kB
build/server/assets/m-plus-rounded-1c-40-300-normal.woff2               14.40 kB
build/server/assets/m-plus-rounded-1c-25-900-normal.woff2               14.40 kB
build/server/assets/yomogi-70-400-normal.woff2                          14.40 kB
build/server/assets/noto-serif-jp-78-800-normal.woff2                   14.41 kB
build/server/assets/m-plus-rounded-1c-65-300-normal.woff2               14.41 kB
build/server/assets/m-plus-rounded-1c-112-700-normal.woff               14.41 kB
build/server/assets/noto-sans-jp-65-400-normal.woff                     14.41 kB
build/server/assets/noto-sans-jp-65-500-normal.woff                     14.41 kB
build/server/assets/m-plus-rounded-1c-cyrillic-ext-400-normal.woff      14.42 kB
build/server/assets/m-plus-rounded-1c-82-700-normal.woff2               14.43 kB
build/server/assets/m-plus-rounded-1c-100-700-normal.woff2              14.44 kB
build/server/assets/noto-serif-jp-112-800-normal.woff                   14.44 kB
build/server/assets/m-plus-rounded-1c-11-800-normal.woff2               14.44 kB
build/server/assets/noto-serif-jp-116-300-normal.woff                   14.44 kB
build/server/assets/noto-sans-jp-61-100-normal.woff                     14.44 kB
build/server/assets/noto-serif-jp-107-300-normal.woff                   14.44 kB
build/server/assets/noto-serif-jp-71-300-normal.woff2                   14.45 kB
build/server/assets/m-plus-rounded-1c-31-400-normal.woff2               14.46 kB
build/server/assets/m-plus-rounded-1c-77-900-normal.woff2               14.46 kB
build/server/assets/m-plus-rounded-1c-90-800-normal.woff2               14.46 kB
build/server/assets/m-plus-rounded-1c-89-300-normal.woff                14.46 kB
build/server/assets/yomogi-112-400-normal.woff2                         14.46 kB
build/server/assets/m-plus-rounded-1c-38-300-normal.woff2               14.46 kB
build/server/assets/m-plus-rounded-1c-44-800-normal.woff2               14.46 kB
build/server/assets/yomogi-71-400-normal.woff2                          14.46 kB
build/server/assets/m-plus-rounded-1c-108-800-normal.woff2              14.47 kB
build/server/assets/noto-serif-jp-62-500-normal.woff2                   14.47 kB
build/server/assets/m-plus-rounded-1c-73-500-normal.woff2               14.48 kB
build/server/assets/noto-serif-jp-69-500-normal.woff2                   14.48 kB
build/server/assets/m-plus-rounded-1c-99-900-normal.woff2               14.48 kB
build/server/assets/m-plus-rounded-1c-61-100-normal.woff                14.48 kB
build/server/assets/m-plus-rounded-1c-31-500-normal.woff2               14.48 kB
build/server/assets/noto-serif-jp-70-500-normal.woff2                   14.48 kB
build/server/assets/m-plus-rounded-1c-112-800-normal.woff               14.48 kB
build/server/assets/m-plus-rounded-1c-70-900-normal.woff2               14.49 kB
build/server/assets/m-plus-rounded-1c-11-300-normal.woff                14.49 kB
build/server/assets/m-plus-rounded-1c-77-500-normal.woff2               14.50 kB
build/server/assets/m-plus-rounded-1c-83-800-normal.woff2               14.50 kB
build/server/assets/m-plus-rounded-1c-96-300-normal.woff                14.50 kB
build/server/assets/noto-serif-jp-110-400-normal.woff                   14.51 kB
build/server/assets/m-plus-rounded-1c-46-800-normal.woff2               14.51 kB
build/server/assets/noto-serif-jp-69-900-normal.woff2                   14.51 kB
build/server/assets/m-plus-rounded-1c-7-800-normal.woff2                14.52 kB
build/server/assets/noto-serif-jp-62-600-normal.woff2                   14.52 kB
build/server/assets/m-plus-rounded-1c-105-300-normal.woff               14.52 kB
build/server/assets/m-plus-2-20-wght-normal.woff2                       14.52 kB
build/server/assets/m-plus-rounded-1c-79-900-normal.woff2               14.52 kB
build/server/assets/noto-serif-jp-62-900-normal.woff2                   14.52 kB
build/server/assets/yomogi-75-400-normal.woff2                          14.52 kB
build/server/assets/noto-serif-jp-111-200-normal.woff                   14.52 kB
build/server/assets/noto-serif-jp-100-800-normal.woff2                  14.52 kB
build/server/assets/m-plus-rounded-1c-101-800-normal.woff               14.52 kB
build/server/assets/noto-sans-jp-72-900-normal.woff                     14.52 kB
build/server/assets/noto-serif-jp-107-400-normal.woff                   14.52 kB
build/server/assets/m-plus-rounded-1c-94-800-normal.woff2               14.53 kB
build/server/assets/yomogi-77-400-normal.woff2                          14.53 kB
build/server/assets/m-plus-rounded-1c-18-500-normal.woff2               14.53 kB
build/server/assets/m-plus-rounded-1c-111-400-normal.woff               14.53 kB
build/server/assets/noto-serif-jp-69-600-normal.woff2                   14.54 kB
build/server/assets/noto-serif-jp-103-200-normal.woff                   14.54 kB
build/server/assets/m-plus-rounded-1c-93-300-normal.woff                14.54 kB
build/server/assets/yomogi-110-400-normal.woff2                         14.54 kB
build/server/assets/m-plus-rounded-1c-86-500-normal.woff                14.54 kB
build/server/assets/m-plus-rounded-1c-95-400-normal.woff                14.55 kB
build/server/assets/m-plus-rounded-1c-111-500-normal.woff               14.56 kB
build/server/assets/m-plus-rounded-1c-87-700-normal.woff2               14.56 kB
build/server/assets/noto-serif-jp-70-600-normal.woff2                   14.56 kB
build/server/assets/m-plus-rounded-1c-74-300-normal.woff                14.56 kB
build/server/assets/m-plus-rounded-1c-62-700-normal.woff2               14.56 kB
build/server/assets/m-plus-rounded-1c-9-400-normal.woff                 14.56 kB
build/server/assets/m-plus-rounded-1c-28-700-normal.woff                14.56 kB
build/server/assets/m-plus-rounded-1c-19-900-normal.woff                14.56 kB
build/server/assets/m-plus-rounded-1c-16-700-normal.woff2               14.57 kB
build/server/assets/m-plus-rounded-1c-97-400-normal.woff                14.57 kB
build/server/assets/m-plus-rounded-1c-19-400-normal.woff                14.57 kB
build/server/assets/m-plus-rounded-1c-22-100-normal.woff                14.57 kB
build/server/assets/m-plus-rounded-1c-72-100-normal.woff                14.57 kB
build/server/assets/noto-serif-jp-70-900-normal.woff2                   14.57 kB
build/server/assets/m-plus-rounded-1c-45-700-normal.woff                14.58 kB
build/server/assets/noto-serif-jp-116-400-normal.woff                   14.59 kB
build/server/assets/m-plus-rounded-1c-78-500-normal.woff2               14.60 kB
build/server/assets/noto-serif-jp-70-700-normal.woff2                   14.60 kB
build/server/assets/noto-serif-jp-110-500-normal.woff                   14.60 kB
build/server/assets/m-plus-rounded-1c-119-100-normal.woff2              14.61 kB
build/server/assets/noto-sans-jp-61-400-normal.woff                     14.61 kB
build/server/assets/m-plus-rounded-1c-97-500-normal.woff                14.61 kB
build/server/assets/noto-sans-jp-61-200-normal.woff                     14.61 kB
build/server/assets/m-plus-rounded-1c-28-800-normal.woff                14.61 kB
build/server/assets/m-plus-rounded-1c-107-400-normal.woff               14.62 kB
build/server/assets/m-plus-rounded-1c-69-700-normal.woff2               14.63 kB
build/server/assets/noto-serif-jp-62-700-normal.woff2                   14.63 kB
build/server/assets/noto-serif-jp-110-600-normal.woff                   14.63 kB
build/server/assets/noto-serif-jp-71-900-normal.woff2                   14.63 kB
build/server/assets/yomogi-100-400-normal.woff2                         14.63 kB
build/server/assets/noto-serif-jp-70-800-normal.woff2                   14.65 kB
build/server/assets/noto-sans-jp-61-500-normal.woff                     14.65 kB
build/server/assets/m-plus-rounded-1c-85-400-normal.woff                14.65 kB
build/server/assets/m-plus-rounded-1c-19-500-normal.woff                14.65 kB
build/server/assets/yomogi-111-400-normal.woff2                         14.65 kB
build/server/assets/m-plus-rounded-1c-86-900-normal.woff                14.65 kB
build/server/assets/noto-sans-jp-72-800-normal.woff                     14.65 kB
build/server/assets/noto-serif-jp-116-900-normal.woff                   14.65 kB
build/server/assets/m-plus-rounded-1c-73-900-normal.woff2               14.66 kB
build/server/assets/noto-serif-jp-71-400-normal.woff2                   14.66 kB
build/server/assets/noto-serif-jp-116-500-normal.woff                   14.66 kB
build/server/assets/noto-serif-jp-110-900-normal.woff                   14.66 kB
build/server/assets/m-plus-rounded-1c-16-800-normal.woff2               14.66 kB
build/server/assets/m-plus-rounded-1c-66-300-normal.woff                14.66 kB
build/server/assets/noto-sans-jp-61-300-normal.woff                     14.66 kB
build/server/assets/noto-serif-jp-95-200-normal.woff                    14.66 kB
build/server/assets/m-plus-rounded-1c-37-100-normal.woff                14.67 kB
build/server/assets/noto-sans-jp-61-600-normal.woff                     14.67 kB
build/server/assets/noto-serif-jp-61-200-normal.woff2                   14.67 kB
build/server/assets/m-plus-rounded-1c-103-300-normal.woff               14.68 kB
build/server/assets/m-plus-rounded-1c-84-300-normal.woff                14.68 kB
build/server/assets/m-plus-rounded-1c-49-800-normal.woff2               14.69 kB
build/server/assets/noto-sans-jp-61-700-normal.woff                     14.69 kB
build/server/assets/noto-serif-jp-116-600-normal.woff                   14.69 kB
build/server/assets/m-plus-rounded-1c-42-300-normal.woff                14.70 kB
build/server/assets/noto-serif-jp-62-800-normal.woff2                   14.70 kB
build/server/assets/m-plus-rounded-1c-97-900-normal.woff                14.70 kB
build/server/assets/m-plus-rounded-1c-87-800-normal.woff2               14.70 kB
build/server/assets/noto-serif-jp-69-700-normal.woff2                   14.70 kB
build/server/assets/m-plus-rounded-1c-68-100-normal.woff                14.70 kB
build/server/assets/m-plus-rounded-1c-36-700-normal.woff2               14.70 kB
build/server/assets/m-plus-rounded-1c-60-100-normal.woff                14.70 kB
build/server/assets/noto-sans-jp-72-700-normal.woff                     14.70 kB
build/server/assets/m-plus-rounded-1c-17-400-normal.woff2               14.71 kB
build/server/assets/m-plus-rounded-1c-62-800-normal.woff2               14.71 kB
build/server/assets/m-plus-rounded-1c-102-400-normal.woff               14.72 kB
build/server/assets/m-plus-rounded-1c-80-300-normal.woff                14.72 kB
build/server/assets/noto-sans-jp-61-800-normal.woff                     14.72 kB
build/server/assets/noto-serif-jp-107-500-normal.woff                   14.72 kB
build/server/assets/m-plus-rounded-1c-82-800-normal.woff2               14.72 kB
build/server/assets/noto-sans-jp-61-900-normal.woff                     14.73 kB
build/server/assets/noto-serif-jp-116-700-normal.woff                   14.73 kB
build/server/assets/noto-serif-jp-68-200-normal.woff2                   14.74 kB
build/server/assets/noto-serif-jp-110-700-normal.woff                   14.74 kB
build/server/assets/m-plus-rounded-1c-88-400-normal.woff                14.74 kB
build/server/assets/m-plus-rounded-1c-70-700-normal.woff2               14.76 kB
build/server/assets/m-plus-rounded-1c-8-300-normal.woff                 14.76 kB
build/server/assets/m-plus-rounded-1c-48-300-normal.woff                14.76 kB
build/server/assets/m-plus-rounded-1c-98-300-normal.woff                14.76 kB
build/server/assets/noto-serif-jp-69-800-normal.woff2                   14.76 kB
build/server/assets/m-plus-rounded-1c-45-800-normal.woff                14.76 kB
build/server/assets/noto-serif-jp-111-400-normal.woff                   14.76 kB
build/server/assets/noto-serif-jp-102-200-normal.woff                   14.76 kB
build/server/assets/noto-serif-jp-107-600-normal.woff                   14.76 kB
build/server/assets/m-plus-rounded-1c-106-700-normal.woff2              14.77 kB
build/server/assets/m-plus-rounded-1c-81-300-normal.woff                14.77 kB
build/server/assets/noto-sans-jp-72-600-normal.woff                     14.77 kB
build/server/assets/noto-serif-jp-110-800-normal.woff                   14.77 kB
build/server/assets/m-plus-rounded-1c-99-700-normal.woff2               14.77 kB
build/server/assets/noto-serif-jp-65-200-normal.woff2                   14.78 kB
build/server/assets/noto-serif-jp-72-200-normal.woff2                   14.78 kB
build/server/assets/noto-serif-jp-71-500-normal.woff2                   14.78 kB
build/server/assets/m-plus-rounded-1c-75-300-normal.woff                14.79 kB
build/server/assets/noto-sans-jp-72-500-normal.woff                     14.79 kB
build/server/assets/m-plus-rounded-1c-100-800-normal.woff2              14.79 kB
build/server/assets/noto-serif-jp-111-300-normal.woff                   14.79 kB
build/server/assets/m-plus-rounded-1c-14-300-normal.woff2               14.80 kB
build/server/assets/m-plus-rounded-1c-106-800-normal.woff2              14.80 kB
build/server/assets/m-plus-rounded-1c-107-500-normal.woff               14.80 kB
build/server/assets/m-plus-rounded-1c-79-700-normal.woff2               14.80 kB
build/server/assets/m-plus-rounded-1c-32-300-normal.woff2               14.81 kB
build/server/assets/noto-serif-jp-71-600-normal.woff2                   14.81 kB
build/server/assets/m-plus-rounded-1c-71-300-normal.woff                14.82 kB
build/server/assets/noto-sans-jp-72-400-normal.woff                     14.82 kB
build/server/assets/m-plus-rounded-1c-27-300-normal.woff                14.83 kB
build/server/assets/noto-serif-jp-111-500-normal.woff                   14.83 kB
build/server/assets/noto-serif-jp-116-800-normal.woff                   14.83 kB
build/server/assets/noto-sans-jp-72-100-normal.woff                     14.83 kB
build/server/assets/m-plus-rounded-1c-77-700-normal.woff2               14.84 kB
build/server/assets/m-plus-rounded-1c-25-800-normal.woff2               14.85 kB
build/server/assets/noto-serif-jp-103-400-normal.woff                   14.85 kB
build/server/assets/m-plus-rounded-1c-78-900-normal.woff2               14.86 kB
build/server/assets/noto-serif-jp-103-300-normal.woff                   14.86 kB
build/server/assets/m-plus-rounded-1c-65-100-normal.woff                14.86 kB
build/server/assets/m-plus-rounded-1c-68-400-normal.woff2               14.86 kB
build/server/assets/m-plus-rounded-1c-72-400-normal.woff2               14.86 kB
build/server/assets/m-plus-rounded-1c-104-400-normal.woff               14.86 kB
build/server/assets/m-plus-rounded-1c-102-500-normal.woff               14.86 kB
build/server/assets/m-plus-rounded-1c-9-500-normal.woff                 14.87 kB
build/server/assets/m-plus-rounded-1c-43-700-normal.woff2               14.88 kB
build/server/assets/m-plus-rounded-1c-63-400-normal.woff                14.88 kB
build/server/assets/m-plus-rounded-1c-111-900-normal.woff               14.88 kB
build/server/assets/noto-serif-jp-95-300-normal.woff                    14.88 kB
build/server/assets/m-plus-rounded-1c-69-800-normal.woff2               14.89 kB
build/server/assets/m-plus-rounded-1c-76-300-normal.woff                14.90 kB
build/server/assets/m-plus-rounded-1c-85-500-normal.woff                14.90 kB
build/server/assets/noto-serif-jp-97-200-normal.woff                    14.90 kB
build/server/assets/m-plus-rounded-1c-92-300-normal.woff                14.90 kB
build/server/assets/m-plus-rounded-1c-12-500-normal.woff                14.91 kB
build/server/assets/m-plus-rounded-1c-88-900-normal.woff                14.91 kB
build/server/assets/noto-sans-jp-72-200-normal.woff                     14.91 kB
build/server/assets/m-plus-rounded-1c-70-800-normal.woff2               14.92 kB
build/server/assets/m-plus-rounded-1c-40-400-normal.woff2               14.92 kB
build/server/assets/m-plus-rounded-1c-64-300-normal.woff2               14.92 kB
build/server/assets/m-plus-rounded-1c-25-700-normal.woff2               14.92 kB
build/server/assets/m-plus-rounded-1c-86-700-normal.woff                14.92 kB
build/server/assets/noto-sans-jp-72-300-normal.woff                     14.92 kB
build/server/assets/noto-serif-jp-107-900-normal.woff                   14.92 kB
build/server/assets/noto-serif-jp-71-700-normal.woff2                   14.93 kB
build/server/assets/m-plus-rounded-1c-18-700-normal.woff2               14.93 kB
build/server/assets/noto-serif-jp-107-700-normal.woff                   14.93 kB
build/server/assets/noto-serif-jp-95-400-normal.woff                    14.94 kB
build/server/assets/noto-sans-jp-68-100-normal.woff                     14.94 kB
build/server/assets/m-plus-rounded-1c-24-300-normal.woff2               14.96 kB
build/server/assets/noto-serif-jp-111-700-normal.woff                   14.96 kB
build/server/assets/noto-serif-jp-111-600-normal.woff                   14.96 kB
build/server/assets/m-plus-rounded-1c-73-700-normal.woff2               14.96 kB
build/server/assets/m-plus-rounded-1c-88-500-normal.woff                14.96 kB
build/server/assets/m-plus-rounded-1c-77-800-normal.woff2               14.97 kB
build/server/assets/noto-serif-jp-95-500-normal.woff                    14.97 kB
build/server/assets/yomogi-78-400-normal.woff2                          14.98 kB
build/server/assets/noto-serif-jp-61-300-normal.woff2                   14.98 kB
build/server/assets/m-plus-rounded-1c-95-500-normal.woff                14.98 kB
build/server/assets/m-plus-rounded-1c-93-400-normal.woff                14.98 kB
build/server/assets/noto-serif-jp-95-600-normal.woff                    14.98 kB
build/server/assets/m-plus-rounded-1c-89-400-normal.woff                14.99 kB
build/server/assets/noto-serif-jp-95-700-normal.woff                    15.00 kB
build/server/assets/m-plus-rounded-1c-31-900-normal.woff2               15.00 kB
build/server/assets/noto-serif-jp-95-900-normal.woff                    15.00 kB
build/server/assets/m-plus-rounded-1c-61-400-normal.woff2               15.01 kB
build/server/assets/m-plus-rounded-1c-43-800-normal.woff2               15.01 kB
build/server/assets/noto-serif-jp-105-200-normal.woff                   15.01 kB
build/server/assets/noto-serif-jp-71-800-normal.woff2                   15.01 kB
build/server/assets/noto-sans-jp-68-900-normal.woff                     15.02 kB
build/server/assets/m-plus-rounded-1c-17-500-normal.woff2               15.02 kB
build/server/assets/m-plus-rounded-1c-86-800-normal.woff                15.03 kB
build/server/assets/noto-serif-jp-103-500-normal.woff                   15.03 kB
build/server/assets/noto-serif-jp-111-900-normal.woff                   15.03 kB
build/server/assets/noto-sans-jp-68-400-normal.woff                     15.04 kB
build/server/assets/noto-sans-jp-68-700-normal.woff                     15.04 kB
build/server/assets/noto-serif-jp-96-200-normal.woff                    15.04 kB
build/server/assets/m-plus-rounded-1c-79-800-normal.woff2               15.04 kB
build/server/assets/noto-serif-jp-102-300-normal.woff                   15.04 kB
build/server/assets/yomogi-95-400-normal.woff                           15.04 kB
build/server/assets/noto-serif-jp-102-400-normal.woff                   15.04 kB
build/server/assets/noto-serif-jp-107-800-normal.woff                   15.04 kB
build/server/assets/m-plus-rounded-1c-14-100-normal.woff                15.05 kB
build/server/assets/m-plus-rounded-1c-97-700-normal.woff                15.05 kB
build/server/assets/noto-serif-jp-81-200-normal.woff                    15.05 kB
build/server/assets/m-plus-rounded-1c-36-800-normal.woff2               15.05 kB
build/server/assets/noto-serif-jp-72-300-normal.woff2                   15.06 kB
build/server/assets/m-plus-rounded-1c-19-700-normal.woff                15.06 kB
build/server/assets/noto-sans-jp-68-300-normal.woff                     15.06 kB
build/server/assets/m-plus-rounded-1c-99-800-normal.woff2               15.06 kB
build/server/assets/m-plus-rounded-1c-93-500-normal.woff                15.06 kB
build/server/assets/noto-sans-jp-68-200-normal.woff                     15.06 kB
build/server/assets/noto-sans-jp-68-600-normal.woff                     15.08 kB
build/server/assets/noto-serif-jp-103-600-normal.woff                   15.08 kB
build/server/assets/noto-serif-jp-111-800-normal.woff                   15.08 kB
build/server/assets/m-plus-rounded-1c-40-500-normal.woff2               15.08 kB
build/server/assets/m-plus-rounded-1c-78-700-normal.woff2               15.08 kB
build/server/assets/m-plus-rounded-1c-59-900-normal.woff                15.08 kB
build/server/assets/m-plus-rounded-1c-9-900-normal.woff                 15.09 kB
build/server/assets/noto-sans-jp-68-500-normal.woff                     15.09 kB
build/server/assets/yomogi-65-400-normal.woff2                          15.09 kB
build/server/assets/m-plus-rounded-1c-107-900-normal.woff               15.10 kB
build/server/assets/noto-sans-jp-68-800-normal.woff                     15.10 kB
build/server/assets/noto-serif-jp-95-800-normal.woff                    15.10 kB
build/server/assets/m-plus-rounded-1c-67-300-normal.woff                15.10 kB
build/server/assets/m-plus-rounded-1c-10-100-normal.woff                15.11 kB
build/server/assets/m-plus-rounded-1c-59-300-normal.woff                15.11 kB
build/server/assets/m-plus-rounded-1c-60-400-normal.woff2               15.11 kB
build/server/assets/m-plus-rounded-1c-85-900-normal.woff                15.11 kB
build/server/assets/m-plus-rounded-1c-89-500-normal.woff                15.12 kB
build/server/assets/m-plus-rounded-1c-97-800-normal.woff                15.12 kB
build/server/assets/m-plus-rounded-1c-74-400-normal.woff                15.12 kB
build/server/assets/m-plus-rounded-1c-95-900-normal.woff                15.12 kB
build/server/assets/m-plus-rounded-1c-18-800-normal.woff2               15.13 kB
build/server/assets/m-plus-rounded-1c-104-500-normal.woff               15.13 kB
build/server/assets/m-plus-rounded-1c-105-400-normal.woff               15.13 kB
build/server/assets/yomogi-114-400-normal.woff                          15.13 kB
build/server/assets/m-plus-rounded-1c-37-400-normal.woff2               15.14 kB
build/server/assets/noto-serif-jp-61-400-normal.woff2                   15.14 kB
build/server/assets/m-plus-rounded-1c-111-700-normal.woff               15.14 kB
build/server/assets/yomogi-105-400-normal.woff2                         15.14 kB
build/server/assets/noto-serif-jp-65-300-normal.woff2                   15.14 kB
build/server/assets/noto-serif-jp-104-200-normal.woff                   15.14 kB
build/server/assets/m-plus-rounded-1c-91-300-normal.woff                15.15 kB
build/server/assets/m-plus-rounded-1c-63-500-normal.woff                15.15 kB
build/server/assets/m-plus-rounded-1c-66-900-normal.woff                15.15 kB
build/server/assets/m-plus-rounded-1c-30-100-normal.woff                15.16 kB
build/server/assets/m-plus-rounded-1c-17-900-normal.woff2               15.16 kB
build/server/assets/m-plus-rounded-1c-73-800-normal.woff2               15.16 kB
build/server/assets/m-plus-rounded-1c-90-300-normal.woff                15.16 kB
build/server/assets/noto-serif-jp-97-300-normal.woff                    15.16 kB
build/server/assets/m-plus-rounded-1c-22-400-normal.woff2               15.17 kB
build/server/assets/noto-serif-jp-103-700-normal.woff                   15.17 kB
build/server/assets/noto-serif-jp-65-400-normal.woff2                   15.17 kB
build/server/assets/m-plus-rounded-1c-96-400-normal.woff                15.17 kB
build/server/assets/noto-serif-jp-102-500-normal.woff                   15.17 kB
build/server/assets/noto-serif-jp-88-200-normal.woff                    15.18 kB
build/server/assets/noto-serif-jp-102-600-normal.woff                   15.18 kB
build/server/assets/m-plus-rounded-1c-48-400-normal.woff                15.18 kB
build/server/assets/noto-serif-jp-93-200-normal.woff                    15.18 kB
build/server/assets/m-plus-rounded-1c-68-500-normal.woff2               15.19 kB
build/server/assets/yomogi-latin-ext-400-normal.woff                    15.19 kB
build/server/assets/m-plus-rounded-1c-65-400-normal.woff2               15.20 kB
build/server/assets/m-plus-rounded-1c-12-400-normal.woff                15.20 kB
build/server/assets/noto-serif-jp-72-400-normal.woff2                   15.20 kB
build/server/assets/m-plus-rounded-1c-93-900-normal.woff                15.21 kB
build/server/assets/noto-serif-jp-97-400-normal.woff                    15.21 kB
build/server/assets/yomogi-86-400-normal.woff                           15.21 kB
build/server/assets/noto-serif-jp-68-300-normal.woff2                   15.22 kB
build/server/assets/m-plus-rounded-1c-19-800-normal.woff                15.22 kB
build/server/assets/m-plus-rounded-1c-111-800-normal.woff               15.22 kB
build/server/assets/yomogi-73-400-normal.woff2                          15.22 kB
build/server/assets/m-plus-rounded-1c-64-100-normal.woff                15.23 kB
build/server/assets/m-plus-rounded-1c-38-400-normal.woff2               15.23 kB
build/server/assets/m-plus-rounded-1c-63-900-normal.woff                15.24 kB
build/server/assets/yomogi-63-400-normal.woff                           15.24 kB
build/server/assets/m-plus-rounded-1c-40-900-normal.woff2               15.25 kB
build/server/assets/m-plus-rounded-1c-84-400-normal.woff                15.25 kB
build/server/assets/noto-serif-jp-61-500-normal.woff2                   15.25 kB
build/server/assets/m-plus-rounded-1c-102-900-normal.woff               15.26 kB
build/server/assets/m-plus-rounded-1c-33-400-normal.woff                15.26 kB
build/server/assets/noto-serif-jp-61-600-normal.woff2                   15.26 kB
build/server/assets/m-plus-rounded-1c-42-900-normal.woff                15.27 kB
build/server/assets/noto-serif-jp-74-200-normal.woff                    15.27 kB
build/server/assets/noto-serif-jp-102-700-normal.woff                   15.27 kB
build/server/assets/m-plus-rounded-1c-61-900-normal.woff2               15.28 kB
build/server/assets/m-plus-rounded-1c-80-400-normal.woff                15.28 kB
build/server/assets/m-plus-rounded-1c-108-300-normal.woff               15.28 kB
build/server/assets/m-plus-rounded-1c-61-500-normal.woff2               15.28 kB
build/server/assets/m-plus-rounded-1c-78-800-normal.woff2               15.28 kB
build/server/assets/m-plus-rounded-1c-94-300-normal.woff                15.29 kB
build/server/assets/noto-serif-jp-102-900-normal.woff                   15.29 kB
build/server/assets/m-plus-rounded-1c-8-500-normal.woff                 15.29 kB
build/server/assets/noto-serif-jp-103-800-normal.woff                   15.29 kB
build/server/assets/m-plus-rounded-1c-92-400-normal.woff                15.30 kB
build/server/assets/m-plus-rounded-1c-95-700-normal.woff                15.30 kB
build/server/assets/noto-serif-jp-86-200-normal.woff                    15.30 kB
build/server/assets/m-plus-rounded-1c-38-900-normal.woff2               15.30 kB
build/server/assets/noto-serif-jp-81-400-normal.woff                    15.30 kB
build/server/assets/m-plus-rounded-1c-66-400-normal.woff                15.30 kB
build/server/assets/m-plus-rounded-1c-98-400-normal.woff                15.30 kB
build/server/assets/m-plus-rounded-1c-68-900-normal.woff2               15.31 kB
build/server/assets/noto-serif-jp-97-900-normal.woff                    15.31 kB
build/server/assets/m-plus-rounded-1c-71-400-normal.woff                15.31 kB
build/server/assets/noto-serif-jp-89-200-normal.woff                    15.32 kB
build/server/assets/noto-serif-jp-105-300-normal.woff                   15.32 kB
build/server/assets/m-plus-rounded-1c-23-100-normal.woff                15.32 kB
build/server/assets/noto-serif-jp-65-900-normal.woff2                   15.32 kB
build/server/assets/m-plus-rounded-1c-107-700-normal.woff               15.32 kB
build/server/assets/noto-serif-jp-97-500-normal.woff                    15.32 kB
build/server/assets/m-plus-rounded-1c-26-300-normal.woff2               15.33 kB
build/server/assets/noto-serif-jp-68-400-normal.woff2                   15.33 kB
build/server/assets/m-plus-rounded-1c-96-500-normal.woff                15.33 kB
build/server/assets/noto-serif-jp-65-500-normal.woff2                   15.34 kB
build/server/assets/noto-serif-jp-61-700-normal.woff2                   15.34 kB
build/server/assets/m-plus-rounded-1c-48-500-normal.woff                15.34 kB
build/server/assets/m-plus-rounded-1c-59-400-normal.woff                15.34 kB
build/server/assets/noto-serif-jp-81-300-normal.woff                    15.35 kB
build/server/assets/noto-serif-jp-103-900-normal.woff                   15.35 kB
build/server/assets/m-plus-rounded-1c-81-400-normal.woff                15.36 kB
build/server/assets/m-plus-rounded-1c-85-700-normal.woff                15.36 kB
build/server/assets/m-plus-rounded-1c-32-400-normal.woff2               15.36 kB
build/server/assets/m-plus-rounded-1c-38-500-normal.woff2               15.36 kB
build/server/assets/m-plus-rounded-1c-33-500-normal.woff                15.36 kB
build/server/assets/noto-serif-jp-102-800-normal.woff                   15.36 kB
build/server/assets/m-plus-rounded-1c-26-100-normal.woff                15.38 kB
build/server/assets/m-plus-rounded-1c-48-900-normal.woff                15.38 kB
build/server/assets/m-plus-rounded-1c-71-500-normal.woff                15.38 kB
build/server/assets/m-plus-rounded-1c-103-400-normal.woff               15.39 kB
build/server/assets/noto-serif-jp-72-600-normal.woff2                   15.39 kB
build/server/assets/noto-serif-jp-97-600-normal.woff                    15.39 kB
build/server/assets/yomogi-101-400-normal.woff                          15.39 kB
build/server/assets/m-plus-rounded-1c-10-300-normal.woff2               15.40 kB
build/server/assets/m-plus-rounded-1c-66-500-normal.woff                15.40 kB
build/server/assets/m-plus-rounded-1c-82-300-normal.woff                15.40 kB
build/server/assets/m-plus-rounded-1c-59-500-normal.woff                15.40 kB
build/server/assets/noto-serif-jp-61-900-normal.woff2                   15.40 kB
build/server/assets/m-plus-rounded-1c-107-800-normal.woff               15.40 kB
build/server/assets/noto-serif-jp-76-200-normal.woff                    15.40 kB
build/server/assets/m-plus-rounded-1c-8-400-normal.woff                 15.40 kB
build/server/assets/m-plus-rounded-1c-104-900-normal.woff               15.40 kB
build/server/assets/m-plus-2-50-wght-normal.woff2                       15.41 kB
build/server/assets/m-plus-rounded-1c-72-500-normal.woff2               15.41 kB
build/server/assets/noto-serif-jp-72-500-normal.woff2                   15.41 kB
build/server/assets/m-plus-rounded-1c-63-700-normal.woff                15.41 kB
build/server/assets/m-plus-rounded-1c-92-900-normal.woff                15.41 kB
build/server/assets/m-plus-rounded-1c-37-900-normal.woff2               15.42 kB
build/server/assets/noto-sans-jp-64-900-normal.woff                     15.42 kB
build/server/assets/noto-serif-jp-108-200-normal.woff                   15.42 kB
build/server/assets/m-plus-rounded-1c-42-400-normal.woff                15.42 kB
build/server/assets/m-plus-rounded-1c-88-800-normal.woff                15.42 kB
build/server/assets/m-plus-rounded-1c-9-700-normal.woff                 15.43 kB
build/server/assets/m-plus-rounded-1c-27-400-normal.woff                15.44 kB
build/server/assets/noto-serif-jp-97-700-normal.woff                    15.44 kB
build/server/assets/m-plus-rounded-1c-15-300-normal.woff2               15.44 kB
build/server/assets/m-plus-rounded-1c-34-100-normal.woff                15.44 kB
build/server/assets/noto-serif-jp-72-900-normal.woff2                   15.44 kB
build/server/assets/m-plus-rounded-1c-32-500-normal.woff2               15.44 kB
build/server/assets/noto-serif-jp-96-300-normal.woff                    15.44 kB
build/server/assets/noto-serif-jp-97-800-normal.woff                    15.44 kB
build/server/assets/noto-serif-jp-104-300-normal.woff                   15.45 kB
build/server/assets/noto-serif-jp-61-800-normal.woff2                   15.45 kB
build/server/assets/m-plus-rounded-1c-95-800-normal.woff                15.45 kB
build/server/assets/noto-serif-jp-105-400-normal.woff                   15.45 kB
build/server/assets/noto-serif-jp-94-200-normal.woff                    15.45 kB
build/server/assets/m-plus-rounded-1c-83-300-normal.woff                15.46 kB
build/server/assets/noto-serif-jp-64-200-normal.woff2                   15.46 kB
build/server/assets/noto-serif-jp-68-500-normal.woff2                   15.47 kB
build/server/assets/noto-serif-jp-65-700-normal.woff2                   15.47 kB
build/server/assets/m-plus-rounded-1c-88-700-normal.woff                15.47 kB
build/server/assets/m-plus-rounded-1c-12-900-normal.woff                15.47 kB
build/server/assets/noto-serif-jp-65-600-normal.woff2                   15.47 kB
build/server/assets/noto-sans-jp-64-800-normal.woff                     15.47 kB
build/server/assets/m-plus-rounded-1c-103-500-normal.woff               15.48 kB
build/server/assets/noto-serif-jp-93-300-normal.woff                    15.48 kB
build/server/assets/m-plus-rounded-1c-96-900-normal.woff                15.48 kB
build/server/assets/m-plus-rounded-1c-105-500-normal.woff               15.48 kB
build/server/assets/m-plus-rounded-1c-102-700-normal.woff               15.48 kB
build/server/assets/noto-serif-jp-104-400-normal.woff                   15.48 kB
build/server/assets/noto-serif-jp-96-600-normal.woff                    15.48 kB
build/server/assets/noto-serif-jp-68-600-normal.woff2                   15.49 kB
build/server/assets/m-plus-rounded-1c-37-500-normal.woff2               15.49 kB
build/server/assets/m-plus-rounded-1c-74-900-normal.woff                15.49 kB
build/server/assets/m-plus-rounded-1c-105-900-normal.woff               15.49 kB
build/server/assets/noto-serif-jp-93-400-normal.woff                    15.49 kB
build/server/assets/m-plus-rounded-1c-21-300-normal.woff2               15.50 kB
build/server/assets/noto-serif-jp-65-800-normal.woff2                   15.50 kB
build/server/assets/m-plus-rounded-1c-98-500-normal.woff                15.50 kB
build/server/assets/noto-serif-jp-68-900-normal.woff2                   15.50 kB
build/server/assets/m-plus-rounded-1c-89-900-normal.woff                15.50 kB
build/server/assets/noto-sans-jp-64-700-normal.woff                     15.50 kB
build/server/assets/m-plus-rounded-1c-30-300-normal.woff2               15.50 kB
build/server/assets/yomogi-108-400-normal.woff2                         15.50 kB
build/server/assets/m-plus-rounded-1c-62-300-normal.woff                15.50 kB
build/server/assets/m-plus-rounded-1c-31-700-normal.woff2               15.51 kB
build/server/assets/m-plus-rounded-1c-76-400-normal.woff                15.51 kB
build/server/assets/m-plus-rounded-1c-81-500-normal.woff                15.51 kB
build/server/assets/noto-serif-jp-96-400-normal.woff                    15.51 kB
build/server/assets/noto-serif-jp-81-500-normal.woff                    15.51 kB
build/server/assets/noto-serif-jp-105-500-normal.woff                   15.51 kB
build/server/assets/m-plus-rounded-1c-33-900-normal.woff                15.52 kB
build/server/assets/noto-sans-jp-64-100-normal.woff                     15.52 kB
build/server/assets/m-plus-rounded-1c-15-100-normal.woff                15.52 kB
build/server/assets/m-plus-rounded-1c-8-900-normal.woff                 15.52 kB
build/server/assets/noto-serif-jp-86-300-normal.woff                    15.52 kB
build/server/assets/m-plus-rounded-1c-72-900-normal.woff2               15.53 kB
build/server/assets/m-plus-rounded-1c-92-500-normal.woff                15.53 kB
build/server/assets/m-plus-rounded-1c-71-900-normal.woff                15.53 kB
build/server/assets/noto-serif-jp-81-600-normal.woff                    15.53 kB
build/server/assets/m-plus-rounded-1c-7-300-normal.woff                 15.54 kB
build/server/assets/noto-serif-jp-104-500-normal.woff                   15.54 kB
build/server/assets/m-plus-rounded-1c-11-500-normal.woff                15.54 kB
build/server/assets/m-plus-rounded-1c-27-900-normal.woff                15.54 kB
build/server/assets/noto-serif-jp-96-500-normal.woff                    15.54 kB
build/server/assets/m-plus-rounded-1c-44-300-normal.woff                15.54 kB
build/server/assets/m-plus-rounded-1c-74-500-normal.woff                15.54 kB
build/server/assets/yomogi-93-400-normal.woff                           15.54 kB
build/server/assets/m-plus-rounded-1c-64-400-normal.woff2               15.55 kB
build/server/assets/yomogi-76-400-normal.woff                           15.55 kB
build/server/assets/noto-serif-jp-105-600-normal.woff                   15.56 kB
build/server/assets/m-plus-rounded-1c-42-500-normal.woff                15.56 kB
build/server/assets/noto-serif-jp-93-500-normal.woff                    15.56 kB
build/server/assets/noto-serif-jp-93-600-normal.woff                    15.56 kB
build/server/assets/yomogi-85-400-normal.woff                           15.56 kB
build/server/assets/m-plus-rounded-1c-22-900-normal.woff2               15.56 kB
build/server/assets/m-plus-rounded-1c-11-400-normal.woff                15.56 kB
build/server/assets/m-plus-rounded-1c-60-500-normal.woff2               15.57 kB
build/server/assets/m-plus-rounded-1c-84-500-normal.woff                15.57 kB
build/server/assets/m-plus-rounded-1c-81-900-normal.woff                15.57 kB
build/server/assets/m-plus-rounded-1c-61-700-normal.woff2               15.58 kB
build/server/assets/m-plus-rounded-1c-75-400-normal.woff                15.58 kB
build/server/assets/noto-serif-jp-98-200-normal.woff                    15.58 kB
build/server/assets/noto-sans-jp-64-600-normal.woff                     15.58 kB
build/server/assets/noto-serif-jp-74-300-normal.woff                    15.58 kB
build/server/assets/noto-serif-jp-72-700-normal.woff2                   15.58 kB
build/server/assets/noto-serif-jp-108-300-normal.woff                   15.58 kB
build/server/assets/m-plus-rounded-1c-102-800-normal.woff               15.59 kB
build/server/assets/m-plus-rounded-1c-70-300-normal.woff                15.59 kB
build/server/assets/noto-sans-jp-64-300-normal.woff                     15.59 kB
build/server/assets/m-plus-rounded-1c-21-100-normal.woff                15.60 kB
build/server/assets/m-plus-rounded-1c-104-700-normal.woff               15.60 kB
build/server/assets/noto-serif-jp-105-900-normal.woff                   15.60 kB
build/server/assets/m-plus-rounded-1c-14-400-normal.woff2               15.60 kB
build/server/assets/noto-sans-jp-64-400-normal.woff                     15.60 kB
build/server/assets/m-plus-rounded-1c-103-900-normal.woff               15.60 kB
build/server/assets/noto-serif-jp-74-400-normal.woff                    15.60 kB
build/server/assets/noto-sans-jp-64-200-normal.woff                     15.61 kB
build/server/assets/noto-serif-jp-81-700-normal.woff                    15.61 kB
build/server/assets/noto-serif-jp-104-600-normal.woff                   15.61 kB
build/server/assets/noto-serif-jp-72-800-normal.woff2                   15.62 kB
build/server/assets/noto-serif-jp-86-400-normal.woff                    15.62 kB
build/server/assets/noto-serif-jp-88-300-normal.woff                    15.62 kB
build/server/assets/m-plus-rounded-1c-46-300-normal.woff                15.62 kB
build/server/assets/noto-sans-jp-64-500-normal.woff                     15.62 kB
build/server/assets/m-plus-rounded-1c-85-800-normal.woff                15.62 kB
build/server/assets/m-plus-rounded-1c-33-300-normal.woff                15.63 kB
build/server/assets/m-plus-rounded-1c-84-900-normal.woff                15.63 kB
build/server/assets/m-plus-rounded-1c-16-300-normal.woff                15.64 kB
build/server/assets/m-plus-rounded-1c-63-800-normal.woff                15.64 kB
build/server/assets/m-plus-rounded-1c-60-900-normal.woff2               15.64 kB
build/server/assets/m-plus-rounded-1c-22-500-normal.woff2               15.65 kB
build/server/assets/m-plus-rounded-1c-65-500-normal.woff2               15.65 kB
build/server/assets/m-plus-rounded-1c-67-400-normal.woff                15.65 kB
build/server/assets/m-plus-rounded-1c-43-300-normal.woff                15.65 kB
build/server/assets/m-plus-rounded-1c-80-500-normal.woff                15.65 kB
build/server/assets/noto-serif-jp-93-700-normal.woff                    15.65 kB
build/server/assets/m-plus-rounded-1c-75-500-normal.woff                15.66 kB
build/server/assets/noto-serif-jp-76-300-normal.woff                    15.66 kB
build/server/assets/noto-serif-jp-89-300-normal.woff                    15.66 kB
build/server/assets/m-plus-rounded-1c-59-700-normal.woff                15.67 kB
build/server/assets/noto-serif-jp-93-900-normal.woff                    15.67 kB
build/server/assets/m-plus-rounded-1c-66-800-normal.woff                15.67 kB
build/server/assets/noto-serif-jp-89-400-normal.woff                    15.67 kB
build/server/assets/m-plus-rounded-1c-89-700-normal.woff                15.68 kB
build/server/assets/noto-serif-jp-104-900-normal.woff                   15.68 kB
build/server/assets/noto-serif-jp-68-700-normal.woff2                   15.68 kB
build/server/assets/m-plus-rounded-1c-71-700-normal.woff                15.68 kB
build/server/assets/m-plus-rounded-1c-93-700-normal.woff                15.68 kB
build/server/assets/noto-serif-jp-88-400-normal.woff                    15.68 kB
build/server/assets/m-plus-rounded-1c-68-700-normal.woff2               15.68 kB
build/server/assets/noto-serif-jp-108-400-normal.woff                   15.69 kB
build/server/assets/m-plus-rounded-1c-87-300-normal.woff                15.69 kB
build/server/assets/noto-serif-jp-68-800-normal.woff2                   15.69 kB
build/server/assets/m-plus-rounded-1c-65-900-normal.woff2               15.70 kB
build/server/assets/noto-serif-jp-96-700-normal.woff                    15.70 kB
build/server/assets/m-plus-rounded-1c-59-800-normal.woff                15.71 kB
build/server/assets/noto-serif-jp-86-500-normal.woff                    15.71 kB
build/server/assets/noto-serif-jp-93-800-normal.woff                    15.71 kB
build/server/assets/noto-serif-jp-90-200-normal.woff                    15.72 kB
build/server/assets/m-plus-rounded-1c-105-700-normal.woff               15.72 kB
build/server/assets/noto-serif-jp-81-900-normal.woff                    15.72 kB
build/server/assets/m-plus-rounded-1c-75-900-normal.woff                15.72 kB
build/server/assets/noto-serif-jp-85-200-normal.woff                    15.72 kB
build/server/assets/m-plus-rounded-1c-9-800-normal.woff                 15.74 kB
build/server/assets/noto-serif-jp-81-800-normal.woff                    15.74 kB
build/server/assets/m-plus-rounded-1c-34-300-normal.woff2               15.74 kB
build/server/assets/noto-serif-jp-94-300-normal.woff                    15.74 kB
build/server/assets/noto-serif-jp-104-700-normal.woff                   15.74 kB
build/server/assets/m-plus-rounded-1c-66-700-normal.woff                15.74 kB
build/server/assets/noto-serif-jp-105-800-normal.woff                   15.75 kB
build/server/assets/noto-serif-jp-91-200-normal.woff                    15.75 kB
build/server/assets/m-plus-rounded-1c-69-300-normal.woff                15.76 kB
build/server/assets/yomogi-72-400-normal.woff2                          15.76 kB
build/server/assets/yomogi-80-400-normal.woff                           15.76 kB
build/server/assets/noto-serif-jp-63-200-normal.woff                    15.76 kB
build/server/assets/noto-serif-jp-108-500-normal.woff                   15.76 kB
build/server/assets/yomogi-74-400-normal.woff                           15.76 kB
build/server/assets/m-plus-rounded-1c-100-300-normal.woff               15.76 kB
build/server/assets/noto-serif-jp-105-700-normal.woff                   15.77 kB
build/server/assets/noto-serif-jp-108-600-normal.woff                   15.77 kB
build/server/assets/m-plus-rounded-1c-90-400-normal.woff                15.78 kB
build/server/assets/m-plus-rounded-1c-27-500-normal.woff                15.78 kB
build/server/assets/m-plus-rounded-1c-93-800-normal.woff                15.78 kB
build/server/assets/noto-serif-jp-74-500-normal.woff                    15.78 kB
build/server/assets/m-plus-rounded-1c-99-300-normal.woff                15.78 kB
build/server/assets/noto-serif-jp-86-600-normal.woff                    15.78 kB
build/server/assets/m-plus-rounded-1c-32-900-normal.woff2               15.79 kB
build/server/assets/noto-serif-jp-83-200-normal.woff                    15.79 kB
build/server/assets/noto-serif-jp-88-500-normal.woff                    15.79 kB
build/server/assets/noto-serif-jp-96-900-normal.woff                    15.79 kB
build/server/assets/noto-serif-jp-88-600-normal.woff                    15.79 kB
build/server/assets/m-plus-rounded-1c-67-500-normal.woff                15.80 kB
build/server/assets/m-plus-rounded-1c-67-900-normal.woff                15.80 kB
build/server/assets/m-plus-rounded-1c-39-100-normal.woff                15.80 kB
build/server/assets/m-plus-rounded-1c-92-700-normal.woff                15.80 kB
build/server/assets/m-plus-rounded-1c-96-700-normal.woff                15.80 kB
build/server/assets/noto-serif-jp-76-400-normal.woff                    15.81 kB
build/server/assets/noto-serif-jp-89-500-normal.woff                    15.82 kB
build/server/assets/noto-serif-jp-74-600-normal.woff                    15.82 kB
build/server/assets/m-plus-rounded-1c-79-300-normal.woff                15.82 kB
build/server/assets/noto-serif-jp-80-200-normal.woff                    15.82 kB
build/server/assets/noto-serif-jp-94-400-normal.woff                    15.82 kB
build/server/assets/noto-serif-jp-86-700-normal.woff                    15.82 kB
build/server/assets/noto-serif-jp-96-800-normal.woff                    15.82 kB
build/server/assets/m-plus-rounded-1c-25-300-normal.woff                15.84 kB
build/server/assets/m-plus-rounded-1c-49-300-normal.woff                15.84 kB
build/server/assets/yomogi-107-400-normal.woff                          15.84 kB
build/server/assets/m-plus-rounded-1c-80-900-normal.woff                15.85 kB
build/server/assets/m-plus-rounded-1c-71-800-normal.woff                15.85 kB
build/server/assets/noto-serif-jp-76-500-normal.woff                    15.85 kB
build/server/assets/yomogi-89-400-normal.woff                           15.85 kB
build/server/assets/m-plus-rounded-1c-76-900-normal.woff                15.86 kB
build/server/assets/m-plus-rounded-1c-76-500-normal.woff                15.86 kB
build/server/assets/m-plus-rounded-1c-72-700-normal.woff2               15.86 kB
build/server/assets/m-plus-rounded-1c-68-800-normal.woff2               15.86 kB
build/server/assets/noto-serif-jp-98-300-normal.woff                    15.86 kB
build/server/assets/noto-serif-jp-94-600-normal.woff                    15.86 kB
build/server/assets/m-plus-rounded-1c-73-300-normal.woff                15.87 kB
build/server/assets/noto-serif-jp-104-800-normal.woff                   15.87 kB
build/server/assets/m-plus-rounded-1c-14-500-normal.woff2               15.87 kB
build/server/assets/noto-sans-jp-54-100-normal.woff2                    15.87 kB
build/server/assets/m-plus-rounded-1c-91-400-normal.woff                15.87 kB
build/server/assets/m-plus-rounded-1c-108-400-normal.woff               15.88 kB
build/server/assets/m-plus-rounded-1c-105-800-normal.woff               15.88 kB
build/server/assets/m-plus-rounded-1c-31-800-normal.woff2               15.89 kB
build/server/assets/noto-serif-jp-94-500-normal.woff                    15.89 kB
build/server/assets/m-plus-rounded-1c-89-800-normal.woff                15.90 kB
build/server/assets/m-plus-rounded-1c-84-700-normal.woff                15.90 kB
build/server/assets/m-plus-rounded-1c-82-400-normal.woff                15.90 kB
build/server/assets/m-plus-rounded-1c-39-300-normal.woff2               15.91 kB
build/server/assets/m-plus-rounded-1c-17-700-normal.woff2               15.91 kB
build/server/assets/yomogi-68-400-normal.woff2                          15.91 kB
build/server/assets/noto-serif-jp-89-600-normal.woff                    15.91 kB
build/server/assets/m-plus-rounded-1c-91-900-normal.woff                15.91 kB
build/server/assets/noto-serif-jp-76-600-normal.woff                    15.92 kB
build/server/assets/noto-serif-jp-86-800-normal.woff                    15.92 kB
build/server/assets/m-plus-rounded-1c-94-400-normal.woff                15.92 kB
build/server/assets/m-plus-rounded-1c-96-800-normal.woff                15.93 kB
build/server/assets/m-plus-rounded-1c-104-800-normal.woff               15.93 kB
build/server/assets/noto-serif-jp-86-900-normal.woff                    15.93 kB
build/server/assets/m-plus-rounded-1c-106-300-normal.woff               15.94 kB
build/server/assets/m-plus-rounded-1c-103-700-normal.woff               15.94 kB
build/server/assets/m-plus-rounded-1c-74-700-normal.woff                15.94 kB
build/server/assets/yomogi-96-400-normal.woff                           15.94 kB
build/server/assets/yomogi-109-400-normal.woff                          15.94 kB
build/server/assets/noto-serif-jp-98-400-normal.woff                    15.94 kB
build/server/assets/m-plus-rounded-1c-41-300-normal.woff2               15.95 kB
build/server/assets/yomogi-84-400-normal.woff                           15.95 kB
build/server/assets/yomogi-97-400-normal.woff                           15.95 kB
build/server/assets/yomogi-102-400-normal.woff                          15.95 kB
build/server/assets/noto-serif-jp-64-300-normal.woff2                   15.96 kB
build/server/assets/noto-serif-jp-90-300-normal.woff                    15.96 kB
build/server/assets/noto-serif-jp-108-700-normal.woff                   15.96 kB
build/server/assets/m-plus-rounded-1c-91-500-normal.woff                15.96 kB
build/server/assets/noto-serif-jp-108-900-normal.woff                   15.96 kB
build/server/assets/m-plus-rounded-1c-43-500-normal.woff                15.96 kB
build/server/assets/m-plus-rounded-1c-42-800-normal.woff                15.96 kB
build/server/assets/noto-serif-jp-89-900-normal.woff                    15.96 kB
build/server/assets/m-plus-rounded-1c-37-700-normal.woff2               15.97 kB
build/server/assets/m-plus-rounded-1c-81-800-normal.woff                15.97 kB
build/server/assets/m-plus-rounded-1c-81-700-normal.woff                15.98 kB
build/server/assets/noto-serif-jp-74-900-normal.woff                    15.98 kB
build/server/assets/m-plus-rounded-1c-61-800-normal.woff2               15.99 kB
build/server/assets/m-plus-rounded-1c-118-100-normal.woff               16.00 kB
build/server/assets/m-plus-rounded-1c-12-700-normal.woff                16.00 kB
build/server/assets/m-plus-rounded-1c-72-800-normal.woff2               16.00 kB
build/server/assets/yomogi-81-400-normal.woff                           16.00 kB
build/server/assets/noto-serif-jp-87-200-normal.woff                    16.00 kB
build/server/assets/noto-serif-jp-74-700-normal.woff                    16.00 kB
build/server/assets/noto-serif-jp-64-400-normal.woff2                   16.01 kB
build/server/assets/m-plus-rounded-1c-36-300-normal.woff                16.01 kB
build/server/assets/m-plus-rounded-1c-98-900-normal.woff                16.01 kB
build/server/assets/m-plus-rounded-1c-48-700-normal.woff                16.02 kB
build/server/assets/m-plus-rounded-1c-65-700-normal.woff2               16.02 kB
build/server/assets/m-plus-rounded-1c-17-800-normal.woff2               16.02 kB
build/server/assets/noto-serif-jp-108-800-normal.woff                   16.02 kB
build/server/assets/noto-serif-jp-63-300-normal.woff                    16.02 kB
build/server/assets/noto-serif-jp-98-500-normal.woff                    16.02 kB
build/server/assets/noto-serif-jp-89-700-normal.woff                    16.03 kB
build/server/assets/noto-serif-jp-88-900-normal.woff                    16.03 kB
build/server/assets/noto-serif-jp-94-700-normal.woff                    16.04 kB
build/server/assets/noto-serif-jp-90-400-normal.woff                    16.04 kB
build/server/assets/noto-serif-jp-58-200-normal.woff2                   16.05 kB
build/server/assets/noto-serif-jp-83-300-normal.woff                    16.05 kB
build/server/assets/m-plus-rounded-1c-42-700-normal.woff                16.06 kB
build/server/assets/yomogi-61-400-normal.woff2                          16.06 kB
build/server/assets/m-plus-rounded-1c-90-500-normal.woff                16.06 kB
build/server/assets/m-plus-rounded-1c-92-800-normal.woff                16.06 kB
build/server/assets/noto-serif-jp-98-600-normal.woff                    16.06 kB
build/server/assets/m-plus-rounded-1c-77-300-normal.woff                16.06 kB
build/server/assets/noto-serif-jp-88-700-normal.woff                    16.06 kB
build/server/assets/noto-serif-jp-74-800-normal.woff                    16.06 kB
build/server/assets/m-plus-rounded-1c-60-700-normal.woff2               16.07 kB
build/server/assets/m-plus-rounded-1c-24-900-normal.woff2               16.07 kB
build/server/assets/m-plus-rounded-1c-8-700-normal.woff                 16.07 kB
build/server/assets/m-plus-rounded-1c-48-800-normal.woff                16.07 kB
build/server/assets/noto-serif-jp-76-700-normal.woff                    16.07 kB
build/server/assets/noto-sans-jp-60-100-normal.woff                     16.08 kB
build/server/assets/m-plus-rounded-1c-74-800-normal.woff                16.08 kB
build/server/assets/yomogi-88-400-normal.woff                           16.08 kB
build/server/assets/noto-serif-jp-94-900-normal.woff                    16.08 kB
build/server/assets/m-plus-rounded-1c-24-400-normal.woff2               16.08 kB
build/server/assets/m-plus-rounded-1c-98-700-normal.woff                16.08 kB
build/server/assets/m-plus-rounded-1c-23-300-normal.woff2               16.09 kB
build/server/assets/noto-serif-jp-76-800-normal.woff                    16.09 kB
build/server/assets/m-plus-rounded-1c-64-500-normal.woff2               16.09 kB
build/server/assets/noto-serif-jp-98-900-normal.woff                    16.09 kB
build/server/assets/m-plus-rounded-1c-83-400-normal.woff                16.10 kB
build/server/assets/noto-serif-jp-88-800-normal.woff                    16.10 kB
build/server/assets/m-plus-rounded-1c-82-500-normal.woff                16.10 kB
build/server/assets/noto-serif-jp-83-400-normal.woff                    16.10 kB
build/server/assets/noto-serif-jp-90-500-normal.woff                    16.10 kB
build/server/assets/noto-serif-jp-76-900-normal.woff                    16.11 kB
build/server/assets/m-plus-rounded-1c-84-800-normal.woff                16.12 kB
build/server/assets/yomogi-60-400-normal.woff2                          16.12 kB
build/server/assets/m-plus-rounded-1c-49-400-normal.woff                16.13 kB
build/server/assets/noto-serif-jp-63-400-normal.woff                    16.13 kB
build/server/assets/m-plus-rounded-1c-21-400-normal.woff2               16.14 kB
build/server/assets/m-plus-rounded-1c-14-900-normal.woff2               16.14 kB
build/server/assets/m-plus-rounded-1c-24-500-normal.woff2               16.14 kB
build/server/assets/m-plus-rounded-1c-38-700-normal.woff2               16.14 kB
build/server/assets/m-plus-rounded-1c-37-800-normal.woff2               16.14 kB
build/server/assets/noto-serif-jp-80-300-normal.woff                    16.14 kB
build/server/assets/m-plus-rounded-1c-87-400-normal.woff                16.14 kB
build/server/assets/noto-serif-jp-98-700-normal.woff                    16.14 kB
build/server/assets/noto-serif-jp-94-800-normal.woff                    16.14 kB
build/server/assets/m-plus-rounded-1c-108-500-normal.woff               16.15 kB
build/server/assets/m-plus-rounded-1c-94-500-normal.woff                16.15 kB
build/server/assets/m-plus-rounded-1c-103-800-normal.woff               16.16 kB
build/server/assets/noto-serif-jp-89-800-normal.woff                    16.16 kB
build/server/assets/m-plus-rounded-1c-76-700-normal.woff                16.16 kB
build/server/assets/noto-sans-jp-60-900-normal.woff                     16.16 kB
build/server/assets/noto-serif-jp-67-200-normal.woff                    16.16 kB
build/server/assets/noto-serif-jp-90-600-normal.woff                    16.16 kB
build/server/assets/m-plus-rounded-1c-30-400-normal.woff2               16.17 kB
build/server/assets/noto-serif-jp-64-500-normal.woff2                   16.17 kB
build/server/assets/noto-serif-jp-63-500-normal.woff                    16.18 kB
build/server/assets/m-plus-rounded-1c-75-700-normal.woff                16.18 kB
build/server/assets/noto-serif-jp-80-400-normal.woff                    16.18 kB
build/server/assets/yomogi-92-400-normal.woff                           16.19 kB
build/server/assets/m-plus-rounded-1c-67-700-normal.woff                16.19 kB
build/server/assets/yomogi-106-400-normal.woff2                         16.19 kB
build/server/assets/noto-serif-jp-83-500-normal.woff                    16.20 kB
build/server/assets/noto-sans-jp-60-200-normal.woff                     16.20 kB
build/server/assets/noto-serif-jp-98-800-normal.woff                    16.20 kB
build/server/assets/noto-serif-jp-63-900-normal.woff                    16.20 kB
build/server/assets/m-plus-rounded-1c-27-700-normal.woff                16.21 kB
build/server/assets/m-plus-rounded-1c-44-900-normal.woff                16.21 kB
build/server/assets/noto-sans-jp-60-700-normal.woff                     16.21 kB
build/server/assets/m-plus-rounded-1c-78-300-normal.woff                16.21 kB
build/server/assets/noto-sans-jp-2-100-normal.woff2                     16.22 kB
build/server/assets/m-plus-rounded-1c-7-500-normal.woff                 16.22 kB
build/server/assets/m-plus-rounded-1c-22-700-normal.woff2               16.22 kB
build/server/assets/noto-sans-jp-60-800-normal.woff                     16.22 kB
build/server/assets/m-plus-rounded-1c-100-400-normal.woff               16.23 kB
build/server/assets/m-plus-rounded-1c-80-700-normal.woff                16.23 kB
build/server/assets/yomogi-98-400-normal.woff                           16.24 kB
build/server/assets/m-plus-rounded-1c-87-500-normal.woff                16.24 kB
build/server/assets/noto-serif-jp-85-300-normal.woff                    16.24 kB
build/server/assets/noto-serif-jp-91-300-normal.woff                    16.24 kB
build/server/assets/m-plus-rounded-1c-46-400-normal.woff                16.25 kB
build/server/assets/noto-serif-jp-63-600-normal.woff                    16.25 kB
build/server/assets/m-plus-rounded-1c-18-300-normal.woff                16.25 kB
build/server/assets/noto-sans-jp-60-300-normal.woff                     16.26 kB
build/server/assets/m-plus-rounded-1c-27-800-normal.woff                16.26 kB
build/server/assets/noto-serif-jp-80-500-normal.woff                    16.26 kB
build/server/assets/noto-sans-jp-60-600-normal.woff                     16.27 kB
build/server/assets/noto-serif-jp-92-200-normal.woff                    16.27 kB
build/server/assets/noto-serif-jp-63-700-normal.woff                    16.27 kB
build/server/assets/noto-serif-jp-64-600-normal.woff2                   16.27 kB
build/server/assets/m-plus-rounded-1c-75-800-normal.woff                16.27 kB
build/server/assets/m-plus-rounded-1c-40-700-normal.woff2               16.28 kB
build/server/assets/m-plus-rounded-1c-49-500-normal.woff                16.28 kB
build/server/assets/m-plus-rounded-1c-108-900-normal.woff               16.28 kB
build/server/assets/m-plus-rounded-1c-83-500-normal.woff                16.28 kB
build/server/assets/noto-sans-jp-60-400-normal.woff                     16.28 kB
build/server/assets/noto-serif-jp-64-900-normal.woff2                   16.29 kB
build/server/assets/noto-sans-jp-60-500-normal.woff                     16.29 kB
build/server/assets/m-plus-rounded-1c-67-800-normal.woff                16.29 kB
build/server/assets/m-plus-rounded-1c-41-100-normal.woff                16.29 kB
build/server/assets/m-plus-rounded-1c-44-400-normal.woff                16.30 kB
build/server/assets/m-plus-rounded-1c-26-400-normal.woff2               16.30 kB
build/server/assets/m-plus-rounded-1c-15-900-normal.woff2               16.30 kB
build/server/assets/m-plus-rounded-1c-70-400-normal.woff                16.30 kB
build/server/assets/noto-serif-jp-58-900-normal.woff2                   16.30 kB
build/server/assets/noto-serif-jp-82-200-normal.woff                    16.31 kB
build/server/assets/m-plus-rounded-1c-65-800-normal.woff2               16.32 kB
build/server/assets/m-plus-rounded-1c-43-400-normal.woff                16.32 kB
build/server/assets/m-plus-rounded-1c-12-800-normal.woff                16.33 kB
build/server/assets/m-plus-rounded-1c-98-800-normal.woff                16.34 kB
build/server/assets/m-plus-rounded-1c-7-400-normal.woff                 16.34 kB
build/server/assets/m-plus-rounded-1c-62-400-normal.woff                16.34 kB
build/server/assets/noto-serif-jp-85-400-normal.woff                    16.34 kB
build/server/assets/noto-serif-jp-63-800-normal.woff                    16.34 kB
build/server/assets/m-plus-rounded-1c-60-800-normal.woff2               16.35 kB
build/server/assets/m-plus-rounded-1c-80-800-normal.woff                16.35 kB
build/server/assets/noto-serif-jp-84-200-normal.woff                    16.35 kB
build/server/assets/noto-serif-jp-87-300-normal.woff                    16.35 kB
build/server/assets/noto-serif-jp-87-400-normal.woff                    16.36 kB
build/server/assets/yomogi-116-400-normal.woff                          16.36 kB
build/server/assets/m-plus-rounded-1c-91-700-normal.woff                16.36 kB
build/server/assets/m-plus-rounded-1c-94-900-normal.woff                16.36 kB
build/server/assets/m-plus-rounded-1c-100-500-normal.woff               16.36 kB
build/server/assets/noto-serif-jp-75-200-normal.woff                    16.36 kB
build/server/assets/yomogi-91-400-normal.woff                           16.37 kB
build/server/assets/yomogi-113-400-normal.woff                          16.37 kB
build/server/assets/noto-serif-jp-91-400-normal.woff                    16.37 kB
build/server/assets/noto-serif-jp-59-200-normal.woff                    16.37 kB
build/server/assets/m-plus-rounded-1c-79-400-normal.woff                16.38 kB
build/server/assets/noto-serif-jp-66-200-normal.woff                    16.38 kB
build/server/assets/noto-serif-jp-90-700-normal.woff                    16.38 kB
build/server/assets/m-plus-rounded-1c-34-900-normal.woff2               16.38 kB
build/server/assets/noto-serif-jp-80-600-normal.woff                    16.38 kB
build/server/assets/noto-serif-jp-64-700-normal.woff2                   16.39 kB
build/server/assets/noto-serif-jp-90-900-normal.woff                    16.39 kB
build/server/assets/noto-sans-jp-54-200-normal.woff2                    16.39 kB
build/server/assets/yomogi-115-400-normal.woff                          16.40 kB
build/server/assets/m-plus-rounded-1c-38-800-normal.woff2               16.40 kB
build/server/assets/noto-serif-jp-118-200-normal.woff                   16.40 kB
build/server/assets/m-plus-rounded-1c-10-400-normal.woff2               16.40 kB
build/server/assets/noto-serif-jp-85-500-normal.woff                    16.40 kB
build/server/assets/noto-serif-jp-83-600-normal.woff                    16.40 kB
build/server/assets/m-plus-rounded-1c-15-400-normal.woff2               16.41 kB
build/server/assets/m-plus-rounded-1c-33-700-normal.woff                16.41 kB
build/server/assets/yomogi-67-400-normal.woff                           16.41 kB
build/server/assets/yomogi-94-400-normal.woff                           16.42 kB
build/server/assets/m-plus-rounded-1c-69-400-normal.woff                16.42 kB
build/server/assets/noto-serif-jp-90-800-normal.woff                    16.42 kB
build/server/assets/m-plus-rounded-1c-26-900-normal.woff2               16.44 kB
build/server/assets/m-plus-rounded-1c-100-900-normal.woff               16.44 kB
build/server/assets/m-plus-rounded-1c-40-800-normal.woff2               16.44 kB
build/server/assets/m-plus-rounded-1c-44-500-normal.woff                16.44 kB
build/server/assets/m-plus-rounded-1c-76-800-normal.woff                16.44 kB
build/server/assets/noto-serif-jp-80-900-normal.woff                    16.44 kB
build/server/assets/m-plus-rounded-1c-99-400-normal.woff                16.45 kB
build/server/assets/noto-serif-jp-67-300-normal.woff                    16.45 kB
build/server/assets/noto-serif-jp-83-900-normal.woff                    16.46 kB
build/server/assets/noto-sans-jp-2-900-normal.woff2                     16.46 kB
build/server/assets/noto-serif-jp-83-700-normal.woff                    16.47 kB
build/server/assets/noto-serif-jp-58-300-normal.woff2                   16.47 kB
build/server/assets/noto-serif-jp-64-800-normal.woff2                   16.47 kB
build/server/assets/m-plus-rounded-1c-31-300-normal.woff                16.48 kB
build/server/assets/yomogi-90-400-normal.woff                           16.48 kB
build/server/assets/m-plus-rounded-1c-17-300-normal.woff                16.48 kB
build/server/assets/noto-serif-jp-99-200-normal.woff                    16.48 kB
build/server/assets/m-plus-rounded-1c-49-900-normal.woff                16.49 kB
build/server/assets/m-plus-rounded-1c-83-900-normal.woff                16.49 kB
build/server/assets/noto-serif-jp-58-600-normal.woff2                   16.50 kB
build/server/assets/m-plus-rounded-1c-69-500-normal.woff                16.50 kB
build/server/assets/m-plus-rounded-1c-91-800-normal.woff                16.50 kB
build/server/assets/m-plus-rounded-1c-64-900-normal.woff2               16.51 kB
build/server/assets/m-plus-rounded-1c-82-900-normal.woff                16.52 kB
build/server/assets/noto-serif-jp-67-400-normal.woff                    16.52 kB
build/server/assets/noto-serif-jp-91-500-normal.woff                    16.52 kB
build/server/assets/noto-serif-jp-80-700-normal.woff                    16.52 kB
build/server/assets/yomogi-69-400-normal.woff                           16.52 kB
build/server/assets/noto-sans-jp-58-100-normal.woff                     16.53 kB
build/server/assets/noto-serif-jp-80-800-normal.woff                    16.53 kB
build/server/assets/noto-serif-jp-83-800-normal.woff                    16.53 kB
build/server/assets/yomogi-104-400-normal.woff                          16.54 kB
build/server/assets/m-plus-rounded-1c-77-400-normal.woff                16.54 kB
build/server/assets/noto-serif-jp-91-600-normal.woff                    16.54 kB
build/server/assets/noto-serif-jp-85-600-normal.woff                    16.55 kB
build/server/assets/yomogi-62-400-normal.woff                           16.55 kB
build/server/assets/m-plus-rounded-1c-8-800-normal.woff                 16.56 kB
build/server/assets/m-plus-rounded-1c-30-500-normal.woff2               16.56 kB
build/server/assets/noto-serif-jp-91-900-normal.woff                    16.56 kB
build/server/assets/noto-serif-jp-87-500-normal.woff                    16.56 kB
build/server/assets/m-plus-rounded-1c-26-500-normal.woff2               16.57 kB
build/server/assets/noto-sans-jp-54-300-normal.woff2                    16.57 kB
build/server/assets/noto-serif-jp-87-600-normal.woff                    16.57 kB
build/server/assets/m-plus-rounded-1c-22-800-normal.woff2               16.57 kB
build/server/assets/m-plus-rounded-1c-46-500-normal.woff                16.57 kB
build/server/assets/noto-serif-jp-58-500-normal.woff2                   16.58 kB
build/server/assets/noto-serif-jp-58-400-normal.woff2                   16.58 kB
build/server/assets/m-plus-rounded-1c-7-900-normal.woff                 16.58 kB
build/server/assets/noto-serif-jp-59-900-normal.woff                    16.58 kB
build/server/assets/m-plus-rounded-1c-62-500-normal.woff                16.58 kB
build/server/assets/m-plus-rounded-1c-90-900-normal.woff                16.58 kB
build/server/assets/m-plus-rounded-1c-36-400-normal.woff                16.59 kB
build/server/assets/m-plus-rounded-1c-108-700-normal.woff               16.59 kB
build/server/assets/noto-serif-jp-67-500-normal.woff                    16.59 kB
build/server/assets/m-plus-rounded-1c-33-800-normal.woff                16.59 kB
build/server/assets/m-plus-rounded-1c-16-400-normal.woff                16.60 kB
build/server/assets/m-plus-rounded-1c-106-400-normal.woff               16.60 kB
build/server/assets/m-plus-rounded-1c-99-500-normal.woff                16.61 kB
build/server/assets/m-plus-rounded-1c-87-900-normal.woff                16.61 kB
build/server/assets/noto-serif-jp-75-300-normal.woff                    16.61 kB
build/server/assets/noto-serif-jp-85-900-normal.woff                    16.61 kB
build/server/assets/m-plus-rounded-1c-15-500-normal.woff2               16.62 kB
build/server/assets/m-plus-rounded-1c-90-700-normal.woff                16.62 kB
build/server/assets/m-plus-rounded-1c-106-900-normal.woff               16.62 kB
build/server/assets/noto-serif-jp-82-300-normal.woff                    16.63 kB
build/server/assets/m-plus-rounded-1c-11-900-normal.woff                16.63 kB
build/server/assets/m-plus-rounded-1c-69-900-normal.woff                16.63 kB
build/server/assets/noto-serif-jp-67-600-normal.woff                    16.64 kB
build/server/assets/noto-serif-jp-82-400-normal.woff                    16.67 kB
build/server/assets/m-plus-rounded-1c-79-500-normal.woff                16.67 kB
build/server/assets/noto-serif-jp-87-700-normal.woff                    16.67 kB
build/server/assets/m-plus-rounded-1c-34-400-normal.woff2               16.68 kB
build/server/assets/m-plus-rounded-1c-16-500-normal.woff                16.68 kB
build/server/assets/m-plus-rounded-1c-36-500-normal.woff                16.68 kB
build/server/assets/m-plus-rounded-1c-16-900-normal.woff                16.68 kB
build/server/assets/noto-serif-jp-118-900-normal.woff                   16.69 kB
build/server/assets/m-plus-rounded-1c-94-700-normal.woff                16.70 kB
build/server/assets/noto-serif-jp-77-200-normal.woff                    16.70 kB
build/server/assets/m-plus-rounded-1c-90-800-normal.woff                16.71 kB
build/server/assets/noto-serif-jp-58-700-normal.woff2                   16.71 kB
build/server/assets/m-plus-rounded-1c-70-500-normal.woff                16.71 kB
build/server/assets/m-plus-rounded-1c-61-300-normal.woff                16.72 kB
build/server/assets/noto-serif-jp-106-200-normal.woff                   16.72 kB
build/server/assets/noto-serif-jp-66-300-normal.woff                    16.72 kB
build/server/assets/noto-serif-jp-85-700-normal.woff                    16.72 kB
build/server/assets/noto-serif-jp-91-700-normal.woff                    16.72 kB
build/server/assets/m-plus-rounded-1c-21-900-normal.woff2               16.72 kB
build/server/assets/m-plus-rounded-1c-64-700-normal.woff2               16.73 kB
build/server/assets/m-plus-rounded-1c-62-900-normal.woff                16.73 kB
build/server/assets/yomogi-66-400-normal.woff                           16.73 kB
build/server/assets/noto-serif-jp-92-300-normal.woff                    16.73 kB
build/server/assets/noto-serif-jp-118-300-normal.woff                   16.73 kB
build/server/assets/noto-serif-jp-75-400-normal.woff                    16.74 kB
build/server/assets/noto-serif-jp-59-400-normal.woff                    16.74 kB
build/server/assets/m-plus-rounded-1c-36-900-normal.woff                16.74 kB
build/server/assets/noto-sans-jp-54-900-normal.woff2                    16.75 kB
build/server/assets/m-plus-rounded-1c-43-900-normal.woff                16.75 kB
build/server/assets/noto-sans-jp-2-200-normal.woff2                     16.75 kB
build/server/assets/m-plus-rounded-1c-46-900-normal.woff                16.75 kB
build/server/assets/noto-serif-jp-84-300-normal.woff                    16.75 kB
build/server/assets/noto-serif-jp-91-800-normal.woff                    16.76 kB
build/server/assets/yomogi-83-400-normal.woff                           16.76 kB
build/server/assets/noto-sans-jp-2-300-normal.woff2                     16.76 kB
build/server/assets/m-plus-rounded-1c-14-700-normal.woff2               16.77 kB
build/server/assets/noto-sans-jp-54-400-normal.woff2                    16.77 kB
build/server/assets/m-plus-rounded-1c-73-400-normal.woff                16.77 kB
build/server/assets/m-plus-rounded-1c-77-500-normal.woff                16.77 kB
build/server/assets/m-plus-rounded-1c-11-700-normal.woff                16.77 kB
build/server/assets/noto-serif-jp-59-500-normal.woff                    16.77 kB
build/server/assets/yomogi-87-400-normal.woff                           16.77 kB
build/server/assets/m-plus-rounded-1c-82-700-normal.woff                16.78 kB
build/server/assets/noto-serif-jp-75-900-normal.woff                    16.78 kB
build/server/assets/m-plus-rounded-1c-78-400-normal.woff                16.78 kB
build/server/assets/m-plus-rounded-1c-83-700-normal.woff                16.78 kB
build/server/assets/noto-serif-jp-82-500-normal.woff                    16.79 kB
build/server/assets/noto-serif-jp-66-400-normal.woff                    16.80 kB
build/server/assets/m-plus-rounded-1c-25-400-normal.woff                16.80 kB
build/server/assets/m-plus-rounded-1c-7-700-normal.woff                 16.81 kB
build/server/assets/noto-serif-jp-59-300-normal.woff                    16.81 kB
build/server/assets/noto-serif-jp-99-300-normal.woff                    16.81 kB
build/server/assets/noto-serif-jp-75-500-normal.woff                    16.81 kB
build/server/assets/yomogi-103-400-normal.woff                          16.81 kB
build/server/assets/yomogi-110-400-normal.woff                          16.81 kB
build/server/assets/noto-serif-jp-79-200-normal.woff                    16.82 kB
build/server/assets/yomogi-112-400-normal.woff                          16.82 kB
build/server/assets/noto-sans-jp-58-900-normal.woff                     16.82 kB
build/server/assets/noto-serif-jp-59-600-normal.woff                    16.82 kB
build/server/assets/noto-serif-jp-67-700-normal.woff                    16.83 kB
build/server/assets/m-plus-rounded-1c-106-500-normal.woff               16.83 kB
build/server/assets/noto-serif-jp-67-900-normal.woff                    16.84 kB
build/server/assets/m-plus-rounded-1c-21-500-normal.woff2               16.84 kB
build/server/assets/m-plus-rounded-1c-25-500-normal.woff                16.84 kB
build/server/assets/m-plus-rounded-1c-87-700-normal.woff                16.84 kB
build/server/assets/m-plus-rounded-1c-34-500-normal.woff2               16.84 kB
build/server/assets/noto-serif-jp-58-800-normal.woff2                   16.84 kB
build/server/assets/m-plus-rounded-1c-39-900-normal.woff2               16.85 kB
build/server/assets/noto-sans-jp-54-500-normal.woff2                    16.85 kB
build/server/assets/m-plus-rounded-1c-94-800-normal.woff                16.85 kB
build/server/assets/noto-serif-jp-118-500-normal.woff                   16.85 kB
build/server/assets/noto-serif-jp-82-600-normal.woff                    16.85 kB
build/server/assets/noto-serif-jp-85-800-normal.woff                    16.85 kB
build/server/assets/m-plus-rounded-1c-99-900-normal.woff                16.86 kB
build/server/assets/noto-serif-jp-87-800-normal.woff                    16.86 kB
build/server/assets/yomogi-82-400-normal.woff                           16.87 kB
build/server/assets/m-plus-rounded-1c-83-800-normal.woff                16.87 kB
build/server/assets/m-plus-rounded-1c-108-800-normal.woff               16.87 kB
build/server/assets/noto-serif-jp-92-400-normal.woff                    16.87 kB
build/server/assets/noto-serif-jp-118-400-normal.woff                   16.87 kB
build/server/assets/noto-sans-jp-54-600-normal.woff2                    16.88 kB
build/server/assets/noto-serif-jp-118-700-normal.woff                   16.88 kB
build/server/assets/yomogi-64-400-normal.woff2                          16.88 kB
build/server/assets/noto-serif-jp-75-700-normal.woff                    16.88 kB
build/server/assets/m-plus-rounded-1c-68-300-normal.woff                16.89 kB
build/server/assets/m-plus-rounded-1c-25-900-normal.woff                16.89 kB
build/server/assets/noto-serif-jp-87-900-normal.woff                    16.89 kB
build/server/assets/noto-serif-jp-73-200-normal.woff                    16.89 kB
build/server/assets/noto-serif-jp-59-700-normal.woff                    16.89 kB
build/server/assets/noto-serif-jp-75-600-normal.woff                    16.89 kB
build/server/assets/noto-serif-jp-59-800-normal.woff                    16.89 kB
build/server/assets/m-plus-rounded-1c-10-500-normal.woff2               16.90 kB
build/server/assets/m-plus-rounded-1c-100-700-normal.woff               16.90 kB
build/server/assets/noto-serif-jp-84-400-normal.woff                    16.90 kB
build/server/assets/m-plus-rounded-1c-77-900-normal.woff                16.90 kB
build/server/assets/noto-serif-jp-66-500-normal.woff                    16.90 kB
build/server/assets/m-plus-rounded-1c-39-400-normal.woff2               16.90 kB
build/server/assets/m-plus-rounded-1c-41-400-normal.woff2               16.91 kB
build/server/assets/yomogi-79-400-normal.woff                           16.91 kB
build/server/assets/m-plus-rounded-1c-14-800-normal.woff2               16.91 kB
build/server/assets/m-plus-rounded-1c-49-700-normal.woff                16.91 kB
build/server/assets/noto-serif-jp-60-200-normal.woff2                   16.92 kB
build/server/assets/noto-serif-jp-118-600-normal.woff                   16.92 kB
build/server/assets/noto-serif-jp-92-500-normal.woff                    16.93 kB
build/server/assets/noto-serif-jp-67-800-normal.woff                    16.93 kB
build/server/assets/m-plus-rounded-1c-72-300-normal.woff                16.94 kB
build/server/assets/m-plus-rounded-1c-70-900-normal.woff                16.94 kB
build/server/assets/yomogi-70-400-normal.woff                           16.94 kB
build/server/assets/noto-sans-jp-54-700-normal.woff2                    16.95 kB
build/server/assets/noto-serif-jp-77-300-normal.woff                    16.96 kB
build/server/assets/m-plus-rounded-1c-82-800-normal.woff                16.96 kB
build/server/assets/noto-serif-jp-99-400-normal.woff                    16.96 kB
build/server/assets/m-plus-rounded-1c-73-500-normal.woff                16.96 kB
build/server/assets/noto-sans-jp-2-800-normal.woff2                     16.97 kB
build/server/assets/noto-serif-jp-78-200-normal.woff                    16.98 kB
build/server/assets/m-plus-rounded-1c-62-700-normal.woff                16.98 kB
build/server/assets/noto-sans-jp-latin-100-normal.woff                  16.98 kB
build/server/assets/m-plus-rounded-1c-7-800-normal.woff                 16.98 kB
build/server/assets/m-plus-rounded-1c-87-800-normal.woff                16.98 kB
build/server/assets/m-plus-rounded-1c-39-500-normal.woff2               16.99 kB
build/server/assets/m-plus-rounded-1c-79-900-normal.woff                16.99 kB
build/server/assets/noto-serif-jp-75-800-normal.woff                    16.99 kB
build/server/assets/yomogi-99-400-normal.woff                           16.99 kB
build/server/assets/noto-sans-jp-2-400-normal.woff2                     16.99 kB
build/server/assets/m-plus-rounded-1c-30-900-normal.woff2               17.00 kB
build/server/assets/m-plus-rounded-1c-18-900-normal.woff                17.00 kB
build/server/assets/noto-serif-jp-84-500-normal.woff                    17.00 kB
build/server/assets/m-plus-rounded-1c-69-700-normal.woff                17.00 kB
build/server/assets/noto-serif-jp-66-600-normal.woff                    17.00 kB
build/server/assets/noto-serif-jp-118-800-normal.woff                   17.00 kB
build/server/assets/m-plus-rounded-1c-64-800-normal.woff2               17.01 kB
build/server/assets/m-plus-rounded-1c-46-700-normal.woff                17.01 kB
build/server/assets/m-plus-rounded-1c-10-900-normal.woff2               17.01 kB
build/server/assets/m-plus-rounded-1c-44-700-normal.woff                17.01 kB
build/server/assets/noto-serif-jp-77-400-normal.woff                    17.01 kB
build/server/assets/yomogi-75-400-normal.woff                           17.01 kB
build/server/assets/noto-serif-jp-82-900-normal.woff                    17.02 kB
build/server/assets/yomogi-111-400-normal.woff                          17.02 kB
build/server/assets/m-plus-rounded-1c-32-700-normal.woff2               17.03 kB
build/server/assets/noto-serif-jp-69-200-normal.woff                    17.03 kB
build/server/assets/m-plus-rounded-1c-41-900-normal.woff2               17.04 kB
build/server/assets/m-plus-rounded-1c-18-500-normal.woff                17.04 kB
build/server/assets/noto-serif-jp-82-700-normal.woff                    17.04 kB
build/server/assets/m-plus-rounded-1c-11-800-normal.woff                17.04 kB
build/server/assets/noto-sans-jp-2-500-normal.woff2                     17.05 kB
build/server/assets/noto-sans-jp-2-700-normal.woff2                     17.05 kB
build/server/assets/noto-sans-jp-54-800-normal.woff2                    17.06 kB
build/server/assets/m-plus-rounded-1c-60-300-normal.woff                17.06 kB
build/server/assets/m-plus-rounded-1c-15-700-normal.woff2               17.06 kB
build/server/assets/noto-serif-jp-106-300-normal.woff                   17.06 kB
build/server/assets/m-plus-rounded-1c-26-700-normal.woff2               17.07 kB
build/server/assets/yomogi-71-400-normal.woff                           17.07 kB
build/server/assets/noto-serif-jp-84-900-normal.woff                    17.08 kB
build/server/assets/m-plus-rounded-1c-62-800-normal.woff                17.08 kB
build/server/assets/noto-serif-jp-99-500-normal.woff                    17.08 kB
build/server/assets/m-plus-rounded-1c-44-800-normal.woff                17.09 kB
build/server/assets/m-plus-rounded-1c-100-800-normal.woff               17.09 kB
build/server/assets/m-plus-rounded-1c-16-700-normal.woff                17.09 kB
build/server/assets/noto-sans-jp-2-600-normal.woff2                     17.10 kB
build/server/assets/m-plus-rounded-1c-31-500-normal.woff                17.10 kB
build/server/assets/m-plus-rounded-1c-78-500-normal.woff                17.10 kB
build/server/assets/noto-serif-jp-84-600-normal.woff                    17.10 kB
build/server/assets/noto-serif-jp-92-600-normal.woff                    17.10 kB
build/server/assets/noto-serif-jp-82-800-normal.woff                    17.10 kB
build/server/assets/yomogi-77-400-normal.woff                           17.10 kB
build/server/assets/m-plus-rounded-1c-18-400-normal.woff                17.11 kB
build/server/assets/m-plus-rounded-1c-118-900-normal.woff               17.11 kB
build/server/assets/noto-serif-jp-84-700-normal.woff                    17.12 kB
build/server/assets/m-plus-rounded-1c-70-700-normal.woff                17.12 kB
build/server/assets/m-plus-rounded-1c-49-800-normal.woff                17.13 kB
build/server/assets/m-plus-rounded-1c-37-300-normal.woff                17.14 kB
build/server/assets/m-plus-rounded-1c-79-700-normal.woff                17.14 kB
build/server/assets/m-plus-rounded-1c-118-300-normal.woff               17.15 kB
build/server/assets/m-plus-rounded-1c-73-900-normal.woff                17.15 kB
build/server/assets/noto-serif-jp-66-700-normal.woff                    17.15 kB
build/server/assets/noto-serif-jp-99-600-normal.woff                    17.15 kB
build/server/assets/noto-serif-jp-66-800-normal.woff                    17.15 kB
build/server/assets/noto-serif-jp-66-900-normal.woff                    17.15 kB
build/server/assets/m-plus-rounded-1c-24-700-normal.woff2               17.16 kB
build/server/assets/m-plus-rounded-1c-99-700-normal.woff                17.17 kB
build/server/assets/m-plus-rounded-1c-46-800-normal.woff                17.17 kB
build/server/assets/noto-serif-jp-92-700-normal.woff                    17.17 kB
build/server/assets/noto-serif-jp-77-500-normal.woff                    17.18 kB
build/server/assets/m-plus-rounded-1c-35-100-normal.woff                17.19 kB
build/server/assets/m-plus-rounded-1c-41-500-normal.woff2               17.20 kB
build/server/assets/noto-serif-jp-77-600-normal.woff                    17.20 kB
build/server/assets/m-plus-rounded-1c-70-800-normal.woff                17.20 kB
build/server/assets/m-plus-rounded-1c-24-800-normal.woff2               17.21 kB
build/server/assets/m-plus-rounded-1c-31-400-normal.woff                17.21 kB
build/server/assets/m-plus-rounded-1c-69-800-normal.woff                17.21 kB
build/server/assets/m-plus-rounded-1c-65-300-normal.woff                17.22 kB
build/server/assets/noto-serif-jp-79-300-normal.woff                    17.22 kB
build/server/assets/noto-serif-jp-84-800-normal.woff                    17.23 kB
build/server/assets/noto-serif-jp-106-400-normal.woff                   17.23 kB
build/server/assets/noto-serif-jp-100-200-normal.woff                   17.24 kB
build/server/assets/noto-serif-jp-92-900-normal.woff                    17.24 kB
build/server/assets/yomogi-100-400-normal.woff                          17.24 kB
build/server/assets/m-plus-rounded-1c-77-700-normal.woff                17.25 kB
build/server/assets/m-plus-rounded-1c-16-800-normal.woff                17.25 kB
build/server/assets/m-plus-rounded-1c-38-300-normal.woff                17.26 kB
build/server/assets/m-plus-rounded-1c-119-900-normal.woff2              17.28 kB
build/server/assets/m-plus-rounded-1c-118-500-normal.woff               17.28 kB
build/server/assets/m-plus-rounded-1c-106-700-normal.woff               17.28 kB
build/server/assets/noto-serif-jp-73-300-normal.woff                    17.28 kB
build/server/assets/noto-serif-jp-70-200-normal.woff                    17.28 kB
build/server/assets/noto-serif-jp-99-700-normal.woff                    17.28 kB
build/server/assets/m-plus-rounded-1c-106-800-normal.woff               17.29 kB
build/server/assets/m-plus-rounded-1c-22-300-normal.woff                17.29 kB
build/server/assets/m-plus-rounded-1c-78-900-normal.woff                17.30 kB
build/server/assets/noto-sans-jp-latin-200-normal.woff                  17.30 kB
build/server/assets/m-plus-rounded-1c-32-800-normal.woff2               17.30 kB
build/server/assets/noto-serif-jp-79-400-normal.woff                    17.30 kB
build/server/assets/m-plus-rounded-1c-23-400-normal.woff2               17.31 kB
build/server/assets/noto-serif-jp-77-900-normal.woff                    17.31 kB
build/server/assets/noto-serif-jp-92-800-normal.woff                    17.32 kB
build/server/assets/noto-serif-jp-60-300-normal.woff2                   17.32 kB
build/server/assets/noto-sans-jp-58-200-normal.woff                     17.32 kB
build/server/assets/noto-serif-jp-78-300-normal.woff                    17.32 kB
build/server/assets/noto-serif-jp-106-500-normal.woff                   17.33 kB
build/server/assets/noto-serif-jp-73-400-normal.woff                    17.33 kB
build/server/assets/m-plus-rounded-1c-15-800-normal.woff2               17.35 kB
build/server/assets/noto-serif-jp-77-700-normal.woff                    17.35 kB
build/server/assets/noto-serif-jp-99-800-normal.woff                    17.36 kB
build/server/assets/noto-sans-jp-latin-900-normal.woff                  17.36 kB
build/server/assets/m-plus-rounded-1c-26-800-normal.woff2               17.36 kB
build/server/assets/noto-sans-jp-58-400-normal.woff                     17.37 kB
build/server/assets/noto-sans-jp-58-300-normal.woff                     17.37 kB
build/server/assets/m-plus-rounded-1c-21-700-normal.woff2               17.37 kB
build/server/assets/noto-sans-jp-58-500-normal.woff                     17.37 kB
build/server/assets/m-plus-rounded-1c-118-400-normal.woff               17.38 kB
build/server/assets/noto-sans-jp-58-800-normal.woff                     17.38 kB
build/server/assets/noto-serif-jp-62-200-normal.woff                    17.39 kB
build/server/assets/noto-serif-jp-99-900-normal.woff                    17.40 kB
build/server/assets/m-plus-rounded-1c-36-700-normal.woff                17.40 kB
build/server/assets/m-plus-rounded-1c-34-700-normal.woff2               17.41 kB
build/server/assets/noto-sans-jp-58-700-normal.woff                     17.41 kB
build/server/assets/m-plus-rounded-1c-77-800-normal.woff                17.42 kB
build/server/assets/noto-serif-jp-106-600-normal.woff                   17.42 kB
build/server/assets/m-plus-rounded-1c-73-700-normal.woff                17.43 kB
build/server/assets/noto-sans-jp-58-600-normal.woff                     17.43 kB
build/server/assets/noto-serif-jp-78-400-normal.woff                    17.43 kB
build/server/assets/noto-serif-jp-79-500-normal.woff                    17.44 kB
build/server/assets/noto-serif-jp-60-400-normal.woff2                   17.44 kB
build/server/assets/noto-sans-jp-latin-400-normal.woff                  17.44 kB
build/server/assets/m-plus-rounded-1c-25-800-normal.woff                17.44 kB
build/server/assets/m-plus-rounded-1c-79-800-normal.woff                17.44 kB
build/server/assets/m-plus-rounded-1c-25-700-normal.woff                17.45 kB
build/server/assets/noto-serif-jp-73-500-normal.woff                    17.45 kB
build/server/assets/noto-serif-jp-77-800-normal.woff                    17.46 kB
build/server/assets/m-plus-rounded-1c-43-700-normal.woff                17.47 kB
build/server/assets/m-plus-rounded-1c-18-700-normal.woff                17.48 kB
build/server/assets/noto-sans-jp-latin-300-normal.woff                  17.49 kB
build/server/assets/noto-serif-jp-78-500-normal.woff                    17.49 kB
build/server/assets/m-plus-rounded-1c-118-800-normal.woff               17.50 kB
build/server/assets/noto-sans-jp-latin-500-normal.woff                  17.50 kB
build/server/assets/m-plus-rounded-1c-34-800-normal.woff2               17.51 kB
build/server/assets/m-plus-rounded-1c-99-800-normal.woff                17.52 kB
build/server/assets/yomogi-78-400-normal.woff                           17.52 kB
build/server/assets/noto-serif-jp-73-600-normal.woff                    17.52 kB
build/server/assets/noto-serif-jp-78-600-normal.woff                    17.52 kB
build/server/assets/noto-serif-jp-69-300-normal.woff                    17.53 kB
build/server/assets/noto-serif-jp-106-700-normal.woff                   17.54 kB
build/server/assets/m-plus-rounded-1c-17-400-normal.woff                17.55 kB
build/server/assets/m-plus-rounded-1c-78-700-normal.woff                17.55 kB
build/server/assets/noto-sans-jp-latin-700-normal.woff                  17.55 kB
build/server/assets/noto-serif-jp-106-900-normal.woff                   17.55 kB
build/server/assets/m-plus-rounded-1c-40-300-normal.woff                17.56 kB
build/server/assets/noto-serif-jp-69-400-normal.woff                    17.56 kB
build/server/assets/noto-sans-jp-latin-600-normal.woff                  17.56 kB
build/server/assets/m-plus-rounded-1c-118-700-normal.woff               17.57 kB
build/server/assets/noto-sans-jp-latin-800-normal.woff                  17.57 kB
build/server/assets/noto-serif-jp-60-500-normal.woff2                   17.58 kB
build/server/assets/noto-serif-jp-79-600-normal.woff                    17.58 kB
build/server/assets/m-plus-rounded-1c-61-400-normal.woff                17.59 kB
build/server/assets/noto-serif-jp-100-300-normal.woff                   17.60 kB
build/server/assets/m-plus-rounded-1c-68-400-normal.woff                17.61 kB
build/server/assets/yomogi-105-400-normal.woff                          17.61 kB
build/server/assets/m-plus-rounded-1c-72-400-normal.woff                17.62 kB
build/server/assets/noto-serif-jp-106-800-normal.woff                   17.62 kB
build/server/assets/m-plus-2-114-wght-normal.woff2                      17.62 kB
build/server/assets/m-plus-rounded-1c-30-700-normal.woff2               17.62 kB
build/server/assets/noto-serif-jp-71-200-normal.woff                    17.64 kB
build/server/assets/noto-serif-jp-69-500-normal.woff                    17.65 kB
build/server/assets/noto-serif-jp-73-900-normal.woff                    17.65 kB
build/server/assets/noto-serif-jp-79-900-normal.woff                    17.65 kB
build/server/assets/m-plus-rounded-1c-31-900-normal.woff                17.66 kB
build/server/assets/noto-serif-jp-60-900-normal.woff2                   17.66 kB
build/server/assets/m-plus-rounded-1c-17-500-normal.woff                17.67 kB
build/server/assets/m-plus-rounded-1c-43-800-normal.woff                17.68 kB
build/server/assets/m-plus-2-59-wght-normal.woff2                       17.68 kB
build/server/assets/m-plus-rounded-1c-10-700-normal.woff2               17.68 kB
build/server/assets/m-plus-rounded-1c-14-300-normal.woff                17.69 kB
build/server/assets/noto-serif-jp-60-600-normal.woff2                   17.69 kB
build/server/assets/m-plus-rounded-1c-18-800-normal.woff                17.70 kB
build/server/assets/m-plus-rounded-1c-61-500-normal.woff                17.70 kB
build/server/assets/m-plus-rounded-1c-78-800-normal.woff                17.70 kB
build/server/assets/noto-serif-jp-78-700-normal.woff                    17.70 kB
build/server/assets/m-plus-rounded-1c-73-800-normal.woff                17.70 kB
build/server/assets/noto-serif-jp-70-300-normal.woff                    17.71 kB
build/server/assets/m-plus-rounded-1c-64-300-normal.woff                17.71 kB
build/server/assets/m-plus-rounded-1c-61-900-normal.woff                17.71 kB
build/server/assets/noto-serif-jp-78-900-normal.woff                    17.72 kB
build/server/assets/m-plus-rounded-1c-21-800-normal.woff2               17.73 kB
build/server/assets/noto-serif-jp-60-700-normal.woff2                   17.73 kB
build/server/assets/noto-serif-jp-100-600-normal.woff                   17.73 kB
build/server/assets/noto-serif-jp-79-800-normal.woff                    17.73 kB
build/server/assets/noto-serif-jp-100-400-normal.woff                   17.74 kB
build/server/assets/noto-serif-jp-73-700-normal.woff                    17.74 kB
build/server/assets/noto-serif-jp-100-500-normal.woff                   17.75 kB
build/server/assets/m-plus-rounded-1c-35-300-normal.woff2               17.76 kB
build/server/assets/m-plus-rounded-1c-10-800-normal.woff2               17.76 kB
build/server/assets/m-plus-rounded-1c-60-400-normal.woff                17.77 kB
build/server/assets/m-plus-rounded-1c-119-500-normal.woff2              17.77 kB
build/server/assets/noto-serif-jp-69-600-normal.woff                    17.78 kB
build/server/assets/m-plus-rounded-1c-68-500-normal.woff                17.78 kB
build/server/assets/noto-serif-jp-100-900-normal.woff                   17.78 kB
build/server/assets/m-plus-rounded-1c-36-800-normal.woff                17.78 kB
build/server/assets/noto-serif-jp-79-700-normal.woff                    17.78 kB
build/server/assets/m-plus-rounded-1c-41-700-normal.woff2               17.80 kB
build/server/assets/noto-serif-jp-62-300-normal.woff                    17.80 kB
build/server/assets/noto-serif-jp-78-800-normal.woff                    17.81 kB
build/server/assets/m-plus-rounded-1c-37-400-normal.woff                17.81 kB
build/server/assets/noto-serif-jp-70-400-normal.woff                    17.81 kB
build/server/assets/noto-serif-jp-60-800-normal.woff2                   17.83 kB
build/server/assets/noto-serif-jp-70-500-normal.woff                    17.84 kB
build/server/assets/m-plus-2-113-wght-normal.woff2                      17.84 kB
build/server/assets/m-plus-rounded-1c-23-500-normal.woff2               17.84 kB
build/server/assets/m-plus-rounded-1c-17-900-normal.woff                17.85 kB
build/server/assets/m-plus-rounded-1c-30-800-normal.woff2               17.86 kB
build/server/assets/noto-serif-jp-73-800-normal.woff                    17.86 kB
build/server/assets/yomogi-65-400-normal.woff                           17.86 kB
build/server/assets/m-plus-rounded-1c-68-900-normal.woff                17.87 kB
build/server/assets/m-plus-2-5-wght-normal.woff2                        17.89 kB
build/server/assets/m-plus-rounded-1c-65-400-normal.woff                17.89 kB
build/server/assets/noto-serif-jp-62-400-normal.woff                    17.89 kB
build/server/assets/noto-serif-jp-70-600-normal.woff                    17.89 kB
build/server/assets/m-plus-rounded-1c-39-700-normal.woff2               17.89 kB
build/server/assets/m-plus-rounded-1c-23-900-normal.woff2               17.89 kB
build/server/assets/noto-serif-jp-69-900-normal.woff                    17.90 kB
build/server/assets/noto-serif-jp-100-700-normal.woff                   17.93 kB
build/server/assets/m-plus-rounded-1c-39-800-normal.woff2               17.94 kB
build/server/assets/noto-serif-jp-100-800-normal.woff                   17.94 kB
build/server/assets/m-plus-rounded-1c-72-500-normal.woff                17.95 kB
build/server/assets/m-plus-rounded-1c-119-300-normal.woff2              17.96 kB
build/server/assets/noto-serif-jp-69-700-normal.woff                    17.98 kB
build/server/assets/m-plus-rounded-1c-32-300-normal.woff                17.99 kB
build/server/assets/noto-serif-jp-69-800-normal.woff                    18.00 kB
build/server/assets/yomogi-73-400-normal.woff                           18.01 kB
build/server/assets/m-plus-rounded-1c-41-800-normal.woff2               18.02 kB
build/server/assets/m-plus-rounded-1c-61-700-normal.woff                18.02 kB
build/server/assets/m-plus-rounded-1c-38-900-normal.woff                18.02 kB
build/server/assets/noto-serif-jp-62-500-normal.woff                    18.03 kB
build/server/assets/m-plus-rounded-1c-38-400-normal.woff                18.03 kB
build/server/assets/yomogi-108-400-normal.woff                          18.03 kB
build/server/assets/m-plus-rounded-1c-24-300-normal.woff                18.04 kB
build/server/assets/m-plus-rounded-1c-22-400-normal.woff                18.06 kB
build/server/assets/m-plus-rounded-1c-38-500-normal.woff                18.06 kB
build/server/assets/m-plus-rounded-1c-37-900-normal.woff                18.07 kB
build/server/assets/noto-serif-jp-70-700-normal.woff                    18.09 kB
build/server/assets/m-plus-rounded-1c-60-500-normal.woff                18.11 kB
build/server/assets/m-plus-rounded-1c-72-900-normal.woff                18.11 kB
build/server/assets/noto-serif-jp-62-600-normal.woff                    18.11 kB
build/server/assets/m-plus-rounded-1c-40-900-normal.woff                18.12 kB
build/server/assets/noto-serif-jp-71-300-normal.woff                    18.13 kB
build/server/assets/noto-serif-jp-latin-200-normal.woff2                18.14 kB
build/server/assets/noto-serif-jp-65-200-normal.woff                    18.15 kB
build/server/assets/noto-serif-jp-70-900-normal.woff                    18.18 kB
build/server/assets/m-plus-rounded-1c-37-500-normal.woff                18.20 kB
build/server/assets/noto-serif-jp-70-800-normal.woff                    18.20 kB
build/server/assets/m-plus-rounded-1c-40-500-normal.woff                18.22 kB
build/server/assets/m-plus-rounded-1c-60-900-normal.woff                18.22 kB
build/server/assets/m-plus-rounded-1c-40-400-normal.woff                18.22 kB
build/server/assets/m-plus-rounded-1c-65-500-normal.woff                18.23 kB
build/server/assets/m-plus-rounded-1c-31-700-normal.woff                18.24 kB
build/server/assets/noto-serif-jp-62-700-normal.woff                    18.24 kB
build/server/assets/noto-serif-jp-71-400-normal.woff                    18.27 kB
build/server/assets/m-plus-rounded-1c-68-700-normal.woff                18.33 kB
build/server/assets/noto-serif-jp-62-900-normal.woff                    18.34 kB
build/server/assets/m-plus-rounded-1c-119-400-normal.woff2              18.34 kB
build/server/assets/m-plus-rounded-1c-68-800-normal.woff                18.36 kB
build/server/assets/noto-serif-jp-61-200-normal.woff                    18.38 kB
build/server/assets/noto-serif-jp-62-800-normal.woff                    18.38 kB
build/server/assets/m-plus-rounded-1c-22-900-normal.woff                18.39 kB
build/server/assets/m-plus-rounded-1c-72-700-normal.woff                18.42 kB
build/server/assets/m-plus-rounded-1c-65-900-normal.woff                18.42 kB
build/server/assets/m-plus-rounded-1c-22-500-normal.woff                18.43 kB
build/server/assets/yomogi-72-400-normal.woff                           18.44 kB
build/server/assets/noto-serif-jp-71-500-normal.woff                    18.44 kB
build/server/assets/m-plus-rounded-1c-72-800-normal.woff                18.45 kB
build/server/assets/m-plus-rounded-1c-61-800-normal.woff                18.45 kB
build/server/assets/m-plus-rounded-1c-64-400-normal.woff                18.46 kB
build/server/assets/m-plus-rounded-1c-15-300-normal.woff                18.48 kB
build/server/assets/m-plus-rounded-1c-10-300-normal.woff                18.50 kB
build/server/assets/noto-serif-jp-65-300-normal.woff                    18.50 kB
build/server/assets/yomogi-118-400-normal.woff2                         18.51 kB
build/server/assets/noto-serif-jp-71-600-normal.woff                    18.51 kB
build/server/assets/m-plus-rounded-1c-26-300-normal.woff                18.52 kB
build/server/assets/noto-serif-jp-71-900-normal.woff                    18.52 kB
build/server/assets/noto-serif-jp-latin-900-normal.woff2                18.54 kB
build/server/assets/noto-serif-jp-72-200-normal.woff                    18.55 kB
build/server/assets/m-plus-rounded-1c-65-700-normal.woff                18.58 kB
build/server/assets/m-plus-rounded-1c-14-400-normal.woff                18.59 kB
build/server/assets/noto-serif-jp-65-400-normal.woff                    18.59 kB
build/server/assets/m-plus-rounded-1c-32-500-normal.woff                18.59 kB
build/server/assets/m-plus-rounded-1c-31-800-normal.woff                18.59 kB
build/server/assets/noto-serif-jp-71-700-normal.woff                    18.59 kB
build/server/assets/m-plus-rounded-1c-119-700-normal.woff2              18.62 kB
build/server/assets/m-plus-rounded-1c-32-400-normal.woff                18.62 kB
build/server/assets/noto-serif-jp-latin-300-normal.woff2                18.63 kB
build/server/assets/m-plus-rounded-1c-37-700-normal.woff                18.64 kB
build/server/assets/m-plus-rounded-1c-60-700-normal.woff                18.64 kB
build/server/assets/m-plus-rounded-1c-21-300-normal.woff                18.66 kB
build/server/assets/m-plus-rounded-1c-35-400-normal.woff2               18.67 kB
build/server/assets/m-plus-rounded-1c-64-500-normal.woff                18.68 kB
build/server/assets/noto-serif-jp-71-800-normal.woff                    18.69 kB
build/server/assets/noto-serif-jp-68-200-normal.woff                    18.70 kB
build/server/assets/yomogi-118-400-normal.woff                          18.70 kB
build/server/assets/m-plus-rounded-1c-119-800-normal.woff2              18.72 kB
build/server/assets/yomogi-61-400-normal.woff                           18.73 kB
build/server/assets/noto-serif-jp-61-300-normal.woff                    18.74 kB
build/server/assets/noto-serif-jp-latin-600-normal.woff2                18.74 kB
build/server/assets/m-plus-2-116-wght-normal.woff2                      18.74 kB
build/server/assets/noto-serif-jp-latin-400-normal.woff2                18.75 kB
build/server/assets/m-plus-rounded-1c-17-700-normal.woff                18.76 kB
build/server/assets/m-plus-rounded-1c-32-900-normal.woff                18.76 kB
build/server/assets/m-plus-2-101-wght-normal.woff2                      18.76 kB
build/server/assets/yomogi-68-400-normal.woff                           18.76 kB
build/server/assets/noto-serif-jp-65-500-normal.woff                    18.78 kB
build/server/assets/noto-serif-jp-latin-500-normal.woff2                18.79 kB
build/server/assets/yomogi-46-400-normal.woff2                          18.79 kB
build/server/assets/yomogi-106-400-normal.woff                          18.80 kB
build/server/assets/noto-serif-jp-61-400-normal.woff                    18.80 kB
build/server/assets/noto-serif-jp-latin-700-normal.woff2                18.80 kB
build/server/assets/m-plus-rounded-1c-35-500-normal.woff2               18.82 kB
build/server/assets/m-plus-rounded-1c-35-900-normal.woff2               18.82 kB
build/server/assets/m-plus-rounded-1c-37-800-normal.woff                18.82 kB
build/server/assets/m-plus-rounded-1c-34-300-normal.woff                18.83 kB
build/server/assets/m-plus-rounded-1c-14-500-normal.woff                18.83 kB
build/server/assets/m-plus-rounded-1c-17-800-normal.woff                18.86 kB
build/server/assets/noto-serif-jp-65-600-normal.woff                    18.86 kB
build/server/assets/m-plus-rounded-1c-65-800-normal.woff                18.88 kB
build/server/assets/m-plus-rounded-1c-30-300-normal.woff                18.88 kB
build/server/assets/noto-serif-jp-latin-800-normal.woff2                18.91 kB
build/server/assets/m-plus-rounded-1c-24-900-normal.woff                18.91 kB
build/server/assets/yomogi-60-400-normal.woff                           18.91 kB
build/server/assets/noto-serif-jp-72-300-normal.woff                    18.92 kB
build/server/assets/m-plus-rounded-1c-38-700-normal.woff                18.94 kB
build/server/assets/m-plus-rounded-1c-60-800-normal.woff                18.94 kB
build/server/assets/noto-serif-jp-61-600-normal.woff                    18.94 kB
build/server/assets/noto-serif-jp-61-500-normal.woff                    18.96 kB
build/server/assets/yomogi-45-400-normal.woff2                          19.00 kB
build/server/assets/m-plus-rounded-1c-22-700-normal.woff                19.02 kB
build/server/assets/m-plus-rounded-1c-24-500-normal.woff                19.02 kB
build/server/assets/m-plus-rounded-1c-14-900-normal.woff                19.03 kB
build/server/assets/noto-serif-jp-72-400-normal.woff                    19.03 kB
build/server/assets/noto-serif-jp-65-900-normal.woff                    19.03 kB
build/server/assets/noto-serif-jp-61-900-normal.woff                    19.05 kB
build/server/assets/m-plus-rounded-1c-39-300-normal.woff                19.08 kB
build/server/assets/noto-serif-jp-61-700-normal.woff                    19.10 kB
build/server/assets/m-plus-rounded-1c-64-900-normal.woff                19.10 kB
build/server/assets/m-plus-rounded-1c-38-800-normal.woff                19.11 kB
build/server/assets/m-plus-rounded-1c-41-300-normal.woff                19.13 kB
build/server/assets/noto-serif-jp-68-300-normal.woff                    19.13 kB
build/server/assets/noto-serif-jp-65-700-normal.woff                    19.13 kB
build/server/assets/noto-serif-jp-61-800-normal.woff                    19.14 kB
build/server/assets/m-plus-2-115-wght-normal.woff2                      19.15 kB
build/server/assets/noto-sans-jp-53-100-normal.woff2                    19.15 kB
build/server/assets/noto-serif-jp-72-500-normal.woff                    19.16 kB
build/server/assets/noto-serif-jp-68-400-normal.woff                    19.20 kB
build/server/assets/m-plus-2-112-wght-normal.woff2                      19.23 kB
build/server/assets/m-plus-2-109-wght-normal.woff2                      19.24 kB
build/server/assets/noto-serif-jp-68-500-normal.woff                    19.25 kB
build/server/assets/m-plus-rounded-1c-21-400-normal.woff                19.26 kB
build/server/assets/noto-serif-jp-72-600-normal.woff                    19.27 kB
build/server/assets/m-plus-2-13-wght-normal.woff2                       19.27 kB
build/server/assets/noto-serif-jp-65-800-normal.woff                    19.28 kB
build/server/assets/m-plus-rounded-1c-24-400-normal.woff                19.28 kB
build/server/assets/m-plus-rounded-1c-34-900-normal.woff                19.29 kB
build/server/assets/m-plus-rounded-1c-15-900-normal.woff                19.30 kB
build/server/assets/noto-serif-jp-68-600-normal.woff                    19.31 kB
build/server/assets/m-plus-rounded-1c-40-700-normal.woff                19.33 kB
build/server/assets/noto-serif-jp-72-900-normal.woff                    19.33 kB
build/server/assets/m-plus-2-86-wght-normal.woff2                       19.36 kB
build/server/assets/m-plus-rounded-1c-22-800-normal.woff                19.36 kB
build/server/assets/m-plus-rounded-1c-15-400-normal.woff                19.36 kB
build/server/assets/m-plus-rounded-1c-40-800-normal.woff                19.39 kB
build/server/assets/m-plus-rounded-1c-64-700-normal.woff                19.43 kB
build/server/assets/m-plus-rounded-1c-30-400-normal.woff                19.46 kB
build/server/assets/m-plus-rounded-1c-26-900-normal.woff                19.48 kB
build/server/assets/noto-serif-jp-72-700-normal.woff                    19.49 kB
build/server/assets/m-plus-rounded-1c-10-400-normal.woff                19.51 kB
build/server/assets/noto-serif-jp-58-200-normal.woff                    19.52 kB
build/server/assets/m-plus-rounded-1c-119-100-normal.woff               19.54 kB
build/server/assets/m-plus-rounded-1c-15-500-normal.woff                19.54 kB
build/server/assets/noto-serif-jp-64-200-normal.woff                    19.54 kB
build/server/assets/m-plus-rounded-1c-64-800-normal.woff                19.56 kB
build/server/assets/m-plus-rounded-1c-26-400-normal.woff                19.58 kB
build/server/assets/m-plus-rounded-1c-23-700-normal.woff2               19.59 kB
build/server/assets/m-plus-rounded-1c-23-300-normal.woff                19.61 kB
build/server/assets/noto-serif-jp-68-900-normal.woff                    19.62 kB
build/server/assets/m-plus-rounded-1c-30-500-normal.woff                19.63 kB
build/server/assets/m-plus-2-110-wght-normal.woff2                      19.64 kB
build/server/assets/noto-serif-jp-68-700-normal.woff                    19.68 kB
build/server/assets/noto-serif-jp-72-800-normal.woff                    19.68 kB
build/server/assets/m-plus-rounded-1c-26-500-normal.woff                19.69 kB
build/server/assets/m-plus-rounded-1c-34-400-normal.woff                19.71 kB
build/server/assets/m-plus-2-93-wght-normal.woff2                       19.71 kB
build/server/assets/noto-sans-jp-53-200-normal.woff2                    19.71 kB
build/server/assets/m-plus-rounded-1c-34-500-normal.woff                19.73 kB
build/server/assets/m-plus-2-6-wght-normal.woff2                        19.75 kB
build/server/assets/noto-serif-jp-58-900-normal.woff                    19.75 kB
build/server/assets/m-plus-rounded-1c-23-800-normal.woff2               19.76 kB
build/server/assets/m-plus-rounded-1c-14-700-normal.woff                19.78 kB
build/server/assets/m-plus-rounded-1c-39-900-normal.woff                19.78 kB
build/server/assets/yomogi-64-400-normal.woff                           19.78 kB
build/server/assets/m-plus-rounded-1c-latin-100-normal.woff2            19.79 kB
build/server/assets/m-plus-2-97-wght-normal.woff2                       19.82 kB
build/server/assets/noto-serif-jp-68-800-normal.woff                    19.83 kB
build/server/assets/noto-sans-jp-2-900-normal.woff                      19.85 kB
build/server/assets/m-plus-rounded-1c-14-800-normal.woff                19.86 kB
build/server/assets/m-plus-rounded-1c-21-900-normal.woff                19.86 kB
build/server/assets/noto-sans-jp-53-300-normal.woff2                    19.87 kB
build/server/assets/m-plus-rounded-1c-21-500-normal.woff                19.88 kB
build/server/assets/noto-serif-jp-58-300-normal.woff                    19.90 kB
build/server/assets/m-plus-2-95-wght-normal.woff2                       19.91 kB
build/server/assets/m-plus-rounded-1c-30-900-normal.woff                19.94 kB
build/server/assets/m-plus-rounded-1c-15-700-normal.woff                19.95 kB
build/server/assets/m-plus-rounded-1c-10-500-normal.woff                19.95 kB
build/server/assets/m-plus-rounded-1c-39-500-normal.woff                19.96 kB
build/server/assets/noto-serif-jp-58-400-normal.woff                    19.97 kB
build/server/assets/m-plus-rounded-1c-39-400-normal.woff                20.01 kB
build/server/assets/m-plus-rounded-1c-24-700-normal.woff                20.02 kB
build/server/assets/noto-serif-jp-58-800-normal.woff                    20.05 kB
build/server/assets/noto-sans-jp-53-400-normal.woff2                    20.06 kB
build/server/assets/m-plus-2-29-wght-normal.woff2                       20.06 kB
build/server/assets/m-plus-2-85-wght-normal.woff2                       20.06 kB
build/server/assets/m-plus-rounded-1c-41-400-normal.woff                20.06 kB
build/server/assets/m-plus-rounded-1c-10-900-normal.woff                20.07 kB
build/server/assets/noto-serif-jp-58-500-normal.woff                    20.07 kB
build/server/assets/noto-serif-jp-58-600-normal.woff                    20.08 kB
build/server/assets/noto-serif-jp-64-300-normal.woff                    20.09 kB
build/server/assets/m-plus-rounded-1c-32-700-normal.woff                20.10 kB
build/server/assets/noto-serif-jp-58-700-normal.woff                    20.10 kB
build/server/assets/yomogi-33-400-normal.woff2                          20.11 kB
build/server/assets/m-plus-rounded-1c-35-700-normal.woff2               20.11 kB
build/server/assets/noto-sans-jp-53-900-normal.woff2                    20.12 kB
build/server/assets/noto-sans-jp-2-100-normal.woff                      20.13 kB
build/server/assets/m-plus-2-89-wght-normal.woff2                       20.14 kB
build/server/assets/m-plus-2-80-wght-normal.woff2                       20.17 kB
build/server/assets/m-plus-rounded-1c-26-700-normal.woff                20.17 kB
build/server/assets/noto-sans-jp-53-500-normal.woff2                    20.18 kB
build/server/assets/m-plus-rounded-1c-41-900-normal.woff                20.18 kB
build/server/assets/m-plus-rounded-1c-15-800-normal.woff                20.20 kB
build/server/assets/m-plus-rounded-1c-35-800-normal.woff2               20.21 kB
build/server/assets/m-plus-rounded-1c-24-800-normal.woff                20.22 kB
build/server/assets/noto-serif-jp-64-400-normal.woff                    20.26 kB
build/server/assets/m-plus-2-63-wght-normal.woff2                       20.27 kB
build/server/assets/m-plus-rounded-1c-34-700-normal.woff                20.29 kB
build/server/assets/m-plus-rounded-1c-21-700-normal.woff                20.31 kB
build/server/assets/noto-sans-jp-53-600-normal.woff2                    20.32 kB
build/server/assets/m-plus-rounded-1c-41-500-normal.woff                20.34 kB
build/server/assets/noto-serif-jp-64-500-normal.woff                    20.35 kB
build/server/assets/m-plus-rounded-1c-32-800-normal.woff                20.41 kB
build/server/assets/m-plus-rounded-1c-34-800-normal.woff                20.42 kB
build/server/assets/noto-sans-jp-2-700-normal.woff                      20.44 kB
build/server/assets/m-plus-rounded-1c-26-800-normal.woff                20.46 kB
build/server/assets/noto-sans-jp-2-800-normal.woff                      20.47 kB
build/server/assets/noto-sans-jp-53-700-normal.woff2                    20.50 kB
build/server/assets/noto-serif-jp-64-600-normal.woff                    20.50 kB
build/server/assets/noto-serif-jp-64-700-normal.woff                    20.56 kB
build/server/assets/noto-serif-jp-64-900-normal.woff                    20.57 kB
build/server/assets/noto-sans-jp-2-600-normal.woff                      20.60 kB
build/server/assets/noto-serif-jp-64-800-normal.woff                    20.60 kB
build/server/assets/noto-sans-jp-2-400-normal.woff                      20.61 kB
build/server/assets/m-plus-2-88-wght-normal.woff2                       20.62 kB
build/server/assets/noto-sans-jp-2-300-normal.woff                      20.62 kB
build/server/assets/m-plus-2-84-wght-normal.woff2                       20.62 kB
build/server/assets/m-plus-2-71-wght-normal.woff2                       20.64 kB
build/server/assets/m-plus-2-28-wght-normal.woff2                       20.65 kB
build/server/assets/noto-sans-jp-2-200-normal.woff                      20.66 kB
build/server/assets/m-plus-rounded-1c-30-700-normal.woff                20.68 kB
build/server/assets/noto-sans-jp-53-800-normal.woff2                    20.70 kB
build/server/assets/m-plus-rounded-1c-21-800-normal.woff                20.70 kB
build/server/assets/noto-sans-jp-2-500-normal.woff                      20.71 kB
build/server/assets/m-plus-2-19-wght-normal.woff2                       20.74 kB
build/server/assets/m-plus-2-107-wght-normal.woff2                      20.76 kB
build/server/assets/m-plus-rounded-1c-23-400-normal.woff                20.81 kB
build/server/assets/m-plus-rounded-1c-39-800-normal.woff                20.82 kB
build/server/assets/m-plus-2-103-wght-normal.woff2                      20.84 kB
build/server/assets/m-plus-rounded-1c-10-700-normal.woff                20.87 kB
build/server/assets/m-plus-rounded-1c-10-800-normal.woff                20.88 kB
build/server/assets/m-plus-2-75-wght-normal.woff2                       20.89 kB
build/server/assets/m-plus-2-8-wght-normal.woff2                        20.90 kB
build/server/assets/m-plus-2-96-wght-normal.woff2                       20.94 kB
build/server/assets/m-plus-rounded-1c-41-700-normal.woff                20.94 kB
build/server/assets/m-plus-2-92-wght-normal.woff2                       20.95 kB
build/server/assets/m-plus-2-102-wght-normal.woff2                      20.96 kB
build/server/assets/noto-sans-jp-54-100-normal.woff                     20.98 kB
build/server/assets/m-plus-rounded-1c-39-700-normal.woff                21.01 kB
build/server/assets/noto-serif-jp-60-200-normal.woff                    21.01 kB
build/server/assets/m-plus-rounded-1c-41-800-normal.woff                21.10 kB
build/server/assets/m-plus-rounded-1c-30-800-normal.woff                21.11 kB
build/server/assets/m-plus-2-12-wght-normal.woff2                       21.12 kB
build/server/assets/m-plus-2-76-wght-normal.woff2                       21.14 kB
build/server/assets/m-plus-rounded-1c-23-900-normal.woff                21.18 kB
build/server/assets/m-plus-rounded-1c-23-500-normal.woff                21.18 kB
build/server/assets/m-plus-2-111-wght-normal.woff2                      21.18 kB
build/server/assets/m-plus-2-104-wght-normal.woff2                      21.20 kB
build/server/assets/noto-sans-jp-54-900-normal.woff                     21.25 kB
build/server/assets/noto-sans-jp-54-200-normal.woff                     21.47 kB
build/server/assets/m-plus-2-11-wght-normal.woff2                       21.52 kB
build/server/assets/noto-sans-jp-54-600-normal.woff                     21.52 kB
build/server/assets/noto-sans-jp-54-400-normal.woff                     21.52 kB
build/server/assets/noto-sans-jp-54-800-normal.woff                     21.54 kB
build/server/assets/noto-serif-jp-60-300-normal.woff                    21.58 kB
build/server/assets/noto-sans-jp-54-500-normal.woff                     21.58 kB
build/server/assets/m-plus-2-81-wght-normal.woff2                       21.60 kB
build/server/assets/noto-sans-jp-54-700-normal.woff                     21.60 kB
build/server/assets/m-plus-rounded-1c-35-300-normal.woff                21.61 kB
build/server/assets/m-plus-2-91-wght-normal.woff2                       21.62 kB
build/server/assets/noto-sans-jp-54-300-normal.woff                     21.65 kB
build/server/assets/m-plus-rounded-1c-latin-900-normal.woff2            21.66 kB
build/server/assets/yomogi-47-400-normal.woff2                          21.67 kB
build/server/assets/noto-serif-jp-60-400-normal.woff                    21.69 kB
build/server/assets/yomogi-38-400-normal.woff2                          21.75 kB
build/server/assets/m-plus-2-105-wght-normal.woff2                      21.78 kB
build/server/assets/yomogi-27-400-normal.woff2                          21.84 kB
build/server/assets/noto-serif-jp-60-600-normal.woff                    21.84 kB
build/server/assets/noto-serif-jp-60-500-normal.woff                    21.87 kB
build/server/assets/m-plus-2-74-wght-normal.woff2                       21.87 kB
build/server/assets/m-plus-2-90-wght-normal.woff2                       21.97 kB
build/server/assets/m-plus-rounded-1c-latin-300-normal.woff2            21.97 kB
build/server/assets/m-plus-2-118-wght-normal.woff2                      22.04 kB
build/server/assets/m-plus-rounded-1c-latin-500-normal.woff2            22.04 kB
build/server/assets/m-plus-rounded-1c-latin-400-normal.woff2            22.08 kB
build/server/assets/noto-serif-jp-60-900-normal.woff                    22.09 kB
build/server/assets/noto-sans-jp-56-100-normal.woff2                    22.16 kB
build/server/assets/noto-sans-jp-55-100-normal.woff2                    22.18 kB
build/server/assets/yomogi-49-400-normal.woff2                          22.19 kB
build/server/assets/noto-serif-jp-60-800-normal.woff                    22.20 kB
build/server/assets/m-plus-2-82-wght-normal.woff2                       22.22 kB
build/server/assets/noto-sans-jp-3-100-normal.woff2                     22.22 kB
build/server/assets/m-plus-2-67-wght-normal.woff2                       22.23 kB
build/server/assets/noto-serif-jp-60-700-normal.woff                    22.24 kB
build/server/assets/m-plus-2-33-wght-normal.woff2                       22.29 kB
build/server/assets/m-plus-2-87-wght-normal.woff2                       22.29 kB
build/server/assets/m-plus-2-94-wght-normal.woff2                       22.34 kB
build/server/assets/m-plus-2-98-wght-normal.woff2                       22.38 kB
build/server/assets/yomogi-36-400-normal.woff2                          22.38 kB
build/server/assets/noto-sans-jp-56-200-normal.woff2                    22.42 kB
build/server/assets/noto-sans-jp-56-300-normal.woff2                    22.49 kB
build/server/assets/noto-serif-jp-2-200-normal.woff2                    22.49 kB
build/server/assets/m-plus-2-66-wght-normal.woff2                       22.50 kB
build/server/assets/m-plus-rounded-1c-35-900-normal.woff                22.50 kB
build/server/assets/noto-sans-jp-55-200-normal.woff2                    22.51 kB
build/server/assets/m-plus-2-83-wght-normal.woff2                       22.53 kB
build/server/assets/yomogi-119-400-normal.woff2                         22.55 kB
build/server/assets/yomogi-46-400-normal.woff                           22.55 kB
build/server/assets/yomogi-26-400-normal.woff2                          22.56 kB
build/server/assets/yomogi-29-400-normal.woff2                          22.57 kB
build/server/assets/m-plus-rounded-1c-latin-800-normal.woff2            22.62 kB
build/server/assets/noto-sans-jp-55-300-normal.woff2                    22.65 kB
build/server/assets/m-plus-2-77-wght-normal.woff2                       22.66 kB
build/server/assets/noto-sans-jp-56-400-normal.woff2                    22.66 kB
build/server/assets/yomogi-20-400-normal.woff2                          22.67 kB
build/server/assets/m-plus-2-108-wght-normal.woff2                      22.67 kB
build/server/assets/noto-sans-jp-3-200-normal.woff2                     22.68 kB
build/server/assets/m-plus-rounded-1c-35-500-normal.woff                22.70 kB
build/server/assets/m-plus-rounded-1c-latin-700-normal.woff2            22.71 kB
build/server/assets/yomogi-45-400-normal.woff                           22.74 kB
build/server/assets/m-plus-2-69-wght-normal.woff2                       22.75 kB
build/server/assets/noto-serif-jp-latin-200-normal.woff                 22.78 kB
build/server/assets/m-plus-2-70-wght-normal.woff2                       22.78 kB
build/server/assets/noto-sans-jp-56-500-normal.woff2                    22.80 kB
build/server/assets/m-plus-rounded-1c-35-400-normal.woff                22.81 kB
build/server/assets/yomogi-43-400-normal.woff2                          22.83 kB
build/server/assets/m-plus-2-99-wght-normal.woff2                       22.84 kB
build/server/assets/m-plus-2-78-wght-normal.woff2                       22.86 kB
build/server/assets/noto-sans-jp-3-300-normal.woff2                     22.90 kB
build/server/assets/noto-serif-jp-2-300-normal.woff2                    22.90 kB
build/server/assets/noto-sans-jp-56-600-normal.woff2                    22.91 kB
build/server/assets/m-plus-2-9-wght-normal.woff2                        22.93 kB
build/server/assets/m-plus-2-62-wght-normal.woff2                       22.93 kB
build/server/assets/noto-sans-jp-56-900-normal.woff2                    22.96 kB
build/server/assets/m-plus-2-43-wght-normal.woff2                       22.97 kB
build/server/assets/noto-sans-jp-55-400-normal.woff2                    22.98 kB
build/server/assets/noto-sans-jp-56-700-normal.woff2                    22.99 kB
build/server/assets/m-plus-2-73-wght-normal.woff2                       23.02 kB
build/server/assets/noto-sans-jp-56-800-normal.woff2                    23.06 kB
build/server/assets/noto-serif-jp-2-400-normal.woff2                    23.08 kB
build/server/assets/m-plus-2-27-wght-normal.woff2                       23.12 kB
build/server/assets/noto-serif-jp-latin-900-normal.woff                 23.12 kB
build/server/assets/noto-sans-jp-55-500-normal.woff2                    23.14 kB
build/server/assets/m-plus-rounded-1c-23-700-normal.woff                23.14 kB
build/server/assets/m-plus-2-100-wght-normal.woff2                      23.16 kB
build/server/assets/noto-sans-jp-3-400-normal.woff2                     23.16 kB
build/server/assets/noto-sans-jp-55-600-normal.woff2                    23.20 kB
build/server/assets/noto-serif-jp-2-900-normal.woff2                    23.20 kB
build/server/assets/noto-serif-jp-2-600-normal.woff2                    23.22 kB
build/server/assets/noto-sans-jp-55-700-normal.woff2                    23.26 kB
build/server/assets/noto-sans-jp-3-500-normal.woff2                     23.27 kB
build/server/assets/noto-serif-jp-2-500-normal.woff2                    23.30 kB
build/server/assets/noto-serif-jp-latin-300-normal.woff                 23.30 kB
build/server/assets/noto-sans-jp-55-900-normal.woff2                    23.34 kB
build/server/assets/noto-serif-jp-latin-400-normal.woff                 23.37 kB
build/server/assets/noto-serif-jp-latin-700-normal.woff                 23.38 kB
build/server/assets/m-plus-2-79-wght-normal.woff2                       23.40 kB
build/server/assets/noto-sans-jp-55-800-normal.woff2                    23.41 kB
build/server/assets/noto-sans-jp-3-600-normal.woff2                     23.42 kB
build/server/assets/noto-serif-jp-2-700-normal.woff2                    23.43 kB
build/server/assets/m-plus-rounded-1c-23-800-normal.woff                23.43 kB
build/server/assets/noto-serif-jp-latin-600-normal.woff                 23.44 kB
build/server/assets/yomogi-5-400-normal.woff2                           23.46 kB
build/server/assets/noto-serif-jp-latin-500-normal.woff                 23.47 kB
build/server/assets/noto-sans-jp-3-900-normal.woff2                     23.48 kB
build/server/assets/noto-serif-jp-latin-800-normal.woff                 23.54 kB
build/server/assets/m-plus-2-106-wght-normal.woff2                      23.56 kB
build/server/assets/noto-serif-jp-2-800-normal.woff2                    23.58 kB
build/server/assets/noto-sans-jp-3-700-normal.woff2                     23.61 kB
build/server/assets/m-plus-rounded-1c-119-900-normal.woff               23.62 kB
build/server/assets/noto-sans-jp-3-800-normal.woff2                     23.69 kB
build/server/assets/m-plus-rounded-1c-35-700-normal.woff                23.78 kB
build/server/assets/yomogi-13-400-normal.woff2                          23.82 kB
build/server/assets/yomogi-33-400-normal.woff                           23.95 kB
build/server/assets/m-plus-rounded-1c-35-800-normal.woff                23.98 kB
build/server/assets/m-plus-rounded-1c-119-500-normal.woff               24.04 kB
build/server/assets/yomogi-48-400-normal.woff2                          24.13 kB
build/server/assets/yomogi-18-400-normal.woff2                          24.15 kB
build/server/assets/m-plus-rounded-1c-55-100-normal.woff2               24.25 kB
build/server/assets/m-plus-rounded-1c-119-300-normal.woff               24.30 kB
build/server/assets/m-plus-2-61-wght-normal.woff2                       24.37 kB
build/server/assets/m-plus-2-36-wght-normal.woff2                       24.39 kB
build/server/assets/yomogi-42-400-normal.woff2                          24.41 kB
build/server/assets/m-plus-2-72-wght-normal.woff2                       24.49 kB
build/server/assets/yomogi-latin-400-normal.woff2                       24.53 kB
build/server/assets/m-plus-2-42-wght-normal.woff2                       24.54 kB
build/server/assets/yomogi-28-400-normal.woff2                          24.79 kB
build/server/assets/yomogi-44-400-normal.woff2                          24.80 kB
build/server/assets/m-plus-rounded-1c-119-400-normal.woff               24.82 kB
build/server/assets/yomogi-12-400-normal.woff2                          24.87 kB
build/server/assets/noto-sans-jp-53-100-normal.woff                     24.90 kB
build/server/assets/m-plus-2-7-wght-normal.woff2                        25.02 kB
build/server/assets/m-plus-2-60-wght-normal.woff2                       25.04 kB
build/server/assets/yomogi-14-400-normal.woff2                          25.07 kB
build/server/assets/noto-serif-jp-53-200-normal.woff2                   25.13 kB
build/server/assets/noto-sans-jp-53-300-normal.woff                     25.16 kB
build/server/assets/m-plus-2-68-wght-normal.woff2                       25.20 kB
build/server/assets/noto-sans-jp-53-200-normal.woff                     25.24 kB
build/server/assets/m-plus-rounded-1c-119-700-normal.woff               25.28 kB
build/server/assets/noto-sans-jp-53-900-normal.woff                     25.32 kB
build/server/assets/m-plus-2-31-wght-normal.woff2                       25.32 kB
build/server/assets/m-plus-2-25-wght-normal.woff2                       25.34 kB
build/server/assets/m-plus-rounded-1c-119-800-normal.woff               25.34 kB
build/server/assets/m-plus-2-65-wght-normal.woff2                       25.34 kB
build/server/assets/yomogi-latin-400-normal.woff                        25.42 kB
build/server/assets/noto-sans-jp-53-400-normal.woff                     25.45 kB
build/server/assets/noto-sans-jp-53-600-normal.woff                     25.45 kB
build/server/assets/noto-sans-jp-53-500-normal.woff                     25.45 kB
build/server/assets/noto-serif-jp-2-200-normal.woff                     25.57 kB
build/server/assets/m-plus-2-16-wght-normal.woff2                       25.58 kB
build/server/assets/m-plus-2-38-wght-normal.woff2                       25.66 kB
build/server/assets/noto-sans-jp-53-800-normal.woff                     25.69 kB
build/server/assets/noto-sans-jp-53-700-normal.woff                     25.72 kB
build/server/assets/yomogi-38-400-normal.woff                           25.78 kB
build/server/assets/yomogi-40-400-normal.woff2                          25.84 kB
build/server/assets/yomogi-47-400-normal.woff                           25.84 kB
build/server/assets/noto-serif-jp-2-300-normal.woff                     25.95 kB
build/server/assets/yomogi-27-400-normal.woff                           25.95 kB
build/server/assets/noto-serif-jp-2-400-normal.woff                     26.06 kB
build/server/assets/noto-serif-jp-56-200-normal.woff2                   26.07 kB
build/server/assets/noto-serif-jp-2-900-normal.woff                     26.08 kB
build/server/assets/noto-serif-jp-2-600-normal.woff                     26.15 kB
build/server/assets/noto-serif-jp-2-500-normal.woff                     26.22 kB
build/server/assets/yomogi-16-400-normal.woff2                          26.22 kB
build/server/assets/m-plus-2-64-wght-normal.woff2                       26.26 kB
build/server/assets/yomogi-37-400-normal.woff2                          26.27 kB
build/server/assets/m-plus-2-18-wght-normal.woff2                       26.30 kB
build/server/assets/yomogi-49-400-normal.woff                           26.33 kB
build/server/assets/m-plus-2-latin-ext-wght-normal.woff2                26.34 kB
build/server/assets/noto-serif-jp-2-700-normal.woff                     26.36 kB
build/server/assets/yomogi-20-400-normal.woff                           26.37 kB
build/server/assets/noto-serif-jp-56-300-normal.woff2                   26.42 kB
build/server/assets/noto-serif-jp-56-400-normal.woff2                   26.46 kB
build/server/assets/noto-serif-jp-53-300-normal.woff2                   26.46 kB
build/server/assets/noto-serif-jp-53-400-normal.woff2                   26.47 kB
build/server/assets/yomogi-29-400-normal.woff                           26.48 kB
build/server/assets/m-plus-2-14-wght-normal.woff2                       26.52 kB
build/server/assets/noto-serif-jp-56-500-normal.woff2                   26.54 kB
build/server/assets/noto-serif-jp-53-900-normal.woff2                   26.55 kB
build/server/assets/noto-serif-jp-2-800-normal.woff                     26.56 kB
build/server/assets/noto-serif-jp-56-600-normal.woff2                   26.67 kB
build/server/assets/noto-serif-jp-56-900-normal.woff2                   26.76 kB
build/server/assets/yomogi-36-400-normal.woff                           26.77 kB
build/server/assets/m-plus-2-40-wght-normal.woff2                       26.78 kB
build/server/assets/yomogi-22-400-normal.woff2                          26.80 kB
build/server/assets/noto-serif-jp-56-700-normal.woff2                   26.82 kB
build/server/assets/noto-serif-jp-53-500-normal.woff2                   26.87 kB
build/server/assets/noto-serif-jp-56-800-normal.woff2                   26.92 kB
build/server/assets/yomogi-43-400-normal.woff                           26.92 kB
build/server/assets/yomogi-26-400-normal.woff                           26.94 kB
build/server/assets/yomogi-32-400-normal.woff2                          27.02 kB
build/server/assets/yomogi-5-400-normal.woff                            27.10 kB
build/server/assets/yomogi-21-400-normal.woff2                          27.12 kB
build/server/assets/noto-serif-jp-53-600-normal.woff2                   27.18 kB
build/server/assets/yomogi-17-400-normal.woff2                          27.36 kB
build/server/assets/noto-serif-jp-53-800-normal.woff2                   27.38 kB
build/server/assets/yomogi-9-400-normal.woff2                           27.39 kB
build/server/assets/yomogi-35-400-normal.woff2                          27.43 kB
build/server/assets/m-plus-2-15-wght-normal.woff2                       27.50 kB
build/server/assets/noto-serif-jp-54-200-normal.woff2                   27.55 kB
build/server/assets/noto-sans-jp-56-100-normal.woff                     27.60 kB
build/server/assets/noto-serif-jp-53-700-normal.woff2                   27.66 kB
build/server/assets/noto-sans-jp-56-300-normal.woff                     27.71 kB
build/server/assets/noto-sans-jp-56-200-normal.woff                     27.76 kB
build/server/assets/m-plus-2-10-wght-normal.woff2                       27.76 kB
build/server/assets/noto-sans-jp-56-600-normal.woff                     27.79 kB
build/server/assets/noto-sans-jp-56-700-normal.woff                     27.80 kB
build/server/assets/noto-sans-jp-56-900-normal.woff                     27.80 kB
build/server/assets/noto-serif-jp-55-200-normal.woff2                   27.80 kB
build/server/assets/noto-sans-jp-56-800-normal.woff                     27.80 kB
build/server/assets/noto-sans-jp-56-500-normal.woff                     27.80 kB
build/server/assets/yomogi-13-400-normal.woff                           27.81 kB
build/server/assets/yomogi-119-400-normal.woff                          27.81 kB
build/server/assets/noto-sans-jp-56-400-normal.woff                     27.82 kB
build/server/assets/m-plus-2-37-wght-normal.woff2                       27.94 kB
build/server/assets/m-plus-2-22-wght-normal.woff2                       27.94 kB
build/server/assets/noto-sans-jp-52-100-normal.woff2                    28.00 kB
build/server/assets/m-plus-2-46-wght-normal.woff2                       28.07 kB
build/server/assets/noto-serif-jp-54-900-normal.woff2                   28.19 kB
build/server/assets/m-plus-2-26-wght-normal.woff2                       28.20 kB
build/server/assets/yomogi-10-400-normal.woff2                          28.25 kB
build/server/assets/m-plus-rounded-1c-55-300-normal.woff2               28.31 kB
build/server/assets/yomogi-18-400-normal.woff                           28.35 kB
build/server/assets/m-plus-2-24-wght-normal.woff2                       28.36 kB
build/server/assets/m-plus-rounded-1c-latin-100-normal.woff             28.43 kB
build/server/assets/m-plus-2-17-wght-normal.woff2                       28.51 kB
build/server/assets/noto-serif-jp-55-300-normal.woff2                   28.56 kB
build/server/assets/yomogi-6-400-normal.woff2                           28.61 kB
build/server/assets/yomogi-41-400-normal.woff2                          28.66 kB
build/server/assets/noto-sans-jp-52-900-normal.woff2                    28.67 kB
build/server/assets/m-plus-2-32-wght-normal.woff2                       28.68 kB
build/server/assets/yomogi-19-400-normal.woff2                          28.68 kB
build/server/assets/noto-serif-jp-55-400-normal.woff2                   28.71 kB
build/server/assets/yomogi-48-400-normal.woff                           28.72 kB
build/server/assets/yomogi-30-400-normal.woff2                          28.74 kB
build/server/assets/noto-sans-jp-51-100-normal.woff2                    28.75 kB
build/server/assets/noto-serif-jp-55-500-normal.woff2                   28.92 kB
build/server/assets/yomogi-12-400-normal.woff                           28.92 kB
build/server/assets/yomogi-25-400-normal.woff2                          28.97 kB
build/server/assets/m-plus-2-49-wght-normal.woff2                       29.02 kB
build/server/assets/yomogi-42-400-normal.woff                           29.06 kB
build/server/assets/noto-sans-jp-46-100-normal.woff2                    29.08 kB
build/server/assets/yomogi-8-400-normal.woff2                           29.11 kB
build/server/assets/noto-serif-jp-55-900-normal.woff2                   29.12 kB
build/server/assets/yomogi-24-400-normal.woff2                          29.13 kB
build/server/assets/noto-serif-jp-55-600-normal.woff2                   29.15 kB
build/server/assets/m-plus-rounded-1c-55-400-normal.woff2               29.18 kB
build/server/assets/m-plus-2-21-wght-normal.woff2                       29.32 kB
build/server/assets/noto-serif-jp-55-700-normal.woff2                   29.34 kB
build/server/assets/m-plus-2-34-wght-normal.woff2                       29.46 kB
build/server/assets/yomogi-14-400-normal.woff                           29.53 kB
build/server/assets/noto-serif-jp-55-800-normal.woff2                   29.57 kB
build/server/assets/yomogi-28-400-normal.woff                           29.58 kB
build/server/assets/yomogi-44-400-normal.woff                           29.62 kB
build/server/assets/m-plus-rounded-1c-55-900-normal.woff2               29.68 kB
build/server/assets/noto-sans-jp-51-200-normal.woff2                    29.69 kB
build/server/assets/noto-sans-jp-51-300-normal.woff2                    29.70 kB
build/server/assets/noto-sans-jp-46-200-normal.woff2                    29.70 kB
build/server/assets/noto-sans-jp-3-100-normal.woff                      29.77 kB
build/server/assets/m-plus-2-45-wght-normal.woff2                       29.90 kB
build/server/assets/noto-sans-jp-46-300-normal.woff2                    29.96 kB
build/server/assets/m-plus-rounded-1c-55-500-normal.woff2               30.00 kB
build/server/assets/noto-sans-jp-3-900-normal.woff                      30.01 kB
build/server/assets/m-plus-2-39-wght-normal.woff2                       30.02 kB
build/server/assets/noto-sans-jp-3-200-normal.woff                      30.08 kB
build/server/assets/noto-sans-jp-51-900-normal.woff2                    30.12 kB
build/server/assets/noto-sans-jp-3-300-normal.woff                      30.20 kB
build/server/assets/noto-sans-jp-51-400-normal.woff2                    30.22 kB
build/server/assets/yomogi-15-400-normal.woff2                          30.26 kB
build/server/assets/noto-sans-jp-3-400-normal.woff                      30.30 kB
build/server/assets/noto-serif-jp-54-600-normal.woff2                   30.30 kB
build/server/assets/noto-sans-jp-3-800-normal.woff                      30.30 kB
build/server/assets/yomogi-11-400-normal.woff2                          30.35 kB
build/server/assets/noto-sans-jp-3-700-normal.woff                      30.36 kB
build/server/assets/noto-sans-jp-3-600-normal.woff                      30.37 kB
build/server/assets/noto-serif-jp-54-300-normal.woff2                   30.38 kB
build/server/assets/noto-sans-jp-3-500-normal.woff                      30.40 kB
build/server/assets/m-plus-2-30-wght-normal.woff2                       30.41 kB
build/server/assets/yomogi-31-400-normal.woff2                          30.47 kB
build/server/assets/noto-sans-jp-55-100-normal.woff                     30.48 kB
build/server/assets/noto-serif-jp-54-400-normal.woff2                   30.50 kB
build/server/assets/yomogi-7-400-normal.woff2                           30.51 kB
build/server/assets/noto-sans-jp-51-500-normal.woff2                    30.51 kB
build/server/assets/yomogi-34-400-normal.woff2                          30.53 kB
build/server/assets/yomogi-39-400-normal.woff2                          30.53 kB
build/server/assets/noto-sans-jp-46-400-normal.woff2                    30.58 kB
build/server/assets/noto-sans-jp-55-900-normal.woff                     30.58 kB
build/server/assets/noto-sans-jp-51-600-normal.woff2                    30.58 kB
build/server/assets/noto-sans-jp-55-500-normal.woff                     30.62 kB
build/server/assets/noto-sans-jp-51-800-normal.woff2                    30.64 kB
build/server/assets/noto-sans-jp-55-600-normal.woff                     30.64 kB
build/server/assets/noto-sans-jp-51-700-normal.woff2                    30.65 kB
build/server/assets/noto-sans-jp-50-100-normal.woff2                    30.65 kB
build/server/assets/noto-sans-jp-55-700-normal.woff                     30.66 kB
build/server/assets/noto-sans-jp-55-400-normal.woff                     30.67 kB
build/server/assets/noto-sans-jp-55-200-normal.woff                     30.68 kB
build/server/assets/noto-sans-jp-20-100-normal.woff2                    30.69 kB
build/server/assets/noto-sans-jp-55-800-normal.woff                     30.71 kB
build/server/assets/noto-sans-jp-55-300-normal.woff                     30.71 kB
build/server/assets/yomogi-40-400-normal.woff                           30.76 kB
build/server/assets/noto-serif-jp-54-500-normal.woff2                   30.78 kB
build/server/assets/m-plus-rounded-1c-55-700-normal.woff2               30.79 kB
build/server/assets/m-plus-rounded-1c-55-800-normal.woff2               30.90 kB
build/server/assets/m-plus-rounded-1c-latin-900-normal.woff             30.90 kB
build/server/assets/noto-sans-jp-36-100-normal.woff2                    30.92 kB
build/server/assets/noto-sans-jp-46-500-normal.woff2                    30.93 kB
build/server/assets/noto-sans-jp-46-900-normal.woff2                    30.95 kB
build/server/assets/m-plus-2-47-wght-normal.woff2                       30.98 kB
build/server/assets/m-plus-2-44-wght-normal.woff2                       31.00 kB
build/server/assets/noto-sans-jp-49-100-normal.woff2                    31.00 kB
build/server/assets/noto-sans-jp-46-600-normal.woff2                    31.06 kB
build/server/assets/noto-serif-jp-54-700-normal.woff2                   31.06 kB
build/server/assets/noto-serif-jp-54-800-normal.woff2                   31.08 kB
build/server/assets/noto-sans-jp-46-700-normal.woff2                    31.10 kB
build/server/assets/m-plus-2-41-wght-normal.woff2                       31.13 kB
build/server/assets/m-plus-rounded-1c-latin-300-normal.woff             31.16 kB
build/server/assets/yomogi-37-400-normal.woff                           31.22 kB
build/server/assets/noto-sans-jp-46-800-normal.woff2                    31.24 kB
build/server/assets/m-plus-rounded-1c-latin-500-normal.woff             31.26 kB
build/server/assets/yomogi-22-400-normal.woff                           31.34 kB
build/server/assets/noto-sans-jp-40-100-normal.woff2                    31.40 kB
build/server/assets/m-plus-rounded-1c-latin-400-normal.woff             31.40 kB
build/server/assets/yomogi-16-400-normal.woff                           31.40 kB
build/server/assets/noto-sans-jp-49-200-normal.woff2                    31.42 kB
build/server/assets/noto-sans-jp-50-200-normal.woff2                    31.43 kB
build/server/assets/noto-sans-jp-33-100-normal.woff2                    31.53 kB
build/server/assets/noto-sans-jp-20-200-normal.woff2                    31.57 kB
build/server/assets/noto-sans-jp-12-100-normal.woff2                    31.64 kB
build/server/assets/noto-sans-jp-50-300-normal.woff2                    31.64 kB
build/server/assets/noto-sans-jp-49-300-normal.woff2                    31.70 kB
build/server/assets/noto-serif-jp-53-200-normal.woff                    31.70 kB
build/server/assets/m-plus-2-23-wght-normal.woff2                       31.77 kB
build/server/assets/noto-serif-jp-56-200-normal.woff                    31.77 kB
build/server/assets/noto-sans-jp-27-100-normal.woff2                    31.82 kB
build/server/assets/m-plus-rounded-1c-55-100-normal.woff                31.90 kB
build/server/assets/yomogi-21-400-normal.woff                           31.91 kB
build/server/assets/m-plus-rounded-1c-latin-800-normal.woff             31.96 kB
build/server/assets/noto-sans-jp-20-300-normal.woff2                    32.02 kB
build/server/assets/m-plus-rounded-1c-latin-ext-100-normal.woff2        32.04 kB
build/server/assets/m-plus-2-latin-wght-normal.woff2                    32.08 kB
build/server/assets/noto-sans-jp-36-200-normal.woff2                    32.10 kB
build/server/assets/noto-serif-jp-56-300-normal.woff                    32.12 kB
build/server/assets/m-plus-rounded-1c-latin-700-normal.woff             32.15 kB
build/server/assets/noto-sans-jp-42-100-normal.woff2                    32.16 kB
build/server/assets/noto-serif-jp-56-400-normal.woff                    32.17 kB
build/server/assets/noto-sans-jp-49-400-normal.woff2                    32.17 kB
build/server/assets/noto-serif-jp-56-500-normal.woff                    32.26 kB
build/server/assets/yomogi-9-400-normal.woff                            32.26 kB
build/server/assets/noto-sans-jp-50-400-normal.woff2                    32.30 kB
build/server/assets/noto-serif-jp-56-600-normal.woff                    32.36 kB
build/server/assets/noto-serif-jp-3-200-normal.woff2                    32.36 kB
build/server/assets/noto-sans-jp-36-300-normal.woff2                    32.40 kB
build/server/assets/yomogi-32-400-normal.woff                           32.40 kB
build/server/assets/noto-sans-jp-49-500-normal.woff2                    32.41 kB
build/server/assets/yomogi-17-400-normal.woff                           32.43 kB
build/server/assets/noto-sans-jp-49-600-normal.woff2                    32.50 kB
build/server/assets/noto-serif-jp-56-900-normal.woff                    32.50 kB
build/server/assets/noto-sans-jp-49-700-normal.woff2                    32.56 kB
build/server/assets/noto-serif-jp-56-700-normal.woff                    32.58 kB
build/server/assets/noto-serif-jp-53-900-normal.woff                    32.59 kB
build/server/assets/noto-serif-jp-56-800-normal.woff                    32.62 kB
build/server/assets/noto-sans-jp-50-900-normal.woff2                    32.62 kB
build/server/assets/noto-sans-jp-20-400-normal.woff2                    32.64 kB
build/server/assets/noto-sans-jp-49-900-normal.woff2                    32.66 kB
build/server/assets/noto-sans-jp-50-500-normal.woff2                    32.70 kB
build/server/assets/noto-sans-jp-50-600-normal.woff2                    32.70 kB
build/server/assets/noto-sans-jp-40-200-normal.woff2                    32.74 kB
build/server/assets/noto-sans-jp-49-800-normal.woff2                    32.78 kB
build/server/assets/noto-sans-jp-50-700-normal.woff2                    32.81 kB
build/server/assets/noto-sans-jp-50-800-normal.woff2                    32.87 kB
build/server/assets/noto-serif-jp-53-300-normal.woff                    32.88 kB
build/server/assets/yomogi-35-400-normal.woff                           32.90 kB
build/server/assets/noto-sans-jp-40-300-normal.woff2                    32.95 kB
build/server/assets/m-plus-2-35-wght-normal.woff2                       32.96 kB
build/server/assets/noto-sans-jp-36-900-normal.woff2                    32.98 kB
build/server/assets/noto-serif-jp-53-400-normal.woff                    33.00 kB
build/server/assets/noto-sans-jp-20-500-normal.woff2                    33.04 kB
build/server/assets/noto-sans-jp-36-400-normal.woff2                    33.07 kB
build/server/assets/yomogi-10-400-normal.woff                           33.16 kB
build/server/assets/noto-sans-jp-42-200-normal.woff2                    33.19 kB
build/server/assets/noto-sans-jp-20-600-normal.woff2                    33.24 kB
build/server/assets/noto-sans-jp-27-200-normal.woff2                    33.26 kB
build/server/assets/noto-sans-jp-33-200-normal.woff2                    33.28 kB
build/server/assets/noto-sans-jp-26-100-normal.woff2                    33.28 kB
build/server/assets/noto-sans-jp-20-900-normal.woff2                    33.29 kB
build/server/assets/noto-sans-jp-20-700-normal.woff2                    33.32 kB
build/server/assets/noto-sans-jp-36-500-normal.woff2                    33.32 kB
build/server/assets/noto-serif-jp-53-500-normal.woff                    33.33 kB
build/server/assets/yomogi-23-400-normal.woff2                          33.36 kB
build/server/assets/noto-sans-jp-42-300-normal.woff2                    33.40 kB
build/server/assets/noto-serif-jp-53-800-normal.woff                    33.44 kB
build/server/assets/noto-sans-jp-47-100-normal.woff2                    33.45 kB
build/server/assets/noto-serif-jp-53-600-normal.woff                    33.45 kB
build/server/assets/noto-sans-jp-20-800-normal.woff2                    33.47 kB
build/server/assets/noto-sans-jp-36-600-normal.woff2                    33.48 kB
build/server/assets/noto-sans-jp-36-700-normal.woff2                    33.51 kB
build/server/assets/noto-sans-jp-36-800-normal.woff2                    33.52 kB
build/server/assets/noto-sans-jp-45-100-normal.woff2                    33.54 kB
build/server/assets/yomogi-19-400-normal.woff                           33.54 kB
build/server/assets/noto-sans-jp-40-400-normal.woff2                    33.58 kB
build/server/assets/noto-sans-jp-27-300-normal.woff2                    33.72 kB
build/server/assets/yomogi-6-400-normal.woff                            33.79 kB
build/server/assets/noto-serif-jp-53-700-normal.woff                    33.81 kB
build/server/assets/noto-sans-jp-40-900-normal.woff2                    33.82 kB
build/server/assets/noto-sans-jp-43-100-normal.woff2                    33.85 kB
build/server/assets/noto-sans-jp-40-500-normal.woff2                    33.87 kB
build/server/assets/yomogi-41-400-normal.woff                           33.87 kB
build/server/assets/noto-sans-jp-28-100-normal.woff2                    33.94 kB
build/server/assets/noto-serif-jp-3-900-normal.woff2                    33.96 kB
build/server/assets/noto-sans-jp-33-300-normal.woff2                    33.97 kB
build/server/assets/noto-sans-jp-40-600-normal.woff2                    34.00 kB
build/server/assets/yomogi-8-400-normal.woff                            34.00 kB
build/server/assets/noto-sans-jp-12-200-normal.woff2                    34.03 kB
build/server/assets/yomogi-30-400-normal.woff                           34.07 kB
build/server/assets/noto-sans-jp-40-700-normal.woff2                    34.08 kB
build/server/assets/noto-sans-jp-35-100-normal.woff2                    34.14 kB
build/server/assets/noto-sans-jp-42-400-normal.woff2                    34.15 kB
build/server/assets/noto-sans-jp-12-900-normal.woff2                    34.16 kB
build/server/assets/noto-serif-jp-3-300-normal.woff2                    34.17 kB
build/server/assets/noto-sans-jp-13-100-normal.woff2                    34.21 kB
build/server/assets/noto-sans-jp-27-400-normal.woff2                    34.30 kB
build/server/assets/noto-sans-jp-16-100-normal.woff2                    34.31 kB
build/server/assets/noto-sans-jp-27-900-normal.woff2                    34.33 kB
build/server/assets/noto-sans-jp-40-800-normal.woff2                    34.34 kB
build/server/assets/yomogi-25-400-normal.woff                           34.35 kB
build/server/assets/noto-sans-jp-42-500-normal.woff2                    34.49 kB
build/server/assets/noto-sans-jp-12-300-normal.woff2                    34.57 kB
build/server/assets/noto-sans-jp-45-200-normal.woff2                    34.59 kB
build/server/assets/noto-sans-jp-33-900-normal.woff2                    34.60 kB
build/server/assets/noto-serif-jp-3-400-normal.woff2                    34.62 kB
build/server/assets/noto-sans-jp-47-200-normal.woff2                    34.62 kB
build/server/assets/noto-sans-jp-26-200-normal.woff2                    34.63 kB
build/server/assets/noto-sans-jp-42-900-normal.woff2                    34.63 kB
build/server/assets/noto-sans-jp-38-100-normal.woff2                    34.66 kB
build/server/assets/noto-sans-jp-27-500-normal.woff2                    34.67 kB
build/server/assets/noto-sans-jp-42-600-normal.woff2                    34.78 kB
build/server/assets/noto-sans-jp-33-400-normal.woff2                    34.81 kB
build/server/assets/yomogi-24-400-normal.woff                           34.82 kB
build/server/assets/noto-sans-jp-42-700-normal.woff2                    34.82 kB
build/server/assets/noto-sans-jp-45-300-normal.woff2                    34.85 kB
build/server/assets/noto-sans-jp-27-600-normal.woff2                    34.86 kB
build/server/assets/noto-serif-jp-3-600-normal.woff2                    34.91 kB
build/server/assets/noto-sans-jp-42-800-normal.woff2                    34.92 kB
build/server/assets/noto-sans-jp-27-700-normal.woff2                    34.95 kB
build/server/assets/noto-sans-jp-27-800-normal.woff2                    34.99 kB
build/server/assets/noto-serif-jp-3-500-normal.woff2                    35.00 kB
build/server/assets/noto-sans-jp-21-100-normal.woff2                    35.01 kB
build/server/assets/noto-sans-jp-26-300-normal.woff2                    35.04 kB
build/server/assets/noto-sans-jp-47-300-normal.woff2                    35.06 kB
build/server/assets/noto-sans-jp-14-100-normal.woff2                    35.09 kB
build/server/assets/noto-sans-jp-1-100-normal.woff2                     35.27 kB
build/server/assets/noto-sans-jp-32-100-normal.woff2                    35.27 kB
build/server/assets/noto-sans-jp-33-500-normal.woff2                    35.34 kB
build/server/assets/noto-sans-jp-12-400-normal.woff2                    35.36 kB
build/server/assets/noto-serif-jp-3-700-normal.woff2                    35.38 kB
build/server/assets/noto-serif-jp-3-800-normal.woff2                    35.39 kB
build/server/assets/noto-sans-jp-33-600-normal.woff2                    35.40 kB
build/server/assets/noto-sans-jp-45-400-normal.woff2                    35.41 kB
build/server/assets/noto-sans-jp-38-200-normal.woff2                    35.46 kB
build/server/assets/yomogi-7-400-normal.woff                            35.52 kB
build/server/assets/m-plus-rounded-1c-latin-ext-900-normal.woff2        35.56 kB
build/server/assets/noto-sans-jp-33-700-normal.woff2                    35.56 kB
build/server/assets/noto-sans-jp-33-800-normal.woff2                    35.60 kB
build/server/assets/noto-sans-jp-35-200-normal.woff2                    35.63 kB
build/server/assets/noto-sans-jp-38-300-normal.woff2                    35.68 kB
build/server/assets/noto-sans-jp-26-900-normal.woff2                    35.68 kB
build/server/assets/noto-sans-jp-43-200-normal.woff2                    35.70 kB
build/server/assets/noto-sans-jp-26-400-normal.woff2                    35.74 kB
build/server/assets/noto-sans-jp-47-400-normal.woff2                    35.74 kB
build/server/assets/noto-sans-jp-48-100-normal.woff2                    35.74 kB
build/server/assets/noto-sans-jp-35-300-normal.woff2                    35.80 kB
build/server/assets/noto-sans-jp-12-500-normal.woff2                    35.83 kB
build/server/assets/noto-sans-jp-16-200-normal.woff2                    35.83 kB
build/server/assets/noto-sans-jp-45-500-normal.woff2                    35.85 kB
build/server/assets/noto-sans-jp-12-800-normal.woff2                    35.85 kB
build/server/assets/noto-sans-jp-12-600-normal.woff2                    35.90 kB
build/server/assets/noto-sans-jp-12-700-normal.woff2                    35.94 kB
build/server/assets/noto-sans-jp-47-500-normal.woff2                    35.96 kB
build/server/assets/m-plus-2-48-wght-normal.woff2                       35.97 kB
build/server/assets/noto-sans-jp-45-900-normal.woff2                    35.98 kB
build/server/assets/noto-sans-jp-45-600-normal.woff2                    35.98 kB
build/server/assets/noto-serif-jp-54-900-normal.woff                    36.00 kB
build/server/assets/yomogi-15-400-normal.woff                           36.03 kB
build/server/assets/yomogi-11-400-normal.woff                           36.04 kB
build/server/assets/noto-sans-jp-45-700-normal.woff2                    36.05 kB
build/server/assets/noto-serif-jp-54-200-normal.woff                    36.05 kB
build/server/assets/noto-sans-jp-47-900-normal.woff2                    36.07 kB
build/server/assets/noto-sans-jp-44-100-normal.woff2                    36.14 kB
build/server/assets/noto-sans-jp-26-500-normal.woff2                    36.18 kB
build/server/assets/m-plus-rounded-1c-latin-ext-300-normal.woff2        36.20 kB
build/server/assets/noto-sans-jp-1-200-normal.woff2                     36.20 kB
build/server/assets/noto-sans-jp-22-100-normal.woff2                    36.22 kB
build/server/assets/noto-sans-jp-45-800-normal.woff2                    36.22 kB
build/server/assets/noto-sans-jp-47-600-normal.woff2                    36.24 kB
build/server/assets/yomogi-34-400-normal.woff                           36.24 kB
build/server/assets/noto-sans-jp-43-300-normal.woff2                    36.27 kB
build/server/assets/noto-sans-jp-28-900-normal.woff2                    36.31 kB
build/server/assets/noto-sans-jp-10-100-normal.woff2                    36.32 kB
build/server/assets/yomogi-31-400-normal.woff                           36.36 kB
build/server/assets/noto-sans-jp-26-600-normal.woff2                    36.38 kB
build/server/assets/noto-sans-jp-26-700-normal.woff2                    36.38 kB
build/server/assets/noto-sans-jp-1-300-normal.woff2                     36.40 kB
build/server/assets/noto-sans-jp-16-300-normal.woff2                    36.42 kB
build/server/assets/noto-sans-jp-38-400-normal.woff2                    36.44 kB
build/server/assets/noto-sans-jp-28-200-normal.woff2                    36.44 kB
build/server/assets/noto-sans-jp-47-700-normal.woff2                    36.44 kB
build/server/assets/noto-sans-jp-35-400-normal.woff2                    36.44 kB
build/server/assets/noto-sans-jp-37-100-normal.woff2                    36.45 kB
build/server/assets/noto-sans-jp-26-800-normal.woff2                    36.46 kB
build/server/assets/noto-sans-jp-47-800-normal.woff2                    36.48 kB
build/server/assets/noto-sans-jp-48-200-normal.woff2                    36.53 kB
build/server/assets/noto-serif-jp-55-200-normal.woff                    36.54 kB
build/server/assets/noto-sans-jp-16-900-normal.woff2                    36.56 kB
build/server/assets/noto-sans-jp-119-100-normal.woff2                   36.57 kB
build/server/assets/noto-sans-jp-35-900-normal.woff2                    36.57 kB
build/server/assets/noto-sans-jp-11-100-normal.woff2                    36.62 kB
build/server/assets/noto-sans-jp-38-900-normal.woff2                    36.62 kB
build/server/assets/noto-sans-jp-43-900-normal.woff2                    36.67 kB
build/server/assets/noto-sans-jp-52-600-normal.woff2                    36.72 kB
build/server/assets/m-plus-rounded-1c-latin-ext-400-normal.woff2        36.73 kB
build/server/assets/noto-sans-jp-9-100-normal.woff2                     36.79 kB
build/server/assets/noto-sans-jp-48-300-normal.woff2                    36.79 kB
build/server/assets/noto-sans-jp-13-200-normal.woff2                    36.80 kB
build/server/assets/noto-sans-jp-38-500-normal.woff2                    36.84 kB
build/server/assets/yomogi-39-400-normal.woff                           36.84 kB
build/server/assets/noto-sans-jp-21-200-normal.woff2                    36.85 kB
build/server/assets/noto-sans-jp-28-300-normal.woff2                    36.89 kB
build/server/assets/m-plus-rounded-1c-latin-ext-500-normal.woff2        36.90 kB
build/server/assets/noto-sans-jp-39-100-normal.woff2                    36.90 kB
build/server/assets/noto-sans-jp-38-600-normal.woff2                    36.92 kB
build/server/assets/noto-sans-jp-35-500-normal.woff2                    36.93 kB
build/server/assets/noto-sans-jp-14-200-normal.woff2                    36.97 kB
build/server/assets/noto-sans-jp-16-400-normal.woff2                    36.99 kB
build/server/assets/noto-sans-jp-38-800-normal.woff2                    37.02 kB
build/server/assets/m-plus-rounded-1c-55-300-normal.woff                37.04 kB
build/server/assets/noto-sans-jp-38-700-normal.woff2                    37.06 kB
build/server/assets/noto-sans-jp-43-400-normal.woff2                    37.08 kB
build/server/assets/noto-sans-jp-44-200-normal.woff2                    37.10 kB
build/server/assets/noto-sans-jp-35-700-normal.woff2                    37.10 kB
build/server/assets/noto-sans-jp-35-600-normal.woff2                    37.12 kB
build/server/assets/noto-sans-jp-32-200-normal.woff2                    37.13 kB
build/server/assets/noto-sans-jp-1-400-normal.woff2                     37.16 kB
build/server/assets/noto-sans-jp-28-400-normal.woff2                    37.25 kB
build/server/assets/noto-sans-jp-21-900-normal.woff2                    37.25 kB
build/server/assets/noto-sans-jp-35-800-normal.woff2                    37.27 kB
build/server/assets/noto-serif-jp-55-300-normal.woff                    37.30 kB
build/server/assets/m-plus-rounded-1c-latin-ext-700-normal.woff2        37.33 kB
build/server/assets/noto-sans-jp-52-200-normal.woff2                    37.33 kB
build/server/assets/noto-sans-jp-16-500-normal.woff2                    37.40 kB
build/server/assets/noto-sans-jp-48-400-normal.woff2                    37.41 kB
build/server/assets/noto-sans-jp-14-300-normal.woff2                    37.42 kB
build/server/assets/noto-serif-jp-55-400-normal.woff                    37.42 kB
build/server/assets/noto-sans-jp-16-600-normal.woff2                    37.43 kB
build/server/assets/noto-sans-jp-41-100-normal.woff2                    37.44 kB
build/server/assets/noto-sans-jp-21-300-normal.woff2                    37.44 kB
build/server/assets/noto-sans-jp-44-300-normal.woff2                    37.44 kB
build/server/assets/noto-sans-jp-18-100-normal.woff2                    37.46 kB
build/server/assets/noto-sans-jp-13-300-normal.woff2                    37.57 kB
build/server/assets/noto-serif-jp-55-500-normal.woff                    37.58 kB
build/server/assets/noto-sans-jp-37-200-normal.woff2                    37.60 kB
build/server/assets/noto-sans-jp-43-500-normal.woff2                    37.61 kB
build/server/assets/noto-sans-jp-1-500-normal.woff2                     37.61 kB
build/server/assets/noto-sans-jp-16-700-normal.woff2                    37.61 kB
build/server/assets/noto-sans-jp-16-800-normal.woff2                    37.62 kB
build/server/assets/noto-sans-jp-52-300-normal.woff2                    37.64 kB
build/server/assets/noto-sans-jp-43-600-normal.woff2                    37.66 kB
build/server/assets/noto-sans-jp-23-100-normal.woff2                    37.66 kB
build/server/assets/noto-sans-jp-51-100-normal.woff                     37.66 kB
build/server/assets/noto-serif-jp-55-600-normal.woff                    37.66 kB
build/server/assets/noto-sans-jp-1-700-normal.woff2                     37.67 kB
build/server/assets/noto-sans-jp-1-600-normal.woff2                     37.68 kB
build/server/assets/noto-sans-jp-29-100-normal.woff2                    37.70 kB
build/server/assets/m-plus-rounded-1c-latin-ext-800-normal.woff2        37.71 kB
build/server/assets/noto-sans-jp-1-900-normal.woff2                     37.71 kB
build/server/assets/noto-sans-jp-22-200-normal.woff2                    37.77 kB
build/server/assets/noto-sans-jp-43-800-normal.woff2                    37.78 kB
build/server/assets/noto-sans-jp-48-500-normal.woff2                    37.78 kB
build/server/assets/noto-sans-jp-32-300-normal.woff2                    37.80 kB
build/server/assets/noto-sans-jp-51-900-normal.woff                     37.83 kB
build/server/assets/noto-sans-jp-52-800-normal.woff2                    37.83 kB
build/server/assets/noto-sans-jp-43-700-normal.woff2                    37.84 kB
build/server/assets/noto-sans-jp-48-900-normal.woff2                    37.86 kB
build/server/assets/noto-sans-jp-48-600-normal.woff2                    37.88 kB
build/server/assets/noto-sans-jp-1-800-normal.woff2                     37.90 kB
build/server/assets/noto-sans-jp-28-500-normal.woff2                    37.92 kB
build/server/assets/noto-serif-jp-55-900-normal.woff                    37.92 kB
build/server/assets/noto-sans-jp-52-400-normal.woff2                    38.01 kB
build/server/assets/noto-serif-jp-54-600-normal.woff                    38.02 kB
build/server/assets/noto-sans-jp-37-300-normal.woff2                    38.02 kB
build/server/assets/noto-sans-jp-48-700-normal.woff2                    38.03 kB
build/server/assets/noto-sans-jp-13-900-normal.woff2                    38.05 kB
build/server/assets/noto-sans-jp-28-600-normal.woff2                    38.11 kB
build/server/assets/noto-sans-jp-28-700-normal.woff2                    38.13 kB
build/server/assets/noto-sans-jp-21-400-normal.woff2                    38.13 kB
build/server/assets/noto-sans-jp-28-800-normal.woff2                    38.14 kB
build/server/assets/noto-serif-jp-55-700-normal.woff                    38.14 kB
build/server/assets/m-plus-rounded-1c-55-900-normal.woff                38.20 kB
build/server/assets/noto-sans-jp-4-100-normal.woff2                     38.22 kB
build/server/assets/noto-serif-jp-55-800-normal.woff                    38.22 kB
build/server/assets/noto-sans-jp-48-800-normal.woff2                    38.24 kB
build/server/assets/noto-serif-jp-54-800-normal.woff                    38.24 kB
build/server/assets/noto-sans-jp-52-500-normal.woff2                    38.25 kB
build/server/assets/m-plus-rounded-1c-55-400-normal.woff                38.25 kB
build/server/assets/noto-sans-jp-25-100-normal.woff2                    38.26 kB
build/server/assets/noto-sans-jp-51-400-normal.woff                     38.26 kB
build/server/assets/noto-sans-jp-51-700-normal.woff                     38.26 kB
build/server/assets/noto-sans-jp-22-300-normal.woff2                    38.30 kB
build/server/assets/noto-sans-jp-44-400-normal.woff2                    38.32 kB
build/server/assets/noto-sans-jp-8-100-normal.woff2                     38.34 kB
build/server/assets/noto-sans-jp-51-600-normal.woff                     38.35 kB
build/server/assets/noto-sans-jp-21-500-normal.woff2                    38.38 kB
build/server/assets/noto-serif-jp-54-300-normal.woff                    38.40 kB
build/server/assets/noto-sans-jp-51-800-normal.woff                     38.40 kB
build/server/assets/noto-sans-jp-51-500-normal.woff                     38.42 kB
build/server/assets/noto-serif-jp-36-200-normal.woff2                   38.44 kB
build/server/assets/noto-sans-jp-39-200-normal.woff2                    38.45 kB
build/server/assets/noto-sans-jp-21-600-normal.woff2                    38.47 kB
build/server/assets/noto-sans-jp-11-200-normal.woff2                    38.48 kB
build/server/assets/noto-serif-jp-54-400-normal.woff                    38.48 kB
build/server/assets/noto-sans-jp-51-200-normal.woff                     38.49 kB
build/server/assets/noto-serif-jp-54-700-normal.woff                    38.50 kB
build/server/assets/noto-sans-jp-14-400-normal.woff2                    38.53 kB
build/server/assets/noto-sans-jp-51-300-normal.woff                     38.53 kB
build/server/assets/noto-sans-jp-13-400-normal.woff2                    38.54 kB
build/server/assets/noto-sans-jp-21-800-normal.woff2                    38.54 kB
build/server/assets/m-plus-rounded-1c-55-500-normal.woff                38.57 kB
build/server/assets/noto-sans-jp-10-200-normal.woff2                    38.58 kB
build/server/assets/noto-sans-jp-14-900-normal.woff2                    38.58 kB
build/server/assets/noto-serif-jp-54-500-normal.woff                    38.61 kB
build/server/assets/noto-sans-jp-52-700-normal.woff2                    38.64 kB
build/server/assets/noto-sans-jp-44-500-normal.woff2                    38.65 kB
build/server/assets/noto-sans-jp-21-700-normal.woff2                    38.67 kB
build/server/assets/noto-sans-jp-32-400-normal.woff2                    38.68 kB
build/server/assets/noto-sans-jp-7-100-normal.woff2                     38.70 kB
build/server/assets/noto-sans-jp-41-200-normal.woff2                    38.71 kB
build/server/assets/noto-sans-jp-37-400-normal.woff2                    38.71 kB
build/server/assets/noto-sans-jp-39-300-normal.woff2                    38.75 kB
build/server/assets/noto-sans-jp-23-200-normal.woff2                    38.76 kB
build/server/assets/noto-sans-jp-44-900-normal.woff2                    38.78 kB
build/server/assets/noto-sans-jp-11-900-normal.woff2                    38.79 kB
build/server/assets/noto-sans-jp-44-600-normal.woff2                    38.84 kB
build/server/assets/noto-sans-jp-44-700-normal.woff2                    38.91 kB
build/server/assets/noto-sans-jp-22-900-normal.woff2                    38.91 kB
build/server/assets/noto-sans-jp-14-500-normal.woff2                    38.95 kB
build/server/assets/noto-sans-jp-10-300-normal.woff2                    38.95 kB
build/server/assets/noto-sans-jp-11-300-normal.woff2                    38.98 kB
build/server/assets/noto-sans-jp-9-200-normal.woff2                     39.00 kB
build/server/assets/noto-sans-jp-37-900-normal.woff2                    39.02 kB
build/server/assets/noto-sans-jp-44-800-normal.woff2                    39.05 kB
build/server/assets/noto-sans-jp-32-900-normal.woff2                    39.06 kB
build/server/assets/noto-sans-jp-41-300-normal.woff2                    39.08 kB
build/server/assets/noto-sans-jp-29-200-normal.woff2                    39.09 kB
build/server/assets/noto-sans-jp-22-400-normal.woff2                    39.10 kB
build/server/assets/noto-sans-jp-14-600-normal.woff2                    39.10 kB
build/server/assets/noto-sans-jp-30-100-normal.woff2                    39.14 kB
build/server/assets/noto-sans-jp-37-500-normal.woff2                    39.15 kB
build/server/assets/noto-sans-jp-23-300-normal.woff2                    39.16 kB
build/server/assets/noto-sans-jp-14-800-normal.woff2                    39.17 kB
build/server/assets/noto-sans-jp-13-500-normal.woff2                    39.18 kB
build/server/assets/noto-sans-jp-24-100-normal.woff2                    39.23 kB
build/server/assets/noto-sans-jp-13-600-normal.woff2                    39.24 kB
build/server/assets/noto-sans-jp-37-600-normal.woff2                    39.26 kB
build/server/assets/noto-sans-jp-14-700-normal.woff2                    39.26 kB
build/server/assets/noto-sans-jp-4-200-normal.woff2                     39.27 kB
build/server/assets/noto-sans-jp-18-200-normal.woff2                    39.38 kB
build/server/assets/noto-sans-jp-37-700-normal.woff2                    39.38 kB
build/server/assets/noto-serif-jp-50-200-normal.woff2                   39.42 kB
build/server/assets/noto-sans-jp-32-500-normal.woff2                    39.47 kB
build/server/assets/m-plus-rounded-1c-55-700-normal.woff                39.50 kB
build/server/assets/noto-sans-jp-9-300-normal.woff2                     39.50 kB
build/server/assets/noto-sans-jp-29-300-normal.woff2                    39.50 kB
build/server/assets/noto-sans-jp-13-800-normal.woff2                    39.51 kB
build/server/assets/noto-sans-jp-37-800-normal.woff2                    39.52 kB
build/server/assets/noto-serif-jp-51-200-normal.woff2                   39.53 kB
build/server/assets/yomogi-23-400-normal.woff                           39.54 kB
build/server/assets/noto-sans-jp-39-400-normal.woff2                    39.58 kB
build/server/assets/noto-sans-jp-17-100-normal.woff2                    39.60 kB
build/server/assets/noto-sans-jp-22-500-normal.woff2                    39.60 kB
build/server/assets/noto-sans-jp-4-300-normal.woff2                     39.64 kB
build/server/assets/m-plus-rounded-1c-55-800-normal.woff                39.64 kB
build/server/assets/noto-sans-jp-32-600-normal.woff2                    39.66 kB
build/server/assets/noto-sans-jp-32-700-normal.woff2                    39.67 kB
build/server/assets/noto-serif-jp-49-200-normal.woff2                   39.67 kB
build/server/assets/noto-sans-jp-13-700-normal.woff2                    39.67 kB
build/server/assets/noto-serif-jp-40-200-normal.woff2                   39.71 kB
build/server/assets/noto-sans-jp-46-100-normal.woff                     39.71 kB
build/server/assets/noto-sans-jp-22-600-normal.woff2                    39.73 kB
build/server/assets/noto-sans-jp-39-900-normal.woff2                    39.74 kB
build/server/assets/noto-sans-jp-10-900-normal.woff2                    39.76 kB
build/server/assets/noto-sans-jp-15-100-normal.woff2                    39.77 kB
build/server/assets/noto-sans-jp-32-800-normal.woff2                    39.78 kB
build/server/assets/noto-sans-jp-11-400-normal.woff2                    39.80 kB
build/server/assets/noto-sans-jp-23-400-normal.woff2                    39.82 kB
build/server/assets/noto-sans-jp-22-700-normal.woff2                    39.86 kB
build/server/assets/noto-sans-jp-9-900-normal.woff2                     39.86 kB
build/server/assets/noto-serif-jp-46-200-normal.woff2                   39.88 kB
build/server/assets/noto-sans-jp-22-800-normal.woff2                    39.96 kB
build/server/assets/noto-sans-jp-10-400-normal.woff2                    40.00 kB
build/server/assets/noto-sans-jp-41-400-normal.woff2                    40.00 kB
build/server/assets/noto-sans-jp-18-300-normal.woff2                    40.07 kB
build/server/assets/noto-sans-jp-39-500-normal.woff2                    40.07 kB
build/server/assets/noto-sans-jp-119-900-normal.woff2                   40.12 kB
build/server/assets/noto-sans-jp-23-900-normal.woff2                    40.18 kB
build/server/assets/noto-sans-jp-41-500-normal.woff2                    40.21 kB
build/server/assets/noto-sans-jp-11-500-normal.woff2                    40.23 kB
build/server/assets/noto-sans-jp-41-900-normal.woff2                    40.24 kB
build/server/assets/noto-sans-jp-11-700-normal.woff2                    40.25 kB
build/server/assets/noto-sans-jp-39-600-normal.woff2                    40.32 kB
build/server/assets/m-plus-2-119-wght-normal.woff2                      40.32 kB
build/server/assets/noto-sans-jp-11-800-normal.woff2                    40.32 kB
build/server/assets/noto-sans-jp-46-200-normal.woff                     40.37 kB
build/server/assets/noto-sans-jp-23-500-normal.woff2                    40.39 kB
build/server/assets/noto-sans-jp-11-600-normal.woff2                    40.40 kB
build/server/assets/noto-sans-jp-41-600-normal.woff2                    40.40 kB
build/server/assets/noto-sans-jp-4-400-normal.woff2                     40.43 kB
build/server/assets/noto-sans-jp-39-700-normal.woff2                    40.47 kB
build/server/assets/noto-sans-jp-9-400-normal.woff2                     40.47 kB
build/server/assets/noto-sans-jp-29-400-normal.woff2                    40.51 kB
build/server/assets/noto-sans-jp-10-500-normal.woff2                    40.55 kB
build/server/assets/noto-sans-jp-39-800-normal.woff2                    40.58 kB
build/server/assets/noto-sans-jp-8-200-normal.woff2                     40.58 kB
build/server/assets/noto-sans-jp-25-200-normal.woff2                    40.61 kB
build/server/assets/noto-sans-jp-23-600-normal.woff2                    40.61 kB
build/server/assets/noto-sans-jp-18-900-normal.woff2                    40.61 kB
build/server/assets/noto-sans-jp-41-700-normal.woff2                    40.62 kB
build/server/assets/noto-serif-jp-51-300-normal.woff2                   40.66 kB
build/server/assets/noto-sans-jp-29-900-normal.woff2                    40.67 kB
build/server/assets/noto-sans-jp-23-700-normal.woff2                    40.68 kB
build/server/assets/noto-sans-jp-46-900-normal.woff                     40.75 kB
build/server/assets/noto-sans-jp-41-800-normal.woff2                    40.76 kB
build/server/assets/noto-sans-jp-10-600-normal.woff2                    40.78 kB
build/server/assets/noto-sans-jp-23-800-normal.woff2                    40.78 kB
build/server/assets/noto-sans-jp-46-300-normal.woff                     40.78 kB
build/server/assets/noto-sans-jp-10-700-normal.woff2                    40.79 kB
build/server/assets/noto-sans-jp-9-500-normal.woff2                     40.80 kB
build/server/assets/noto-sans-jp-10-800-normal.woff2                    40.81 kB
build/server/assets/noto-serif-jp-20-200-normal.woff2                   40.86 kB
build/server/assets/noto-serif-jp-51-400-normal.woff2                   40.94 kB
build/server/assets/noto-sans-jp-4-500-normal.woff2                     40.94 kB
build/server/assets/noto-serif-jp-36-900-normal.woff2                   40.94 kB
build/server/assets/noto-sans-jp-46-400-normal.woff                     41.00 kB
build/server/assets/noto-sans-jp-30-200-normal.woff2                    41.00 kB
build/server/assets/noto-sans-jp-29-500-normal.woff2                    41.00 kB
build/server/assets/noto-sans-jp-46-800-normal.woff                     41.02 kB
build/server/assets/noto-sans-jp-8-900-normal.woff2                     41.04 kB
build/server/assets/noto-sans-jp-8-300-normal.woff2                     41.04 kB
build/server/assets/noto-sans-jp-46-500-normal.woff                     41.05 kB
build/server/assets/noto-sans-jp-9-600-normal.woff2                     41.06 kB
build/server/assets/noto-sans-jp-18-400-normal.woff2                    41.07 kB
build/server/assets/noto-serif-jp-52-200-normal.woff2                   41.08 kB
build/server/assets/noto-sans-jp-9-700-normal.woff2                     41.10 kB
build/server/assets/noto-sans-jp-46-600-normal.woff                     41.10 kB
build/server/assets/noto-sans-jp-46-700-normal.woff                     41.11 kB
build/server/assets/noto-serif-jp-3-200-normal.woff                     41.18 kB
build/server/assets/noto-sans-jp-4-600-normal.woff2                     41.18 kB
build/server/assets/noto-serif-jp-50-300-normal.woff2                   41.18 kB
build/server/assets/noto-sans-jp-29-600-normal.woff2                    41.18 kB
build/server/assets/noto-sans-jp-9-800-normal.woff2                     41.23 kB
build/server/assets/noto-sans-jp-4-700-normal.woff2                     41.24 kB
build/server/assets/noto-sans-jp-4-900-normal.woff2                     41.25 kB
build/server/assets/noto-serif-jp-51-900-normal.woff2                   41.25 kB
build/server/assets/noto-sans-jp-29-700-normal.woff2                    41.28 kB
build/server/assets/noto-serif-jp-51-500-normal.woff2                   41.29 kB
build/server/assets/noto-sans-jp-25-300-normal.woff2                    41.30 kB
build/server/assets/noto-sans-jp-17-200-normal.woff2                    41.38 kB
build/server/assets/noto-serif-jp-36-300-normal.woff2                   41.39 kB
build/server/assets/noto-sans-jp-15-200-normal.woff2                    41.39 kB
build/server/assets/noto-sans-jp-30-300-normal.woff2                    41.42 kB
build/server/assets/noto-sans-jp-4-800-normal.woff2                     41.44 kB
build/server/assets/noto-sans-jp-29-800-normal.woff2                    41.44 kB
build/server/assets/noto-serif-jp-51-600-normal.woff2                   41.47 kB
build/server/assets/noto-sans-jp-0-100-normal.woff2                     41.49 kB
build/server/assets/noto-serif-jp-52-900-normal.woff2                   41.50 kB
build/server/assets/noto-serif-jp-50-900-normal.woff2                   41.56 kB
build/server/assets/noto-sans-jp-119-200-normal.woff2                   41.57 kB
build/server/assets/noto-serif-jp-50-400-normal.woff2                   41.62 kB
build/server/assets/noto-serif-jp-51-700-normal.woff2                   41.62 kB
build/server/assets/noto-sans-jp-34-100-normal.woff2                    41.67 kB
build/server/assets/noto-sans-jp-50-100-normal.woff                     41.69 kB
build/server/assets/noto-sans-jp-18-600-normal.woff2                    41.71 kB
build/server/assets/noto-sans-jp-17-300-normal.woff2                    41.73 kB
build/server/assets/noto-sans-jp-15-300-normal.woff2                    41.76 kB
build/server/assets/noto-sans-jp-18-500-normal.woff2                    41.76 kB
build/server/assets/noto-sans-jp-31-100-normal.woff2                    41.78 kB
build/server/assets/noto-sans-jp-8-400-normal.woff2                     41.85 kB
build/server/assets/noto-sans-jp-30-900-normal.woff2                    41.86 kB
build/server/assets/noto-serif-jp-20-900-normal.woff2                   41.91 kB
build/server/assets/noto-serif-jp-50-500-normal.woff2                   41.92 kB
build/server/assets/noto-serif-jp-51-800-normal.woff2                   41.96 kB
build/server/assets/noto-sans-jp-50-300-normal.woff                     42.00 kB
build/server/assets/noto-serif-jp-47-200-normal.woff2                   42.00 kB
build/server/assets/noto-sans-jp-6-100-normal.woff2                     42.02 kB
build/server/assets/noto-sans-jp-25-900-normal.woff2                    42.05 kB
build/server/assets/noto-serif-jp-49-300-normal.woff2                   42.07 kB
build/server/assets/noto-sans-jp-119-300-normal.woff2                   42.10 kB
build/server/assets/noto-serif-jp-36-400-normal.woff2                   42.10 kB
build/server/assets/noto-sans-jp-8-500-normal.woff2                     42.11 kB
build/server/assets/noto-sans-jp-18-700-normal.woff2                    42.12 kB
build/server/assets/noto-sans-jp-50-700-normal.woff                     42.12 kB
build/server/assets/noto-sans-jp-50-900-normal.woff                     42.12 kB
build/server/assets/noto-serif-jp-50-600-normal.woff2                   42.14 kB
build/server/assets/noto-sans-jp-50-200-normal.woff                     42.14 kB
build/server/assets/noto-sans-jp-18-800-normal.woff2                    42.18 kB
build/server/assets/noto-serif-jp-46-300-normal.woff2                   42.19 kB
build/server/assets/noto-sans-jp-50-500-normal.woff                     42.19 kB
build/server/assets/noto-sans-jp-50-600-normal.woff                     42.20 kB
build/server/assets/noto-sans-jp-50-400-normal.woff                     42.21 kB
build/server/assets/noto-sans-jp-30-400-normal.woff2                    42.22 kB
build/server/assets/noto-sans-jp-8-600-normal.woff2                     42.31 kB
build/server/assets/noto-sans-jp-24-200-normal.woff2                    42.34 kB
build/server/assets/noto-serif-jp-40-300-normal.woff2                   42.34 kB
build/server/assets/noto-sans-jp-17-900-normal.woff2                    42.34 kB
build/server/assets/noto-sans-jp-50-800-normal.woff                     42.35 kB
build/server/assets/noto-sans-jp-5-100-normal.woff2                     42.36 kB
build/server/assets/noto-sans-jp-20-100-normal.woff                     42.36 kB
build/server/assets/noto-sans-jp-25-400-normal.woff2                    42.38 kB
build/server/assets/noto-sans-jp-7-200-normal.woff2                     42.46 kB
build/server/assets/noto-serif-jp-12-200-normal.woff2                   42.47 kB
build/server/assets/noto-sans-jp-8-800-normal.woff2                     42.56 kB
build/server/assets/noto-sans-jp-52-900-normal.woff                     42.57 kB
build/server/assets/noto-sans-jp-8-700-normal.woff2                     42.61 kB
build/server/assets/noto-serif-jp-50-700-normal.woff2                   42.63 kB
build/server/assets/noto-serif-jp-35-200-normal.woff2                   42.64 kB
build/server/assets/noto-sans-jp-17-400-normal.woff2                    42.68 kB
build/server/assets/noto-sans-jp-119-400-normal.woff2                   42.68 kB
build/server/assets/noto-sans-jp-119-600-normal.woff2                   42.70 kB
build/server/assets/noto-sans-jp-36-100-normal.woff                     42.70 kB
build/server/assets/noto-sans-jp-30-500-normal.woff2                    42.72 kB
build/server/assets/noto-serif-jp-49-400-normal.woff2                   42.72 kB
build/server/assets/noto-serif-jp-50-800-normal.woff2                   42.72 kB
build/server/assets/noto-sans-jp-0-200-normal.woff2                     42.73 kB
build/server/assets/noto-serif-jp-49-900-normal.woff2                   42.75 kB
build/server/assets/noto-sans-jp-49-100-normal.woff                     42.76 kB
build/server/assets/noto-sans-jp-25-500-normal.woff2                    42.80 kB
build/server/assets/noto-serif-jp-36-500-normal.woff2                   42.80 kB
build/server/assets/noto-serif-jp-46-400-normal.woff2                   42.81 kB
build/server/assets/noto-serif-jp-40-400-normal.woff2                   42.83 kB
build/server/assets/noto-sans-jp-15-400-normal.woff2                    42.83 kB
build/server/assets/noto-sans-jp-30-600-normal.woff2                    42.90 kB
build/server/assets/noto-sans-jp-119-500-normal.woff2                   42.91 kB
build/server/assets/noto-sans-jp-15-900-normal.woff2                    42.92 kB
build/server/assets/noto-serif-jp-3-900-normal.woff                     42.92 kB
build/server/assets/noto-serif-jp-36-600-normal.woff2                   42.96 kB
build/server/assets/noto-sans-jp-49-200-normal.woff                     43.00 kB
build/server/assets/noto-serif-jp-3-300-normal.woff                     43.01 kB
build/server/assets/noto-sans-jp-52-100-normal.woff                     43.04 kB
build/server/assets/noto-serif-jp-20-300-normal.woff2                   43.05 kB
build/server/assets/noto-serif-jp-46-900-normal.woff2                   43.05 kB
build/server/assets/noto-serif-jp-40-900-normal.woff2                   43.05 kB
build/server/assets/noto-sans-jp-30-800-normal.woff2                    43.06 kB
build/server/assets/noto-sans-jp-30-700-normal.woff2                    43.07 kB
build/server/assets/noto-sans-jp-49-300-normal.woff                     43.07 kB
build/server/assets/noto-sans-jp-25-600-normal.woff2                    43.09 kB
build/server/assets/noto-sans-jp-24-300-normal.woff2                    43.11 kB
build/server/assets/noto-sans-jp-0-300-normal.woff2                     43.14 kB
build/server/assets/noto-sans-jp-25-700-normal.woff2                    43.14 kB
build/server/assets/noto-sans-jp-7-300-normal.woff2                     43.14 kB
build/server/assets/noto-sans-jp-40-100-normal.woff                     43.16 kB
build/server/assets/noto-sans-jp-20-200-normal.woff                     43.16 kB
build/server/assets/noto-serif-jp-49-500-normal.woff2                   43.18 kB
build/server/assets/noto-sans-jp-49-400-normal.woff                     43.20 kB
build/server/assets/noto-sans-jp-49-600-normal.woff                     43.22 kB
build/server/assets/noto-serif-jp-36-700-normal.woff2                   43.22 kB
build/server/assets/noto-sans-jp-49-500-normal.woff                     43.23 kB
build/server/assets/noto-serif-jp-42-200-normal.woff2                   43.25 kB
build/server/assets/noto-serif-jp-40-500-normal.woff2                   43.26 kB
build/server/assets/noto-sans-jp-25-800-normal.woff2                    43.28 kB
build/server/assets/noto-sans-jp-7-900-normal.woff2                     43.28 kB
build/server/assets/noto-sans-jp-17-500-normal.woff2                    43.30 kB
build/server/assets/noto-sans-jp-36-900-normal.woff                     43.31 kB
build/server/assets/noto-serif-jp-49-600-normal.woff2                   43.32 kB
build/server/assets/noto-sans-jp-49-700-normal.woff                     43.33 kB
build/server/assets/noto-serif-jp-46-500-normal.woff2                   43.34 kB
build/server/assets/noto-sans-jp-15-500-normal.woff2                    43.35 kB
build/server/assets/noto-sans-jp-34-200-normal.woff2                    43.36 kB
build/server/assets/noto-sans-jp-19-100-normal.woff2                    43.37 kB
build/server/assets/noto-sans-jp-20-900-normal.woff                     43.37 kB
build/server/assets/noto-sans-jp-17-600-normal.woff2                    43.38 kB
build/server/assets/noto-serif-jp-3-400-normal.woff                     43.39 kB
build/server/assets/noto-sans-jp-49-800-normal.woff                     43.42 kB
build/server/assets/noto-serif-jp-40-600-normal.woff2                   43.42 kB
build/server/assets/noto-sans-jp-42-100-normal.woff                     43.43 kB
build/server/assets/noto-serif-jp-36-800-normal.woff2                   43.44 kB
build/server/assets/noto-sans-jp-20-300-normal.woff                     43.44 kB
build/server/assets/noto-sans-jp-49-900-normal.woff                     43.44 kB
build/server/assets/noto-sans-jp-33-100-normal.woff                     43.45 kB
build/server/assets/noto-sans-jp-15-600-normal.woff2                    43.49 kB
build/server/assets/noto-sans-jp-17-700-normal.woff2                    43.49 kB
build/server/assets/noto-serif-jp-3-600-normal.woff                     43.54 kB
build/server/assets/noto-sans-jp-20-800-normal.woff                     43.60 kB
build/server/assets/noto-serif-jp-3-500-normal.woff                     43.60 kB
build/server/assets/noto-sans-jp-17-800-normal.woff2                    43.63 kB
build/server/assets/noto-sans-jp-20-400-normal.woff                     43.63 kB
build/server/assets/noto-serif-jp-46-600-normal.woff2                   43.64 kB
build/server/assets/noto-sans-jp-15-700-normal.woff2                    43.64 kB
build/server/assets/noto-sans-jp-36-800-normal.woff                     43.66 kB
build/server/assets/noto-serif-jp-20-400-normal.woff2                   43.66 kB
build/server/assets/noto-sans-jp-36-200-normal.woff                     43.70 kB
build/server/assets/noto-sans-jp-36-400-normal.woff                     43.70 kB
build/server/assets/noto-sans-jp-34-300-normal.woff2                    43.71 kB
build/server/assets/noto-sans-jp-20-700-normal.woff                     43.71 kB
build/server/assets/noto-serif-jp-33-200-normal.woff2                   43.72 kB
build/server/assets/noto-sans-jp-20-500-normal.woff                     43.72 kB
build/server/assets/noto-sans-jp-15-800-normal.woff2                    43.74 kB
build/server/assets/noto-sans-jp-36-600-normal.woff                     43.74 kB
build/server/assets/noto-sans-jp-36-700-normal.woff                     43.76 kB
build/server/assets/noto-sans-jp-36-500-normal.woff                     43.77 kB
build/server/assets/noto-sans-jp-20-600-normal.woff                     43.78 kB
build/server/assets/noto-serif-jp-40-700-normal.woff2                   43.79 kB
build/server/assets/noto-sans-jp-36-300-normal.woff                     43.83 kB
build/server/assets/noto-sans-jp-0-400-normal.woff2                     43.84 kB
build/server/assets/noto-serif-jp-27-200-normal.woff2                   43.90 kB
build/server/assets/noto-serif-jp-49-700-normal.woff2                   44.00 kB
build/server/assets/noto-serif-jp-3-700-normal.woff                     44.04 kB
build/server/assets/noto-serif-jp-20-600-normal.woff2                   44.07 kB
build/server/assets/noto-sans-jp-27-100-normal.woff                     44.07 kB
build/server/assets/noto-serif-jp-20-500-normal.woff2                   44.08 kB
build/server/assets/noto-sans-jp-42-200-normal.woff                     44.08 kB
build/server/assets/noto-serif-jp-40-800-normal.woff2                   44.10 kB
build/server/assets/noto-serif-jp-3-800-normal.woff                     44.11 kB
build/server/assets/noto-sans-jp-24-900-normal.woff2                    44.13 kB
build/server/assets/noto-sans-jp-31-200-normal.woff2                    44.16 kB
build/server/assets/noto-serif-jp-49-800-normal.woff2                   44.23 kB
build/server/assets/noto-serif-jp-12-900-normal.woff2                   44.25 kB
build/server/assets/noto-sans-jp-40-200-normal.woff                     44.28 kB
build/server/assets/noto-serif-jp-46-700-normal.woff2                   44.30 kB
build/server/assets/noto-serif-jp-47-300-normal.woff2                   44.32 kB
build/server/assets/noto-serif-jp-43-200-normal.woff2                   44.35 kB
build/server/assets/noto-serif-jp-13-200-normal.woff2                   44.36 kB
build/server/assets/noto-sans-jp-119-800-normal.woff2                   44.39 kB
build/server/assets/noto-sans-jp-119-700-normal.woff2                   44.42 kB
build/server/assets/noto-sans-jp-42-300-normal.woff                     44.44 kB
build/server/assets/noto-sans-jp-5-200-normal.woff2                     44.44 kB
build/server/assets/noto-sans-jp-42-900-normal.woff                     44.45 kB
build/server/assets/noto-sans-jp-24-400-normal.woff2                    44.49 kB
build/server/assets/noto-sans-jp-7-400-normal.woff2                     44.50 kB
build/server/assets/noto-sans-jp-34-400-normal.woff2                    44.51 kB
build/server/assets/noto-sans-jp-0-500-normal.woff2                     44.55 kB
build/server/assets/noto-serif-jp-46-800-normal.woff2                   44.56 kB
build/server/assets/noto-sans-jp-40-300-normal.woff                     44.59 kB
build/server/assets/noto-sans-jp-42-400-normal.woff                     44.60 kB
build/server/assets/noto-serif-jp-20-700-normal.woff2                   44.61 kB
build/server/assets/noto-serif-jp-20-800-normal.woff2                   44.62 kB
build/server/assets/noto-sans-jp-40-900-normal.woff                     44.64 kB
build/server/assets/noto-sans-jp-42-800-normal.woff                     44.64 kB
build/server/assets/noto-sans-jp-0-900-normal.woff2                     44.68 kB
build/server/assets/noto-sans-jp-19-200-normal.woff2                    44.72 kB
build/server/assets/noto-sans-jp-42-500-normal.woff                     44.73 kB
build/server/assets/noto-sans-jp-0-600-normal.woff2                     44.73 kB
build/server/assets/noto-sans-jp-34-900-normal.woff2                    44.74 kB
build/server/assets/noto-sans-jp-42-600-normal.woff                     44.75 kB
build/server/assets/noto-serif-jp-47-400-normal.woff2                   44.76 kB
build/server/assets/noto-sans-jp-42-700-normal.woff                     44.78 kB
build/server/assets/noto-sans-jp-5-300-normal.woff2                     44.82 kB
build/server/assets/noto-sans-jp-6-900-normal.woff2                     44.82 kB
build/server/assets/noto-sans-jp-31-300-normal.woff2                    44.86 kB
build/server/assets/noto-sans-jp-47-100-normal.woff                     44.90 kB
build/server/assets/noto-serif-jp-119-900-normal.woff2                  44.92 kB
build/server/assets/noto-sans-jp-7-500-normal.woff2                     45.00 kB
build/server/assets/noto-sans-jp-0-700-normal.woff2                     45.02 kB
build/server/assets/noto-sans-jp-0-800-normal.woff2                     45.02 kB
build/server/assets/noto-sans-jp-27-200-normal.woff                     45.03 kB
build/server/assets/noto-serif-jp-16-200-normal.woff2                   45.05 kB
build/server/assets/noto-sans-jp-40-400-normal.woff                     45.10 kB
build/server/assets/noto-sans-jp-24-500-normal.woff2                    45.14 kB
build/server/assets/noto-sans-jp-33-900-normal.woff                     45.14 kB
build/server/assets/noto-sans-jp-27-900-normal.woff                     45.14 kB
build/server/assets/noto-serif-jp-35-900-normal.woff2                   45.16 kB
build/server/assets/noto-sans-jp-33-200-normal.woff                     45.17 kB
build/server/assets/noto-serif-jp-47-900-normal.woff2                   45.21 kB
build/server/assets/noto-sans-jp-19-300-normal.woff2                    45.23 kB
build/server/assets/noto-sans-jp-7-600-normal.woff2                     45.24 kB
build/server/assets/noto-serif-jp-27-900-normal.woff2                   45.26 kB
build/server/assets/noto-sans-jp-40-600-normal.woff                     45.28 kB
build/server/assets/noto-sans-jp-34-500-normal.woff2                    45.29 kB
build/server/assets/noto-serif-jp-47-500-normal.woff2                   45.30 kB
build/server/assets/noto-sans-jp-34-600-normal.woff2                    45.33 kB
build/server/assets/noto-sans-jp-40-500-normal.woff                     45.36 kB
build/server/assets/noto-sans-jp-31-900-normal.woff2                    45.38 kB
build/server/assets/noto-sans-jp-24-600-normal.woff2                    45.39 kB
build/server/assets/noto-serif-jp-28-200-normal.woff2                   45.40 kB
build/server/assets/noto-sans-jp-7-800-normal.woff2                     45.41 kB
build/server/assets/noto-sans-jp-45-100-normal.woff                     45.44 kB
build/server/assets/noto-sans-jp-24-700-normal.woff2                    45.45 kB
build/server/assets/noto-sans-jp-27-300-normal.woff                     45.46 kB
build/server/assets/noto-sans-jp-7-700-normal.woff2                     45.50 kB
build/server/assets/noto-sans-jp-40-700-normal.woff                     45.51 kB
build/server/assets/noto-sans-jp-5-900-normal.woff2                     45.52 kB
build/server/assets/noto-sans-jp-27-400-normal.woff                     45.53 kB
build/server/assets/noto-sans-jp-27-700-normal.woff                     45.55 kB
build/server/assets/noto-sans-jp-40-800-normal.woff                     45.55 kB
build/server/assets/noto-sans-jp-33-300-normal.woff                     45.57 kB
build/server/assets/noto-serif-jp-42-900-normal.woff2                   45.58 kB
build/server/assets/noto-sans-jp-24-800-normal.woff2                    45.63 kB
build/server/assets/noto-serif-jp-42-300-normal.woff2                   45.64 kB
build/server/assets/noto-serif-jp-47-600-normal.woff2                   45.64 kB
build/server/assets/noto-sans-jp-34-800-normal.woff2                    45.66 kB
build/server/assets/noto-sans-jp-27-500-normal.woff                     45.68 kB
build/server/assets/noto-sans-jp-27-800-normal.woff                     45.68 kB
build/server/assets/noto-sans-jp-34-700-normal.woff2                    45.70 kB
build/server/assets/noto-sans-jp-33-400-normal.woff                     45.70 kB
build/server/assets/noto-sans-jp-31-400-normal.woff2                    45.76 kB
build/server/assets/noto-serif-jp-33-900-normal.woff2                   45.81 kB
build/server/assets/noto-sans-jp-27-600-normal.woff                     45.81 kB
build/server/assets/noto-sans-jp-6-200-normal.woff2                     45.84 kB
build/server/assets/noto-sans-jp-5-400-normal.woff2                     45.86 kB
build/server/assets/noto-sans-jp-33-600-normal.woff                     45.87 kB
build/server/assets/noto-sans-jp-33-500-normal.woff                     45.93 kB
build/server/assets/noto-sans-jp-47-200-normal.woff                     45.96 kB
build/server/assets/noto-serif-jp-119-200-normal.woff2                  45.98 kB
build/server/assets/noto-sans-jp-33-700-normal.woff                     46.00 kB
build/server/assets/noto-sans-jp-33-800-normal.woff                     46.04 kB
build/server/assets/noto-serif-jp-47-700-normal.woff2                   46.08 kB
build/server/assets/noto-serif-jp-42-400-normal.woff2                   46.09 kB
build/server/assets/noto-sans-jp-12-100-normal.woff                     46.10 kB
build/server/assets/noto-sans-jp-45-200-normal.woff                     46.16 kB
build/server/assets/noto-sans-jp-47-300-normal.woff                     46.20 kB
build/server/assets/noto-sans-jp-19-400-normal.woff2                    46.21 kB
build/server/assets/noto-serif-jp-35-300-normal.woff2                   46.23 kB
build/server/assets/noto-serif-jp-27-300-normal.woff2                   46.24 kB
build/server/assets/noto-serif-jp-43-300-normal.woff2                   46.24 kB
build/server/assets/noto-sans-jp-5-500-normal.woff2                     46.31 kB
build/server/assets/noto-serif-jp-26-200-normal.woff2                   46.32 kB
build/server/assets/noto-serif-jp-47-800-normal.woff2                   46.41 kB
build/server/assets/noto-sans-jp-45-300-normal.woff                     46.44 kB
build/server/assets/noto-sans-jp-31-500-normal.woff2                    46.46 kB
build/server/assets/noto-sans-jp-47-400-normal.woff                     46.47 kB
build/server/assets/noto-sans-jp-47-600-normal.woff                     46.52 kB
build/server/assets/noto-sans-jp-47-500-normal.woff                     46.53 kB
build/server/assets/noto-sans-jp-6-300-normal.woff2                     46.54 kB
build/server/assets/noto-serif-jp-45-200-normal.woff2                   46.56 kB
build/server/assets/noto-sans-jp-5-600-normal.woff2                     46.56 kB
build/server/assets/noto-sans-jp-26-100-normal.woff                     46.56 kB
build/server/assets/noto-serif-jp-38-200-normal.woff2                   46.57 kB
build/server/assets/noto-sans-jp-47-700-normal.woff                     46.64 kB
build/server/assets/noto-sans-jp-31-600-normal.woff2                    46.65 kB
build/server/assets/noto-serif-jp-42-500-normal.woff2                   46.66 kB
build/server/assets/noto-sans-jp-31-800-normal.woff2                    46.68 kB
build/server/assets/noto-serif-jp-48-200-normal.woff2                   46.70 kB
build/server/assets/noto-serif-jp-16-900-normal.woff2                   46.70 kB
build/server/assets/noto-serif-jp-43-400-normal.woff2                   46.72 kB
build/server/assets/noto-sans-jp-45-600-normal.woff                     46.72 kB
build/server/assets/m-plus-2-55-wght-normal.woff2                       46.73 kB
build/server/assets/noto-sans-jp-5-800-normal.woff2                     46.74 kB
build/server/assets/noto-sans-jp-5-700-normal.woff2                     46.74 kB
build/server/assets/noto-sans-jp-31-700-normal.woff2                    46.74 kB
build/server/assets/noto-serif-jp-22-200-normal.woff2                   46.74 kB
build/server/assets/noto-serif-jp-43-900-normal.woff2                   46.76 kB
build/server/assets/noto-sans-jp-45-500-normal.woff                     46.77 kB
build/server/assets/noto-sans-jp-45-800-normal.woff                     46.78 kB
build/server/assets/noto-sans-jp-19-900-normal.woff2                    46.81 kB
build/server/assets/noto-sans-jp-19-500-normal.woff2                    46.82 kB
build/server/assets/noto-sans-jp-47-900-normal.woff                     46.82 kB
build/server/assets/noto-sans-jp-45-700-normal.woff                     46.84 kB
build/server/assets/noto-serif-jp-27-400-normal.woff2                   46.86 kB
build/server/assets/noto-serif-jp-1-200-normal.woff2                    46.87 kB
build/server/assets/noto-serif-jp-12-300-normal.woff2                   46.89 kB
build/server/assets/noto-sans-jp-45-400-normal.woff                     46.92 kB
build/server/assets/noto-sans-jp-13-100-normal.woff                     46.93 kB
build/server/assets/noto-sans-jp-47-800-normal.woff                     46.93 kB
build/server/assets/noto-serif-jp-35-400-normal.woff2                   46.97 kB
build/server/assets/noto-sans-jp-35-100-normal.woff                     46.97 kB
build/server/assets/noto-sans-jp-45-900-normal.woff                     46.98 kB
build/server/assets/noto-serif-jp-42-600-normal.woff2                   46.98 kB
build/server/assets/noto-sans-jp-19-600-normal.woff2                    47.03 kB
build/server/assets/noto-serif-jp-28-900-normal.woff2                   47.09 kB
build/server/assets/noto-sans-jp-19-700-normal.woff2                    47.26 kB
build/server/assets/noto-serif-jp-43-500-normal.woff2                   47.30 kB
build/server/assets/noto-sans-jp-16-100-normal.woff                     47.30 kB
build/server/assets/noto-serif-jp-27-500-normal.woff2                   47.32 kB
build/server/assets/noto-serif-jp-42-700-normal.woff2                   47.34 kB
build/server/assets/noto-sans-jp-19-800-normal.woff2                    47.38 kB
build/server/assets/noto-serif-jp-12-400-normal.woff2                   47.40 kB
build/server/assets/noto-serif-jp-27-600-normal.woff2                   47.47 kB
build/server/assets/noto-serif-jp-43-600-normal.woff2                   47.48 kB
build/server/assets/noto-sans-jp-6-400-normal.woff2                     47.48 kB
build/server/assets/noto-sans-jp-28-100-normal.woff                     47.50 kB
build/server/assets/noto-sans-jp-35-900-normal.woff                     47.54 kB
build/server/assets/noto-serif-jp-35-600-normal.woff2                   47.58 kB
build/server/assets/noto-serif-jp-21-200-normal.woff2                   47.59 kB
build/server/assets/noto-serif-jp-42-800-normal.woff2                   47.67 kB
build/server/assets/noto-serif-jp-35-500-normal.woff2                   47.76 kB
build/server/assets/noto-sans-jp-26-200-normal.woff                     47.77 kB
build/server/assets/noto-serif-jp-27-700-normal.woff2                   47.85 kB
build/server/assets/noto-serif-jp-33-300-normal.woff2                   47.86 kB
build/server/assets/noto-serif-jp-43-700-normal.woff2                   47.89 kB
build/server/assets/noto-serif-jp-27-800-normal.woff2                   47.99 kB
build/server/assets/noto-serif-jp-28-300-normal.woff2                   48.02 kB
build/server/assets/noto-serif-jp-43-800-normal.woff2                   48.04 kB
build/server/assets/noto-sans-jp-6-500-normal.woff2                     48.09 kB
build/server/assets/noto-serif-jp-39-200-normal.woff2                   48.12 kB
build/server/assets/noto-sans-jp-26-300-normal.woff                     48.12 kB
build/server/assets/noto-serif-jp-13-900-normal.woff2                   48.12 kB
build/server/assets/noto-sans-jp-32-100-normal.woff                     48.13 kB
build/server/assets/noto-sans-jp-6-800-normal.woff2                     48.13 kB
build/server/assets/noto-sans-jp-48-100-normal.woff                     48.15 kB
build/server/assets/noto-sans-jp-35-800-normal.woff                     48.15 kB
build/server/assets/noto-serif-jp-37-200-normal.woff2                   48.16 kB
build/server/assets/noto-serif-jp-26-900-normal.woff2                   48.16 kB
build/server/assets/noto-sans-jp-1-100-normal.woff                      48.16 kB
build/server/assets/noto-serif-jp-33-400-normal.woff2                   48.17 kB
build/server/assets/noto-sans-jp-35-400-normal.woff                     48.20 kB
build/server/assets/noto-serif-jp-12-500-normal.woff2                   48.22 kB
build/server/assets/noto-sans-jp-6-700-normal.woff2                     48.22 kB
build/server/assets/m-plus-rounded-1c-latin-ext-100-normal.woff         48.24 kB
build/server/assets/noto-sans-jp-6-600-normal.woff2                     48.24 kB
build/server/assets/noto-sans-jp-26-900-normal.woff                     48.25 kB
build/server/assets/noto-sans-jp-28-900-normal.woff                     48.26 kB
build/server/assets/noto-serif-jp-35-800-normal.woff2                   48.27 kB
build/server/assets/noto-serif-jp-12-600-normal.woff2                   48.28 kB
build/server/assets/noto-sans-jp-35-700-normal.woff                     48.29 kB
build/server/assets/noto-serif-jp-13-300-normal.woff2                   48.32 kB
build/server/assets/noto-serif-jp-35-700-normal.woff2                   48.34 kB
build/server/assets/noto-sans-jp-35-300-normal.woff                     48.36 kB
build/server/assets/noto-sans-jp-26-400-normal.woff                     48.38 kB
build/server/assets/noto-serif-jp-28-400-normal.woff2                   48.39 kB
build/server/assets/noto-sans-jp-35-200-normal.woff                     48.44 kB
build/server/assets/noto-sans-jp-35-500-normal.woff                     48.46 kB
build/server/assets/noto-serif-jp-44-200-normal.woff2                   48.48 kB
build/server/assets/noto-sans-jp-12-200-normal.woff                     48.50 kB
build/server/assets/noto-serif-jp-12-800-normal.woff2                   48.51 kB
build/server/assets/noto-serif-jp-22-900-normal.woff2                   48.53 kB
build/server/assets/noto-sans-jp-35-600-normal.woff                     48.56 kB
build/server/assets/noto-sans-jp-16-200-normal.woff                     48.59 kB
build/server/assets/noto-serif-jp-18-200-normal.woff2                   48.63 kB
build/server/assets/noto-serif-jp-12-700-normal.woff2                   48.64 kB
build/server/assets/noto-sans-jp-48-200-normal.woff                     48.66 kB
build/server/assets/noto-sans-jp-26-500-normal.woff                     48.68 kB
build/server/assets/noto-sans-jp-38-100-normal.woff                     48.70 kB
build/server/assets/noto-serif-jp-33-600-normal.woff2                   48.70 kB
build/server/assets/noto-serif-jp-33-500-normal.woff2                   48.72 kB
build/server/assets/noto-sans-jp-14-100-normal.woff                     48.75 kB
build/server/assets/noto-sans-jp-26-600-normal.woff                     48.75 kB
build/server/assets/noto-sans-jp-48-400-normal.woff                     48.77 kB
build/server/assets/noto-sans-jp-1-200-normal.woff                      48.77 kB
build/server/assets/noto-sans-jp-16-900-normal.woff                     48.78 kB
build/server/assets/noto-sans-jp-16-300-normal.woff                     48.78 kB
build/server/assets/noto-sans-jp-21-100-normal.woff                     48.80 kB
build/server/assets/noto-sans-jp-48-300-normal.woff                     48.80 kB
build/server/assets/noto-serif-jp-28-500-normal.woff2                   48.83 kB
build/server/assets/noto-sans-jp-26-700-normal.woff                     48.85 kB
build/server/assets/noto-sans-jp-1-900-normal.woff                      48.85 kB
build/server/assets/noto-sans-jp-26-800-normal.woff                     48.86 kB
build/server/assets/noto-sans-jp-1-300-normal.woff                      48.87 kB
build/server/assets/noto-serif-jp-28-600-normal.woff2                   48.88 kB
build/server/assets/noto-sans-jp-48-500-normal.woff                     48.89 kB
build/server/assets/noto-serif-jp-14-200-normal.woff2                   48.90 kB
build/server/assets/noto-serif-jp-45-300-normal.woff2                   48.90 kB
build/server/assets/noto-serif-jp-1-300-normal.woff2                    48.92 kB
build/server/assets/noto-sans-jp-48-900-normal.woff                     48.93 kB
build/server/assets/noto-sans-jp-48-600-normal.woff                     48.98 kB
build/server/assets/noto-sans-jp-1-800-normal.woff                      49.00 kB
build/server/assets/noto-sans-jp-1-700-normal.woff                      49.03 kB
build/server/assets/noto-sans-jp-1-400-normal.woff                      49.05 kB
build/server/assets/noto-sans-jp-16-400-normal.woff                     49.07 kB
build/server/assets/noto-sans-jp-38-300-normal.woff                     49.10 kB
build/server/assets/noto-sans-jp-38-900-normal.woff                     49.10 kB
build/server/assets/noto-serif-jp-13-400-normal.woff2                   49.11 kB
build/server/assets/noto-sans-jp-38-200-normal.woff                     49.12 kB
build/server/assets/noto-serif-jp-16-300-normal.woff2                   49.12 kB
build/server/assets/noto-sans-jp-1-600-normal.woff                      49.13 kB
build/server/assets/noto-sans-jp-1-500-normal.woff                      49.18 kB
build/server/assets/noto-serif-jp-45-900-normal.woff2                   49.22 kB
build/server/assets/noto-sans-jp-16-500-normal.woff                     49.22 kB
build/server/assets/noto-sans-jp-48-800-normal.woff                     49.23 kB
build/server/assets/noto-serif-jp-48-300-normal.woff2                   49.25 kB
build/server/assets/noto-sans-jp-13-200-normal.woff                     49.26 kB
build/server/assets/noto-sans-jp-48-700-normal.woff                     49.29 kB
build/server/assets/noto-sans-jp-38-400-normal.woff                     49.30 kB
build/server/assets/noto-sans-jp-28-200-normal.woff                     49.30 kB
build/server/assets/noto-sans-jp-38-600-normal.woff                     49.30 kB
build/server/assets/noto-serif-jp-33-700-normal.woff2                   49.35 kB
build/server/assets/noto-sans-jp-38-800-normal.woff                     49.37 kB
build/server/assets/noto-serif-jp-51-200-normal.woff                    49.37 kB
build/server/assets/noto-serif-jp-33-800-normal.woff2                   49.39 kB
build/server/assets/noto-serif-jp-21-900-normal.woff2                   49.40 kB
build/server/assets/noto-sans-jp-38-500-normal.woff                     49.41 kB
build/server/assets/noto-sans-jp-16-600-normal.woff                     49.41 kB
build/server/assets/noto-serif-jp-28-700-normal.woff2                   49.42 kB
build/server/assets/noto-serif-jp-25-200-normal.woff2                   49.43 kB
build/server/assets/noto-sans-jp-38-700-normal.woff                     49.44 kB
build/server/assets/noto-sans-jp-12-300-normal.woff                     49.45 kB
build/server/assets/noto-serif-jp-1-400-normal.woff2                    49.46 kB
build/server/assets/noto-sans-jp-10-100-normal.woff                     49.46 kB
build/server/assets/noto-sans-jp-16-800-normal.woff                     49.48 kB
build/server/assets/noto-serif-jp-28-800-normal.woff2                   49.52 kB
build/server/assets/noto-sans-jp-28-700-normal.woff                     49.52 kB
build/server/assets/noto-serif-jp-22-300-normal.woff2                   49.52 kB
build/server/assets/noto-sans-jp-16-700-normal.woff                     49.52 kB
build/server/assets/noto-serif-jp-38-300-normal.woff2                   49.56 kB
build/server/assets/noto-serif-jp-41-200-normal.woff2                   49.60 kB
build/server/assets/noto-serif-jp-45-400-normal.woff2                   49.62 kB
build/server/assets/noto-sans-jp-28-400-normal.woff                     49.64 kB
build/server/assets/noto-sans-jp-12-400-normal.woff                     49.65 kB
build/server/assets/noto-sans-jp-28-300-normal.woff                     49.72 kB
build/server/assets/noto-serif-jp-13-500-normal.woff2                   49.73 kB
build/server/assets/noto-serif-jp-16-400-normal.woff2                   49.76 kB
build/server/assets/noto-sans-jp-13-300-normal.woff                     49.77 kB
build/server/assets/noto-serif-jp-48-400-normal.woff2                   49.85 kB
build/server/assets/noto-sans-jp-37-100-normal.woff                     49.89 kB
build/server/assets/noto-serif-jp-8-200-normal.woff2                    49.89 kB
build/server/assets/noto-serif-jp-26-300-normal.woff2                   49.90 kB
build/server/assets/noto-sans-jp-28-800-normal.woff                     49.92 kB
build/server/assets/noto-serif-jp-13-600-normal.woff2                   49.94 kB
build/server/assets/noto-sans-jp-28-500-normal.woff                     49.94 kB
build/server/assets/noto-sans-jp-28-600-normal.woff                     49.95 kB
build/server/assets/noto-serif-jp-1-900-normal.woff2                    49.96 kB
build/server/assets/noto-sans-jp-41-100-normal.woff                     49.96 kB
build/server/assets/noto-serif-jp-48-900-normal.woff2                   50.05 kB
build/server/assets/noto-serif-jp-22-400-normal.woff2                   50.08 kB
build/server/assets/noto-sans-jp-32-200-normal.woff                     50.08 kB
build/server/assets/noto-serif-jp-38-900-normal.woff2                   50.14 kB
build/server/assets/noto-serif-jp-38-400-normal.woff2                   50.14 kB
build/server/assets/noto-serif-jp-1-500-normal.woff2                    50.16 kB
build/server/assets/noto-sans-jp-21-200-normal.woff                     50.16 kB
build/server/assets/noto-serif-jp-29-200-normal.woff2                   50.20 kB
build/server/assets/noto-serif-jp-45-500-normal.woff2                   50.22 kB
build/server/assets/noto-serif-jp-11-200-normal.woff2                   50.23 kB
build/server/assets/noto-sans-jp-14-200-normal.woff                     50.25 kB
build/server/assets/noto-serif-jp-16-500-normal.woff2                   50.29 kB
build/server/assets/noto-serif-jp-9-200-normal.woff2                    50.29 kB
build/server/assets/noto-sans-jp-44-100-normal.woff                     50.30 kB
build/server/assets/noto-serif-jp-16-600-normal.woff2                   50.35 kB
build/server/assets/noto-serif-jp-1-600-normal.woff2                    50.39 kB
build/server/assets/noto-sans-jp-44-900-normal.woff                     50.39 kB
build/server/assets/noto-sans-jp-43-100-normal.woff                     50.42 kB
build/server/assets/noto-serif-jp-45-600-normal.woff2                   50.42 kB
build/server/assets/noto-sans-jp-32-300-normal.woff                     50.42 kB
build/server/assets/noto-serif-jp-48-500-normal.woff2                   50.44 kB
build/server/assets/noto-serif-jp-51-300-normal.woff                    50.46 kB
build/server/assets/noto-serif-jp-26-400-normal.woff2                   50.47 kB
build/server/assets/noto-sans-jp-13-400-normal.woff                     50.50 kB
build/server/assets/noto-sans-jp-22-100-normal.woff                     50.52 kB
build/server/assets/noto-sans-jp-12-900-normal.woff                     50.58 kB
build/server/assets/noto-serif-jp-22-500-normal.woff2                   50.58 kB
build/server/assets/noto-serif-jp-21-300-normal.woff2                   50.62 kB
build/server/assets/noto-serif-jp-48-600-normal.woff2                   50.66 kB
build/server/assets/noto-sans-jp-13-600-normal.woff                     50.67 kB
build/server/assets/noto-sans-jp-44-800-normal.woff                     50.70 kB
build/server/assets/noto-serif-jp-13-800-normal.woff2                   50.72 kB
build/server/assets/noto-sans-jp-21-300-normal.woff                     50.72 kB
build/server/assets/noto-sans-jp-44-700-normal.woff                     50.72 kB
build/server/assets/noto-sans-jp-13-500-normal.woff                     50.75 kB
build/server/assets/noto-serif-jp-13-700-normal.woff2                   50.76 kB
build/server/assets/noto-serif-jp-16-800-normal.woff2                   50.77 kB
build/server/assets/noto-serif-jp-44-300-normal.woff2                   50.81 kB
build/server/assets/noto-sans-jp-21-900-normal.woff                     50.81 kB
build/server/assets/noto-serif-jp-39-300-normal.woff2                   50.81 kB
build/server/assets/noto-serif-jp-37-300-normal.woff2                   50.82 kB
build/server/assets/noto-sans-jp-44-200-normal.woff                     50.82 kB
build/server/assets/noto-serif-jp-51-400-normal.woff                    50.84 kB
build/server/assets/noto-serif-jp-22-600-normal.woff2                   50.85 kB
build/server/assets/noto-serif-jp-32-200-normal.woff2                   50.86 kB
build/server/assets/noto-sans-jp-52-600-normal.woff                     50.86 kB
build/server/assets/noto-sans-jp-37-900-normal.woff                     50.88 kB
build/server/assets/noto-serif-jp-38-500-normal.woff2                   50.89 kB
build/server/assets/noto-serif-jp-4-200-normal.woff2                    50.89 kB
build/server/assets/noto-serif-jp-14-900-normal.woff2                   50.89 kB
build/server/assets/noto-sans-jp-44-300-normal.woff                     50.90 kB
build/server/assets/noto-serif-jp-10-200-normal.woff2                   50.91 kB
build/server/assets/noto-sans-jp-44-600-normal.woff                     50.91 kB
build/server/assets/noto-sans-jp-41-200-normal.woff                     50.92 kB
build/server/assets/noto-sans-jp-37-200-normal.woff                     50.94 kB
build/server/assets/noto-sans-jp-14-300-normal.woff                     50.94 kB
build/server/assets/noto-sans-jp-13-900-normal.woff                     50.94 kB
build/server/assets/noto-serif-jp-1-700-normal.woff2                    50.98 kB
build/server/assets/noto-serif-jp-37-900-normal.woff2                   51.00 kB
build/server/assets/noto-sans-jp-44-500-normal.woff                     51.00 kB
build/server/assets/noto-sans-jp-13-700-normal.woff                     51.00 kB
build/server/assets/noto-serif-jp-45-700-normal.woff2                   51.01 kB
build/server/assets/noto-serif-jp-26-500-normal.woff2                   51.01 kB
build/server/assets/noto-sans-jp-21-400-normal.woff                     51.04 kB
build/server/assets/noto-serif-jp-1-800-normal.woff2                    51.08 kB
build/server/assets/noto-sans-jp-44-400-normal.woff                     51.08 kB
build/server/assets/noto-serif-jp-30-200-normal.woff2                   51.09 kB
build/server/assets/noto-serif-jp-51-500-normal.woff                    51.10 kB
build/server/assets/noto-serif-jp-44-900-normal.woff2                   51.11 kB
build/server/assets/noto-serif-jp-7-200-normal.woff2                    51.12 kB
build/server/assets/noto-serif-jp-45-800-normal.woff2                   51.13 kB
build/server/assets/noto-sans-jp-10-200-normal.woff                     51.14 kB
build/server/assets/noto-serif-jp-16-700-normal.woff2                   51.15 kB
build/server/assets/noto-sans-jp-12-500-normal.woff                     51.15 kB
build/server/assets/noto-sans-jp-14-900-normal.woff                     51.17 kB
build/server/assets/noto-sans-jp-37-400-normal.woff                     51.18 kB
build/server/assets/noto-sans-jp-41-300-normal.woff                     51.18 kB
build/server/assets/noto-serif-jp-38-600-normal.woff2                   51.19 kB
build/server/assets/noto-sans-jp-37-300-normal.woff                     51.19 kB
build/server/assets/noto-sans-jp-37-700-normal.woff                     51.19 kB
build/server/assets/noto-serif-jp-26-600-normal.woff2                   51.19 kB
build/server/assets/noto-sans-jp-21-800-normal.woff                     51.19 kB
build/server/assets/noto-sans-jp-14-500-normal.woff                     51.20 kB
build/server/assets/noto-sans-jp-43-900-normal.woff                     51.20 kB
build/server/assets/noto-serif-jp-44-400-normal.woff2                   51.21 kB
build/server/assets/noto-sans-jp-37-800-normal.woff                     51.21 kB
build/server/assets/noto-serif-jp-22-800-normal.woff2                   51.23 kB
build/server/assets/noto-sans-jp-21-500-normal.woff                     51.23 kB
build/server/assets/noto-serif-jp-48-700-normal.woff2                   51.25 kB
build/server/assets/noto-sans-jp-37-500-normal.woff                     51.25 kB
build/server/assets/noto-sans-jp-37-600-normal.woff                     51.25 kB
build/server/assets/noto-sans-jp-29-100-normal.woff                     51.28 kB
build/server/assets/noto-sans-jp-21-700-normal.woff                     51.28 kB
build/server/assets/noto-sans-jp-41-900-normal.woff                     51.28 kB
build/server/assets/noto-sans-jp-13-800-normal.woff                     51.28 kB
build/server/assets/noto-serif-jp-51-600-normal.woff                    51.28 kB
build/server/assets/noto-serif-jp-21-400-normal.woff2                   51.29 kB
build/server/assets/noto-serif-jp-36-200-normal.woff                    51.32 kB
build/server/assets/noto-sans-jp-14-600-normal.woff                     51.32 kB
build/server/assets/noto-sans-jp-21-600-normal.woff                     51.32 kB
build/server/assets/noto-serif-jp-18-900-normal.woff2                   51.34 kB
build/server/assets/noto-sans-jp-41-600-normal.woff                     51.36 kB
build/server/assets/noto-sans-jp-41-500-normal.woff                     51.37 kB
build/server/assets/noto-sans-jp-12-800-normal.woff                     51.38 kB
build/server/assets/noto-sans-jp-41-400-normal.woff                     51.38 kB
build/server/assets/noto-serif-jp-22-700-normal.woff2                   51.41 kB
build/server/assets/noto-serif-jp-48-800-normal.woff2                   51.42 kB
build/server/assets/noto-serif-jp-39-400-normal.woff2                   51.43 kB
build/server/assets/noto-sans-jp-52-800-normal.woff                     51.43 kB
build/server/assets/noto-sans-jp-14-400-normal.woff                     51.43 kB
build/server/assets/noto-sans-jp-41-700-normal.woff                     51.46 kB
build/server/assets/noto-serif-jp-51-900-normal.woff                    51.46 kB
build/server/assets/noto-sans-jp-52-200-normal.woff                     51.47 kB
build/server/assets/noto-sans-jp-14-700-normal.woff                     51.47 kB
build/server/assets/noto-sans-jp-12-600-normal.woff                     51.48 kB
build/server/assets/noto-sans-jp-32-900-normal.woff                     51.48 kB
build/server/assets/noto-serif-jp-37-400-normal.woff2                   51.50 kB
build/server/assets/noto-sans-jp-10-300-normal.woff                     51.52 kB
build/server/assets/noto-serif-jp-39-900-normal.woff2                   51.53 kB
build/server/assets/noto-serif-jp-26-800-normal.woff2                   51.54 kB
build/server/assets/noto-sans-jp-32-400-normal.woff                     51.58 kB
build/server/assets/noto-sans-jp-14-800-normal.woff                     51.59 kB
build/server/assets/noto-sans-jp-12-700-normal.woff                     51.59 kB
build/server/assets/noto-serif-jp-26-700-normal.woff2                   51.60 kB
build/server/assets/noto-serif-jp-25-900-normal.woff2                   51.61 kB
build/server/assets/noto-sans-jp-9-100-normal.woff                      51.64 kB
build/server/assets/noto-sans-jp-39-100-normal.woff                     51.64 kB
build/server/assets/noto-sans-jp-41-800-normal.woff                     51.68 kB
build/server/assets/noto-serif-jp-38-800-normal.woff2                   51.70 kB
build/server/assets/noto-serif-jp-38-700-normal.woff2                   51.71 kB
build/server/assets/noto-serif-jp-50-200-normal.woff                    51.72 kB
build/server/assets/noto-serif-jp-44-500-normal.woff2                   51.75 kB
build/server/assets/noto-serif-jp-21-500-normal.woff2                   51.76 kB
build/server/assets/noto-sans-jp-22-200-normal.woff                     51.80 kB
build/server/assets/noto-sans-jp-22-900-normal.woff                     51.82 kB
build/server/assets/noto-serif-jp-51-700-normal.woff                    51.82 kB
build/server/assets/noto-sans-jp-32-500-normal.woff                     51.86 kB
build/server/assets/noto-sans-jp-22-300-normal.woff                     51.90 kB
build/server/assets/noto-sans-jp-32-600-normal.woff                     51.91 kB
build/server/assets/noto-serif-jp-51-800-normal.woff                    51.91 kB
build/server/assets/noto-sans-jp-32-700-normal.woff                     51.93 kB
build/server/assets/noto-sans-jp-52-300-normal.woff                     51.95 kB
build/server/assets/noto-sans-jp-52-700-normal.woff                     51.96 kB
build/server/assets/noto-serif-jp-21-600-normal.woff2                   51.99 kB
build/server/assets/noto-sans-jp-4-100-normal.woff                      52.00 kB
build/server/assets/noto-serif-jp-37-500-normal.woff2                   52.05 kB
build/server/assets/noto-serif-jp-39-500-normal.woff2                   52.05 kB
build/server/assets/noto-serif-jp-18-300-normal.woff2                   52.11 kB
build/server/assets/noto-serif-jp-44-600-normal.woff2                   52.12 kB
build/server/assets/noto-sans-jp-32-800-normal.woff                     52.13 kB
build/server/assets/noto-sans-jp-18-100-normal.woff                     52.18 kB
build/server/assets/noto-serif-jp-37-600-normal.woff2                   52.26 kB
build/server/assets/noto-serif-jp-46-200-normal.woff                    52.26 kB
build/server/assets/noto-sans-jp-52-400-normal.woff                     52.26 kB
build/server/assets/noto-serif-jp-21-800-normal.woff2                   52.27 kB
build/server/assets/noto-serif-jp-39-600-normal.woff2                   52.32 kB
build/server/assets/noto-sans-jp-43-200-normal.woff                     52.36 kB
build/server/assets/noto-serif-jp-21-700-normal.woff2                   52.42 kB
build/server/assets/noto-sans-jp-10-400-normal.woff                     52.42 kB
build/server/assets/noto-sans-jp-22-800-normal.woff                     52.43 kB
build/server/assets/noto-sans-jp-29-200-normal.woff                     52.45 kB
build/server/assets/noto-sans-jp-22-500-normal.woff                     52.46 kB
build/server/assets/noto-sans-jp-39-900-normal.woff                     52.47 kB
build/server/assets/noto-sans-jp-43-800-normal.woff                     52.49 kB
build/server/assets/noto-sans-jp-22-600-normal.woff                     52.52 kB
build/server/assets/noto-serif-jp-44-700-normal.woff2                   52.53 kB
build/server/assets/noto-serif-jp-29-900-normal.woff2                   52.53 kB
build/server/assets/noto-sans-jp-29-300-normal.woff                     52.55 kB
build/server/assets/noto-sans-jp-22-700-normal.woff                     52.56 kB
build/server/assets/noto-sans-jp-22-400-normal.woff                     52.57 kB
build/server/assets/noto-sans-jp-52-500-normal.woff                     52.59 kB
build/server/assets/noto-sans-jp-25-100-normal.woff                     52.60 kB
build/server/assets/noto-serif-jp-41-300-normal.woff2                   52.64 kB
build/server/assets/noto-serif-jp-44-800-normal.woff2                   52.64 kB
build/server/assets/noto-sans-jp-29-400-normal.woff                     52.71 kB
build/server/assets/noto-serif-jp-18-400-normal.woff2                   52.74 kB
build/server/assets/noto-sans-jp-10-500-normal.woff                     52.75 kB
build/server/assets/noto-sans-jp-29-600-normal.woff                     52.76 kB
build/server/assets/noto-sans-jp-29-500-normal.woff                     52.77 kB
build/server/assets/noto-serif-jp-14-300-normal.woff2                   52.78 kB
build/server/assets/noto-serif-jp-37-700-normal.woff2                   52.81 kB
build/server/assets/noto-sans-jp-10-600-normal.woff                     52.81 kB
build/server/assets/noto-sans-jp-43-700-normal.woff                     52.85 kB
build/server/assets/noto-serif-jp-25-300-normal.woff2                   52.86 kB
build/server/assets/noto-sans-jp-4-200-normal.woff                      52.86 kB
build/server/assets/noto-sans-jp-39-200-normal.woff                     52.86 kB
build/server/assets/noto-serif-jp-39-700-normal.woff2                   52.87 kB
build/server/assets/noto-serif-jp-29-300-normal.woff2                   52.89 kB
build/server/assets/noto-serif-jp-8-900-normal.woff2                    52.89 kB
build/server/assets/noto-serif-jp-41-900-normal.woff2                   52.91 kB
build/server/assets/noto-sans-jp-10-900-normal.woff                     52.91 kB
build/server/assets/noto-sans-jp-29-900-normal.woff                     52.94 kB
build/server/assets/noto-serif-jp-37-800-normal.woff2                   52.97 kB
build/server/assets/noto-serif-jp-49-200-normal.woff                    52.98 kB
build/server/assets/noto-sans-jp-43-300-normal.woff                     53.00 kB
build/server/assets/noto-serif-jp-4-300-normal.woff2                    53.03 kB
build/server/assets/noto-serif-jp-39-800-normal.woff2                   53.04 kB
build/server/assets/noto-sans-jp-43-600-normal.woff                     53.06 kB
build/server/assets/noto-sans-jp-4-300-normal.woff                      53.07 kB
build/server/assets/m-plus-rounded-1c-latin-ext-900-normal.woff         53.10 kB
build/server/assets/noto-sans-jp-29-700-normal.woff                     53.12 kB
build/server/assets/noto-sans-jp-4-400-normal.woff                      53.12 kB
build/server/assets/noto-sans-jp-43-500-normal.woff                     53.12 kB
build/server/assets/noto-serif-jp-41-400-normal.woff2                   53.16 kB
build/server/assets/noto-serif-jp-29-400-normal.woff2                   53.22 kB
build/server/assets/noto-sans-jp-43-400-normal.woff                     53.26 kB
build/server/assets/noto-serif-jp-10-900-normal.woff2                   53.28 kB
build/server/assets/noto-sans-jp-39-300-normal.woff                     53.30 kB
build/server/assets/noto-serif-jp-17-200-normal.woff2                   53.32 kB
build/server/assets/noto-sans-jp-10-700-normal.woff                     53.33 kB
build/server/assets/noto-serif-jp-18-500-normal.woff2                   53.36 kB
build/server/assets/noto-serif-jp-50-300-normal.woff                    53.36 kB
build/server/assets/noto-sans-jp-9-200-normal.woff                      53.37 kB
build/server/assets/noto-sans-jp-29-800-normal.woff                     53.38 kB
build/server/assets/noto-sans-jp-4-500-normal.woff                      53.44 kB
build/server/assets/noto-sans-jp-4-900-normal.woff                      53.46 kB
build/server/assets/noto-serif-jp-4-400-normal.woff2                    53.46 kB
build/server/assets/noto-serif-jp-18-600-normal.woff2                   53.48 kB
build/server/assets/noto-serif-jp-23-200-normal.woff2                   53.51 kB
build/server/assets/noto-sans-jp-39-800-normal.woff                     53.51 kB
build/server/assets/noto-sans-jp-18-200-normal.woff                     53.52 kB
build/server/assets/noto-sans-jp-4-600-normal.woff                      53.53 kB
build/server/assets/noto-serif-jp-6-200-normal.woff2                    53.54 kB
build/server/assets/noto-serif-jp-25-400-normal.woff2                   53.54 kB
build/server/assets/noto-sans-jp-39-500-normal.woff                     53.57 kB
build/server/assets/noto-sans-jp-10-800-normal.woff                     53.57 kB
build/server/assets/noto-sans-jp-39-600-normal.woff                     53.58 kB
build/server/assets/noto-sans-jp-4-700-normal.woff                      53.59 kB
build/server/assets/noto-sans-jp-39-700-normal.woff                     53.60 kB
build/server/assets/noto-sans-jp-39-400-normal.woff                     53.60 kB
build/server/assets/noto-sans-jp-119-100-normal.woff                    53.61 kB
build/server/assets/noto-sans-jp-4-800-normal.woff                      53.62 kB
build/server/assets/noto-serif-jp-32-900-normal.woff2                   53.65 kB
build/server/assets/noto-serif-jp-29-500-normal.woff2                   53.66 kB
build/server/assets/noto-serif-jp-50-400-normal.woff                    53.67 kB
build/server/assets/m-plus-rounded-1c-latin-ext-300-normal.woff         53.71 kB
build/server/assets/noto-serif-jp-11-900-normal.woff2                   53.80 kB
build/server/assets/noto-sans-jp-18-300-normal.woff                     53.83 kB
build/server/assets/noto-sans-jp-18-900-normal.woff                     53.85 kB
build/server/assets/noto-serif-jp-25-500-normal.woff2                   53.86 kB
build/server/assets/noto-serif-jp-41-500-normal.woff2                   53.86 kB
build/server/assets/noto-serif-jp-119-400-normal.woff2                  53.88 kB
build/server/assets/noto-serif-jp-50-500-normal.woff                    53.91 kB
build/server/assets/noto-serif-jp-4-500-normal.woff2                    53.96 kB
build/server/assets/noto-serif-jp-18-700-normal.woff2                   53.97 kB
build/server/assets/noto-sans-jp-9-300-normal.woff                      53.99 kB
build/server/assets/noto-serif-jp-41-600-normal.woff2                   54.01 kB
build/server/assets/noto-serif-jp-29-600-normal.woff2                   54.01 kB
build/server/assets/noto-serif-jp-40-200-normal.woff                    54.10 kB
build/server/assets/noto-serif-jp-4-900-normal.woff2                    54.14 kB
build/server/assets/noto-serif-jp-9-900-normal.woff2                    54.16 kB
build/server/assets/noto-serif-jp-50-900-normal.woff                    54.16 kB
build/server/assets/noto-serif-jp-25-600-normal.woff2                   54.16 kB
build/server/assets/noto-serif-jp-14-500-normal.woff2                   54.18 kB
build/server/assets/noto-serif-jp-14-400-normal.woff2                   54.18 kB
build/server/assets/noto-sans-jp-9-900-normal.woff                      54.20 kB
build/server/assets/noto-serif-jp-30-900-normal.woff2                   54.21 kB
build/server/assets/noto-sans-jp-18-600-normal.woff                     54.24 kB
build/server/assets/noto-serif-jp-30-300-normal.woff2                   54.25 kB
build/server/assets/noto-serif-jp-18-800-normal.woff2                   54.26 kB
build/server/assets/noto-serif-jp-50-600-normal.woff                    54.27 kB
build/server/assets/noto-sans-jp-18-400-normal.woff                     54.28 kB
build/server/assets/noto-serif-jp-46-300-normal.woff                    54.30 kB
build/server/assets/m-plus-rounded-1c-latin-ext-400-normal.woff         54.32 kB
build/server/assets/noto-serif-jp-4-600-normal.woff2                    54.34 kB
build/server/assets/noto-sans-jp-7-100-normal.woff                      54.34 kB
build/server/assets/noto-sans-jp-18-700-normal.woff                     54.35 kB
build/server/assets/m-plus-rounded-1c-latin-ext-500-normal.woff         54.36 kB
build/server/assets/noto-sans-jp-18-500-normal.woff                     54.37 kB
build/server/assets/noto-serif-jp-29-700-normal.woff2                   54.38 kB
build/server/assets/noto-serif-jp-14-600-normal.woff2                   54.40 kB
build/server/assets/noto-serif-jp-10-300-normal.woff2                   54.44 kB
build/server/assets/noto-sans-jp-18-800-normal.woff                     54.45 kB
build/server/assets/noto-sans-jp-11-100-normal.woff                     54.48 kB
build/server/assets/noto-serif-jp-36-300-normal.woff                    54.48 kB
build/server/assets/noto-serif-jp-20-200-normal.woff                    54.50 kB
build/server/assets/noto-serif-jp-47-200-normal.woff                    54.50 kB
build/server/assets/noto-serif-jp-24-200-normal.woff2                   54.54 kB
build/server/assets/noto-sans-jp-8-100-normal.woff                      54.60 kB
build/server/assets/noto-serif-jp-41-700-normal.woff2                   54.64 kB
build/server/assets/noto-serif-jp-29-800-normal.woff2                   54.66 kB
build/server/assets/noto-serif-jp-25-700-normal.woff2                   54.66 kB
build/server/assets/noto-serif-jp-0-200-normal.woff2                    54.67 kB
build/server/assets/noto-serif-jp-7-900-normal.woff2                    54.70 kB
build/server/assets/noto-serif-jp-25-800-normal.woff2                   54.71 kB
build/server/assets/noto-sans-jp-9-400-normal.woff                      54.71 kB
build/server/assets/noto-serif-jp-15-200-normal.woff2                   54.74 kB
build/server/assets/noto-sans-jp-9-600-normal.woff                      54.74 kB
build/server/assets/noto-serif-jp-14-800-normal.woff2                   54.75 kB
build/server/assets/noto-sans-jp-23-100-normal.woff                     54.76 kB
build/server/assets/noto-serif-jp-9-300-normal.woff2                    54.82 kB
build/server/assets/noto-serif-jp-50-700-normal.woff                    54.82 kB
build/server/assets/noto-sans-jp-30-100-normal.woff                     54.84 kB
build/server/assets/noto-sans-jp-9-500-normal.woff                      54.86 kB
build/server/assets/noto-serif-jp-41-800-normal.woff2                   54.87 kB
build/server/assets/noto-serif-jp-34-200-normal.woff2                   54.89 kB
build/server/assets/noto-serif-jp-30-400-normal.woff2                   54.94 kB
build/server/assets/noto-serif-jp-4-700-normal.woff2                    54.94 kB
build/server/assets/noto-sans-jp-15-100-normal.woff                     54.94 kB
build/server/assets/noto-serif-jp-14-700-normal.woff2                   55.00 kB
build/server/assets/noto-serif-jp-46-400-normal.woff                    55.02 kB
build/server/assets/noto-sans-jp-25-200-normal.woff                     55.03 kB
build/server/assets/noto-sans-jp-9-800-normal.woff                      55.03 kB
build/server/assets/noto-serif-jp-36-400-normal.woff                    55.04 kB
build/server/assets/noto-serif-jp-50-800-normal.woff                    55.04 kB
build/server/assets/m-plus-rounded-1c-latin-ext-700-normal.woff         55.15 kB
build/server/assets/noto-serif-jp-11-300-normal.woff2                   55.22 kB
build/server/assets/noto-serif-jp-4-800-normal.woff2                    55.28 kB
build/server/assets/noto-sans-jp-9-700-normal.woff                      55.30 kB
build/server/assets/noto-sans-jp-17-100-normal.woff                     55.31 kB
build/server/assets/noto-sans-jp-25-300-normal.woff                     55.33 kB
build/server/assets/noto-serif-jp-119-300-normal.woff2                  55.35 kB
build/server/assets/noto-serif-jp-46-500-normal.woff                    55.36 kB
build/server/assets/noto-serif-jp-10-400-normal.woff2                   55.36 kB
build/server/assets/m-plus-rounded-1c-latin-ext-800-normal.woff         55.42 kB
build/server/assets/noto-sans-jp-23-200-normal.woff                     55.44 kB
build/server/assets/noto-serif-jp-8-300-normal.woff2                    55.48 kB
build/server/assets/noto-serif-jp-30-500-normal.woff2                   55.52 kB
build/server/assets/noto-serif-jp-49-300-normal.woff                    55.54 kB
build/server/assets/noto-serif-jp-10-600-normal.woff2                   55.62 kB
build/server/assets/noto-serif-jp-119-600-normal.woff2                  55.65 kB
build/server/assets/noto-serif-jp-52-600-normal.woff2                   55.66 kB
build/server/assets/noto-serif-jp-46-600-normal.woff                    55.83 kB
build/server/assets/noto-serif-jp-36-900-normal.woff                    55.84 kB
build/server/assets/noto-serif-jp-9-400-normal.woff2                    55.85 kB
build/server/assets/noto-serif-jp-11-400-normal.woff2                   55.92 kB
build/server/assets/noto-serif-jp-36-500-normal.woff                    55.92 kB
build/server/assets/noto-serif-jp-30-600-normal.woff2                   55.94 kB
build/server/assets/noto-serif-jp-119-700-normal.woff2                  55.96 kB
build/server/assets/noto-serif-jp-119-500-normal.woff2                  56.02 kB
build/server/assets/noto-serif-jp-10-500-normal.woff2                   56.02 kB
build/server/assets/noto-sans-jp-23-300-normal.woff                     56.04 kB
build/server/assets/noto-serif-jp-8-400-normal.woff2                    56.13 kB
build/server/assets/noto-serif-jp-36-600-normal.woff                    56.16 kB
build/server/assets/noto-sans-jp-8-200-normal.woff                      56.17 kB
build/server/assets/noto-serif-jp-46-900-normal.woff                    56.19 kB
build/server/assets/noto-serif-jp-49-400-normal.woff                    56.24 kB
build/server/assets/noto-sans-jp-11-200-normal.woff                     56.26 kB
build/server/assets/noto-sans-jp-23-500-normal.woff                     56.30 kB
build/server/assets/noto-sans-jp-24-100-normal.woff                     56.32 kB
build/server/assets/noto-sans-jp-25-400-normal.woff                     56.34 kB
build/server/assets/noto-serif-jp-32-300-normal.woff2                   56.37 kB
build/server/assets/noto-sans-jp-15-200-normal.woff                     56.37 kB
build/server/assets/noto-serif-jp-30-700-normal.woff2                   56.38 kB
build/server/assets/noto-sans-jp-23-400-normal.woff                     56.38 kB
build/server/assets/noto-sans-jp-30-200-normal.woff                     56.45 kB
build/server/assets/noto-serif-jp-30-800-normal.woff2                   56.48 kB
build/server/assets/noto-sans-jp-34-100-normal.woff                     56.50 kB
build/server/assets/noto-sans-jp-0-100-normal.woff                      56.50 kB
build/server/assets/noto-serif-jp-10-800-normal.woff2                   56.52 kB
build/server/assets/noto-serif-jp-9-500-normal.woff2                    56.53 kB
build/server/assets/noto-serif-jp-10-700-normal.woff2                   56.54 kB
build/server/assets/noto-sans-jp-11-300-normal.woff                     56.55 kB
build/server/assets/noto-serif-jp-42-200-normal.woff                    56.56 kB
build/server/assets/noto-sans-jp-25-900-normal.woff                     56.58 kB
build/server/assets/noto-serif-jp-119-800-normal.woff2                  56.58 kB
build/server/assets/noto-sans-jp-23-600-normal.woff                     56.59 kB
build/server/assets/noto-serif-jp-40-300-normal.woff                    56.60 kB
build/server/assets/noto-sans-jp-17-200-normal.woff                     56.61 kB
build/server/assets/noto-serif-jp-46-700-normal.woff                    56.62 kB
build/server/assets/noto-sans-jp-119-900-normal.woff                    56.65 kB
build/server/assets/noto-sans-jp-11-400-normal.woff                     56.69 kB
build/server/assets/noto-serif-jp-20-900-normal.woff                    56.69 kB
build/server/assets/noto-sans-jp-8-300-normal.woff                      56.70 kB
build/server/assets/noto-serif-jp-20-300-normal.woff                    56.71 kB
build/server/assets/noto-sans-jp-30-300-normal.woff                     56.74 kB
build/server/assets/noto-serif-jp-32-400-normal.woff2                   56.78 kB
build/server/assets/noto-sans-jp-15-300-normal.woff                     56.78 kB
build/server/assets/noto-serif-jp-11-500-normal.woff2                   56.80 kB
build/server/assets/noto-sans-jp-30-900-normal.woff                     56.80 kB
build/server/assets/noto-serif-jp-47-300-normal.woff                    56.81 kB
build/server/assets/noto-serif-jp-9-600-normal.woff2                    56.82 kB
build/server/assets/noto-serif-jp-11-600-normal.woff2                   56.82 kB
build/server/assets/noto-sans-jp-17-900-normal.woff                     56.86 kB
build/server/assets/noto-sans-jp-25-500-normal.woff                     56.89 kB
build/server/assets/noto-serif-jp-8-500-normal.woff2                    56.89 kB
build/server/assets/noto-sans-jp-23-900-normal.woff                     56.91 kB
build/server/assets/noto-serif-jp-49-500-normal.woff                    56.93 kB
build/server/assets/noto-serif-jp-46-800-normal.woff                    56.98 kB
build/server/assets/noto-serif-jp-36-700-normal.woff                    56.98 kB
build/server/assets/noto-sans-jp-25-600-normal.woff                     57.01 kB
build/server/assets/noto-serif-jp-8-600-normal.woff2                    57.02 kB
build/server/assets/noto-serif-jp-7-300-normal.woff2                    57.03 kB
build/server/assets/noto-sans-jp-17-300-normal.woff                     57.03 kB
build/server/assets/noto-serif-jp-40-400-normal.woff                    57.04 kB
build/server/assets/noto-serif-jp-24-900-normal.woff2                   57.05 kB
build/server/assets/noto-sans-jp-25-800-normal.woff                     57.11 kB
build/server/assets/noto-serif-jp-15-900-normal.woff2                   57.12 kB
build/server/assets/noto-serif-jp-52-300-normal.woff2                   57.13 kB
build/server/assets/noto-sans-jp-23-700-normal.woff                     57.14 kB
build/server/assets/noto-sans-jp-25-700-normal.woff                     57.16 kB
build/server/assets/noto-serif-jp-23-900-normal.woff2                   57.18 kB
build/server/assets/noto-serif-jp-49-600-normal.woff                    57.18 kB
build/server/assets/noto-sans-jp-8-900-normal.woff                      57.20 kB
build/server/assets/noto-sans-jp-15-900-normal.woff                     57.21 kB
build/server/assets/noto-serif-jp-20-400-normal.woff                    57.22 kB
build/server/assets/noto-serif-jp-33-200-normal.woff                    57.23 kB
build/server/assets/noto-sans-jp-17-600-normal.woff                     57.26 kB
build/server/assets/noto-serif-jp-17-300-normal.woff2                   57.28 kB
build/server/assets/noto-sans-jp-31-100-normal.woff                     57.28 kB
build/server/assets/noto-sans-jp-17-700-normal.woff                     57.29 kB
build/server/assets/noto-sans-jp-30-400-normal.woff                     57.31 kB
build/server/assets/noto-sans-jp-17-500-normal.woff                     57.31 kB
build/server/assets/noto-serif-jp-35-200-normal.woff                    57.31 kB
build/server/assets/noto-serif-jp-0-300-normal.woff2                    57.34 kB
build/server/assets/noto-serif-jp-49-900-normal.woff                    57.35 kB
build/server/assets/noto-sans-jp-0-200-normal.woff                      57.38 kB
build/server/assets/noto-sans-jp-17-800-normal.woff                     57.40 kB
build/server/assets/noto-sans-jp-30-500-normal.woff                     57.40 kB
build/server/assets/noto-serif-jp-32-600-normal.woff2                   57.42 kB
build/server/assets/noto-serif-jp-9-700-normal.woff2                    57.43 kB
build/server/assets/noto-serif-jp-47-400-normal.woff                    57.44 kB
build/server/assets/noto-sans-jp-17-400-normal.woff                     57.45 kB
build/server/assets/noto-sans-jp-0-300-normal.woff                      57.47 kB
build/server/assets/noto-sans-jp-30-600-normal.woff                     57.51 kB
build/server/assets/noto-serif-jp-9-800-normal.woff2                    57.54 kB
build/server/assets/noto-serif-jp-17-900-normal.woff2                   57.55 kB
build/server/assets/noto-sans-jp-15-400-normal.woff                     57.55 kB
build/server/assets/noto-serif-jp-8-800-normal.woff2                    57.57 kB
build/server/assets/noto-serif-jp-36-800-normal.woff                    57.58 kB
build/server/assets/noto-sans-jp-15-500-normal.woff                     57.60 kB
build/server/assets/noto-sans-jp-15-800-normal.woff                     57.61 kB
build/server/assets/noto-serif-jp-6-900-normal.woff2                    57.61 kB
build/server/assets/noto-sans-jp-15-600-normal.woff                     57.62 kB
build/server/assets/noto-serif-jp-27-200-normal.woff                    57.63 kB
build/server/assets/noto-serif-jp-52-400-normal.woff2                   57.64 kB
build/server/assets/noto-serif-jp-32-500-normal.woff2                   57.67 kB
build/server/assets/noto-serif-jp-52-500-normal.woff2                   57.70 kB
build/server/assets/noto-serif-jp-8-700-normal.woff2                    57.72 kB
build/server/assets/noto-sans-jp-7-200-normal.woff                      57.73 kB
build/server/assets/noto-serif-jp-40-500-normal.woff                    57.73 kB
build/server/assets/noto-sans-jp-15-700-normal.woff                     57.74 kB
build/server/assets/noto-serif-jp-20-500-normal.woff                    57.75 kB
build/server/assets/noto-sans-jp-30-700-normal.woff                     57.75 kB
build/server/assets/noto-sans-jp-8-400-normal.woff                      57.78 kB
build/server/assets/noto-sans-jp-30-800-normal.woff                     57.81 kB
build/server/assets/noto-serif-jp-47-500-normal.woff                    57.81 kB
build/server/assets/noto-sans-jp-0-400-normal.woff                      57.83 kB
build/server/assets/noto-serif-jp-49-700-normal.woff                    57.84 kB
build/server/assets/noto-serif-jp-20-600-normal.woff                    57.84 kB
build/server/assets/noto-serif-jp-11-700-normal.woff2                   57.89 kB
build/server/assets/noto-sans-jp-8-800-normal.woff                      57.90 kB
build/server/assets/noto-serif-jp-11-800-normal.woff2                   57.97 kB
build/server/assets/noto-sans-jp-11-900-normal.woff                     57.98 kB
build/server/assets/noto-serif-jp-0-400-normal.woff2                    57.99 kB
build/server/assets/noto-serif-jp-40-600-normal.woff                    58.00 kB
build/server/assets/noto-serif-jp-17-400-normal.woff2                   58.04 kB
build/server/assets/noto-sans-jp-0-500-normal.woff                      58.06 kB
build/server/assets/noto-serif-jp-47-600-normal.woff                    58.06 kB
build/server/assets/noto-sans-jp-0-900-normal.woff                      58.06 kB
build/server/assets/noto-sans-jp-34-200-normal.woff                     58.07 kB
build/server/assets/noto-serif-jp-52-800-normal.woff2                   58.07 kB
build/server/assets/noto-sans-jp-0-600-normal.woff                      58.08 kB
build/server/assets/noto-sans-jp-11-500-normal.woff                     58.10 kB
build/server/assets/noto-sans-jp-34-300-normal.woff                     58.11 kB
build/server/assets/noto-sans-jp-34-900-normal.woff                     58.14 kB
build/server/assets/noto-serif-jp-5-200-normal.woff2                    58.17 kB
build/server/assets/noto-serif-jp-49-800-normal.woff                    58.18 kB
build/server/assets/noto-serif-jp-7-400-normal.woff2                    58.20 kB
build/server/assets/noto-serif-jp-19-200-normal.woff2                   58.24 kB
build/server/assets/noto-sans-jp-8-500-normal.woff                      58.24 kB
build/server/assets/noto-sans-jp-0-700-normal.woff                      58.24 kB
build/server/assets/noto-sans-jp-5-100-normal.woff                      58.25 kB
build/server/assets/noto-sans-jp-8-700-normal.woff                      58.25 kB
build/server/assets/noto-serif-jp-0-900-normal.woff2                    58.27 kB
build/server/assets/noto-sans-jp-0-800-normal.woff                      58.28 kB
build/server/assets/noto-sans-jp-8-600-normal.woff                      58.32 kB
build/server/assets/noto-serif-jp-52-700-normal.woff2                   58.33 kB
build/server/assets/noto-sans-jp-23-800-normal.woff                     58.35 kB
build/server/assets/noto-serif-jp-20-800-normal.woff                    58.50 kB
build/server/assets/noto-serif-jp-32-700-normal.woff2                   58.52 kB
build/server/assets/noto-serif-jp-24-300-normal.woff2                   58.53 kB
build/server/assets/noto-sans-jp-7-300-normal.woff                      58.56 kB
build/server/assets/noto-serif-jp-6-300-normal.woff2                    58.58 kB
build/server/assets/noto-serif-jp-20-700-normal.woff                    58.59 kB
build/server/assets/noto-sans-jp-6-100-normal.woff                      58.62 kB
build/server/assets/noto-serif-jp-32-800-normal.woff2                   58.64 kB
build/server/assets/noto-sans-jp-34-400-normal.woff                     58.64 kB
build/server/assets/noto-serif-jp-23-300-normal.woff2                   58.67 kB
build/server/assets/noto-serif-jp-31-200-normal.woff2                   58.68 kB
build/server/assets/noto-serif-jp-13-200-normal.woff                    58.72 kB
build/server/assets/noto-serif-jp-40-900-normal.woff                    58.74 kB
build/server/assets/noto-serif-jp-15-300-normal.woff2                   58.74 kB
build/server/assets/noto-serif-jp-34-300-normal.woff2                   58.74 kB
build/server/assets/noto-serif-jp-0-500-normal.woff2                    58.76 kB
build/server/assets/noto-sans-jp-34-800-normal.woff                     58.76 kB
build/server/assets/noto-serif-jp-47-900-normal.woff                    58.80 kB
build/server/assets/noto-sans-jp-11-600-normal.woff                     58.82 kB
build/server/assets/noto-sans-jp-119-200-normal.woff                    58.82 kB
build/server/assets/noto-serif-jp-17-500-normal.woff2                   58.84 kB
build/server/assets/noto-sans-jp-34-700-normal.woff                     58.88 kB
build/server/assets/noto-serif-jp-47-700-normal.woff                    58.89 kB
build/server/assets/noto-serif-jp-7-500-normal.woff2                    58.89 kB
build/server/assets/noto-serif-jp-42-300-normal.woff                    58.94 kB
build/server/assets/noto-sans-jp-34-500-normal.woff                     58.96 kB
build/server/assets/noto-sans-jp-34-600-normal.woff                     59.00 kB
build/server/assets/noto-serif-jp-24-400-normal.woff2                   59.01 kB
build/server/assets/noto-sans-jp-24-200-normal.woff                     59.02 kB
build/server/assets/noto-sans-jp-119-600-normal.woff                    59.06 kB
build/server/assets/noto-serif-jp-34-900-normal.woff2                   59.10 kB
build/server/assets/noto-sans-jp-7-900-normal.woff                      59.11 kB
build/server/assets/noto-serif-jp-0-600-normal.woff2                    59.12 kB
build/server/assets/noto-serif-jp-7-600-normal.woff2                    59.12 kB
build/server/assets/noto-serif-jp-40-700-normal.woff                    59.19 kB
build/server/assets/noto-sans-jp-19-100-normal.woff                     59.20 kB
build/server/assets/noto-serif-jp-17-600-normal.woff2                   59.22 kB
build/server/assets/noto-serif-jp-7-800-normal.woff2                    59.29 kB
build/server/assets/noto-serif-jp-47-800-normal.woff                    59.29 kB
build/server/assets/noto-sans-jp-11-800-normal.woff                     59.37 kB
build/server/assets/noto-sans-jp-119-300-normal.woff                    59.39 kB
build/server/assets/noto-serif-jp-15-400-normal.woff2                   59.40 kB
build/server/assets/noto-sans-jp-119-500-normal.woff                    59.46 kB
build/server/assets/noto-sans-jp-11-700-normal.woff                     59.49 kB
build/server/assets/noto-serif-jp-34-400-normal.woff2                   59.50 kB
build/server/assets/noto-sans-jp-119-400-normal.woff                    59.50 kB
build/server/assets/noto-serif-jp-6-400-normal.woff2                    59.54 kB
build/server/assets/noto-serif-jp-42-400-normal.woff                    59.58 kB
build/server/assets/noto-serif-jp-40-800-normal.woff                    59.63 kB
build/server/assets/noto-sans-jp-31-200-normal.woff                     59.64 kB
build/server/assets/noto-serif-jp-24-500-normal.woff2                   59.64 kB
build/server/assets/noto-sans-jp-24-300-normal.woff                     59.72 kB
build/server/assets/noto-serif-jp-0-700-normal.woff2                    59.74 kB
build/server/assets/noto-serif-jp-17-700-normal.woff2                   59.80 kB
build/server/assets/noto-serif-jp-7-700-normal.woff2                    59.81 kB
build/server/assets/noto-serif-jp-24-600-normal.woff2                   59.88 kB
build/server/assets/noto-serif-jp-27-300-normal.woff                    59.89 kB
build/server/assets/noto-serif-jp-12-200-normal.woff                    59.91 kB
build/server/assets/noto-serif-jp-0-800-normal.woff2                    59.92 kB
build/server/assets/noto-serif-jp-23-400-normal.woff2                   59.94 kB
build/server/assets/noto-sans-jp-5-200-normal.woff                      60.02 kB
build/server/assets/noto-serif-jp-17-800-normal.woff2                   60.03 kB
build/server/assets/noto-serif-jp-15-500-normal.woff2                   60.04 kB
build/server/assets/noto-serif-jp-34-500-normal.woff2                   60.22 kB
build/server/assets/noto-serif-jp-15-600-normal.woff2                   60.24 kB
build/server/assets/noto-sans-jp-31-300-normal.woff                     60.26 kB
build/server/assets/noto-serif-jp-6-500-normal.woff2                    60.32 kB
build/server/assets/noto-sans-jp-19-200-normal.woff                     60.32 kB
build/server/assets/noto-serif-jp-42-500-normal.woff                    60.32 kB
build/server/assets/noto-sans-jp-5-300-normal.woff                      60.37 kB
build/server/assets/noto-serif-jp-16-200-normal.woff                    60.42 kB
build/server/assets/noto-sans-jp-119-800-normal.woff                    60.43 kB
build/server/assets/noto-serif-jp-19-900-normal.woff2                   60.44 kB
build/server/assets/noto-sans-jp-7-500-normal.woff                      60.51 kB
build/server/assets/noto-sans-jp-7-800-normal.woff                      60.51 kB
build/server/assets/noto-serif-jp-34-600-normal.woff2                   60.54 kB
build/server/assets/noto-serif-jp-27-400-normal.woff                    60.54 kB
build/server/assets/noto-serif-jp-24-700-normal.woff2                   60.56 kB
build/server/assets/noto-serif-jp-6-600-normal.woff2                    60.58 kB
build/server/assets/noto-serif-jp-23-600-normal.woff2                   60.60 kB
build/server/assets/noto-sans-jp-7-600-normal.woff                      60.60 kB
build/server/assets/noto-serif-jp-24-800-normal.woff2                   60.63 kB
build/server/assets/noto-sans-jp-7-400-normal.woff                      60.63 kB
build/server/assets/noto-serif-jp-23-500-normal.woff2                   60.66 kB
build/server/assets/noto-serif-jp-45-200-normal.woff                    60.66 kB
build/server/assets/noto-serif-jp-33-900-normal.woff                    60.67 kB
build/server/assets/noto-serif-jp-42-600-normal.woff                    60.69 kB
build/server/assets/noto-sans-jp-19-900-normal.woff                     60.71 kB
build/server/assets/noto-serif-jp-48-200-normal.woff                    60.74 kB
build/server/assets/noto-sans-jp-119-700-normal.woff                    60.76 kB
build/server/assets/noto-sans-jp-7-700-normal.woff                      60.80 kB
build/server/assets/noto-sans-jp-19-300-normal.woff                     60.88 kB
build/server/assets/noto-sans-jp-24-400-normal.woff                     60.92 kB
build/server/assets/noto-serif-jp-15-800-normal.woff2                   60.93 kB
build/server/assets/noto-serif-jp-15-700-normal.woff2                   60.96 kB
build/server/assets/noto-serif-jp-34-700-normal.woff2                   60.99 kB
build/server/assets/noto-serif-jp-27-900-normal.woff                    61.00 kB
build/server/assets/noto-sans-jp-24-900-normal.woff                     61.00 kB
build/server/assets/noto-serif-jp-27-500-normal.woff                    61.01 kB
build/server/assets/noto-serif-jp-6-800-normal.woff2                    61.08 kB
build/server/assets/noto-serif-jp-34-800-normal.woff2                   61.10 kB
build/server/assets/noto-serif-jp-28-200-normal.woff                    61.16 kB
build/server/assets/noto-sans-jp-31-900-normal.woff                     61.18 kB
build/server/assets/noto-sans-jp-19-600-normal.woff                     61.18 kB
build/server/assets/noto-sans-jp-19-400-normal.woff                     61.20 kB
build/server/assets/noto-serif-jp-33-300-normal.woff                    61.20 kB
build/server/assets/noto-sans-jp-19-800-normal.woff                     61.22 kB
build/server/assets/noto-serif-jp-6-700-normal.woff2                    61.24 kB
build/server/assets/noto-sans-jp-19-500-normal.woff                     61.25 kB
build/server/assets/noto-sans-jp-19-700-normal.woff                     61.30 kB
build/server/assets/noto-sans-jp-24-500-normal.woff                     61.30 kB
build/server/assets/noto-sans-jp-31-400-normal.woff                     61.31 kB
build/server/assets/noto-serif-jp-27-600-normal.woff                    61.37 kB
build/server/assets/noto-sans-jp-5-400-normal.woff                      61.39 kB
build/server/assets/noto-serif-jp-1-200-normal.woff                     61.41 kB
build/server/assets/noto-serif-jp-19-300-normal.woff2                   61.42 kB
build/server/assets/noto-serif-jp-23-700-normal.woff2                   61.42 kB
build/server/assets/noto-serif-jp-23-800-normal.woff2                   61.47 kB
build/server/assets/noto-serif-jp-42-900-normal.woff                    61.48 kB
build/server/assets/noto-serif-jp-35-300-normal.woff                    61.50 kB
build/server/assets/noto-sans-jp-31-500-normal.woff                     61.58 kB
build/server/assets/noto-sans-jp-31-600-normal.woff                     61.59 kB
build/server/assets/noto-serif-jp-5-900-normal.woff2                    61.61 kB
build/server/assets/noto-sans-jp-24-700-normal.woff                     61.62 kB
build/server/assets/noto-sans-jp-24-600-normal.woff                     61.63 kB
build/server/assets/noto-serif-jp-33-400-normal.woff                    61.79 kB
build/server/assets/noto-serif-jp-42-700-normal.woff                    61.80 kB
build/server/assets/noto-sans-jp-6-200-normal.woff                      61.82 kB
build/server/assets/noto-sans-jp-31-800-normal.woff                     61.89 kB
build/server/assets/noto-sans-jp-31-700-normal.woff                     61.90 kB
build/server/assets/noto-sans-jp-5-600-normal.woff                      61.92 kB
build/server/assets/noto-serif-jp-27-700-normal.woff                    61.92 kB
build/server/assets/noto-sans-jp-5-500-normal.woff                      61.98 kB
build/server/assets/noto-sans-jp-24-800-normal.woff                     62.07 kB
build/server/assets/noto-sans-jp-5-900-normal.woff                      62.11 kB
build/server/assets/noto-serif-jp-33-500-normal.woff                    62.16 kB
build/server/assets/noto-serif-jp-19-400-normal.woff2                   62.20 kB
build/server/assets/noto-serif-jp-27-800-normal.woff                    62.23 kB
build/server/assets/noto-sans-jp-5-800-normal.woff                      62.26 kB
build/server/assets/noto-sans-jp-5-700-normal.woff                      62.27 kB
build/server/assets/noto-serif-jp-26-200-normal.woff                    62.31 kB
build/server/assets/noto-serif-jp-42-800-normal.woff                    62.38 kB
build/server/assets/noto-serif-jp-13-300-normal.woff                    62.39 kB
build/server/assets/noto-serif-jp-33-600-normal.woff                    62.40 kB
build/server/assets/noto-serif-jp-35-400-normal.woff                    62.50 kB
build/server/assets/noto-sans-jp-6-900-normal.woff                      62.64 kB
build/server/assets/noto-serif-jp-19-500-normal.woff2                   62.64 kB
build/server/assets/noto-serif-jp-43-200-normal.woff                    62.66 kB
build/server/assets/noto-sans-jp-6-300-normal.woff                      62.70 kB
build/server/assets/noto-serif-jp-45-300-normal.woff                    62.96 kB
build/server/assets/noto-serif-jp-19-600-normal.woff2                   63.00 kB
build/server/assets/noto-serif-jp-5-300-normal.woff2                    63.01 kB
build/server/assets/noto-serif-jp-22-200-normal.woff                    63.14 kB
build/server/assets/noto-serif-jp-13-400-normal.woff                    63.26 kB
build/server/assets/noto-serif-jp-28-300-normal.woff                    63.30 kB
build/server/assets/noto-serif-jp-35-900-normal.woff                    63.40 kB
build/server/assets/noto-serif-jp-33-700-normal.woff                    63.41 kB
build/server/assets/noto-serif-jp-19-800-normal.woff2                   63.44 kB
build/server/assets/noto-serif-jp-48-300-normal.woff                    63.44 kB
build/server/assets/noto-serif-jp-31-900-normal.woff2                   63.61 kB
build/server/assets/noto-serif-jp-35-500-normal.woff                    63.62 kB
build/server/assets/noto-serif-jp-19-700-normal.woff2                   63.63 kB
build/server/assets/noto-serif-jp-1-300-normal.woff                     63.63 kB
build/server/assets/noto-serif-jp-45-400-normal.woff                    63.68 kB
build/server/assets/noto-serif-jp-12-300-normal.woff                    63.74 kB
build/server/assets/noto-serif-jp-33-800-normal.woff                    63.74 kB
build/server/assets/noto-serif-jp-5-400-normal.woff2                    63.74 kB
build/server/assets/noto-serif-jp-35-600-normal.woff                    63.77 kB
build/server/assets/noto-serif-jp-28-400-normal.woff                    63.82 kB
build/server/assets/noto-serif-jp-21-200-normal.woff                    63.83 kB
build/server/assets/noto-serif-jp-37-200-normal.woff                    63.90 kB
build/server/assets/noto-serif-jp-1-400-normal.woff                     64.03 kB
build/server/assets/noto-serif-jp-31-300-normal.woff2                   64.03 kB
build/server/assets/noto-serif-jp-48-400-normal.woff                    64.09 kB
build/server/assets/noto-serif-jp-13-500-normal.woff                    64.11 kB
build/server/assets/noto-serif-jp-45-500-normal.woff                    64.27 kB
build/server/assets/noto-serif-jp-16-300-normal.woff                    64.36 kB
build/server/assets/noto-serif-jp-13-600-normal.woff                    64.38 kB
build/server/assets/noto-serif-jp-28-500-normal.woff                    64.40 kB
build/server/assets/noto-serif-jp-5-600-normal.woff2                    64.40 kB
build/server/assets/noto-serif-jp-5-500-normal.woff2                    64.42 kB
build/server/assets/noto-sans-jp-6-400-normal.woff                      64.44 kB
build/server/assets/noto-serif-jp-28-900-normal.woff                    64.46 kB
build/server/assets/noto-serif-jp-1-500-normal.woff                     64.55 kB
build/server/assets/noto-serif-jp-45-600-normal.woff                    64.58 kB
build/server/assets/noto-serif-jp-18-200-normal.woff                    64.62 kB
build/server/assets/noto-sans-jp-6-800-normal.woff                      64.63 kB
build/server/assets/noto-serif-jp-41-200-normal.woff                    64.67 kB
build/server/assets/noto-serif-jp-28-600-normal.woff                    64.70 kB
build/server/assets/noto-sans-jp-6-500-normal.woff                      64.71 kB
build/server/assets/noto-serif-jp-44-200-normal.woff                    64.72 kB
build/server/assets/noto-serif-jp-31-400-normal.woff2                   64.75 kB
build/server/assets/noto-serif-jp-12-400-normal.woff                    64.75 kB
build/server/assets/noto-serif-jp-48-500-normal.woff                    64.76 kB
build/server/assets/noto-serif-jp-1-600-normal.woff                     64.80 kB
build/server/assets/noto-serif-jp-35-700-normal.woff                    64.83 kB
build/server/assets/noto-sans-jp-6-600-normal.woff                      64.90 kB
build/server/assets/noto-sans-jp-6-700-normal.woff                      64.93 kB
build/server/assets/noto-serif-jp-43-300-normal.woff                    64.93 kB
build/server/assets/noto-serif-jp-48-600-normal.woff                    64.94 kB
build/server/assets/noto-serif-jp-16-900-normal.woff                    64.96 kB
build/server/assets/noto-serif-jp-38-200-normal.woff                    65.02 kB
build/server/assets/noto-serif-jp-1-900-normal.woff                     65.10 kB
build/server/assets/noto-serif-jp-16-400-normal.woff                    65.18 kB
build/server/assets/noto-serif-jp-13-900-normal.woff                    65.19 kB
build/server/assets/noto-serif-jp-5-700-normal.woff2                    65.39 kB
build/server/assets/noto-serif-jp-14-200-normal.woff                    65.42 kB
build/server/assets/noto-serif-jp-43-400-normal.woff                    65.42 kB
build/server/assets/noto-serif-jp-12-600-normal.woff                    65.49 kB
build/server/assets/noto-serif-jp-26-300-normal.woff                    65.49 kB
build/server/assets/noto-serif-jp-12-500-normal.woff                    65.54 kB
build/server/assets/noto-serif-jp-28-700-normal.woff                    65.54 kB
build/server/assets/noto-serif-jp-119-900-normal.woff                   65.57 kB
build/server/assets/noto-serif-jp-1-700-normal.woff                     65.58 kB
build/server/assets/noto-serif-jp-35-800-normal.woff                    65.59 kB
build/server/assets/noto-serif-jp-48-900-normal.woff                    65.62 kB
build/server/assets/noto-serif-jp-5-800-normal.woff2                    65.67 kB
build/server/assets/noto-serif-jp-45-700-normal.woff                    65.68 kB
build/server/assets/noto-serif-jp-45-900-normal.woff                    65.69 kB
build/server/assets/noto-serif-jp-39-200-normal.woff                    65.85 kB
build/server/assets/noto-serif-jp-31-500-normal.woff2                   65.86 kB
build/server/assets/noto-serif-jp-1-800-normal.woff                     65.88 kB
build/server/assets/noto-serif-jp-28-800-normal.woff                    65.89 kB
build/server/assets/noto-serif-jp-22-300-normal.woff                    65.90 kB
build/server/assets/noto-serif-jp-31-600-normal.woff2                   65.93 kB
build/server/assets/noto-serif-jp-12-900-normal.woff                    65.98 kB
build/server/assets/noto-serif-jp-13-700-normal.woff                    65.99 kB
build/server/assets/noto-serif-jp-45-800-normal.woff                    66.00 kB
build/server/assets/noto-serif-jp-48-700-normal.woff                    66.02 kB
build/server/assets/noto-serif-jp-16-500-normal.woff                    66.03 kB
build/server/assets/noto-serif-jp-52-900-normal.woff                    66.10 kB
build/server/assets/noto-serif-jp-26-400-normal.woff                    66.11 kB
build/server/assets/noto-serif-jp-43-500-normal.woff                    66.22 kB
build/server/assets/noto-serif-jp-16-600-normal.woff                    66.27 kB
build/server/assets/noto-serif-jp-29-200-normal.woff                    66.32 kB
build/server/assets/noto-serif-jp-43-600-normal.woff                    66.33 kB
build/server/assets/noto-serif-jp-48-800-normal.woff                    66.36 kB
build/server/assets/noto-serif-jp-10-200-normal.woff                    66.36 kB
build/server/assets/noto-serif-jp-12-700-normal.woff                    66.40 kB
build/server/assets/noto-serif-jp-25-200-normal.woff                    66.41 kB
build/server/assets/noto-serif-jp-22-400-normal.woff                    66.43 kB
build/server/assets/noto-serif-jp-13-800-normal.woff                    66.59 kB
build/server/assets/noto-serif-jp-37-300-normal.woff                    66.60 kB
build/server/assets/noto-serif-jp-21-300-normal.woff                    66.68 kB
build/server/assets/noto-serif-jp-44-300-normal.woff                    66.76 kB
build/server/assets/noto-serif-jp-26-900-normal.woff                    66.80 kB
build/server/assets/noto-serif-jp-43-900-normal.woff                    66.96 kB
build/server/assets/noto-serif-jp-22-900-normal.woff                    66.99 kB
build/server/assets/noto-serif-jp-26-500-normal.woff                    67.00 kB
build/server/assets/noto-serif-jp-37-400-normal.woff                    67.02 kB
build/server/assets/noto-serif-jp-4-200-normal.woff                     67.02 kB
build/server/assets/noto-serif-jp-52-200-normal.woff                    67.02 kB
build/server/assets/noto-serif-jp-31-700-normal.woff2                   67.02 kB
build/server/assets/noto-serif-jp-12-800-normal.woff                    67.10 kB
build/server/assets/noto-serif-jp-22-500-normal.woff                    67.10 kB
build/server/assets/noto-serif-jp-22-600-normal.woff                    67.11 kB
build/server/assets/noto-serif-jp-31-800-normal.woff2                   67.17 kB
build/server/assets/noto-serif-jp-44-400-normal.woff                    67.18 kB
build/server/assets/noto-serif-jp-18-300-normal.woff                    67.23 kB
build/server/assets/noto-serif-jp-43-700-normal.woff                    67.23 kB
build/server/assets/noto-serif-jp-41-300-normal.woff                    67.27 kB
build/server/assets/noto-serif-jp-21-400-normal.woff                    67.30 kB
build/server/assets/noto-serif-jp-26-600-normal.woff                    67.37 kB
build/server/assets/noto-serif-jp-119-200-normal.woff                   67.52 kB
build/server/assets/noto-serif-jp-43-800-normal.woff                    67.54 kB
build/server/assets/noto-serif-jp-16-700-normal.woff                    67.66 kB
build/server/assets/noto-serif-jp-44-500-normal.woff                    67.71 kB
build/server/assets/noto-serif-jp-32-200-normal.woff                    67.75 kB
build/server/assets/noto-serif-jp-21-900-normal.woff                    67.80 kB
build/server/assets/noto-serif-jp-37-500-normal.woff                    67.84 kB
build/server/assets/noto-serif-jp-21-500-normal.woff                    67.84 kB
build/server/assets/noto-serif-jp-18-400-normal.woff                    67.90 kB
build/server/assets/noto-serif-jp-41-400-normal.woff                    67.94 kB
build/server/assets/noto-serif-jp-38-300-normal.woff                    68.05 kB
build/server/assets/noto-serif-jp-37-600-normal.woff                    68.17 kB
build/server/assets/noto-serif-jp-44-600-normal.woff                    68.21 kB
build/server/assets/noto-serif-jp-16-800-normal.woff                    68.22 kB
build/server/assets/noto-serif-jp-22-700-normal.woff                    68.28 kB
build/server/assets/noto-serif-jp-26-700-normal.woff                    68.36 kB
build/server/assets/noto-serif-jp-21-600-normal.woff                    68.38 kB
build/server/assets/noto-serif-jp-22-800-normal.woff                    68.41 kB
build/server/assets/noto-serif-jp-9-200-normal.woff                     68.48 kB
build/server/assets/noto-serif-jp-37-900-normal.woff                    68.48 kB
build/server/assets/noto-serif-jp-14-300-normal.woff                    68.54 kB
build/server/assets/noto-serif-jp-39-300-normal.woff                    68.61 kB
build/server/assets/noto-serif-jp-18-500-normal.woff                    68.64 kB
build/server/assets/noto-serif-jp-29-300-normal.woff                    68.65 kB
build/server/assets/noto-serif-jp-41-500-normal.woff                    68.67 kB
build/server/assets/noto-serif-jp-26-800-normal.woff                    68.68 kB
build/server/assets/noto-serif-jp-38-400-normal.woff                    68.82 kB
build/server/assets/noto-serif-jp-30-200-normal.woff                    68.96 kB
build/server/assets/noto-serif-jp-18-900-normal.woff                    68.98 kB
build/server/assets/noto-serif-jp-44-900-normal.woff                    69.01 kB
build/server/assets/noto-serif-jp-18-600-normal.woff                    69.02 kB
build/server/assets/noto-serif-jp-37-700-normal.woff                    69.05 kB
build/server/assets/noto-serif-jp-4-300-normal.woff                     69.07 kB
build/server/assets/noto-serif-jp-44-700-normal.woff                    69.08 kB
build/server/assets/noto-serif-jp-21-700-normal.woff                    69.09 kB
build/server/assets/noto-serif-jp-29-400-normal.woff                    69.17 kB
build/server/assets/noto-serif-jp-41-600-normal.woff                    69.26 kB
build/server/assets/noto-serif-jp-39-400-normal.woff                    69.29 kB
build/server/assets/noto-serif-jp-37-800-normal.woff                    69.38 kB
build/server/assets/noto-serif-jp-4-400-normal.woff                     69.47 kB
build/server/assets/noto-serif-jp-38-900-normal.woff                    69.52 kB
build/server/assets/noto-serif-jp-14-400-normal.woff                    69.56 kB
build/server/assets/noto-serif-jp-38-500-normal.woff                    69.56 kB
build/server/assets/noto-serif-jp-44-800-normal.woff                    69.59 kB
build/server/assets/noto-serif-jp-21-800-normal.woff                    69.64 kB
build/server/assets/noto-serif-jp-25-300-normal.woff                    69.71 kB
build/server/assets/noto-serif-jp-18-700-normal.woff                    69.80 kB
build/server/assets/noto-serif-jp-29-500-normal.woff                    69.86 kB
build/server/assets/noto-serif-jp-38-600-normal.woff                    69.86 kB
build/server/assets/noto-serif-jp-39-500-normal.woff                    69.92 kB
build/server/assets/noto-serif-jp-10-300-normal.woff                    69.93 kB
build/server/assets/noto-serif-jp-41-900-normal.woff                    69.95 kB
build/server/assets/noto-serif-jp-4-500-normal.woff                     70.08 kB
build/server/assets/noto-serif-jp-14-500-normal.woff                    70.20 kB
build/server/assets/noto-serif-jp-25-400-normal.woff                    70.29 kB
build/server/assets/noto-serif-jp-29-600-normal.woff                    70.34 kB
build/server/assets/noto-serif-jp-4-600-normal.woff                     70.35 kB
build/server/assets/noto-serif-jp-41-700-normal.woff                    70.40 kB
build/server/assets/noto-serif-jp-39-600-normal.woff                    70.44 kB
build/server/assets/noto-serif-jp-18-800-normal.woff                    70.44 kB
build/server/assets/noto-serif-jp-38-700-normal.woff                    70.59 kB
build/server/assets/noto-serif-jp-8-200-normal.woff                     70.68 kB
build/server/assets/noto-serif-jp-41-800-normal.woff                    70.73 kB
build/server/assets/noto-serif-jp-38-800-normal.woff                    70.75 kB
build/server/assets/noto-serif-jp-10-400-normal.woff                    70.86 kB
build/server/assets/noto-serif-jp-39-900-normal.woff                    70.90 kB
build/server/assets/noto-serif-jp-14-600-normal.woff                    70.92 kB
build/server/assets/noto-serif-jp-25-500-normal.woff                    71.12 kB
build/server/assets/noto-serif-jp-14-900-normal.woff                    71.13 kB
build/server/assets/noto-serif-jp-39-700-normal.woff                    71.30 kB
build/server/assets/noto-serif-jp-17-200-normal.woff                    71.45 kB
build/server/assets/noto-serif-jp-32-900-normal.woff                    71.47 kB
build/server/assets/noto-serif-jp-29-900-normal.woff                    71.47 kB
build/server/assets/noto-serif-jp-29-700-normal.woff                    71.50 kB
build/server/assets/noto-serif-jp-4-700-normal.woff                     71.57 kB
build/server/assets/noto-serif-jp-10-500-normal.woff                    71.64 kB
build/server/assets/noto-serif-jp-4-900-normal.woff                     71.70 kB
build/server/assets/noto-serif-jp-39-800-normal.woff                    71.88 kB
build/server/assets/noto-serif-jp-30-300-normal.woff                    71.91 kB
build/server/assets/noto-serif-jp-7-200-normal.woff                     72.00 kB
build/server/assets/noto-serif-jp-14-700-normal.woff                    72.00 kB
build/server/assets/noto-serif-jp-25-600-normal.woff                    72.00 kB
build/server/assets/noto-serif-jp-4-800-normal.woff                     72.02 kB
build/server/assets/noto-serif-jp-0-200-normal.woff                     72.18 kB
build/server/assets/noto-serif-jp-29-800-normal.woff                    72.32 kB
build/server/assets/noto-serif-jp-25-900-normal.woff                    72.33 kB
build/server/assets/noto-serif-jp-14-800-normal.woff                    72.48 kB
build/server/assets/noto-serif-jp-10-600-normal.woff                    72.52 kB
build/server/assets/noto-serif-jp-34-200-normal.woff                    72.53 kB
build/server/assets/noto-serif-jp-30-400-normal.woff                    72.68 kB
build/server/assets/noto-serif-jp-9-300-normal.woff                     72.77 kB
build/server/assets/noto-serif-jp-32-300-normal.woff                    73.16 kB
build/server/assets/noto-serif-jp-25-700-normal.woff                    73.26 kB
build/server/assets/noto-serif-jp-15-200-normal.woff                    73.41 kB
build/server/assets/noto-serif-jp-30-500-normal.woff                    73.59 kB
build/server/assets/noto-serif-jp-32-400-normal.woff                    73.64 kB
build/server/assets/noto-serif-jp-25-800-normal.woff                    73.80 kB
build/server/assets/noto-serif-jp-9-400-normal.woff                     73.96 kB
build/server/assets/noto-serif-jp-11-200-normal.woff                    74.29 kB
build/server/assets/noto-serif-jp-32-500-normal.woff                    74.32 kB
build/server/assets/noto-serif-jp-10-900-normal.woff                    74.34 kB
build/server/assets/noto-serif-jp-30-900-normal.woff                    74.35 kB
build/server/assets/noto-serif-jp-30-600-normal.woff                    74.40 kB
build/server/assets/noto-serif-jp-32-600-normal.woff                    74.51 kB
build/server/assets/noto-serif-jp-0-300-normal.woff                     74.59 kB
build/server/assets/noto-serif-jp-10-700-normal.woff                    74.62 kB
build/server/assets/noto-serif-jp-17-300-normal.woff                    75.02 kB
build/server/assets/noto-serif-jp-24-200-normal.woff                    75.21 kB
build/server/assets/noto-serif-jp-9-500-normal.woff                     75.28 kB
build/server/assets/noto-serif-jp-0-400-normal.woff                     75.30 kB
build/server/assets/noto-serif-jp-10-800-normal.woff                    75.42 kB
build/server/assets/noto-serif-jp-8-300-normal.woff                     75.57 kB
build/server/assets/noto-serif-jp-6-200-normal.woff                     75.60 kB
build/server/assets/noto-serif-jp-30-700-normal.woff                    75.61 kB
build/server/assets/noto-serif-jp-32-800-normal.woff                    75.65 kB
build/server/assets/noto-serif-jp-23-200-normal.woff                    75.73 kB
build/server/assets/noto-serif-jp-30-800-normal.woff                    75.92 kB
build/server/assets/noto-serif-jp-119-400-normal.woff                   75.97 kB
build/server/assets/noto-serif-jp-9-600-normal.woff                     75.98 kB
build/server/assets/noto-serif-jp-32-700-normal.woff                    76.04 kB
build/server/assets/noto-serif-jp-17-400-normal.woff                    76.13 kB
build/server/assets/noto-serif-jp-0-500-normal.woff                     76.23 kB
build/server/assets/noto-serif-jp-34-300-normal.woff                    76.45 kB
build/server/assets/noto-serif-jp-0-600-normal.woff                     76.71 kB
build/server/assets/noto-serif-jp-8-400-normal.woff                     76.91 kB
build/server/assets/noto-serif-jp-17-500-normal.woff                    77.02 kB
build/server/assets/noto-serif-jp-9-900-normal.woff                     77.12 kB
build/server/assets/noto-serif-jp-15-300-normal.woff                    77.21 kB
build/server/assets/noto-serif-jp-119-700-normal.woff                   77.39 kB
build/server/assets/noto-serif-jp-34-400-normal.woff                    77.55 kB
build/server/assets/noto-serif-jp-119-800-normal.woff                   77.57 kB
build/server/assets/noto-serif-jp-7-300-normal.woff                     77.67 kB
build/server/assets/noto-serif-jp-17-600-normal.woff                    77.72 kB
build/server/assets/noto-serif-jp-9-700-normal.woff                     77.75 kB
build/server/assets/noto-serif-jp-119-600-normal.woff                   77.75 kB
build/server/assets/noto-serif-jp-0-700-normal.woff                     77.91 kB
build/server/assets/noto-serif-jp-119-500-normal.woff                   77.97 kB
build/server/assets/noto-serif-jp-119-300-normal.woff                   78.06 kB
build/server/assets/noto-serif-jp-0-900-normal.woff                     78.07 kB
build/server/assets/noto-serif-jp-15-400-normal.woff                    78.09 kB
build/server/assets/noto-serif-jp-19-200-normal.woff                    78.11 kB
build/server/assets/noto-serif-jp-5-200-normal.woff                     78.36 kB
build/server/assets/noto-serif-jp-0-800-normal.woff                     78.37 kB
build/server/assets/noto-serif-jp-8-500-normal.woff                     78.39 kB
build/server/assets/noto-serif-jp-8-900-normal.woff                     78.46 kB
build/server/assets/noto-serif-jp-9-800-normal.woff                     78.66 kB
build/server/assets/noto-serif-jp-34-500-normal.woff                    78.76 kB
build/server/assets/noto-serif-jp-11-300-normal.woff                    78.95 kB
build/server/assets/noto-serif-jp-24-300-normal.woff                    78.99 kB
build/server/assets/noto-serif-jp-15-500-normal.woff                    79.00 kB
build/server/assets/noto-serif-jp-8-600-normal.woff                     79.04 kB
build/server/assets/noto-serif-jp-31-200-normal.woff                    79.06 kB
build/server/assets/noto-serif-jp-17-900-normal.woff                    79.08 kB
build/server/assets/noto-serif-jp-34-600-normal.woff                    79.08 kB
build/server/assets/noto-serif-jp-17-700-normal.woff                    79.29 kB
build/server/assets/noto-serif-jp-15-600-normal.woff                    79.69 kB
build/server/assets/noto-serif-jp-34-900-normal.woff                    79.77 kB
build/server/assets/noto-serif-jp-15-900-normal.woff                    79.78 kB
build/server/assets/noto-serif-jp-17-800-normal.woff                    80.02 kB
build/server/assets/noto-serif-jp-6-300-normal.woff                     80.11 kB
build/server/assets/noto-serif-jp-24-400-normal.woff                    80.19 kB
build/server/assets/noto-serif-jp-8-700-normal.woff                     80.36 kB
build/server/assets/noto-serif-jp-7-400-normal.woff                     80.37 kB
build/server/assets/noto-serif-jp-11-400-normal.woff                    80.60 kB
build/server/assets/noto-serif-jp-34-700-normal.woff                    80.61 kB
build/server/assets/noto-serif-jp-15-700-normal.woff                    80.99 kB
build/server/assets/noto-serif-jp-34-800-normal.woff                    81.07 kB
build/server/assets/noto-serif-jp-19-300-normal.woff                    81.14 kB
build/server/assets/noto-serif-jp-23-300-normal.woff                    81.21 kB
build/server/assets/noto-serif-jp-8-800-normal.woff                     81.21 kB
build/server/assets/noto-serif-jp-24-500-normal.woff                    81.36 kB
build/server/assets/noto-serif-jp-6-400-normal.woff                     81.60 kB
build/server/assets/noto-serif-jp-7-500-normal.woff                     81.62 kB
build/server/assets/noto-serif-jp-15-800-normal.woff                    81.63 kB
build/server/assets/noto-serif-jp-19-400-normal.woff                    81.82 kB
build/server/assets/noto-serif-jp-11-500-normal.woff                    82.05 kB
build/server/assets/noto-serif-jp-24-600-normal.woff                    82.08 kB
build/server/assets/noto-serif-jp-24-900-normal.woff                    82.16 kB
build/server/assets/noto-serif-jp-11-600-normal.woff                    82.36 kB
build/server/assets/noto-serif-jp-7-600-normal.woff                     82.46 kB
build/server/assets/noto-serif-jp-52-600-normal.woff                    82.50 kB
build/server/assets/noto-serif-jp-7-900-normal.woff                     82.52 kB
build/server/assets/noto-serif-jp-23-400-normal.woff                    82.72 kB
build/server/assets/noto-serif-jp-19-500-normal.woff                    82.76 kB
build/server/assets/noto-serif-jp-5-300-normal.woff                     83.02 kB
build/server/assets/noto-serif-jp-19-600-normal.woff                    83.04 kB
build/server/assets/noto-serif-jp-24-700-normal.woff                    83.20 kB
build/server/assets/noto-serif-jp-6-500-normal.woff                     83.26 kB
build/server/assets/noto-serif-jp-23-900-normal.woff                    83.39 kB
build/server/assets/noto-serif-jp-52-800-normal.woff                    83.60 kB
build/server/assets/noto-serif-jp-19-900-normal.woff                    83.76 kB
build/server/assets/noto-serif-jp-24-800-normal.woff                    83.77 kB
build/server/assets/noto-serif-jp-31-300-normal.woff                    84.04 kB
build/server/assets/noto-serif-jp-52-300-normal.woff                    84.10 kB
build/server/assets/noto-serif-jp-23-500-normal.woff                    84.17 kB
build/server/assets/noto-serif-jp-5-400-normal.woff                     84.26 kB
build/server/assets/noto-serif-jp-19-700-normal.woff                    84.31 kB
build/server/assets/noto-serif-jp-11-700-normal.woff                    84.42 kB
build/server/assets/noto-serif-jp-7-700-normal.woff                     84.43 kB
build/server/assets/noto-serif-jp-23-600-normal.woff                    84.43 kB
build/server/assets/noto-serif-jp-52-500-normal.woff                    84.58 kB
build/server/assets/noto-serif-jp-6-600-normal.woff                     84.69 kB
build/server/assets/noto-serif-jp-7-800-normal.woff                     84.70 kB
build/server/assets/noto-serif-jp-52-400-normal.woff                    84.78 kB
build/server/assets/noto-serif-jp-52-700-normal.woff                    84.92 kB
build/server/assets/noto-serif-jp-19-800-normal.woff                    84.93 kB
build/server/assets/noto-serif-jp-31-400-normal.woff                    85.19 kB
build/server/assets/noto-serif-jp-11-900-normal.woff                    85.32 kB
build/server/assets/noto-serif-jp-5-500-normal.woff                     85.47 kB
build/server/assets/noto-serif-jp-23-700-normal.woff                    85.61 kB
build/server/assets/noto-serif-jp-31-900-normal.woff                    85.74 kB
build/server/assets/noto-serif-jp-23-800-normal.woff                    85.90 kB
build/server/assets/noto-serif-jp-5-600-normal.woff                     86.08 kB
build/server/assets/noto-serif-jp-31-500-normal.woff                    86.19 kB
build/server/assets/noto-serif-jp-11-800-normal.woff                    86.34 kB
build/server/assets/noto-serif-jp-6-900-normal.woff                     86.53 kB
build/server/assets/noto-serif-jp-31-600-normal.woff                    86.64 kB
build/server/assets/noto-serif-jp-6-700-normal.woff                     86.94 kB
build/server/assets/noto-serif-jp-5-900-normal.woff                     87.70 kB
build/server/assets/noto-serif-jp-6-800-normal.woff                     87.91 kB
build/server/assets/noto-serif-jp-5-700-normal.woff                     88.08 kB
build/server/assets/noto-serif-jp-31-700-normal.woff                    88.23 kB
build/server/assets/noto-serif-jp-31-800-normal.woff                    88.30 kB
build/server/assets/noto-serif-jp-5-800-normal.woff                     89.46 kB
build/server/.vite/manifest.json                                     1,818.14 kB
build/server/assets/tailwind.css                                       369.76 kB
build/server/assets/server-build.css                                 2,999.53 kB
build/server/assets/performance-monitor.js                               1.79 kB
build/server/index.js                                                    2.66 kB
build/server/assets/fast-user-navigation-menu.js                         8.96 kB
build/server/assets/home-menu-route-list.js                             14.45 kB
build/server/assets/home-notifications-menu.js                          20.03 kB
build/server/assets/user-navigation-menu-content.js                     29.76 kB
build/server/assets/server-build.js                                  5,058.01 kB
[vite-plugin-static-copy] Copied 6 items.
✓ built in 4.96s

 ⛅️ wrangler 4.14.4 (update available 4.92.0)
---------------------------------------------

[33m▲ [43;33m[[43;30mWARNING[43;33m][0m [1mIgnoring this import because "../node_modules/isbot/index.mjs" was marked as having no side effects[0m [ignored-bare-import]

    ../build/server/assets/home-menu-route-list.js:8:7:
[37m      8 │ import [32m"isbot"[37m;
        ╵        [32m~~~~~~~[0m

  "sideEffects" is false in the enclosing "package.json" file:

    ../node_modules/isbot/package.json:47:2:
[37m      47 │   [32m"sideEffects"[37m: false,
         ╵   [32m~~~~~~~~~~~~~[0m


[33m▲ [43;33m[[43;30mWARNING[43;33m][0m [1mIgnoring this import because "../node_modules/@sentry/browser/build/npm/esm/index.js" was marked as having no side effects[0m [ignored-bare-import]

    ../build/server/assets/home-menu-route-list.js:11:7:
[37m      11 │ import [32m"@sentry/browser"[37m;
         ╵        [32m~~~~~~~~~~~~~~~~~[0m

  "sideEffects" is false in the enclosing "package.json" file:

    ../node_modules/@sentry/browser/build/npm/esm/package.json:1:36:
[37m      1 │ {"type":"module","version":"8.55.0",[32m"sideEffects"[37m:false}
        ╵                                     [32m~~~~~~~~~~~~~[0m


[33m▲ [43;33m[[43;30mWARNING[43;33m][0m [1mIgnoring this import because "../node_modules/@radix-ui/react-slot/dist/index.mjs" was marked as having no side effects[0m [ignored-bare-import]

    ../build/server/assets/home-menu-route-list.js:15:7:
[37m      15 │ import [32m"@radix-ui/react-slot"[37m;
         ╵        [32m~~~~~~~~~~~~~~~~~~~~~~[0m

  "sideEffects" is false in the enclosing "package.json" file:

    ../node_modules/@radix-ui/react-slot/package.json:12:2:
[37m      12 │   [32m"sideEffects"[37m: false,
         ╵   [32m~~~~~~~~~~~~~[0m


[33m▲ [43;33m[[43;30mWARNING[43;33m][0m [1mIgnoring this import because "../node_modules/tailwind-merge/dist/bundle-mjs.mjs" was marked as having no side effects[0m [ignored-bare-import]

    ../build/server/assets/home-menu-route-list.js:17:7:
[37m      17 │ import [32m"tailwind-merge"[37m;
         ╵        [32m~~~~~~~~~~~~~~~~[0m

  "sideEffects" is false in the enclosing "package.json" file:

    ../node_modules/tailwind-merge/package.json:51:4:
[37m      51 │     [32m"sideEffects"[37m: false,
         ╵     [32m~~~~~~~~~~~~~[0m


[33m▲ [43;33m[[43;30mWARNING[43;33m][0m [1mIgnoring this import because "../node_modules/valibot/dist/index.js" was marked as having no side effects[0m [ignored-bare-import]

    ../build/server/assets/home-menu-route-list.js:19:7:
[37m      19 │ import [32m"valibot"[37m;
         ╵        [32m~~~~~~~~~[0m

  "sideEffects" is false in the enclosing "package.json" file:

    ../node_modules/valibot/package.json:37:2:
[37m      37 │   [32m"sideEffects"[37m: false,
         ╵   [32m~~~~~~~~~~~~~[0m


[33m▲ [43;33m[[43;30mWARNING[43;33m][0m [1mIgnoring this import because "../node_modules/gql.tada/dist/gql-tada.mjs" was marked as having no side effects[0m [ignored-bare-import]

    ../build/server/assets/home-menu-route-list.js:21:7:
[37m      21 │ import [32m"gql.tada"[37m;
         ╵        [32m~~~~~~~~~~[0m

  "sideEffects" is false in the enclosing "package.json" file:

    ../node_modules/gql.tada/package.json:10:2:
[37m      10 │   [32m"sideEffects"[37m: false,
         ╵   [32m~~~~~~~~~~~~~[0m


[33m▲ [43;33m[[43;30mWARNING[43;33m][0m [1mIgnoring this import because "../node_modules/@tanstack/react-query/build/modern/index.js" was marked as having no side effects[0m [ignored-bare-import]

    ../build/server/assets/home-menu-route-list.js:22:7:
[37m      22 │ import [32m"@tanstack/react-query"[37m;
         ╵        [32m~~~~~~~~~~~~~~~~~~~~~~~[0m

  "sideEffects" is false in the enclosing "package.json" file:

    ../node_modules/@tanstack/react-query/package.json:36:2:
[37m      36 │   [32m"sideEffects"[37m: false,
         ╵   [32m~~~~~~~~~~~~~[0m


[33m▲ [43;33m[[43;30mWARNING[43;33m][0m [1mIgnoring this import because "../node_modules/@apollo/client/link/context/index.js" was marked as having no side effects[0m [ignored-bare-import]

    ../build/server/assets/home-menu-route-list.js:24:7:
[37m      24 │ import [32m"@apollo/client/link/context/index.js"[37m;
         ╵        [32m~~~~~~~~~~~~~~~~~~~~~~~~~~~~~~~~~~~~~~[0m

  "sideEffects" is false in the enclosing "package.json" file:

    ../node_modules/@apollo/client/link/context/package.json:7:2:
[37m      7 │   [32m"sideEffects"[37m: false
        ╵   [32m~~~~~~~~~~~~~[0m


[33m▲ [43;33m[[43;30mWARNING[43;33m][0m [1mIgnoring this import because "../node_modules/@apollo/client/link/error/index.js" was marked as having no side effects[0m [ignored-bare-import]

    ../build/server/assets/home-menu-route-list.js:25:7:
[37m      25 │ import [32m"@apollo/client/link/error/index.js"[37m;
         ╵        [32m~~~~~~~~~~~~~~~~~~~~~~~~~~~~~~~~~~~~[0m

  "sideEffects" is false in the enclosing "package.json" file:

    ../node_modules/@apollo/client/link/error/package.json:7:2:
[37m      7 │   [32m"sideEffects"[37m: false
        ╵   [32m~~~~~~~~~~~~~[0m


[33m▲ [43;33m[[43;30mWARNING[43;33m][0m [1mIgnoring this import because "../node_modules/fflate/esm/browser.js" was marked as having no side effects[0m [ignored-bare-import]

    ../build/server/assets/home-menu-route-list.js:27:7:
[37m      27 │ import [32m"fflate"[37m;
         ╵        [32m~~~~~~~~[0m

  "sideEffects" is false in the enclosing "package.json" file:

    ../node_modules/fflate/package.json:61:2:
[37m      61 │   [32m"sideEffects"[37m: false,
         ╵   [32m~~~~~~~~~~~~~[0m


[33m▲ [43;33m[[43;30mWARNING[43;33m][0m [1mIgnoring this import because "../node_modules/@remixicon/react/index.mjs" was marked as having no side effects[0m [ignored-bare-import]

    ../build/server/assets/home-menu-route-list.js:28:7:
[37m      28 │ import [32m"@remixicon/react"[37m;
         ╵        [32m~~~~~~~~~~~~~~~~~~[0m

  "sideEffects" is false in the enclosing "package.json" file:

    ../node_modules/@remixicon/react/package.json:34:4:
[37m      34 │     [32m"sideEffects"[37m: false,
         ╵     [32m~~~~~~~~~~~~~[0m


[33m▲ [43;33m[[43;30mWARNING[43;33m][0m [1mIgnoring this import because "../node_modules/react-router-dom/dist/main.js" was marked as having no side effects[0m [ignored-bare-import]

    ../build/server/assets/home-menu-route-list.js:29:7:
[37m      29 │ import [32m"react-router-dom"[37m;
         ╵        [32m~~~~~~~~~~~~~~~~~~[0m

  "sideEffects" is false in the enclosing "package.json" file:

    ../node_modules/react-router-dom/package.json:20:2:
[37m      20 │   [32m"sideEffects"[37m: false,
         ╵   [32m~~~~~~~~~~~~~[0m


[33m▲ [43;33m[[43;30mWARNING[43;33m][0m [1mIgnoring this import because "../node_modules/@radix-ui/react-tooltip/dist/index.mjs" was marked as having no side effects[0m [ignored-bare-import]

    ../build/server/assets/home-menu-route-list.js:30:7:
[37m      30 │ import [32m"@radix-ui/react-tooltip"[37m;
         ╵        [32m~~~~~~~~~~~~~~~~~~~~~~~~~[0m

  "sideEffects" is false in the enclosing "package.json" file:

    ../node_modules/@radix-ui/react-tooltip/package.json:12:2:
[37m      12 │   [32m"sideEffects"[37m: false,
         ╵   [32m~~~~~~~~~~~~~[0m


[33m▲ [43;33m[[43;30mWARNING[43;33m][0m [1mIgnoring this import because "../node_modules/@radix-ui/react-scroll-area/dist/index.mjs" was marked as having no side effects[0m [ignored-bare-import]

    ../build/server/assets/home-menu-route-list.js:31:7:
[37m      31 │ import [32m"@radix-ui/react-scroll-area"[37m;
         ╵        [32m~~~~~~~~~~~~~~~~~~~~~~~~~~~~~[0m

  "sideEffects" is false in the enclosing "package.json" file:

    ../node_modules/@radix-ui/react-scroll-area/package.json:12:2:
[37m      12 │   [32m"sideEffects"[37m: false,
         ╵   [32m~~~~~~~~~~~~~[0m


[33m▲ [43;33m[[43;30mWARNING[43;33m][0m [1mIgnoring this import because "../node_modules/@radix-ui/react-dialog/dist/index.mjs" was marked as having no side effects[0m [ignored-bare-import]

    ../build/server/assets/home-menu-route-list.js:32:7:
[37m      32 │ import [32m"@radix-ui/react-dialog"[37m;
         ╵        [32m~~~~~~~~~~~~~~~~~~~~~~~~[0m

  "sideEffects" is false in the enclosing "package.json" file:

    ../node_modules/@radix-ui/react-dialog/package.json:12:2:
[37m      12 │   [32m"sideEffects"[37m: false,
         ╵   [32m~~~~~~~~~~~~~[0m


[33m▲ [43;33m[[43;30mWARNING[43;33m][0m [1mIgnoring this import because "../node_modules/@radix-ui/react-label/dist/index.mjs" was marked as having no side effects[0m [ignored-bare-import]

    ../build/server/assets/home-menu-route-list.js:33:7:
[37m      33 │ import [32m"@radix-ui/react-label"[37m;
         ╵        [32m~~~~~~~~~~~~~~~~~~~~~~~[0m

  "sideEffects" is false in the enclosing "package.json" file:

    ../node_modules/@radix-ui/react-label/package.json:12:2:
[37m      12 │   [32m"sideEffects"[37m: false,
         ╵   [32m~~~~~~~~~~~~~[0m


[33m▲ [43;33m[[43;30mWARNING[43;33m][0m [1mIgnoring this import because "../node_modules/@radix-ui/react-checkbox/dist/index.mjs" was marked as having no side effects[0m [ignored-bare-import]

    ../build/server/assets/home-menu-route-list.js:34:7:
[37m      34 │ import [32m"@radix-ui/react-checkbox"[37m;
         ╵        [32m~~~~~~~~~~~~~~~~~~~~~~~~~~[0m

  "sideEffects" is false in the enclosing "package.json" file:

    ../node_modules/@radix-ui/react-checkbox/package.json:12:2:
[37m      12 │   [32m"sideEffects"[37m: false,
         ╵   [32m~~~~~~~~~~~~~[0m


[33m▲ [43;33m[[43;30mWARNING[43;33m][0m [1mIgnoring this import because "../node_modules/@radix-ui/react-select/dist/index.mjs" was marked as having no side effects[0m [ignored-bare-import]

    ../build/server/assets/home-menu-route-list.js:35:7:
[37m      35 │ import [32m"@radix-ui/react-select"[37m;
         ╵        [32m~~~~~~~~~~~~~~~~~~~~~~~~[0m

  "sideEffects" is false in the enclosing "package.json" file:

    ../node_modules/@radix-ui/react-select/package.json:12:2:
[37m      12 │   [32m"sideEffects"[37m: false,
         ╵   [32m~~~~~~~~~~~~~[0m


[33m▲ [43;33m[[43;30mWARNING[43;33m][0m [1mIgnoring this import because "../node_modules/@radix-ui/react-collapsible/dist/index.mjs" was marked as having no side effects[0m [ignored-bare-import]

    ../build/server/assets/home-menu-route-list.js:36:7:
[37m      36 │ import [32m"@radix-ui/react-collapsible"[37m;
         ╵        [32m~~~~~~~~~~~~~~~~~~~~~~~~~~~~~[0m

  "sideEffects" is false in the enclosing "package.json" file:

    ../node_modules/@radix-ui/react-collapsible/package.json:12:2:
[37m      12 │   [32m"sideEffects"[37m: false,
         ╵   [32m~~~~~~~~~~~~~[0m


[33m▲ [43;33m[[43;30mWARNING[43;33m][0m [1mIgnoring this import because "../node_modules/@radix-ui/react-separator/dist/index.mjs" was marked as having no side effects[0m [ignored-bare-import]

    ../build/server/assets/home-menu-route-list.js:37:7:
[37m      37 │ import [32m"@radix-ui/react-separator"[37m;
         ╵        [32m~~~~~~~~~~~~~~~~~~~~~~~~~~~[0m

  "sideEffects" is false in the enclosing "package.json" file:

    ../node_modules/@radix-ui/react-separator/package.json:12:2:
[37m      12 │   [32m"sideEffects"[37m: false,
         ╵   [32m~~~~~~~~~~~~~[0m


[33m▲ [43;33m[[43;30mWARNING[43;33m][0m [1mIgnoring this import because "../node_modules/react-photo-album/dist/index.js" was marked as having no side effects[0m [ignored-bare-import]

    ../build/server/assets/home-menu-route-list.js:38:7:
[37m      38 │ import [32m"react-photo-album"[37m;
         ╵        [32m~~~~~~~~~~~~~~~~~~~[0m

  It was excluded from the "sideEffects" array in the enclosing "package.json" file:

    ../node_modules/react-photo-album/package.json:75:2:
[37m      75 │   [32m"sideEffects"[37m: [
         ╵   [32m~~~~~~~~~~~~~[0m


[33m▲ [43;33m[[43;30mWARNING[43;33m][0m [1mIgnoring this import because "../node_modules/react-photo-album/dist/ssr/index.js" was marked as having no side effects[0m [ignored-bare-import]

    ../build/server/assets/home-menu-route-list.js:39:7:
[37m      39 │ import [32m"react-photo-album/ssr"[37m;
         ╵        [32m~~~~~~~~~~~~~~~~~~~~~~~[0m

  It was excluded from the "sideEffects" array in the enclosing "package.json" file:

    ../node_modules/react-photo-album/package.json:75:2:
[37m      75 │   [32m"sideEffects"[37m: [
         ╵   [32m~~~~~~~~~~~~~[0m


[33m▲ [43;33m[[43;30mWARNING[43;33m][0m [1mIgnoring this import because "../node_modules/@radix-ui/react-avatar/dist/index.mjs" was marked as having no side effects[0m [ignored-bare-import]

    ../build/server/assets/home-menu-route-list.js:41:7:
[37m      41 │ import [32m"@radix-ui/react-avatar"[37m;
         ╵        [32m~~~~~~~~~~~~~~~~~~~~~~~~[0m

  "sideEffects" is false in the enclosing "package.json" file:

    ../node_modules/@radix-ui/react-avatar/package.json:12:2:
[37m      12 │   [32m"sideEffects"[37m: false,
         ╵   [32m~~~~~~~~~~~~~[0m


[33m▲ [43;33m[[43;30mWARNING[43;33m][0m [1mIgnoring this import because "../node_modules/@radix-ui/react-alert-dialog/dist/index.mjs" was marked as having no side effects[0m [ignored-bare-import]

    ../build/server/assets/home-menu-route-list.js:42:7:
[37m      42 │ import [32m"@radix-ui/react-alert-dialog"[37m;
         ╵        [32m~~~~~~~~~~~~~~~~~~~~~~~~~~~~~~[0m

  "sideEffects" is false in the enclosing "package.json" file:

    ../node_modules/@radix-ui/react-alert-dialog/package.json:12:2:
[37m      12 │   [32m"sideEffects"[37m: false,
         ╵   [32m~~~~~~~~~~~~~[0m


[33m▲ [43;33m[[43;30mWARNING[43;33m][0m [1mIgnoring this import because "../node_modules/usehooks-ts/dist/index.js" was marked as having no side effects[0m [ignored-bare-import]

    ../build/server/assets/home-menu-route-list.js:43:7:
[37m      43 │ import [32m"usehooks-ts"[37m;
         ╵        [32m~~~~~~~~~~~~~[0m

  "sideEffects" is false in the enclosing "package.json" file:

    ../node_modules/usehooks-ts/package.json:30:2:
[37m      30 │   [32m"sideEffects"[37m: false,
         ╵   [32m~~~~~~~~~~~~~[0m


[33m▲ [43;33m[[43;30mWARNING[43;33m][0m [1mIgnoring this import because "../node_modules/@radix-ui/react-tabs/dist/index.mjs" was marked as having no side effects[0m [ignored-bare-import]

    ../build/server/assets/home-menu-route-list.js:44:7:
[37m      44 │ import [32m"@radix-ui/react-tabs"[37m;
         ╵        [32m~~~~~~~~~~~~~~~~~~~~~~[0m

  "sideEffects" is false in the enclosing "package.json" file:

    ../node_modules/@radix-ui/react-tabs/package.json:12:2:
[37m      12 │   [32m"sideEffects"[37m: false,
         ╵   [32m~~~~~~~~~~~~~[0m


[33m▲ [43;33m[[43;30mWARNING[43;33m][0m [1mIgnoring this import because "../node_modules/@radix-ui/react-radio-group/dist/index.mjs" was marked as having no side effects[0m [ignored-bare-import]

    ../build/server/assets/home-menu-route-list.js:46:7:
[37m      46 │ import [32m"@radix-ui/react-radio-group"[37m;
         ╵        [32m~~~~~~~~~~~~~~~~~~~~~~~~~~~~~[0m

  "sideEffects" is false in the enclosing "package.json" file:

    ../node_modules/@radix-ui/react-radio-group/package.json:12:2:
[37m      12 │   [32m"sideEffects"[37m: false,
         ╵   [32m~~~~~~~~~~~~~[0m


[33m▲ [43;33m[[43;30mWARNING[43;33m][0m [1mIgnoring this import because "../node_modules/@radix-ui/react-popover/dist/index.mjs" was marked as having no side effects[0m [ignored-bare-import]

    ../build/server/assets/home-menu-route-list.js:47:7:
[37m      47 │ import [32m"@radix-ui/react-popover"[37m;
         ╵        [32m~~~~~~~~~~~~~~~~~~~~~~~~~[0m

  "sideEffects" is false in the enclosing "package.json" file:

    ../node_modules/@radix-ui/react-popover/package.json:12:2:
[37m      12 │   [32m"sideEffects"[37m: false,
         ╵   [32m~~~~~~~~~~~~~[0m


[33m▲ [43;33m[[43;30mWARNING[43;33m][0m [1mIgnoring this import because "../node_modules/date-fns/index.js" was marked as having no side effects[0m [ignored-bare-import]

    ../build/server/assets/home-menu-route-list.js:48:7:
[37m      48 │ import [32m"date-fns"[37m;
         ╵        [32m~~~~~~~~~~[0m

  "sideEffects" is false in the enclosing "package.json" file:

    ../node_modules/date-fns/package.json:15:2:
[37m      15 │   [32m"sideEffects"[37m: false,
         ╵   [32m~~~~~~~~~~~~~[0m


[33m▲ [43;33m[[43;30mWARNING[43;33m][0m [1mIgnoring this import because "../node_modules/embla-carousel-react/esm/embla-carousel-react.esm.js" was marked as having no side effects[0m [ignored-bare-import]

    ../build/server/assets/home-menu-route-list.js:49:7:
[37m      49 │ import [32m"embla-carousel-react"[37m;
         ╵        [32m~~~~~~~~~~~~~~~~~~~~~~[0m

  "sideEffects" is false in the enclosing "package.json" file:

    ../node_modules/embla-carousel-react/esm/package.json:30:2:
[37m      30 │   [32m"sideEffects"[37m: false,
         ╵   [32m~~~~~~~~~~~~~[0m


[33m▲ [43;33m[[43;30mWARNING[43;33m][0m [1mIgnoring this import because "../node_modules/@radix-ui/react-accordion/dist/index.mjs" was marked as having no side effects[0m [ignored-bare-import]

    ../build/server/assets/home-menu-route-list.js:50:7:
[37m      50 │ import [32m"@radix-ui/react-accordion"[37m;
         ╵        [32m~~~~~~~~~~~~~~~~~~~~~~~~~~~[0m

  "sideEffects" is false in the enclosing "package.json" file:

    ../node_modules/@radix-ui/react-accordion/package.json:12:2:
[37m      12 │   [32m"sideEffects"[37m: false,
         ╵   [32m~~~~~~~~~~~~~[0m


[33m▲ [43;33m[[43;30mWARNING[43;33m][0m [1mIgnoring this import because "../node_modules/cmdk/dist/index.mjs" was marked as having no side effects[0m [ignored-bare-import]

    ../build/server/assets/home-menu-route-list.js:51:7:
[37m      51 │ import [32m"cmdk"[37m;
         ╵        [32m~~~~~~[0m

  "sideEffects" is false in the enclosing "package.json" file:

    ../node_modules/cmdk/package.json:31:2:
[37m      31 │   [32m"sideEffects"[37m: false,
         ╵   [32m~~~~~~~~~~~~~[0m


[33m▲ [43;33m[[43;30mWARNING[43;33m][0m [1mIgnoring this import because "../node_modules/@tiptap/react/dist/index.js" was marked as having no side effects[0m [ignored-bare-import]

    ../build/server/assets/home-menu-route-list.js:53:7:
[37m      53 │ import [32m"@tiptap/react"[37m;
         ╵        [32m~~~~~~~~~~~~~~~[0m

  "sideEffects" is false in the enclosing "package.json" file:

    ../node_modules/@tiptap/react/package.json:57:2:
[37m      57 │   [32m"sideEffects"[37m: false,
         ╵   [32m~~~~~~~~~~~~~[0m


[33m▲ [43;33m[[43;30mWARNING[43;33m][0m [1mIgnoring this import because "../node_modules/tiptap-markdown/dist/tiptap-markdown.es.js" was marked as having no side effects[0m [ignored-bare-import]

    ../build/server/assets/home-menu-route-list.js:55:7:
[37m      55 │ import [32m"tiptap-markdown"[37m;
         ╵        [32m~~~~~~~~~~~~~~~~~[0m

  "sideEffects" is false in the enclosing "package.json" file:

    ../node_modules/tiptap-markdown/package.json:20:2:
[37m      20 │   [32m"sideEffects"[37m: false,
         ╵   [32m~~~~~~~~~~~~~[0m


[33m▲ [43;33m[[43;30mWARNING[43;33m][0m [1mIgnoring this import because "../node_modules/@radix-ui/react-dropdown-menu/dist/index.mjs" was marked as having no side effects[0m [ignored-bare-import]

    ../build/server/assets/home-menu-route-list.js:62:7:
[37m      62 │ import [32m"@radix-ui/react-dropdown-menu"[37m;
         ╵        [32m~~~~~~~~~~~~~~~~~~~~~~~~~~~~~~~[0m

  "sideEffects" is false in the enclosing "package.json" file:

    ../node_modules/@radix-ui/react-dropdown-menu/package.json:12:2:
[37m      12 │   [32m"sideEffects"[37m: false,
         ╵   [32m~~~~~~~~~~~~~[0m


[33m▲ [43;33m[[43;30mWARNING[43;33m][0m [1mIgnoring this import because "../node_modules/xstate/dist/xstate.cjs.mjs" was marked as having no side effects[0m [ignored-bare-import]

    ../build/server/assets/home-menu-route-list.js:63:7:
[37m      63 │ import [32m"xstate"[37m;
         ╵        [32m~~~~~~~~[0m

  "sideEffects" is false in the enclosing "package.json" file:

    ../node_modules/xstate/package.json:87:2:
[37m      87 │   [32m"sideEffects"[37m: false,
         ╵   [32m~~~~~~~~~~~~~[0m


[33m▲ [43;33m[[43;30mWARNING[43;33m][0m [1mIgnoring this import because "../node_modules/@xstate/react/dist/xstate-react.cjs.mjs" was marked as having no side effects[0m [ignored-bare-import]

    ../build/server/assets/home-menu-route-list.js:64:7:
[37m      64 │ import [32m"@xstate/react"[37m;
         ╵        [32m~~~~~~~~~~~~~~~[0m

  "sideEffects" is false in the enclosing "package.json" file:

    ../node_modules/@xstate/react/package.json:44:2:
[37m      44 │   [32m"sideEffects"[37m: false,
         ╵   [32m~~~~~~~~~~~~~[0m


[33m▲ [43;33m[[43;30mWARNING[43;33m][0m [1mIgnoring this import because "../node_modules/immer/dist/immer.mjs" was marked as having no side effects[0m [ignored-bare-import]

    ../build/server/assets/home-menu-route-list.js:65:7:
[37m      65 │ import [32m"immer"[37m;
         ╵        [32m~~~~~~~[0m

  "sideEffects" is false in the enclosing "package.json" file:

    ../node_modules/immer/package.json:19:2:
[37m      19 │   [32m"sideEffects"[37m: false,
         ╵   [32m~~~~~~~~~~~~~[0m


[33m▲ [43;33m[[43;30mWARNING[43;33m][0m [1mIgnoring this import because "../node_modules/@apollo/client/errors/index.js" was marked as having no side effects[0m [ignored-bare-import]

    ../build/server/assets/home-menu-route-list.js:66:7:
[37m      66 │ import [32m"@apollo/client/errors/index.js"[37m;
         ╵        [32m~~~~~~~~~~~~~~~~~~~~~~~~~~~~~~~~[0m

  "sideEffects" is false in the enclosing "package.json" file:

    ../node_modules/@apollo/client/errors/package.json:7:2:
[37m      7 │   [32m"sideEffects"[37m: false
        ╵   [32m~~~~~~~~~~~~~[0m


[33m▲ [43;33m[[43;30mWARNING[43;33m][0m [1mIgnoring this import because "../node_modules/remix-utils/build/react/client-only.js" was marked as having no side effects[0m [ignored-bare-import]

    ../build/server/assets/home-menu-route-list.js:67:7:
[37m      67 │ import [32m"remix-utils/client-only"[37m;
         ╵        [32m~~~~~~~~~~~~~~~~~~~~~~~~~[0m

  "sideEffects" is false in the enclosing "package.json" file:

    ../node_modules/remix-utils/package.json:215:1:
[37m      215 │   [32m"sideEffects"[37m: false,
          ╵   [32m~~~~~~~~~~~~~[0m


[33m▲ [43;33m[[43;30mWARNING[43;33m][0m [1mIgnoring this import because "../node_modules/react-error-boundary/dist/react-error-boundary.cjs.mjs" was marked as having no side effects[0m [ignored-bare-import]

    ../build/server/assets/home-menu-route-list.js:68:7:
[37m      68 │ import [32m"react-error-boundary"[37m;
         ╵        [32m~~~~~~~~~~~~~~~~~~~~~~[0m

  "sideEffects" is false in the enclosing "package.json" file:

    ../node_modules/react-error-boundary/package.json:41:2:
[37m      41 │   [32m"sideEffects"[37m: false,
         ╵   [32m~~~~~~~~~~~~~[0m


[33m▲ [43;33m[[43;30mWARNING[43;33m][0m [1mIgnoring this import because "../node_modules/@radix-ui/react-toggle/dist/index.mjs" was marked as having no side effects[0m [ignored-bare-import]

    ../build/server/assets/home-menu-route-list.js:69:7:
[37m      69 │ import [32m"@radix-ui/react-toggle"[37m;
         ╵        [32m~~~~~~~~~~~~~~~~~~~~~~~~[0m

  "sideEffects" is false in the enclosing "package.json" file:

    ../node_modules/@radix-ui/react-toggle/package.json:12:2:
[37m      12 │   [32m"sideEffects"[37m: false,
         ╵   [32m~~~~~~~~~~~~~[0m


[33m▲ [43;33m[[43;30mWARNING[43;33m][0m [1mIgnoring this import because "../node_modules/@radix-ui/react-slider/dist/index.mjs" was marked as having no side effects[0m [ignored-bare-import]

    ../build/server/assets/home-menu-route-list.js:70:7:
[37m      70 │ import [32m"@radix-ui/react-slider"[37m;
         ╵        [32m~~~~~~~~~~~~~~~~~~~~~~~~[0m

  "sideEffects" is false in the enclosing "package.json" file:

    ../node_modules/@radix-ui/react-slider/package.json:12:2:
[37m      12 │   [32m"sideEffects"[37m: false,
         ╵   [32m~~~~~~~~~~~~~[0m


[33m▲ [43;33m[[43;30mWARNING[43;33m][0m [1mIgnoring this import because "../node_modules/@radix-ui/react-progress/dist/index.mjs" was marked as having no side effects[0m [ignored-bare-import]

    ../build/server/assets/home-menu-route-list.js:72:7:
[37m      72 │ import [32m"@radix-ui/react-progress"[37m;
         ╵        [32m~~~~~~~~~~~~~~~~~~~~~~~~~~[0m

  "sideEffects" is false in the enclosing "package.json" file:

    ../node_modules/@radix-ui/react-progress/package.json:12:2:
[37m      12 │   [32m"sideEffects"[37m: false,
         ╵   [32m~~~~~~~~~~~~~[0m


[33m▲ [43;33m[[43;30mWARNING[43;33m][0m [1mIgnoring this import because "../node_modules/@radix-ui/react-switch/dist/index.mjs" was marked as having no side effects[0m [ignored-bare-import]

    ../build/server/assets/home-menu-route-list.js:73:7:
[37m      73 │ import [32m"@radix-ui/react-switch"[37m;
         ╵        [32m~~~~~~~~~~~~~~~~~~~~~~~~[0m

  "sideEffects" is false in the enclosing "package.json" file:

    ../node_modules/@radix-ui/react-switch/package.json:12:2:
[37m      12 │   [32m"sideEffects"[37m: false,
         ╵   [32m~~~~~~~~~~~~~[0m


[33m▲ [43;33m[[43;30mWARNING[43;33m][0m [1mIgnoring this import because "../node_modules/@radix-ui/react-hover-card/dist/index.mjs" was marked as having no side effects[0m [ignored-bare-import]

    ../build/server/assets/home-menu-route-list.js:74:7:
[37m      74 │ import [32m"@radix-ui/react-hover-card"[37m;
         ╵        [32m~~~~~~~~~~~~~~~~~~~~~~~~~~~~[0m

  "sideEffects" is false in the enclosing "package.json" file:

    ../node_modules/@radix-ui/react-hover-card/package.json:12:2:
[37m      12 │   [32m"sideEffects"[37m: false,
         ╵   [32m~~~~~~~~~~~~~[0m


[33m▲ [43;33m[[43;30mWARNING[43;33m][0m [1mIgnoring this import because "../node_modules/react-dropzone-esm/dist/esm/index.mjs" was marked as having no side effects[0m [ignored-bare-import]

    ../build/server/assets/home-menu-route-list.js:76:7:
[37m      76 │ import [32m"react-dropzone-esm"[37m;
         ╵        [32m~~~~~~~~~~~~~~~~~~~~[0m

  "sideEffects" is false in the enclosing "package.json" file:

    ../node_modules/react-dropzone-esm/package.json:20:2:
[37m      20 │   [32m"sideEffects"[37m: false,
         ╵   [32m~~~~~~~~~~~~~[0m


[33m▲ [43;33m[[43;30mWARNING[43;33m][0m [1mIgnoring this import because "../node_modules/@radix-ui/react-toggle-group/dist/index.mjs" was marked as having no side effects[0m [ignored-bare-import]

    ../build/server/assets/home-menu-route-list.js:81:7:
[37m      81 │ import [32m"@radix-ui/react-toggle-group"[37m;
         ╵        [32m~~~~~~~~~~~~~~~~~~~~~~~~~~~~~~[0m

  "sideEffects" is false in the enclosing "package.json" file:

    ../node_modules/@radix-ui/react-toggle-group/package.json:12:2:
[37m      12 │   [32m"sideEffects"[37m: false,
         ╵   [32m~~~~~~~~~~~~~[0m


[33m▲ [43;33m[[43;30mWARNING[43;33m][0m [1mIgnoring this import because "../node_modules/date-fns/locale.js" was marked as having no side effects[0m [ignored-bare-import]

    ../build/server/assets/home-menu-route-list.js:82:7:
[37m      82 │ import [32m"date-fns/locale"[37m;
         ╵        [32m~~~~~~~~~~~~~~~~~[0m

  "sideEffects" is false in the enclosing "package.json" file:

    ../node_modules/date-fns/package.json:15:2:
[37m      15 │   [32m"sideEffects"[37m: false,
         ╵   [32m~~~~~~~~~~~~~[0m


[33m▲ [43;33m[[43;30mWARNING[43;33m][0m [1mIgnoring this import because "../node_modules/embla-carousel-autoplay/esm/embla-carousel-autoplay.esm.js" was marked as having no side effects[0m [ignored-bare-import]

    ../build/server/assets/home-menu-route-list.js:85:7:
[37m      85 │ import [32m"embla-carousel-autoplay"[37m;
         ╵        [32m~~~~~~~~~~~~~~~~~~~~~~~~~[0m

  "sideEffects" is false in the enclosing "package.json" file:

    ../node_modules/embla-carousel-autoplay/esm/package.json:30:2:
[37m      30 │   [32m"sideEffects"[37m: false,
         ╵   [32m~~~~~~~~~~~~~[0m


[33m▲ [43;33m[[43;30mWARNING[43;33m][0m [1mIgnoring this import because "../node_modules/isbot/index.mjs" was marked as having no side effects[0m [ignored-bare-import]

    ../build/server/assets/home-notifications-menu.js:8:7:
[37m      8 │ import [32m"isbot"[37m;
        ╵        [32m~~~~~~~[0m

  "sideEffects" is false in the enclosing "package.json" file:

    ../node_modules/isbot/package.json:47:2:
[37m      47 │   [32m"sideEffects"[37m: false,
         ╵   [32m~~~~~~~~~~~~~[0m


[33m▲ [43;33m[[43;30mWARNING[43;33m][0m [1mIgnoring this import because "../node_modules/@sentry/browser/build/npm/esm/index.js" was marked as having no side effects[0m [ignored-bare-import]

    ../build/server/assets/home-notifications-menu.js:11:7:
[37m      11 │ import [32m"@sentry/browser"[37m;
         ╵        [32m~~~~~~~~~~~~~~~~~[0m

  "sideEffects" is false in the enclosing "package.json" file:

    ../node_modules/@sentry/browser/build/npm/esm/package.json:1:36:
[37m      1 │ {"type":"module","version":"8.55.0",[32m"sideEffects"[37m:false}
        ╵                                     [32m~~~~~~~~~~~~~[0m


[33m▲ [43;33m[[43;30mWARNING[43;33m][0m [1mIgnoring this import because "../node_modules/@radix-ui/react-slot/dist/index.mjs" was marked as having no side effects[0m [ignored-bare-import]

    ../build/server/assets/home-notifications-menu.js:15:7:
[37m      15 │ import [32m"@radix-ui/react-slot"[37m;
         ╵        [32m~~~~~~~~~~~~~~~~~~~~~~[0m

  "sideEffects" is false in the enclosing "package.json" file:

    ../node_modules/@radix-ui/react-slot/package.json:12:2:
[37m      12 │   [32m"sideEffects"[37m: false,
         ╵   [32m~~~~~~~~~~~~~[0m


[33m▲ [43;33m[[43;30mWARNING[43;33m][0m [1mIgnoring this import because "../node_modules/tailwind-merge/dist/bundle-mjs.mjs" was marked as having no side effects[0m [ignored-bare-import]

    ../build/server/assets/home-notifications-menu.js:18:7:
[37m      18 │ import [32m"tailwind-merge"[37m;
         ╵        [32m~~~~~~~~~~~~~~~~[0m

  "sideEffects" is false in the enclosing "package.json" file:

    ../node_modules/tailwind-merge/package.json:51:4:
[37m      51 │     [32m"sideEffects"[37m: false,
         ╵     [32m~~~~~~~~~~~~~[0m


[33m▲ [43;33m[[43;30mWARNING[43;33m][0m [1mIgnoring this import because "../node_modules/valibot/dist/index.js" was marked as having no side effects[0m [ignored-bare-import]

    ../build/server/assets/home-notifications-menu.js:20:7:
[37m      20 │ import [32m"valibot"[37m;
         ╵        [32m~~~~~~~~~[0m

  "sideEffects" is false in the enclosing "package.json" file:

    ../node_modules/valibot/package.json:37:2:
[37m      37 │   [32m"sideEffects"[37m: false,
         ╵   [32m~~~~~~~~~~~~~[0m


[33m▲ [43;33m[[43;30mWARNING[43;33m][0m [1mIgnoring this import because "../node_modules/@tanstack/react-query/build/modern/index.js" was marked as having no side effects[0m [ignored-bare-import]

    ../build/server/assets/home-notifications-menu.js:22:7:
[37m      22 │ import [32m"@tanstack/react-query"[37m;
         ╵        [32m~~~~~~~~~~~~~~~~~~~~~~~[0m

  "sideEffects" is false in the enclosing "package.json" file:

    ../node_modules/@tanstack/react-query/package.json:36:2:
[37m      36 │   [32m"sideEffects"[37m: false,
         ╵   [32m~~~~~~~~~~~~~[0m


[33m▲ [43;33m[[43;30mWARNING[43;33m][0m [1mIgnoring this import because "../node_modules/@apollo/client/link/context/index.js" was marked as having no side effects[0m [ignored-bare-import]

    ../build/server/assets/home-notifications-menu.js:24:7:
[37m      24 │ import [32m"@apollo/client/link/context/index.js"[37m;
         ╵        [32m~~~~~~~~~~~~~~~~~~~~~~~~~~~~~~~~~~~~~~[0m

  "sideEffects" is false in the enclosing "package.json" file:

    ../node_modules/@apollo/client/link/context/package.json:7:2:
[37m      7 │   [32m"sideEffects"[37m: false
        ╵   [32m~~~~~~~~~~~~~[0m


[33m▲ [43;33m[[43;30mWARNING[43;33m][0m [1mIgnoring this import because "../node_modules/@apollo/client/link/error/index.js" was marked as having no side effects[0m [ignored-bare-import]

    ../build/server/assets/home-notifications-menu.js:25:7:
[37m      25 │ import [32m"@apollo/client/link/error/index.js"[37m;
         ╵        [32m~~~~~~~~~~~~~~~~~~~~~~~~~~~~~~~~~~~~[0m

  "sideEffects" is false in the enclosing "package.json" file:

    ../node_modules/@apollo/client/link/error/package.json:7:2:
[37m      7 │   [32m"sideEffects"[37m: false
        ╵   [32m~~~~~~~~~~~~~[0m


[33m▲ [43;33m[[43;30mWARNING[43;33m][0m [1mIgnoring this import because "../node_modules/fflate/esm/browser.js" was marked as having no side effects[0m [ignored-bare-import]

    ../build/server/assets/home-notifications-menu.js:27:7:
[37m      27 │ import [32m"fflate"[37m;
         ╵        [32m~~~~~~~~[0m

  "sideEffects" is false in the enclosing "package.json" file:

    ../node_modules/fflate/package.json:61:2:
[37m      61 │   [32m"sideEffects"[37m: false,
         ╵   [32m~~~~~~~~~~~~~[0m


[33m▲ [43;33m[[43;30mWARNING[43;33m][0m [1mIgnoring this import because "../node_modules/@remixicon/react/index.mjs" was marked as having no side effects[0m [ignored-bare-import]

    ../build/server/assets/home-notifications-menu.js:28:7:
[37m      28 │ import [32m"@remixicon/react"[37m;
         ╵        [32m~~~~~~~~~~~~~~~~~~[0m

  "sideEffects" is false in the enclosing "package.json" file:

    ../node_modules/@remixicon/react/package.json:34:4:
[37m      34 │     [32m"sideEffects"[37m: false,
         ╵     [32m~~~~~~~~~~~~~[0m


[33m▲ [43;33m[[43;30mWARNING[43;33m][0m [1mIgnoring this import because "../node_modules/react-router-dom/dist/main.js" was marked as having no side effects[0m [ignored-bare-import]

    ../build/server/assets/home-notifications-menu.js:29:7:
[37m      29 │ import [32m"react-router-dom"[37m;
         ╵        [32m~~~~~~~~~~~~~~~~~~[0m

  "sideEffects" is false in the enclosing "package.json" file:

    ../node_modules/react-router-dom/package.json:20:2:
[37m      20 │   [32m"sideEffects"[37m: false,
         ╵   [32m~~~~~~~~~~~~~[0m


[33m▲ [43;33m[[43;30mWARNING[43;33m][0m [1mIgnoring this import because "../node_modules/@radix-ui/react-tooltip/dist/index.mjs" was marked as having no side effects[0m [ignored-bare-import]

    ../build/server/assets/home-notifications-menu.js:30:7:
[37m      30 │ import [32m"@radix-ui/react-tooltip"[37m;
         ╵        [32m~~~~~~~~~~~~~~~~~~~~~~~~~[0m

  "sideEffects" is false in the enclosing "package.json" file:

    ../node_modules/@radix-ui/react-tooltip/package.json:12:2:
[37m      12 │   [32m"sideEffects"[37m: false,
         ╵   [32m~~~~~~~~~~~~~[0m


[33m▲ [43;33m[[43;30mWARNING[43;33m][0m [1mIgnoring this import because "../node_modules/@radix-ui/react-scroll-area/dist/index.mjs" was marked as having no side effects[0m [ignored-bare-import]

    ../build/server/assets/home-notifications-menu.js:31:7:
[37m      31 │ import [32m"@radix-ui/react-scroll-area"[37m;
         ╵        [32m~~~~~~~~~~~~~~~~~~~~~~~~~~~~~[0m

  "sideEffects" is false in the enclosing "package.json" file:

    ../node_modules/@radix-ui/react-scroll-area/package.json:12:2:
[37m      12 │   [32m"sideEffects"[37m: false,
         ╵   [32m~~~~~~~~~~~~~[0m


[33m▲ [43;33m[[43;30mWARNING[43;33m][0m [1mIgnoring this import because "../node_modules/@radix-ui/react-dialog/dist/index.mjs" was marked as having no side effects[0m [ignored-bare-import]

    ../build/server/assets/home-notifications-menu.js:32:7:
[37m      32 │ import [32m"@radix-ui/react-dialog"[37m;
         ╵        [32m~~~~~~~~~~~~~~~~~~~~~~~~[0m

  "sideEffects" is false in the enclosing "package.json" file:

    ../node_modules/@radix-ui/react-dialog/package.json:12:2:
[37m      12 │   [32m"sideEffects"[37m: false,
         ╵   [32m~~~~~~~~~~~~~[0m


[33m▲ [43;33m[[43;30mWARNING[43;33m][0m [1mIgnoring this import because "../node_modules/@radix-ui/react-label/dist/index.mjs" was marked as having no side effects[0m [ignored-bare-import]

    ../build/server/assets/home-notifications-menu.js:33:7:
[37m      33 │ import [32m"@radix-ui/react-label"[37m;
         ╵        [32m~~~~~~~~~~~~~~~~~~~~~~~[0m

  "sideEffects" is false in the enclosing "package.json" file:

    ../node_modules/@radix-ui/react-label/package.json:12:2:
[37m      12 │   [32m"sideEffects"[37m: false,
         ╵   [32m~~~~~~~~~~~~~[0m


[33m▲ [43;33m[[43;30mWARNING[43;33m][0m [1mIgnoring this import because "../node_modules/@radix-ui/react-checkbox/dist/index.mjs" was marked as having no side effects[0m [ignored-bare-import]

    ../build/server/assets/home-notifications-menu.js:34:7:
[37m      34 │ import [32m"@radix-ui/react-checkbox"[37m;
         ╵        [32m~~~~~~~~~~~~~~~~~~~~~~~~~~[0m

  "sideEffects" is false in the enclosing "package.json" file:

    ../node_modules/@radix-ui/react-checkbox/package.json:12:2:
[37m      12 │   [32m"sideEffects"[37m: false,
         ╵   [32m~~~~~~~~~~~~~[0m


[33m▲ [43;33m[[43;30mWARNING[43;33m][0m [1mIgnoring this import because "../node_modules/@radix-ui/react-select/dist/index.mjs" was marked as having no side effects[0m [ignored-bare-import]

    ../build/server/assets/home-notifications-menu.js:35:7:
[37m      35 │ import [32m"@radix-ui/react-select"[37m;
         ╵        [32m~~~~~~~~~~~~~~~~~~~~~~~~[0m

  "sideEffects" is false in the enclosing "package.json" file:

    ../node_modules/@radix-ui/react-select/package.json:12:2:
[37m      12 │   [32m"sideEffects"[37m: false,
         ╵   [32m~~~~~~~~~~~~~[0m


[33m▲ [43;33m[[43;30mWARNING[43;33m][0m [1mIgnoring this import because "../node_modules/@radix-ui/react-collapsible/dist/index.mjs" was marked as having no side effects[0m [ignored-bare-import]

    ../build/server/assets/home-notifications-menu.js:36:7:
[37m      36 │ import [32m"@radix-ui/react-collapsible"[37m;
         ╵        [32m~~~~~~~~~~~~~~~~~~~~~~~~~~~~~[0m

  "sideEffects" is false in the enclosing "package.json" file:

    ../node_modules/@radix-ui/react-collapsible/package.json:12:2:
[37m      12 │   [32m"sideEffects"[37m: false,
         ╵   [32m~~~~~~~~~~~~~[0m


[33m▲ [43;33m[[43;30mWARNING[43;33m][0m [1mIgnoring this import because "../node_modules/@radix-ui/react-separator/dist/index.mjs" was marked as having no side effects[0m [ignored-bare-import]

    ../build/server/assets/home-notifications-menu.js:37:7:
[37m      37 │ import [32m"@radix-ui/react-separator"[37m;
         ╵        [32m~~~~~~~~~~~~~~~~~~~~~~~~~~~[0m

  "sideEffects" is false in the enclosing "package.json" file:

    ../node_modules/@radix-ui/react-separator/package.json:12:2:
[37m      12 │   [32m"sideEffects"[37m: false,
         ╵   [32m~~~~~~~~~~~~~[0m


[33m▲ [43;33m[[43;30mWARNING[43;33m][0m [1mIgnoring this import because "../node_modules/react-photo-album/dist/index.js" was marked as having no side effects[0m [ignored-bare-import]

    ../build/server/assets/home-notifications-menu.js:38:7:
[37m      38 │ import [32m"react-photo-album"[37m;
         ╵        [32m~~~~~~~~~~~~~~~~~~~[0m

  It was excluded from the "sideEffects" array in the enclosing "package.json" file:

    ../node_modules/react-photo-album/package.json:75:2:
[37m      75 │   [32m"sideEffects"[37m: [
         ╵   [32m~~~~~~~~~~~~~[0m


[33m▲ [43;33m[[43;30mWARNING[43;33m][0m [1mIgnoring this import because "../node_modules/react-photo-album/dist/ssr/index.js" was marked as having no side effects[0m [ignored-bare-import]

    ../build/server/assets/home-notifications-menu.js:39:7:
[37m      39 │ import [32m"react-photo-album/ssr"[37m;
         ╵        [32m~~~~~~~~~~~~~~~~~~~~~~~[0m

  It was excluded from the "sideEffects" array in the enclosing "package.json" file:

    ../node_modules/react-photo-album/package.json:75:2:
[37m      75 │   [32m"sideEffects"[37m: [
         ╵   [32m~~~~~~~~~~~~~[0m


[33m▲ [43;33m[[43;30mWARNING[43;33m][0m [1mIgnoring this import because "../node_modules/@radix-ui/react-avatar/dist/index.mjs" was marked as having no side effects[0m [ignored-bare-import]

    ../build/server/assets/home-notifications-menu.js:41:7:
[37m      41 │ import [32m"@radix-ui/react-avatar"[37m;
         ╵        [32m~~~~~~~~~~~~~~~~~~~~~~~~[0m

  "sideEffects" is false in the enclosing "package.json" file:

    ../node_modules/@radix-ui/react-avatar/package.json:12:2:
[37m      12 │   [32m"sideEffects"[37m: false,
         ╵   [32m~~~~~~~~~~~~~[0m


[33m▲ [43;33m[[43;30mWARNING[43;33m][0m [1mIgnoring this import because "../node_modules/@radix-ui/react-alert-dialog/dist/index.mjs" was marked as having no side effects[0m [ignored-bare-import]

    ../build/server/assets/home-notifications-menu.js:42:7:
[37m      42 │ import [32m"@radix-ui/react-alert-dialog"[37m;
         ╵        [32m~~~~~~~~~~~~~~~~~~~~~~~~~~~~~~[0m

  "sideEffects" is false in the enclosing "package.json" file:

    ../node_modules/@radix-ui/react-alert-dialog/package.json:12:2:
[37m      12 │   [32m"sideEffects"[37m: false,
         ╵   [32m~~~~~~~~~~~~~[0m


[33m▲ [43;33m[[43;30mWARNING[43;33m][0m [1mIgnoring this import because "../node_modules/usehooks-ts/dist/index.js" was marked as having no side effects[0m [ignored-bare-import]

    ../build/server/assets/home-notifications-menu.js:43:7:
[37m      43 │ import [32m"usehooks-ts"[37m;
         ╵        [32m~~~~~~~~~~~~~[0m

  "sideEffects" is false in the enclosing "package.json" file:

    ../node_modules/usehooks-ts/package.json:30:2:
[37m      30 │   [32m"sideEffects"[37m: false,
         ╵   [32m~~~~~~~~~~~~~[0m


[33m▲ [43;33m[[43;30mWARNING[43;33m][0m [1mIgnoring this import because "../node_modules/@radix-ui/react-tabs/dist/index.mjs" was marked as having no side effects[0m [ignored-bare-import]

    ../build/server/assets/home-notifications-menu.js:44:7:
[37m      44 │ import [32m"@radix-ui/react-tabs"[37m;
         ╵        [32m~~~~~~~~~~~~~~~~~~~~~~[0m

  "sideEffects" is false in the enclosing "package.json" file:

    ../node_modules/@radix-ui/react-tabs/package.json:12:2:
[37m      12 │   [32m"sideEffects"[37m: false,
         ╵   [32m~~~~~~~~~~~~~[0m


[33m▲ [43;33m[[43;30mWARNING[43;33m][0m [1mIgnoring this import because "../node_modules/@radix-ui/react-radio-group/dist/index.mjs" was marked as having no side effects[0m [ignored-bare-import]

    ../build/server/assets/home-notifications-menu.js:46:7:
[37m      46 │ import [32m"@radix-ui/react-radio-group"[37m;
         ╵        [32m~~~~~~~~~~~~~~~~~~~~~~~~~~~~~[0m

  "sideEffects" is false in the enclosing "package.json" file:

    ../node_modules/@radix-ui/react-radio-group/package.json:12:2:
[37m      12 │   [32m"sideEffects"[37m: false,
         ╵   [32m~~~~~~~~~~~~~[0m


[33m▲ [43;33m[[43;30mWARNING[43;33m][0m [1mIgnoring this import because "../node_modules/@radix-ui/react-popover/dist/index.mjs" was marked as having no side effects[0m [ignored-bare-import]

    ../build/server/assets/home-notifications-menu.js:47:7:
[37m      47 │ import [32m"@radix-ui/react-popover"[37m;
         ╵        [32m~~~~~~~~~~~~~~~~~~~~~~~~~[0m

  "sideEffects" is false in the enclosing "package.json" file:

    ../node_modules/@radix-ui/react-popover/package.json:12:2:
[37m      12 │   [32m"sideEffects"[37m: false,
         ╵   [32m~~~~~~~~~~~~~[0m


[33m▲ [43;33m[[43;30mWARNING[43;33m][0m [1mIgnoring this import because "../node_modules/date-fns/index.js" was marked as having no side effects[0m [ignored-bare-import]

    ../build/server/assets/home-notifications-menu.js:48:7:
[37m      48 │ import [32m"date-fns"[37m;
         ╵        [32m~~~~~~~~~~[0m

  "sideEffects" is false in the enclosing "package.json" file:

    ../node_modules/date-fns/package.json:15:2:
[37m      15 │   [32m"sideEffects"[37m: false,
         ╵   [32m~~~~~~~~~~~~~[0m


[33m▲ [43;33m[[43;30mWARNING[43;33m][0m [1mIgnoring this import because "../node_modules/embla-carousel-react/esm/embla-carousel-react.esm.js" was marked as having no side effects[0m [ignored-bare-import]

    ../build/server/assets/home-notifications-menu.js:49:7:
[37m      49 │ import [32m"embla-carousel-react"[37m;
         ╵        [32m~~~~~~~~~~~~~~~~~~~~~~[0m

  "sideEffects" is false in the enclosing "package.json" file:

    ../node_modules/embla-carousel-react/esm/package.json:30:2:
[37m      30 │   [32m"sideEffects"[37m: false,
         ╵   [32m~~~~~~~~~~~~~[0m


[33m▲ [43;33m[[43;30mWARNING[43;33m][0m [1mIgnoring this import because "../node_modules/@radix-ui/react-accordion/dist/index.mjs" was marked as having no side effects[0m [ignored-bare-import]

    ../build/server/assets/home-notifications-menu.js:50:7:
[37m      50 │ import [32m"@radix-ui/react-accordion"[37m;
         ╵        [32m~~~~~~~~~~~~~~~~~~~~~~~~~~~[0m

  "sideEffects" is false in the enclosing "package.json" file:

    ../node_modules/@radix-ui/react-accordion/package.json:12:2:
[37m      12 │   [32m"sideEffects"[37m: false,
         ╵   [32m~~~~~~~~~~~~~[0m


[33m▲ [43;33m[[43;30mWARNING[43;33m][0m [1mIgnoring this import because "../node_modules/cmdk/dist/index.mjs" was marked as having no side effects[0m [ignored-bare-import]

    ../build/server/assets/home-notifications-menu.js:51:7:
[37m      51 │ import [32m"cmdk"[37m;
         ╵        [32m~~~~~~[0m

  "sideEffects" is false in the enclosing "package.json" file:

    ../node_modules/cmdk/package.json:31:2:
[37m      31 │   [32m"sideEffects"[37m: false,
         ╵   [32m~~~~~~~~~~~~~[0m


[33m▲ [43;33m[[43;30mWARNING[43;33m][0m [1mIgnoring this import because "../node_modules/@tiptap/react/dist/index.js" was marked as having no side effects[0m [ignored-bare-import]

    ../build/server/assets/home-notifications-menu.js:53:7:
[37m      53 │ import [32m"@tiptap/react"[37m;
         ╵        [32m~~~~~~~~~~~~~~~[0m

  "sideEffects" is false in the enclosing "package.json" file:

    ../node_modules/@tiptap/react/package.json:57:2:
[37m      57 │   [32m"sideEffects"[37m: false,
         ╵   [32m~~~~~~~~~~~~~[0m


[33m▲ [43;33m[[43;30mWARNING[43;33m][0m [1mIgnoring this import because "../node_modules/tiptap-markdown/dist/tiptap-markdown.es.js" was marked as having no side effects[0m [ignored-bare-import]

    ../build/server/assets/home-notifications-menu.js:55:7:
[37m      55 │ import [32m"tiptap-markdown"[37m;
         ╵        [32m~~~~~~~~~~~~~~~~~[0m

  "sideEffects" is false in the enclosing "package.json" file:

    ../node_modules/tiptap-markdown/package.json:20:2:
[37m      20 │   [32m"sideEffects"[37m: false,
         ╵   [32m~~~~~~~~~~~~~[0m


[33m▲ [43;33m[[43;30mWARNING[43;33m][0m [1mIgnoring this import because "../node_modules/@radix-ui/react-dropdown-menu/dist/index.mjs" was marked as having no side effects[0m [ignored-bare-import]

    ../build/server/assets/home-notifications-menu.js:62:7:
[37m      62 │ import [32m"@radix-ui/react-dropdown-menu"[37m;
         ╵        [32m~~~~~~~~~~~~~~~~~~~~~~~~~~~~~~~[0m

  "sideEffects" is false in the enclosing "package.json" file:

    ../node_modules/@radix-ui/react-dropdown-menu/package.json:12:2:
[37m      12 │   [32m"sideEffects"[37m: false,
         ╵   [32m~~~~~~~~~~~~~[0m


[33m▲ [43;33m[[43;30mWARNING[43;33m][0m [1mIgnoring this import because "../node_modules/xstate/dist/xstate.cjs.mjs" was marked as having no side effects[0m [ignored-bare-import]

    ../build/server/assets/home-notifications-menu.js:63:7:
[37m      63 │ import [32m"xstate"[37m;
         ╵        [32m~~~~~~~~[0m

  "sideEffects" is false in the enclosing "package.json" file:

    ../node_modules/xstate/package.json:87:2:
[37m      87 │   [32m"sideEffects"[37m: false,
         ╵   [32m~~~~~~~~~~~~~[0m


[33m▲ [43;33m[[43;30mWARNING[43;33m][0m [1mIgnoring this import because "../node_modules/@xstate/react/dist/xstate-react.cjs.mjs" was marked as having no side effects[0m [ignored-bare-import]

    ../build/server/assets/home-notifications-menu.js:64:7:
[37m      64 │ import [32m"@xstate/react"[37m;
         ╵        [32m~~~~~~~~~~~~~~~[0m

  "sideEffects" is false in the enclosing "package.json" file:

    ../node_modules/@xstate/react/package.json:44:2:
[37m      44 │   [32m"sideEffects"[37m: false,
         ╵   [32m~~~~~~~~~~~~~[0m


[33m▲ [43;33m[[43;30mWARNING[43;33m][0m [1mIgnoring this import because "../node_modules/immer/dist/immer.mjs" was marked as having no side effects[0m [ignored-bare-import]

    ../build/server/assets/home-notifications-menu.js:65:7:
[37m      65 │ import [32m"immer"[37m;
         ╵        [32m~~~~~~~[0m

  "sideEffects" is false in the enclosing "package.json" file:

    ../node_modules/immer/package.json:19:2:
[37m      19 │   [32m"sideEffects"[37m: false,
         ╵   [32m~~~~~~~~~~~~~[0m


[33m▲ [43;33m[[43;30mWARNING[43;33m][0m [1mIgnoring this import because "../node_modules/@apollo/client/errors/index.js" was marked as having no side effects[0m [ignored-bare-import]

    ../build/server/assets/home-notifications-menu.js:66:7:
[37m      66 │ import [32m"@apollo/client/errors/index.js"[37m;
         ╵        [32m~~~~~~~~~~~~~~~~~~~~~~~~~~~~~~~~[0m

  "sideEffects" is false in the enclosing "package.json" file:

    ../node_modules/@apollo/client/errors/package.json:7:2:
[37m      7 │   [32m"sideEffects"[37m: false
        ╵   [32m~~~~~~~~~~~~~[0m


[33m▲ [43;33m[[43;30mWARNING[43;33m][0m [1mIgnoring this import because "../node_modules/remix-utils/build/react/client-only.js" was marked as having no side effects[0m [ignored-bare-import]

    ../build/server/assets/home-notifications-menu.js:67:7:
[37m      67 │ import [32m"remix-utils/client-only"[37m;
         ╵        [32m~~~~~~~~~~~~~~~~~~~~~~~~~[0m

  "sideEffects" is false in the enclosing "package.json" file:

    ../node_modules/remix-utils/package.json:215:1:
[37m      215 │   [32m"sideEffects"[37m: false,
          ╵   [32m~~~~~~~~~~~~~[0m


[33m▲ [43;33m[[43;30mWARNING[43;33m][0m [1mIgnoring this import because "../node_modules/react-error-boundary/dist/react-error-boundary.cjs.mjs" was marked as having no side effects[0m [ignored-bare-import]

    ../build/server/assets/home-notifications-menu.js:68:7:
[37m      68 │ import [32m"react-error-boundary"[37m;
         ╵        [32m~~~~~~~~~~~~~~~~~~~~~~[0m

  "sideEffects" is false in the enclosing "package.json" file:

    ../node_modules/react-error-boundary/package.json:41:2:
[37m      41 │   [32m"sideEffects"[37m: false,
         ╵   [32m~~~~~~~~~~~~~[0m


[33m▲ [43;33m[[43;30mWARNING[43;33m][0m [1mIgnoring this import because "../node_modules/@radix-ui/react-toggle/dist/index.mjs" was marked as having no side effects[0m [ignored-bare-import]

    ../build/server/assets/home-notifications-menu.js:69:7:
[37m      69 │ import [32m"@radix-ui/react-toggle"[37m;
         ╵        [32m~~~~~~~~~~~~~~~~~~~~~~~~[0m

  "sideEffects" is false in the enclosing "package.json" file:

    ../node_modules/@radix-ui/react-toggle/package.json:12:2:
[37m      12 │   [32m"sideEffects"[37m: false,
         ╵   [32m~~~~~~~~~~~~~[0m


[33m▲ [43;33m[[43;30mWARNING[43;33m][0m [1mIgnoring this import because "../node_modules/@radix-ui/react-slider/dist/index.mjs" was marked as having no side effects[0m [ignored-bare-import]

    ../build/server/assets/home-notifications-menu.js:70:7:
[37m      70 │ import [32m"@radix-ui/react-slider"[37m;
         ╵        [32m~~~~~~~~~~~~~~~~~~~~~~~~[0m

  "sideEffects" is false in the enclosing "package.json" file:

    ../node_modules/@radix-ui/react-slider/package.json:12:2:
[37m      12 │   [32m"sideEffects"[37m: false,
         ╵   [32m~~~~~~~~~~~~~[0m


[33m▲ [43;33m[[43;30mWARNING[43;33m][0m [1mIgnoring this import because "../node_modules/@radix-ui/react-progress/dist/index.mjs" was marked as having no side effects[0m [ignored-bare-import]

    ../build/server/assets/home-notifications-menu.js:72:7:
[37m      72 │ import [32m"@radix-ui/react-progress"[37m;
         ╵        [32m~~~~~~~~~~~~~~~~~~~~~~~~~~[0m

  "sideEffects" is false in the enclosing "package.json" file:

    ../node_modules/@radix-ui/react-progress/package.json:12:2:
[37m      12 │   [32m"sideEffects"[37m: false,
         ╵   [32m~~~~~~~~~~~~~[0m


[33m▲ [43;33m[[43;30mWARNING[43;33m][0m [1mIgnoring this import because "../node_modules/@radix-ui/react-switch/dist/index.mjs" was marked as having no side effects[0m [ignored-bare-import]

    ../build/server/assets/home-notifications-menu.js:73:7:
[37m      73 │ import [32m"@radix-ui/react-switch"[37m;
         ╵        [32m~~~~~~~~~~~~~~~~~~~~~~~~[0m

  "sideEffects" is false in the enclosing "package.json" file:

    ../node_modules/@radix-ui/react-switch/package.json:12:2:
[37m      12 │   [32m"sideEffects"[37m: false,
         ╵   [32m~~~~~~~~~~~~~[0m


[33m▲ [43;33m[[43;30mWARNING[43;33m][0m [1mIgnoring this import because "../node_modules/@radix-ui/react-hover-card/dist/index.mjs" was marked as having no side effects[0m [ignored-bare-import]

    ../build/server/assets/home-notifications-menu.js:74:7:
[37m      74 │ import [32m"@radix-ui/react-hover-card"[37m;
         ╵        [32m~~~~~~~~~~~~~~~~~~~~~~~~~~~~[0m

  "sideEffects" is false in the enclosing "package.json" file:

    ../node_modules/@radix-ui/react-hover-card/package.json:12:2:
[37m      12 │   [32m"sideEffects"[37m: false,
         ╵   [32m~~~~~~~~~~~~~[0m


[33m▲ [43;33m[[43;30mWARNING[43;33m][0m [1mIgnoring this import because "../node_modules/react-dropzone-esm/dist/esm/index.mjs" was marked as having no side effects[0m [ignored-bare-import]

    ../build/server/assets/home-notifications-menu.js:76:7:
[37m      76 │ import [32m"react-dropzone-esm"[37m;
         ╵        [32m~~~~~~~~~~~~~~~~~~~~[0m

  "sideEffects" is false in the enclosing "package.json" file:

    ../node_modules/react-dropzone-esm/package.json:20:2:
[37m      20 │   [32m"sideEffects"[37m: false,
         ╵   [32m~~~~~~~~~~~~~[0m


[33m▲ [43;33m[[43;30mWARNING[43;33m][0m [1mIgnoring this import because "../node_modules/@radix-ui/react-toggle-group/dist/index.mjs" was marked as having no side effects[0m [ignored-bare-import]

    ../build/server/assets/home-notifications-menu.js:81:7:
[37m      81 │ import [32m"@radix-ui/react-toggle-group"[37m;
         ╵        [32m~~~~~~~~~~~~~~~~~~~~~~~~~~~~~~[0m

  "sideEffects" is false in the enclosing "package.json" file:

    ../node_modules/@radix-ui/react-toggle-group/package.json:12:2:
[37m      12 │   [32m"sideEffects"[37m: false,
         ╵   [32m~~~~~~~~~~~~~[0m


[33m▲ [43;33m[[43;30mWARNING[43;33m][0m [1mIgnoring this import because "../node_modules/date-fns/locale.js" was marked as having no side effects[0m [ignored-bare-import]

    ../build/server/assets/home-notifications-menu.js:82:7:
[37m      82 │ import [32m"date-fns/locale"[37m;
         ╵        [32m~~~~~~~~~~~~~~~~~[0m

  "sideEffects" is false in the enclosing "package.json" file:

    ../node_modules/date-fns/package.json:15:2:
[37m      15 │   [32m"sideEffects"[37m: false,
         ╵   [32m~~~~~~~~~~~~~[0m


[33m▲ [43;33m[[43;30mWARNING[43;33m][0m [1mIgnoring this import because "../node_modules/embla-carousel-autoplay/esm/embla-carousel-autoplay.esm.js" was marked as having no side effects[0m [ignored-bare-import]

    ../build/server/assets/home-notifications-menu.js:85:7:
[37m      85 │ import [32m"embla-carousel-autoplay"[37m;
         ╵        [32m~~~~~~~~~~~~~~~~~~~~~~~~~[0m

  "sideEffects" is false in the enclosing "package.json" file:

    ../node_modules/embla-carousel-autoplay/esm/package.json:30:2:
[37m      30 │   [32m"sideEffects"[37m: false,
         ╵   [32m~~~~~~~~~~~~~[0m


[33m▲ [43;33m[[43;30mWARNING[43;33m][0m [1mIgnoring this import because "../node_modules/isbot/index.mjs" was marked as having no side effects[0m [ignored-bare-import]

    ../build/server/assets/user-navigation-menu-content.js:9:7:
[37m      9 │ import [32m"isbot"[37m;
        ╵        [32m~~~~~~~[0m

  "sideEffects" is false in the enclosing "package.json" file:

    ../node_modules/isbot/package.json:47:2:
[37m      47 │   [32m"sideEffects"[37m: false,
         ╵   [32m~~~~~~~~~~~~~[0m


[33m▲ [43;33m[[43;30mWARNING[43;33m][0m [1mIgnoring this import because "../node_modules/@sentry/browser/build/npm/esm/index.js" was marked as having no side effects[0m [ignored-bare-import]

    ../build/server/assets/user-navigation-menu-content.js:12:7:
[37m      12 │ import [32m"@sentry/browser"[37m;
         ╵        [32m~~~~~~~~~~~~~~~~~[0m

  "sideEffects" is false in the enclosing "package.json" file:

    ../node_modules/@sentry/browser/build/npm/esm/package.json:1:36:
[37m      1 │ {"type":"module","version":"8.55.0",[32m"sideEffects"[37m:false}
        ╵                                     [32m~~~~~~~~~~~~~[0m


[33m▲ [43;33m[[43;30mWARNING[43;33m][0m [1mIgnoring this import because "../node_modules/@radix-ui/react-slot/dist/index.mjs" was marked as having no side effects[0m [ignored-bare-import]

    ../build/server/assets/user-navigation-menu-content.js:16:7:
[37m      16 │ import [32m"@radix-ui/react-slot"[37m;
         ╵        [32m~~~~~~~~~~~~~~~~~~~~~~[0m

  "sideEffects" is false in the enclosing "package.json" file:

    ../node_modules/@radix-ui/react-slot/package.json:12:2:
[37m      12 │   [32m"sideEffects"[37m: false,
         ╵   [32m~~~~~~~~~~~~~[0m


[33m▲ [43;33m[[43;30mWARNING[43;33m][0m [1mIgnoring this import because "../node_modules/tailwind-merge/dist/bundle-mjs.mjs" was marked as having no side effects[0m [ignored-bare-import]

    ../build/server/assets/user-navigation-menu-content.js:19:7:
[37m      19 │ import [32m"tailwind-merge"[37m;
         ╵        [32m~~~~~~~~~~~~~~~~[0m

  "sideEffects" is false in the enclosing "package.json" file:

    ../node_modules/tailwind-merge/package.json:51:4:
[37m      51 │     [32m"sideEffects"[37m: false,
         ╵     [32m~~~~~~~~~~~~~[0m


[33m▲ [43;33m[[43;30mWARNING[43;33m][0m [1mIgnoring this import because "../node_modules/valibot/dist/index.js" was marked as having no side effects[0m [ignored-bare-import]

    ../build/server/assets/user-navigation-menu-content.js:21:7:
[37m      21 │ import [32m"valibot"[37m;
         ╵        [32m~~~~~~~~~[0m

  "sideEffects" is false in the enclosing "package.json" file:

    ../node_modules/valibot/package.json:37:2:
[37m      37 │   [32m"sideEffects"[37m: false,
         ╵   [32m~~~~~~~~~~~~~[0m


[33m▲ [43;33m[[43;30mWARNING[43;33m][0m [1mIgnoring this import because "../node_modules/@tanstack/react-query/build/modern/index.js" was marked as having no side effects[0m [ignored-bare-import]

    ../build/server/assets/user-navigation-menu-content.js:23:7:
[37m      23 │ import [32m"@tanstack/react-query"[37m;
         ╵        [32m~~~~~~~~~~~~~~~~~~~~~~~[0m

  "sideEffects" is false in the enclosing "package.json" file:

    ../node_modules/@tanstack/react-query/package.json:36:2:
[37m      36 │   [32m"sideEffects"[37m: false,
         ╵   [32m~~~~~~~~~~~~~[0m


[33m▲ [43;33m[[43;30mWARNING[43;33m][0m [1mIgnoring this import because "../node_modules/@apollo/client/link/context/index.js" was marked as having no side effects[0m [ignored-bare-import]

    ../build/server/assets/user-navigation-menu-content.js:25:7:
[37m      25 │ import [32m"@apollo/client/link/context/index.js"[37m;
         ╵        [32m~~~~~~~~~~~~~~~~~~~~~~~~~~~~~~~~~~~~~~[0m

  "sideEffects" is false in the enclosing "package.json" file:

    ../node_modules/@apollo/client/link/context/package.json:7:2:
[37m      7 │   [32m"sideEffects"[37m: false
        ╵   [32m~~~~~~~~~~~~~[0m


[33m▲ [43;33m[[43;30mWARNING[43;33m][0m [1mIgnoring this import because "../node_modules/@apollo/client/link/error/index.js" was marked as having no side effects[0m [ignored-bare-import]

    ../build/server/assets/user-navigation-menu-content.js:26:7:
[37m      26 │ import [32m"@apollo/client/link/error/index.js"[37m;
         ╵        [32m~~~~~~~~~~~~~~~~~~~~~~~~~~~~~~~~~~~~[0m

  "sideEffects" is false in the enclosing "package.json" file:

    ../node_modules/@apollo/client/link/error/package.json:7:2:
[37m      7 │   [32m"sideEffects"[37m: false
        ╵   [32m~~~~~~~~~~~~~[0m


[33m▲ [43;33m[[43;30mWARNING[43;33m][0m [1mIgnoring this import because "../node_modules/fflate/esm/browser.js" was marked as having no side effects[0m [ignored-bare-import]

    ../build/server/assets/user-navigation-menu-content.js:28:7:
[37m      28 │ import [32m"fflate"[37m;
         ╵        [32m~~~~~~~~[0m

  "sideEffects" is false in the enclosing "package.json" file:

    ../node_modules/fflate/package.json:61:2:
[37m      61 │   [32m"sideEffects"[37m: false,
         ╵   [32m~~~~~~~~~~~~~[0m


[33m▲ [43;33m[[43;30mWARNING[43;33m][0m [1mIgnoring this import because "../node_modules/@remixicon/react/index.mjs" was marked as having no side effects[0m [ignored-bare-import]

    ../build/server/assets/user-navigation-menu-content.js:29:7:
[37m      29 │ import [32m"@remixicon/react"[37m;
         ╵        [32m~~~~~~~~~~~~~~~~~~[0m

  "sideEffects" is false in the enclosing "package.json" file:

    ../node_modules/@remixicon/react/package.json:34:4:
[37m      34 │     [32m"sideEffects"[37m: false,
         ╵     [32m~~~~~~~~~~~~~[0m


[33m▲ [43;33m[[43;30mWARNING[43;33m][0m [1mIgnoring this import because "../node_modules/react-router-dom/dist/main.js" was marked as having no side effects[0m [ignored-bare-import]

    ../build/server/assets/user-navigation-menu-content.js:30:7:
[37m      30 │ import [32m"react-router-dom"[37m;
         ╵        [32m~~~~~~~~~~~~~~~~~~[0m

  "sideEffects" is false in the enclosing "package.json" file:

    ../node_modules/react-router-dom/package.json:20:2:
[37m      20 │   [32m"sideEffects"[37m: false,
         ╵   [32m~~~~~~~~~~~~~[0m


[33m▲ [43;33m[[43;30mWARNING[43;33m][0m [1mIgnoring this import because "../node_modules/@radix-ui/react-tooltip/dist/index.mjs" was marked as having no side effects[0m [ignored-bare-import]

    ../build/server/assets/user-navigation-menu-content.js:31:7:
[37m      31 │ import [32m"@radix-ui/react-tooltip"[37m;
         ╵        [32m~~~~~~~~~~~~~~~~~~~~~~~~~[0m

  "sideEffects" is false in the enclosing "package.json" file:

    ../node_modules/@radix-ui/react-tooltip/package.json:12:2:
[37m      12 │   [32m"sideEffects"[37m: false,
         ╵   [32m~~~~~~~~~~~~~[0m


[33m▲ [43;33m[[43;30mWARNING[43;33m][0m [1mIgnoring this import because "../node_modules/@radix-ui/react-scroll-area/dist/index.mjs" was marked as having no side effects[0m [ignored-bare-import]

    ../build/server/assets/user-navigation-menu-content.js:32:7:
[37m      32 │ import [32m"@radix-ui/react-scroll-area"[37m;
         ╵        [32m~~~~~~~~~~~~~~~~~~~~~~~~~~~~~[0m

  "sideEffects" is false in the enclosing "package.json" file:

    ../node_modules/@radix-ui/react-scroll-area/package.json:12:2:
[37m      12 │   [32m"sideEffects"[37m: false,
         ╵   [32m~~~~~~~~~~~~~[0m


[33m▲ [43;33m[[43;30mWARNING[43;33m][0m [1mIgnoring this import because "../node_modules/@radix-ui/react-dialog/dist/index.mjs" was marked as having no side effects[0m [ignored-bare-import]

    ../build/server/assets/user-navigation-menu-content.js:33:7:
[37m      33 │ import [32m"@radix-ui/react-dialog"[37m;
         ╵        [32m~~~~~~~~~~~~~~~~~~~~~~~~[0m

  "sideEffects" is false in the enclosing "package.json" file:

    ../node_modules/@radix-ui/react-dialog/package.json:12:2:
[37m      12 │   [32m"sideEffects"[37m: false,
         ╵   [32m~~~~~~~~~~~~~[0m


[33m▲ [43;33m[[43;30mWARNING[43;33m][0m [1mIgnoring this import because "../node_modules/@radix-ui/react-label/dist/index.mjs" was marked as having no side effects[0m [ignored-bare-import]

    ../build/server/assets/user-navigation-menu-content.js:34:7:
[37m      34 │ import [32m"@radix-ui/react-label"[37m;
         ╵        [32m~~~~~~~~~~~~~~~~~~~~~~~[0m

  "sideEffects" is false in the enclosing "package.json" file:

    ../node_modules/@radix-ui/react-label/package.json:12:2:
[37m      12 │   [32m"sideEffects"[37m: false,
         ╵   [32m~~~~~~~~~~~~~[0m


[33m▲ [43;33m[[43;30mWARNING[43;33m][0m [1mIgnoring this import because "../node_modules/@radix-ui/react-checkbox/dist/index.mjs" was marked as having no side effects[0m [ignored-bare-import]

    ../build/server/assets/user-navigation-menu-content.js:35:7:
[37m      35 │ import [32m"@radix-ui/react-checkbox"[37m;
         ╵        [32m~~~~~~~~~~~~~~~~~~~~~~~~~~[0m

  "sideEffects" is false in the enclosing "package.json" file:

    ../node_modules/@radix-ui/react-checkbox/package.json:12:2:
[37m      12 │   [32m"sideEffects"[37m: false,
         ╵   [32m~~~~~~~~~~~~~[0m


[33m▲ [43;33m[[43;30mWARNING[43;33m][0m [1mIgnoring this import because "../node_modules/@radix-ui/react-select/dist/index.mjs" was marked as having no side effects[0m [ignored-bare-import]

    ../build/server/assets/user-navigation-menu-content.js:36:7:
[37m      36 │ import [32m"@radix-ui/react-select"[37m;
         ╵        [32m~~~~~~~~~~~~~~~~~~~~~~~~[0m

  "sideEffects" is false in the enclosing "package.json" file:

    ../node_modules/@radix-ui/react-select/package.json:12:2:
[37m      12 │   [32m"sideEffects"[37m: false,
         ╵   [32m~~~~~~~~~~~~~[0m


[33m▲ [43;33m[[43;30mWARNING[43;33m][0m [1mIgnoring this import because "../node_modules/@radix-ui/react-collapsible/dist/index.mjs" was marked as having no side effects[0m [ignored-bare-import]

    ../build/server/assets/user-navigation-menu-content.js:37:7:
[37m      37 │ import [32m"@radix-ui/react-collapsible"[37m;
         ╵        [32m~~~~~~~~~~~~~~~~~~~~~~~~~~~~~[0m

  "sideEffects" is false in the enclosing "package.json" file:

    ../node_modules/@radix-ui/react-collapsible/package.json:12:2:
[37m      12 │   [32m"sideEffects"[37m: false,
         ╵   [32m~~~~~~~~~~~~~[0m


[33m▲ [43;33m[[43;30mWARNING[43;33m][0m [1mIgnoring this import because "../node_modules/@radix-ui/react-separator/dist/index.mjs" was marked as having no side effects[0m [ignored-bare-import]

    ../build/server/assets/user-navigation-menu-content.js:38:7:
[37m      38 │ import [32m"@radix-ui/react-separator"[37m;
         ╵        [32m~~~~~~~~~~~~~~~~~~~~~~~~~~~[0m

  "sideEffects" is false in the enclosing "package.json" file:

    ../node_modules/@radix-ui/react-separator/package.json:12:2:
[37m      12 │   [32m"sideEffects"[37m: false,
         ╵   [32m~~~~~~~~~~~~~[0m


[33m▲ [43;33m[[43;30mWARNING[43;33m][0m [1mIgnoring this import because "../node_modules/react-photo-album/dist/index.js" was marked as having no side effects[0m [ignored-bare-import]

    ../build/server/assets/user-navigation-menu-content.js:39:7:
[37m      39 │ import [32m"react-photo-album"[37m;
         ╵        [32m~~~~~~~~~~~~~~~~~~~[0m

  It was excluded from the "sideEffects" array in the enclosing "package.json" file:

    ../node_modules/react-photo-album/package.json:75:2:
[37m      75 │   [32m"sideEffects"[37m: [
         ╵   [32m~~~~~~~~~~~~~[0m


[33m▲ [43;33m[[43;30mWARNING[43;33m][0m [1mIgnoring this import because "../node_modules/react-photo-album/dist/ssr/index.js" was marked as having no side effects[0m [ignored-bare-import]

    ../build/server/assets/user-navigation-menu-content.js:40:7:
[37m      40 │ import [32m"react-photo-album/ssr"[37m;
         ╵        [32m~~~~~~~~~~~~~~~~~~~~~~~[0m

  It was excluded from the "sideEffects" array in the enclosing "package.json" file:

    ../node_modules/react-photo-album/package.json:75:2:
[37m      75 │   [32m"sideEffects"[37m: [
         ╵   [32m~~~~~~~~~~~~~[0m


[33m▲ [43;33m[[43;30mWARNING[43;33m][0m [1mIgnoring this import because "../node_modules/@radix-ui/react-avatar/dist/index.mjs" was marked as having no side effects[0m [ignored-bare-import]

    ../build/server/assets/user-navigation-menu-content.js:42:7:
[37m      42 │ import [32m"@radix-ui/react-avatar"[37m;
         ╵        [32m~~~~~~~~~~~~~~~~~~~~~~~~[0m

  "sideEffects" is false in the enclosing "package.json" file:

    ../node_modules/@radix-ui/react-avatar/package.json:12:2:
[37m      12 │   [32m"sideEffects"[37m: false,
         ╵   [32m~~~~~~~~~~~~~[0m


[33m▲ [43;33m[[43;30mWARNING[43;33m][0m [1mIgnoring this import because "../node_modules/@radix-ui/react-alert-dialog/dist/index.mjs" was marked as having no side effects[0m [ignored-bare-import]

    ../build/server/assets/user-navigation-menu-content.js:43:7:
[37m      43 │ import [32m"@radix-ui/react-alert-dialog"[37m;
         ╵        [32m~~~~~~~~~~~~~~~~~~~~~~~~~~~~~~[0m

  "sideEffects" is false in the enclosing "package.json" file:

    ../node_modules/@radix-ui/react-alert-dialog/package.json:12:2:
[37m      12 │   [32m"sideEffects"[37m: false,
         ╵   [32m~~~~~~~~~~~~~[0m


[33m▲ [43;33m[[43;30mWARNING[43;33m][0m [1mIgnoring this import because "../node_modules/usehooks-ts/dist/index.js" was marked as having no side effects[0m [ignored-bare-import]

    ../build/server/assets/user-navigation-menu-content.js:44:7:
[37m      44 │ import [32m"usehooks-ts"[37m;
         ╵        [32m~~~~~~~~~~~~~[0m

  "sideEffects" is false in the enclosing "package.json" file:

    ../node_modules/usehooks-ts/package.json:30:2:
[37m      30 │   [32m"sideEffects"[37m: false,
         ╵   [32m~~~~~~~~~~~~~[0m


[33m▲ [43;33m[[43;30mWARNING[43;33m][0m [1mIgnoring this import because "../node_modules/@radix-ui/react-tabs/dist/index.mjs" was marked as having no side effects[0m [ignored-bare-import]

    ../build/server/assets/user-navigation-menu-content.js:45:7:
[37m      45 │ import [32m"@radix-ui/react-tabs"[37m;
         ╵        [32m~~~~~~~~~~~~~~~~~~~~~~[0m

  "sideEffects" is false in the enclosing "package.json" file:

    ../node_modules/@radix-ui/react-tabs/package.json:12:2:
[37m      12 │   [32m"sideEffects"[37m: false,
         ╵   [32m~~~~~~~~~~~~~[0m


[33m▲ [43;33m[[43;30mWARNING[43;33m][0m [1mIgnoring this import because "../node_modules/@radix-ui/react-radio-group/dist/index.mjs" was marked as having no side effects[0m [ignored-bare-import]

    ../build/server/assets/user-navigation-menu-content.js:47:7:
[37m      47 │ import [32m"@radix-ui/react-radio-group"[37m;
         ╵        [32m~~~~~~~~~~~~~~~~~~~~~~~~~~~~~[0m

  "sideEffects" is false in the enclosing "package.json" file:

    ../node_modules/@radix-ui/react-radio-group/package.json:12:2:
[37m      12 │   [32m"sideEffects"[37m: false,
         ╵   [32m~~~~~~~~~~~~~[0m


[33m▲ [43;33m[[43;30mWARNING[43;33m][0m [1mIgnoring this import because "../node_modules/@radix-ui/react-popover/dist/index.mjs" was marked as having no side effects[0m [ignored-bare-import]

    ../build/server/assets/user-navigation-menu-content.js:48:7:
[37m      48 │ import [32m"@radix-ui/react-popover"[37m;
         ╵        [32m~~~~~~~~~~~~~~~~~~~~~~~~~[0m

  "sideEffects" is false in the enclosing "package.json" file:

    ../node_modules/@radix-ui/react-popover/package.json:12:2:
[37m      12 │   [32m"sideEffects"[37m: false,
         ╵   [32m~~~~~~~~~~~~~[0m


[33m▲ [43;33m[[43;30mWARNING[43;33m][0m [1mIgnoring this import because "../node_modules/date-fns/index.js" was marked as having no side effects[0m [ignored-bare-import]

    ../build/server/assets/user-navigation-menu-content.js:49:7:
[37m      49 │ import [32m"date-fns"[37m;
         ╵        [32m~~~~~~~~~~[0m

  "sideEffects" is false in the enclosing "package.json" file:

    ../node_modules/date-fns/package.json:15:2:
[37m      15 │   [32m"sideEffects"[37m: false,
         ╵   [32m~~~~~~~~~~~~~[0m


[33m▲ [43;33m[[43;30mWARNING[43;33m][0m [1mIgnoring this import because "../node_modules/embla-carousel-react/esm/embla-carousel-react.esm.js" was marked as having no side effects[0m [ignored-bare-import]

    ../build/server/assets/user-navigation-menu-content.js:50:7:
[37m      50 │ import [32m"embla-carousel-react"[37m;
         ╵        [32m~~~~~~~~~~~~~~~~~~~~~~[0m

  "sideEffects" is false in the enclosing "package.json" file:

    ../node_modules/embla-carousel-react/esm/package.json:30:2:
[37m      30 │   [32m"sideEffects"[37m: false,
         ╵   [32m~~~~~~~~~~~~~[0m


[33m▲ [43;33m[[43;30mWARNING[43;33m][0m [1mIgnoring this import because "../node_modules/@radix-ui/react-accordion/dist/index.mjs" was marked as having no side effects[0m [ignored-bare-import]

    ../build/server/assets/user-navigation-menu-content.js:51:7:
[37m      51 │ import [32m"@radix-ui/react-accordion"[37m;
         ╵        [32m~~~~~~~~~~~~~~~~~~~~~~~~~~~[0m

  "sideEffects" is false in the enclosing "package.json" file:

    ../node_modules/@radix-ui/react-accordion/package.json:12:2:
[37m      12 │   [32m"sideEffects"[37m: false,
         ╵   [32m~~~~~~~~~~~~~[0m


[33m▲ [43;33m[[43;30mWARNING[43;33m][0m [1mIgnoring this import because "../node_modules/cmdk/dist/index.mjs" was marked as having no side effects[0m [ignored-bare-import]

    ../build/server/assets/user-navigation-menu-content.js:52:7:
[37m      52 │ import [32m"cmdk"[37m;
         ╵        [32m~~~~~~[0m

  "sideEffects" is false in the enclosing "package.json" file:

    ../node_modules/cmdk/package.json:31:2:
[37m      31 │   [32m"sideEffects"[37m: false,
         ╵   [32m~~~~~~~~~~~~~[0m


[33m▲ [43;33m[[43;30mWARNING[43;33m][0m [1mIgnoring this import because "../node_modules/@tiptap/react/dist/index.js" was marked as having no side effects[0m [ignored-bare-import]

    ../build/server/assets/user-navigation-menu-content.js:54:7:
[37m      54 │ import [32m"@tiptap/react"[37m;
         ╵        [32m~~~~~~~~~~~~~~~[0m

  "sideEffects" is false in the enclosing "package.json" file:

    ../node_modules/@tiptap/react/package.json:57:2:
[37m      57 │   [32m"sideEffects"[37m: false,
         ╵   [32m~~~~~~~~~~~~~[0m


[33m▲ [43;33m[[43;30mWARNING[43;33m][0m [1mIgnoring this import because "../node_modules/tiptap-markdown/dist/tiptap-markdown.es.js" was marked as having no side effects[0m [ignored-bare-import]

    ../build/server/assets/user-navigation-menu-content.js:56:7:
[37m      56 │ import [32m"tiptap-markdown"[37m;
         ╵        [32m~~~~~~~~~~~~~~~~~[0m

  "sideEffects" is false in the enclosing "package.json" file:

    ../node_modules/tiptap-markdown/package.json:20:2:
[37m      20 │   [32m"sideEffects"[37m: false,
         ╵   [32m~~~~~~~~~~~~~[0m


[33m▲ [43;33m[[43;30mWARNING[43;33m][0m [1mIgnoring this import because "../node_modules/@radix-ui/react-dropdown-menu/dist/index.mjs" was marked as having no side effects[0m [ignored-bare-import]

    ../build/server/assets/user-navigation-menu-content.js:63:7:
[37m      63 │ import [32m"@radix-ui/react-dropdown-menu"[37m;
         ╵        [32m~~~~~~~~~~~~~~~~~~~~~~~~~~~~~~~[0m

  "sideEffects" is false in the enclosing "package.json" file:

    ../node_modules/@radix-ui/react-dropdown-menu/package.json:12:2:
[37m      12 │   [32m"sideEffects"[37m: false,
         ╵   [32m~~~~~~~~~~~~~[0m


[33m▲ [43;33m[[43;30mWARNING[43;33m][0m [1mIgnoring this import because "../node_modules/xstate/dist/xstate.cjs.mjs" was marked as having no side effects[0m [ignored-bare-import]

    ../build/server/assets/user-navigation-menu-content.js:64:7:
[37m      64 │ import [32m"xstate"[37m;
         ╵        [32m~~~~~~~~[0m

  "sideEffects" is false in the enclosing "package.json" file:

    ../node_modules/xstate/package.json:87:2:
[37m      87 │   [32m"sideEffects"[37m: false,
         ╵   [32m~~~~~~~~~~~~~[0m


[33m▲ [43;33m[[43;30mWARNING[43;33m][0m [1mIgnoring this import because "../node_modules/@xstate/react/dist/xstate-react.cjs.mjs" was marked as having no side effects[0m [ignored-bare-import]

    ../build/server/assets/user-navigation-menu-content.js:65:7:
[37m      65 │ import [32m"@xstate/react"[37m;
         ╵        [32m~~~~~~~~~~~~~~~[0m

  "sideEffects" is false in the enclosing "package.json" file:

    ../node_modules/@xstate/react/package.json:44:2:
[37m      44 │   [32m"sideEffects"[37m: false,
         ╵   [32m~~~~~~~~~~~~~[0m


[33m▲ [43;33m[[43;30mWARNING[43;33m][0m [1mIgnoring this import because "../node_modules/immer/dist/immer.mjs" was marked as having no side effects[0m [ignored-bare-import]

    ../build/server/assets/user-navigation-menu-content.js:66:7:
[37m      66 │ import [32m"immer"[37m;
         ╵        [32m~~~~~~~[0m

  "sideEffects" is false in the enclosing "package.json" file:

    ../node_modules/immer/package.json:19:2:
[37m      19 │   [32m"sideEffects"[37m: false,
         ╵   [32m~~~~~~~~~~~~~[0m


[33m▲ [43;33m[[43;30mWARNING[43;33m][0m [1mIgnoring this import because "../node_modules/@apollo/client/errors/index.js" was marked as having no side effects[0m [ignored-bare-import]

    ../build/server/assets/user-navigation-menu-content.js:67:7:
[37m      67 │ import [32m"@apollo/client/errors/index.js"[37m;
         ╵        [32m~~~~~~~~~~~~~~~~~~~~~~~~~~~~~~~~[0m

  "sideEffects" is false in the enclosing "package.json" file:

    ../node_modules/@apollo/client/errors/package.json:7:2:
[37m      7 │   [32m"sideEffects"[37m: false
        ╵   [32m~~~~~~~~~~~~~[0m


[33m▲ [43;33m[[43;30mWARNING[43;33m][0m [1mIgnoring this import because "../node_modules/remix-utils/build/react/client-only.js" was marked as having no side effects[0m [ignored-bare-import]

    ../build/server/assets/user-navigation-menu-content.js:68:7:
[37m      68 │ import [32m"remix-utils/client-only"[37m;
         ╵        [32m~~~~~~~~~~~~~~~~~~~~~~~~~[0m

  "sideEffects" is false in the enclosing "package.json" file:

    ../node_modules/remix-utils/package.json:215:1:
[37m      215 │   [32m"sideEffects"[37m: false,
          ╵   [32m~~~~~~~~~~~~~[0m


[33m▲ [43;33m[[43;30mWARNING[43;33m][0m [1mIgnoring this import because "../node_modules/react-error-boundary/dist/react-error-boundary.cjs.mjs" was marked as having no side effects[0m [ignored-bare-import]

    ../build/server/assets/user-navigation-menu-content.js:69:7:
[37m      69 │ import [32m"react-error-boundary"[37m;
         ╵        [32m~~~~~~~~~~~~~~~~~~~~~~[0m

  "sideEffects" is false in the enclosing "package.json" file:

    ../node_modules/react-error-boundary/package.json:41:2:
[37m      41 │   [32m"sideEffects"[37m: false,
         ╵   [32m~~~~~~~~~~~~~[0m


[33m▲ [43;33m[[43;30mWARNING[43;33m][0m [1mIgnoring this import because "../node_modules/@radix-ui/react-toggle/dist/index.mjs" was marked as having no side effects[0m [ignored-bare-import]

    ../build/server/assets/user-navigation-menu-content.js:70:7:
[37m      70 │ import [32m"@radix-ui/react-toggle"[37m;
         ╵        [32m~~~~~~~~~~~~~~~~~~~~~~~~[0m

  "sideEffects" is false in the enclosing "package.json" file:

    ../node_modules/@radix-ui/react-toggle/package.json:12:2:
[37m      12 │   [32m"sideEffects"[37m: false,
         ╵   [32m~~~~~~~~~~~~~[0m


[33m▲ [43;33m[[43;30mWARNING[43;33m][0m [1mIgnoring this import because "../node_modules/@radix-ui/react-slider/dist/index.mjs" was marked as having no side effects[0m [ignored-bare-import]

    ../build/server/assets/user-navigation-menu-content.js:71:7:
[37m      71 │ import [32m"@radix-ui/react-slider"[37m;
         ╵        [32m~~~~~~~~~~~~~~~~~~~~~~~~[0m

  "sideEffects" is false in the enclosing "package.json" file:

    ../node_modules/@radix-ui/react-slider/package.json:12:2:
[37m      12 │   [32m"sideEffects"[37m: false,
         ╵   [32m~~~~~~~~~~~~~[0m


[33m▲ [43;33m[[43;30mWARNING[43;33m][0m [1mIgnoring this import because "../node_modules/@radix-ui/react-progress/dist/index.mjs" was marked as having no side effects[0m [ignored-bare-import]

    ../build/server/assets/user-navigation-menu-content.js:73:7:
[37m      73 │ import [32m"@radix-ui/react-progress"[37m;
         ╵        [32m~~~~~~~~~~~~~~~~~~~~~~~~~~[0m

  "sideEffects" is false in the enclosing "package.json" file:

    ../node_modules/@radix-ui/react-progress/package.json:12:2:
[37m      12 │   [32m"sideEffects"[37m: false,
         ╵   [32m~~~~~~~~~~~~~[0m


[33m▲ [43;33m[[43;30mWARNING[43;33m][0m [1mIgnoring this import because "../node_modules/@radix-ui/react-switch/dist/index.mjs" was marked as having no side effects[0m [ignored-bare-import]

    ../build/server/assets/user-navigation-menu-content.js:74:7:
[37m      74 │ import [32m"@radix-ui/react-switch"[37m;
         ╵        [32m~~~~~~~~~~~~~~~~~~~~~~~~[0m

  "sideEffects" is false in the enclosing "package.json" file:

    ../node_modules/@radix-ui/react-switch/package.json:12:2:
[37m      12 │   [32m"sideEffects"[37m: false,
         ╵   [32m~~~~~~~~~~~~~[0m


[33m▲ [43;33m[[43;30mWARNING[43;33m][0m [1mIgnoring this import because "../node_modules/@radix-ui/react-hover-card/dist/index.mjs" was marked as having no side effects[0m [ignored-bare-import]

    ../build/server/assets/user-navigation-menu-content.js:75:7:
[37m      75 │ import [32m"@radix-ui/react-hover-card"[37m;
         ╵        [32m~~~~~~~~~~~~~~~~~~~~~~~~~~~~[0m

  "sideEffects" is false in the enclosing "package.json" file:

    ../node_modules/@radix-ui/react-hover-card/package.json:12:2:
[37m      12 │   [32m"sideEffects"[37m: false,
         ╵   [32m~~~~~~~~~~~~~[0m


[33m▲ [43;33m[[43;30mWARNING[43;33m][0m [1mIgnoring this import because "../node_modules/react-dropzone-esm/dist/esm/index.mjs" was marked as having no side effects[0m [ignored-bare-import]

    ../build/server/assets/user-navigation-menu-content.js:77:7:
[37m      77 │ import [32m"react-dropzone-esm"[37m;
         ╵        [32m~~~~~~~~~~~~~~~~~~~~[0m

  "sideEffects" is false in the enclosing "package.json" file:

    ../node_modules/react-dropzone-esm/package.json:20:2:
[37m      20 │   [32m"sideEffects"[37m: false,
         ╵   [32m~~~~~~~~~~~~~[0m


[33m▲ [43;33m[[43;30mWARNING[43;33m][0m [1mIgnoring this import because "../node_modules/@radix-ui/react-toggle-group/dist/index.mjs" was marked as having no side effects[0m [ignored-bare-import]

    ../build/server/assets/user-navigation-menu-content.js:82:7:
[37m      82 │ import [32m"@radix-ui/react-toggle-group"[37m;
         ╵        [32m~~~~~~~~~~~~~~~~~~~~~~~~~~~~~~[0m

  "sideEffects" is false in the enclosing "package.json" file:

    ../node_modules/@radix-ui/react-toggle-group/package.json:12:2:
[37m      12 │   [32m"sideEffects"[37m: false,
         ╵   [32m~~~~~~~~~~~~~[0m


[33m▲ [43;33m[[43;30mWARNING[43;33m][0m [1mIgnoring this import because "../node_modules/date-fns/locale.js" was marked as having no side effects[0m [ignored-bare-import]

    ../build/server/assets/user-navigation-menu-content.js:83:7:
[37m      83 │ import [32m"date-fns/locale"[37m;
         ╵        [32m~~~~~~~~~~~~~~~~~[0m

  "sideEffects" is false in the enclosing "package.json" file:

    ../node_modules/date-fns/package.json:15:2:
[37m      15 │   [32m"sideEffects"[37m: false,
         ╵   [32m~~~~~~~~~~~~~[0m


[33m▲ [43;33m[[43;30mWARNING[43;33m][0m [1mIgnoring this import because "../node_modules/embla-carousel-autoplay/esm/embla-carousel-autoplay.esm.js" was marked as having no side effects[0m [ignored-bare-import]

    ../build/server/assets/user-navigation-menu-content.js:86:7:
[37m      86 │ import [32m"embla-carousel-autoplay"[37m;
         ╵        [32m~~~~~~~~~~~~~~~~~~~~~~~~~[0m

  "sideEffects" is false in the enclosing "package.json" file:

    ../node_modules/embla-carousel-autoplay/esm/package.json:30:2:
[37m      30 │   [32m"sideEffects"[37m: false,
         ╵   [32m~~~~~~~~~~~~~[0m


[33m▲ [43;33m[[43;30mWARNING[43;33m][0m [1mIgnoring this import because "../node_modules/@remix-run/react/dist/esm/index.js" was marked as having no side effects[0m [ignored-bare-import]

    ../build/server/index.js:3:7:
[37m      3 │ import [32m"@remix-run/react"[37m;
        ╵        [32m~~~~~~~~~~~~~~~~~~[0m

  "sideEffects" is false in the enclosing "package.json" file:

    ../node_modules/@remix-run/react/package.json:14:2:
[37m      14 │   [32m"sideEffects"[37m: false,
         ╵   [32m~~~~~~~~~~~~~[0m


[33m▲ [43;33m[[43;30mWARNING[43;33m][0m [1mIgnoring this import because "../node_modules/isbot/index.mjs" was marked as having no side effects[0m [ignored-bare-import]

    ../build/server/index.js:4:7:
[37m      4 │ import [32m"isbot"[37m;
        ╵        [32m~~~~~~~[0m

  "sideEffects" is false in the enclosing "package.json" file:

    ../node_modules/isbot/package.json:47:2:
[37m      47 │   [32m"sideEffects"[37m: false,
         ╵   [32m~~~~~~~~~~~~~[0m


[33m▲ [43;33m[[43;30mWARNING[43;33m][0m [1mIgnoring this import because "../node_modules/@sentry/browser/build/npm/esm/index.js" was marked as having no side effects[0m [ignored-bare-import]

    ../build/server/index.js:7:7:
[37m      7 │ import [32m"@sentry/browser"[37m;
        ╵        [32m~~~~~~~~~~~~~~~~~[0m

  "sideEffects" is false in the enclosing "package.json" file:

    ../node_modules/@sentry/browser/build/npm/esm/package.json:1:36:
[37m      1 │ {"type":"module","version":"8.55.0",[32m"sideEffects"[37m:false}
        ╵                                     [32m~~~~~~~~~~~~~[0m


[33m▲ [43;33m[[43;30mWARNING[43;33m][0m [1mIgnoring this import because "../node_modules/@radix-ui/react-slot/dist/index.mjs" was marked as having no side effects[0m [ignored-bare-import]

    ../build/server/index.js:12:7:
[37m      12 │ import [32m"@radix-ui/react-slot"[37m;
         ╵        [32m~~~~~~~~~~~~~~~~~~~~~~[0m

  "sideEffects" is false in the enclosing "package.json" file:

    ../node_modules/@radix-ui/react-slot/package.json:12:2:
[37m      12 │   [32m"sideEffects"[37m: false,
         ╵   [32m~~~~~~~~~~~~~[0m


[33m▲ [43;33m[[43;30mWARNING[43;33m][0m [1mIgnoring this import because "../node_modules/tailwind-merge/dist/bundle-mjs.mjs" was marked as having no side effects[0m [ignored-bare-import]

    ../build/server/index.js:15:7:
[37m      15 │ import [32m"tailwind-merge"[37m;
         ╵        [32m~~~~~~~~~~~~~~~~[0m

  "sideEffects" is false in the enclosing "package.json" file:

    ../node_modules/tailwind-merge/package.json:51:4:
[37m      51 │     [32m"sideEffects"[37m: false,
         ╵     [32m~~~~~~~~~~~~~[0m


[33m▲ [43;33m[[43;30mWARNING[43;33m][0m [1mIgnoring this import because "../node_modules/valibot/dist/index.js" was marked as having no side effects[0m [ignored-bare-import]

    ../build/server/index.js:17:7:
[37m      17 │ import [32m"valibot"[37m;
         ╵        [32m~~~~~~~~~[0m

  "sideEffects" is false in the enclosing "package.json" file:

    ../node_modules/valibot/package.json:37:2:
[37m      37 │   [32m"sideEffects"[37m: false,
         ╵   [32m~~~~~~~~~~~~~[0m


[33m▲ [43;33m[[43;30mWARNING[43;33m][0m [1mIgnoring this import because "../node_modules/@apollo/client/index.js" was marked as having no side effects[0m [ignored-bare-import]

    ../build/server/index.js:19:7:
[37m      19 │ import [32m"@apollo/client/index.js"[37m;
         ╵        [32m~~~~~~~~~~~~~~~~~~~~~~~~~[0m

  "sideEffects" is false in the enclosing "package.json" file:

    ../node_modules/@apollo/client/package.json:19:2:
[37m      19 │   [32m"sideEffects"[37m: false,
         ╵   [32m~~~~~~~~~~~~~[0m


[33m▲ [43;33m[[43;30mWARNING[43;33m][0m [1mIgnoring this import because "../node_modules/gql.tada/dist/gql-tada.mjs" was marked as having no side effects[0m [ignored-bare-import]

    ../build/server/index.js:20:7:
[37m      20 │ import [32m"gql.tada"[37m;
         ╵        [32m~~~~~~~~~~[0m

  "sideEffects" is false in the enclosing "package.json" file:

    ../node_modules/gql.tada/package.json:10:2:
[37m      10 │   [32m"sideEffects"[37m: false,
         ╵   [32m~~~~~~~~~~~~~[0m


[33m▲ [43;33m[[43;30mWARNING[43;33m][0m [1mIgnoring this import because "../node_modules/@tanstack/react-query/build/modern/index.js" was marked as having no side effects[0m [ignored-bare-import]

    ../build/server/index.js:21:7:
[37m      21 │ import [32m"@tanstack/react-query"[37m;
         ╵        [32m~~~~~~~~~~~~~~~~~~~~~~~[0m

  "sideEffects" is false in the enclosing "package.json" file:

    ../node_modules/@tanstack/react-query/package.json:36:2:
[37m      36 │   [32m"sideEffects"[37m: false,
         ╵   [32m~~~~~~~~~~~~~[0m


[33m▲ [43;33m[[43;30mWARNING[43;33m][0m [1mIgnoring this import because "../node_modules/@apollo/client/link/context/index.js" was marked as having no side effects[0m [ignored-bare-import]

    ../build/server/index.js:23:7:
[37m      23 │ import [32m"@apollo/client/link/context/index.js"[37m;
         ╵        [32m~~~~~~~~~~~~~~~~~~~~~~~~~~~~~~~~~~~~~~[0m

  "sideEffects" is false in the enclosing "package.json" file:

    ../node_modules/@apollo/client/link/context/package.json:7:2:
[37m      7 │   [32m"sideEffects"[37m: false
        ╵   [32m~~~~~~~~~~~~~[0m


[33m▲ [43;33m[[43;30mWARNING[43;33m][0m [1mIgnoring this import because "../node_modules/@apollo/client/link/error/index.js" was marked as having no side effects[0m [ignored-bare-import]

    ../build/server/index.js:24:7:
[37m      24 │ import [32m"@apollo/client/link/error/index.js"[37m;
         ╵        [32m~~~~~~~~~~~~~~~~~~~~~~~~~~~~~~~~~~~~[0m

  "sideEffects" is false in the enclosing "package.json" file:

    ../node_modules/@apollo/client/link/error/package.json:7:2:
[37m      7 │   [32m"sideEffects"[37m: false
        ╵   [32m~~~~~~~~~~~~~[0m


[33m▲ [43;33m[[43;30mWARNING[43;33m][0m [1mIgnoring this import because "../node_modules/fflate/esm/browser.js" was marked as having no side effects[0m [ignored-bare-import]

    ../build/server/index.js:26:7:
[37m      26 │ import [32m"fflate"[37m;
         ╵        [32m~~~~~~~~[0m

  "sideEffects" is false in the enclosing "package.json" file:

    ../node_modules/fflate/package.json:61:2:
[37m      61 │   [32m"sideEffects"[37m: false,
         ╵   [32m~~~~~~~~~~~~~[0m


[33m▲ [43;33m[[43;30mWARNING[43;33m][0m [1mIgnoring this import because "../node_modules/lucide-react/dist/esm/lucide-react.js" was marked as having no side effects[0m [ignored-bare-import]

    ../build/server/index.js:27:7:
[37m      27 │ import [32m"lucide-react"[37m;
         ╵        [32m~~~~~~~~~~~~~~[0m

  "sideEffects" is false in the enclosing "package.json" file:

    ../node_modules/lucide-react/package.json:31:2:
[37m      31 │   [32m"sideEffects"[37m: false,
         ╵   [32m~~~~~~~~~~~~~[0m


[33m▲ [43;33m[[43;30mWARNING[43;33m][0m [1mIgnoring this import because "../node_modules/@remixicon/react/index.mjs" was marked as having no side effects[0m [ignored-bare-import]

    ../build/server/index.js:28:7:
[37m      28 │ import [32m"@remixicon/react"[37m;
         ╵        [32m~~~~~~~~~~~~~~~~~~[0m

  "sideEffects" is false in the enclosing "package.json" file:

    ../node_modules/@remixicon/react/package.json:34:4:
[37m      34 │     [32m"sideEffects"[37m: false,
         ╵     [32m~~~~~~~~~~~~~[0m


[33m▲ [43;33m[[43;30mWARNING[43;33m][0m [1mIgnoring this import because "../node_modules/react-router-dom/dist/main.js" was marked as having no side effects[0m [ignored-bare-import]

    ../build/server/index.js:29:7:
[37m      29 │ import [32m"react-router-dom"[37m;
         ╵        [32m~~~~~~~~~~~~~~~~~~[0m

  "sideEffects" is false in the enclosing "package.json" file:

    ../node_modules/react-router-dom/package.json:20:2:
[37m      20 │   [32m"sideEffects"[37m: false,
         ╵   [32m~~~~~~~~~~~~~[0m


[33m▲ [43;33m[[43;30mWARNING[43;33m][0m [1mIgnoring this import because "../node_modules/@radix-ui/react-tooltip/dist/index.mjs" was marked as having no side effects[0m [ignored-bare-import]

    ../build/server/index.js:30:7:
[37m      30 │ import [32m"@radix-ui/react-tooltip"[37m;
         ╵        [32m~~~~~~~~~~~~~~~~~~~~~~~~~[0m

  "sideEffects" is false in the enclosing "package.json" file:

    ../node_modules/@radix-ui/react-tooltip/package.json:12:2:
[37m      12 │   [32m"sideEffects"[37m: false,
         ╵   [32m~~~~~~~~~~~~~[0m


[33m▲ [43;33m[[43;30mWARNING[43;33m][0m [1mIgnoring this import because "../node_modules/@radix-ui/react-scroll-area/dist/index.mjs" was marked as having no side effects[0m [ignored-bare-import]

    ../build/server/index.js:31:7:
[37m      31 │ import [32m"@radix-ui/react-scroll-area"[37m;
         ╵        [32m~~~~~~~~~~~~~~~~~~~~~~~~~~~~~[0m

  "sideEffects" is false in the enclosing "package.json" file:

    ../node_modules/@radix-ui/react-scroll-area/package.json:12:2:
[37m      12 │   [32m"sideEffects"[37m: false,
         ╵   [32m~~~~~~~~~~~~~[0m


[33m▲ [43;33m[[43;30mWARNING[43;33m][0m [1mIgnoring this import because "../node_modules/@radix-ui/react-dialog/dist/index.mjs" was marked as having no side effects[0m [ignored-bare-import]

    ../build/server/index.js:32:7:
[37m      32 │ import [32m"@radix-ui/react-dialog"[37m;
         ╵        [32m~~~~~~~~~~~~~~~~~~~~~~~~[0m

  "sideEffects" is false in the enclosing "package.json" file:

    ../node_modules/@radix-ui/react-dialog/package.json:12:2:
[37m      12 │   [32m"sideEffects"[37m: false,
         ╵   [32m~~~~~~~~~~~~~[0m


[33m▲ [43;33m[[43;30mWARNING[43;33m][0m [1mIgnoring this import because "../node_modules/@radix-ui/react-label/dist/index.mjs" was marked as having no side effects[0m [ignored-bare-import]

    ../build/server/index.js:33:7:
[37m      33 │ import [32m"@radix-ui/react-label"[37m;
         ╵        [32m~~~~~~~~~~~~~~~~~~~~~~~[0m

  "sideEffects" is false in the enclosing "package.json" file:

    ../node_modules/@radix-ui/react-label/package.json:12:2:
[37m      12 │   [32m"sideEffects"[37m: false,
         ╵   [32m~~~~~~~~~~~~~[0m


[33m▲ [43;33m[[43;30mWARNING[43;33m][0m [1mIgnoring this import because "../node_modules/@radix-ui/react-checkbox/dist/index.mjs" was marked as having no side effects[0m [ignored-bare-import]

    ../build/server/index.js:34:7:
[37m      34 │ import [32m"@radix-ui/react-checkbox"[37m;
         ╵        [32m~~~~~~~~~~~~~~~~~~~~~~~~~~[0m

  "sideEffects" is false in the enclosing "package.json" file:

    ../node_modules/@radix-ui/react-checkbox/package.json:12:2:
[37m      12 │   [32m"sideEffects"[37m: false,
         ╵   [32m~~~~~~~~~~~~~[0m


[33m▲ [43;33m[[43;30mWARNING[43;33m][0m [1mIgnoring this import because "../node_modules/@radix-ui/react-select/dist/index.mjs" was marked as having no side effects[0m [ignored-bare-import]

    ../build/server/index.js:35:7:
[37m      35 │ import [32m"@radix-ui/react-select"[37m;
         ╵        [32m~~~~~~~~~~~~~~~~~~~~~~~~[0m

  "sideEffects" is false in the enclosing "package.json" file:

    ../node_modules/@radix-ui/react-select/package.json:12:2:
[37m      12 │   [32m"sideEffects"[37m: false,
         ╵   [32m~~~~~~~~~~~~~[0m


[33m▲ [43;33m[[43;30mWARNING[43;33m][0m [1mIgnoring this import because "../node_modules/@radix-ui/react-collapsible/dist/index.mjs" was marked as having no side effects[0m [ignored-bare-import]

    ../build/server/index.js:36:7:
[37m      36 │ import [32m"@radix-ui/react-collapsible"[37m;
         ╵        [32m~~~~~~~~~~~~~~~~~~~~~~~~~~~~~[0m

  "sideEffects" is false in the enclosing "package.json" file:

    ../node_modules/@radix-ui/react-collapsible/package.json:12:2:
[37m      12 │   [32m"sideEffects"[37m: false,
         ╵   [32m~~~~~~~~~~~~~[0m


[33m▲ [43;33m[[43;30mWARNING[43;33m][0m [1mIgnoring this import because "../node_modules/@radix-ui/react-separator/dist/index.mjs" was marked as having no side effects[0m [ignored-bare-import]

    ../build/server/index.js:37:7:
[37m      37 │ import [32m"@radix-ui/react-separator"[37m;
         ╵        [32m~~~~~~~~~~~~~~~~~~~~~~~~~~~[0m

  "sideEffects" is false in the enclosing "package.json" file:

    ../node_modules/@radix-ui/react-separator/package.json:12:2:
[37m      12 │   [32m"sideEffects"[37m: false,
         ╵   [32m~~~~~~~~~~~~~[0m


[33m▲ [43;33m[[43;30mWARNING[43;33m][0m [1mIgnoring this import because "../node_modules/react-photo-album/dist/index.js" was marked as having no side effects[0m [ignored-bare-import]

    ../build/server/index.js:38:7:
[37m      38 │ import [32m"react-photo-album"[37m;
         ╵        [32m~~~~~~~~~~~~~~~~~~~[0m

  It was excluded from the "sideEffects" array in the enclosing "package.json" file:

    ../node_modules/react-photo-album/package.json:75:2:
[37m      75 │   [32m"sideEffects"[37m: [
         ╵   [32m~~~~~~~~~~~~~[0m


[33m▲ [43;33m[[43;30mWARNING[43;33m][0m [1mIgnoring this import because "../node_modules/react-photo-album/dist/ssr/index.js" was marked as having no side effects[0m [ignored-bare-import]

    ../build/server/index.js:39:7:
[37m      39 │ import [32m"react-photo-album/ssr"[37m;
         ╵        [32m~~~~~~~~~~~~~~~~~~~~~~~[0m

  It was excluded from the "sideEffects" array in the enclosing "package.json" file:

    ../node_modules/react-photo-album/package.json:75:2:
[37m      75 │   [32m"sideEffects"[37m: [
         ╵   [32m~~~~~~~~~~~~~[0m


[33m▲ [43;33m[[43;30mWARNING[43;33m][0m [1mIgnoring this import because "../node_modules/@radix-ui/react-avatar/dist/index.mjs" was marked as having no side effects[0m [ignored-bare-import]

    ../build/server/index.js:41:7:
[37m      41 │ import [32m"@radix-ui/react-avatar"[37m;
         ╵        [32m~~~~~~~~~~~~~~~~~~~~~~~~[0m

  "sideEffects" is false in the enclosing "package.json" file:

    ../node_modules/@radix-ui/react-avatar/package.json:12:2:
[37m      12 │   [32m"sideEffects"[37m: false,
         ╵   [32m~~~~~~~~~~~~~[0m


[33m▲ [43;33m[[43;30mWARNING[43;33m][0m [1mIgnoring this import because "../node_modules/@radix-ui/react-alert-dialog/dist/index.mjs" was marked as having no side effects[0m [ignored-bare-import]

    ../build/server/index.js:42:7:
[37m      42 │ import [32m"@radix-ui/react-alert-dialog"[37m;
         ╵        [32m~~~~~~~~~~~~~~~~~~~~~~~~~~~~~~[0m

  "sideEffects" is false in the enclosing "package.json" file:

    ../node_modules/@radix-ui/react-alert-dialog/package.json:12:2:
[37m      12 │   [32m"sideEffects"[37m: false,
         ╵   [32m~~~~~~~~~~~~~[0m


[33m▲ [43;33m[[43;30mWARNING[43;33m][0m [1mIgnoring this import because "../node_modules/usehooks-ts/dist/index.js" was marked as having no side effects[0m [ignored-bare-import]

    ../build/server/index.js:43:7:
[37m      43 │ import [32m"usehooks-ts"[37m;
         ╵        [32m~~~~~~~~~~~~~[0m

  "sideEffects" is false in the enclosing "package.json" file:

    ../node_modules/usehooks-ts/package.json:30:2:
[37m      30 │   [32m"sideEffects"[37m: false,
         ╵   [32m~~~~~~~~~~~~~[0m


[33m▲ [43;33m[[43;30mWARNING[43;33m][0m [1mIgnoring this import because "../node_modules/@radix-ui/react-tabs/dist/index.mjs" was marked as having no side effects[0m [ignored-bare-import]

    ../build/server/index.js:44:7:
[37m      44 │ import [32m"@radix-ui/react-tabs"[37m;
         ╵        [32m~~~~~~~~~~~~~~~~~~~~~~[0m

  "sideEffects" is false in the enclosing "package.json" file:

    ../node_modules/@radix-ui/react-tabs/package.json:12:2:
[37m      12 │   [32m"sideEffects"[37m: false,
         ╵   [32m~~~~~~~~~~~~~[0m


[33m▲ [43;33m[[43;30mWARNING[43;33m][0m [1mIgnoring this import because "../node_modules/@radix-ui/react-radio-group/dist/index.mjs" was marked as having no side effects[0m [ignored-bare-import]

    ../build/server/index.js:46:7:
[37m      46 │ import [32m"@radix-ui/react-radio-group"[37m;
         ╵        [32m~~~~~~~~~~~~~~~~~~~~~~~~~~~~~[0m

  "sideEffects" is false in the enclosing "package.json" file:

    ../node_modules/@radix-ui/react-radio-group/package.json:12:2:
[37m      12 │   [32m"sideEffects"[37m: false,
         ╵   [32m~~~~~~~~~~~~~[0m


[33m▲ [43;33m[[43;30mWARNING[43;33m][0m [1mIgnoring this import because "../node_modules/@radix-ui/react-popover/dist/index.mjs" was marked as having no side effects[0m [ignored-bare-import]

    ../build/server/index.js:47:7:
[37m      47 │ import [32m"@radix-ui/react-popover"[37m;
         ╵        [32m~~~~~~~~~~~~~~~~~~~~~~~~~[0m

  "sideEffects" is false in the enclosing "package.json" file:

    ../node_modules/@radix-ui/react-popover/package.json:12:2:
[37m      12 │   [32m"sideEffects"[37m: false,
         ╵   [32m~~~~~~~~~~~~~[0m


[33m▲ [43;33m[[43;30mWARNING[43;33m][0m [1mIgnoring this import because "../node_modules/date-fns/index.js" was marked as having no side effects[0m [ignored-bare-import]

    ../build/server/index.js:48:7:
[37m      48 │ import [32m"date-fns"[37m;
         ╵        [32m~~~~~~~~~~[0m

  "sideEffects" is false in the enclosing "package.json" file:

    ../node_modules/date-fns/package.json:15:2:
[37m      15 │   [32m"sideEffects"[37m: false,
         ╵   [32m~~~~~~~~~~~~~[0m


[33m▲ [43;33m[[43;30mWARNING[43;33m][0m [1mIgnoring this import because "../node_modules/embla-carousel-react/esm/embla-carousel-react.esm.js" was marked as having no side effects[0m [ignored-bare-import]

    ../build/server/index.js:49:7:
[37m      49 │ import [32m"embla-carousel-react"[37m;
         ╵        [32m~~~~~~~~~~~~~~~~~~~~~~[0m

  "sideEffects" is false in the enclosing "package.json" file:

    ../node_modules/embla-carousel-react/esm/package.json:30:2:
[37m      30 │   [32m"sideEffects"[37m: false,
         ╵   [32m~~~~~~~~~~~~~[0m


[33m▲ [43;33m[[43;30mWARNING[43;33m][0m [1mIgnoring this import because "../node_modules/@radix-ui/react-accordion/dist/index.mjs" was marked as having no side effects[0m [ignored-bare-import]

    ../build/server/index.js:50:7:
[37m      50 │ import [32m"@radix-ui/react-accordion"[37m;
         ╵        [32m~~~~~~~~~~~~~~~~~~~~~~~~~~~[0m

  "sideEffects" is false in the enclosing "package.json" file:

    ../node_modules/@radix-ui/react-accordion/package.json:12:2:
[37m      12 │   [32m"sideEffects"[37m: false,
         ╵   [32m~~~~~~~~~~~~~[0m


[33m▲ [43;33m[[43;30mWARNING[43;33m][0m [1mIgnoring this import because "../node_modules/cmdk/dist/index.mjs" was marked as having no side effects[0m [ignored-bare-import]

    ../build/server/index.js:51:7:
[37m      51 │ import [32m"cmdk"[37m;
         ╵        [32m~~~~~~[0m

  "sideEffects" is false in the enclosing "package.json" file:

    ../node_modules/cmdk/package.json:31:2:
[37m      31 │   [32m"sideEffects"[37m: false,
         ╵   [32m~~~~~~~~~~~~~[0m


[33m▲ [43;33m[[43;30mWARNING[43;33m][0m [1mIgnoring this import because "../node_modules/@tiptap/react/dist/index.js" was marked as having no side effects[0m [ignored-bare-import]

    ../build/server/index.js:53:7:
[37m      53 │ import [32m"@tiptap/react"[37m;
         ╵        [32m~~~~~~~~~~~~~~~[0m

  "sideEffects" is false in the enclosing "package.json" file:

    ../node_modules/@tiptap/react/package.json:57:2:
[37m      57 │   [32m"sideEffects"[37m: false,
         ╵   [32m~~~~~~~~~~~~~[0m


[33m▲ [43;33m[[43;30mWARNING[43;33m][0m [1mIgnoring this import because "../node_modules/tiptap-markdown/dist/tiptap-markdown.es.js" was marked as having no side effects[0m [ignored-bare-import]

    ../build/server/index.js:55:7:
[37m      55 │ import [32m"tiptap-markdown"[37m;
         ╵        [32m~~~~~~~~~~~~~~~~~[0m

  "sideEffects" is false in the enclosing "package.json" file:

    ../node_modules/tiptap-markdown/package.json:20:2:
[37m      20 │   [32m"sideEffects"[37m: false,
         ╵   [32m~~~~~~~~~~~~~[0m


[33m▲ [43;33m[[43;30mWARNING[43;33m][0m [1mIgnoring this import because "../node_modules/@radix-ui/react-dropdown-menu/dist/index.mjs" was marked as having no side effects[0m [ignored-bare-import]

    ../build/server/index.js:62:7:
[37m      62 │ import [32m"@radix-ui/react-dropdown-menu"[37m;
         ╵        [32m~~~~~~~~~~~~~~~~~~~~~~~~~~~~~~~[0m

  "sideEffects" is false in the enclosing "package.json" file:

    ../node_modules/@radix-ui/react-dropdown-menu/package.json:12:2:
[37m      12 │   [32m"sideEffects"[37m: false,
         ╵   [32m~~~~~~~~~~~~~[0m


[33m▲ [43;33m[[43;30mWARNING[43;33m][0m [1mIgnoring this import because "../node_modules/xstate/dist/xstate.cjs.mjs" was marked as having no side effects[0m [ignored-bare-import]

    ../build/server/index.js:63:7:
[37m      63 │ import [32m"xstate"[37m;
         ╵        [32m~~~~~~~~[0m

  "sideEffects" is false in the enclosing "package.json" file:

    ../node_modules/xstate/package.json:87:2:
[37m      87 │   [32m"sideEffects"[37m: false,
         ╵   [32m~~~~~~~~~~~~~[0m


[33m▲ [43;33m[[43;30mWARNING[43;33m][0m [1mIgnoring this import because "../node_modules/@xstate/react/dist/xstate-react.cjs.mjs" was marked as having no side effects[0m [ignored-bare-import]

    ../build/server/index.js:64:7:
[37m      64 │ import [32m"@xstate/react"[37m;
         ╵        [32m~~~~~~~~~~~~~~~[0m

  "sideEffects" is false in the enclosing "package.json" file:

    ../node_modules/@xstate/react/package.json:44:2:
[37m      44 │   [32m"sideEffects"[37m: false,
         ╵   [32m~~~~~~~~~~~~~[0m


[33m▲ [43;33m[[43;30mWARNING[43;33m][0m [1mIgnoring this import because "../node_modules/immer/dist/immer.mjs" was marked as having no side effects[0m [ignored-bare-import]

    ../build/server/index.js:65:7:
[37m      65 │ import [32m"immer"[37m;
         ╵        [32m~~~~~~~[0m

  "sideEffects" is false in the enclosing "package.json" file:

    ../node_modules/immer/package.json:19:2:
[37m      19 │   [32m"sideEffects"[37m: false,
         ╵   [32m~~~~~~~~~~~~~[0m


[33m▲ [43;33m[[43;30mWARNING[43;33m][0m [1mIgnoring this import because "../node_modules/@apollo/client/errors/index.js" was marked as having no side effects[0m [ignored-bare-import]

    ../build/server/index.js:66:7:
[37m      66 │ import [32m"@apollo/client/errors/index.js"[37m;
         ╵        [32m~~~~~~~~~~~~~~~~~~~~~~~~~~~~~~~~[0m

  "sideEffects" is false in the enclosing "package.json" file:

    ../node_modules/@apollo/client/errors/package.json:7:2:
[37m      7 │   [32m"sideEffects"[37m: false
        ╵   [32m~~~~~~~~~~~~~[0m


[33m▲ [43;33m[[43;30mWARNING[43;33m][0m [1mIgnoring this import because "../node_modules/remix-utils/build/react/client-only.js" was marked as having no side effects[0m [ignored-bare-import]

    ../build/server/index.js:67:7:
[37m      67 │ import [32m"remix-utils/client-only"[37m;
         ╵        [32m~~~~~~~~~~~~~~~~~~~~~~~~~[0m

  "sideEffects" is false in the enclosing "package.json" file:

    ../node_modules/remix-utils/package.json:215:1:
[37m      215 │   [32m"sideEffects"[37m: false,
          ╵   [32m~~~~~~~~~~~~~[0m


[33m▲ [43;33m[[43;30mWARNING[43;33m][0m [1mIgnoring this import because "../node_modules/react-error-boundary/dist/react-error-boundary.cjs.mjs" was marked as having no side effects[0m [ignored-bare-import]

    ../build/server/index.js:68:7:
[37m      68 │ import [32m"react-error-boundary"[37m;
         ╵        [32m~~~~~~~~~~~~~~~~~~~~~~[0m

  "sideEffects" is false in the enclosing "package.json" file:

    ../node_modules/react-error-boundary/package.json:41:2:
[37m      41 │   [32m"sideEffects"[37m: false,
         ╵   [32m~~~~~~~~~~~~~[0m


[33m▲ [43;33m[[43;30mWARNING[43;33m][0m [1mIgnoring this import because "../node_modules/@radix-ui/react-toggle/dist/index.mjs" was marked as having no side effects[0m [ignored-bare-import]

    ../build/server/index.js:69:7:
[37m      69 │ import [32m"@radix-ui/react-toggle"[37m;
         ╵        [32m~~~~~~~~~~~~~~~~~~~~~~~~[0m

  "sideEffects" is false in the enclosing "package.json" file:

    ../node_modules/@radix-ui/react-toggle/package.json:12:2:
[37m      12 │   [32m"sideEffects"[37m: false,
         ╵   [32m~~~~~~~~~~~~~[0m


[33m▲ [43;33m[[43;30mWARNING[43;33m][0m [1mIgnoring this import because "../node_modules/@radix-ui/react-slider/dist/index.mjs" was marked as having no side effects[0m [ignored-bare-import]

    ../build/server/index.js:70:7:
[37m      70 │ import [32m"@radix-ui/react-slider"[37m;
         ╵        [32m~~~~~~~~~~~~~~~~~~~~~~~~[0m

  "sideEffects" is false in the enclosing "package.json" file:

    ../node_modules/@radix-ui/react-slider/package.json:12:2:
[37m      12 │   [32m"sideEffects"[37m: false,
         ╵   [32m~~~~~~~~~~~~~[0m


[33m▲ [43;33m[[43;30mWARNING[43;33m][0m [1mIgnoring this import because "../node_modules/@radix-ui/react-progress/dist/index.mjs" was marked as having no side effects[0m [ignored-bare-import]

    ../build/server/index.js:72:7:
[37m      72 │ import [32m"@radix-ui/react-progress"[37m;
         ╵        [32m~~~~~~~~~~~~~~~~~~~~~~~~~~[0m

  "sideEffects" is false in the enclosing "package.json" file:

    ../node_modules/@radix-ui/react-progress/package.json:12:2:
[37m      12 │   [32m"sideEffects"[37m: false,
         ╵   [32m~~~~~~~~~~~~~[0m


[33m▲ [43;33m[[43;30mWARNING[43;33m][0m [1mIgnoring this import because "../node_modules/@radix-ui/react-switch/dist/index.mjs" was marked as having no side effects[0m [ignored-bare-import]

    ../build/server/index.js:73:7:
[37m      73 │ import [32m"@radix-ui/react-switch"[37m;
         ╵        [32m~~~~~~~~~~~~~~~~~~~~~~~~[0m

  "sideEffects" is false in the enclosing "package.json" file:

    ../node_modules/@radix-ui/react-switch/package.json:12:2:
[37m      12 │   [32m"sideEffects"[37m: false,
         ╵   [32m~~~~~~~~~~~~~[0m


[33m▲ [43;33m[[43;30mWARNING[43;33m][0m [1mIgnoring this import because "../node_modules/@radix-ui/react-hover-card/dist/index.mjs" was marked as having no side effects[0m [ignored-bare-import]

    ../build/server/index.js:74:7:
[37m      74 │ import [32m"@radix-ui/react-hover-card"[37m;
         ╵        [32m~~~~~~~~~~~~~~~~~~~~~~~~~~~~[0m

  "sideEffects" is false in the enclosing "package.json" file:

    ../node_modules/@radix-ui/react-hover-card/package.json:12:2:
[37m      12 │   [32m"sideEffects"[37m: false,
         ╵   [32m~~~~~~~~~~~~~[0m


[33m▲ [43;33m[[43;30mWARNING[43;33m][0m [1mIgnoring this import because "../node_modules/react-dropzone-esm/dist/esm/index.mjs" was marked as having no side effects[0m [ignored-bare-import]

    ../build/server/index.js:76:7:
[37m      76 │ import [32m"react-dropzone-esm"[37m;
         ╵        [32m~~~~~~~~~~~~~~~~~~~~[0m

  "sideEffects" is false in the enclosing "package.json" file:

    ../node_modules/react-dropzone-esm/package.json:20:2:
[37m      20 │   [32m"sideEffects"[37m: false,
         ╵   [32m~~~~~~~~~~~~~[0m


[33m▲ [43;33m[[43;30mWARNING[43;33m][0m [1mIgnoring this import because "../node_modules/@radix-ui/react-toggle-group/dist/index.mjs" was marked as having no side effects[0m [ignored-bare-import]

    ../build/server/index.js:81:7:
[37m      81 │ import [32m"@radix-ui/react-toggle-group"[37m;
         ╵        [32m~~~~~~~~~~~~~~~~~~~~~~~~~~~~~~[0m

  "sideEffects" is false in the enclosing "package.json" file:

    ../node_modules/@radix-ui/react-toggle-group/package.json:12:2:
[37m      12 │   [32m"sideEffects"[37m: false,
         ╵   [32m~~~~~~~~~~~~~[0m


[33m▲ [43;33m[[43;30mWARNING[43;33m][0m [1mIgnoring this import because "../node_modules/date-fns/locale.js" was marked as having no side effects[0m [ignored-bare-import]

    ../build/server/index.js:82:7:
[37m      82 │ import [32m"date-fns/locale"[37m;
         ╵        [32m~~~~~~~~~~~~~~~~~[0m

  "sideEffects" is false in the enclosing "package.json" file:

    ../node_modules/date-fns/package.json:15:2:
[37m      15 │   [32m"sideEffects"[37m: false,
         ╵   [32m~~~~~~~~~~~~~[0m


[33m▲ [43;33m[[43;30mWARNING[43;33m][0m [1mIgnoring this import because "../node_modules/embla-carousel-autoplay/esm/embla-carousel-autoplay.esm.js" was marked as having no side effects[0m [ignored-bare-import]

    ../build/server/index.js:85:7:
[37m      85 │ import [32m"embla-carousel-autoplay"[37m;
         ╵        [32m~~~~~~~~~~~~~~~~~~~~~~~~~[0m

  "sideEffects" is false in the enclosing "package.json" file:

    ../node_modules/embla-carousel-autoplay/esm/package.json:30:2:
[37m      30 │   [32m"sideEffects"[37m: false,
         ╵   [32m~~~~~~~~~~~~~[0m


